==== priority5 multiseed latent probes started at Sat Jul 11 12:56:14 PM UTC 2026 ====
[device] cuda
[data] partition=priority5 seeds=[0, 1, 2, 3, 4]
  [cache] doorway_corridor: 38552 transitions, 154208 latent vectors from P_train_doorway_corridor_embeddings.npz
  [cache] near_wall: 31533 transitions, 126132 latent vectors from P_train_near_wall_embeddings.npz
  [cache] common: 297211 transitions, 1188844 latent vectors from P_train_common_embeddings.npz
  [cache] right_room: 324933 transitions, 1299732 latent vectors from P_train_right_room_embeddings.npz
  [cache] left_room: 330243 transitions, 1320972 latent vectors from P_train_left_room_embeddings.npz
  [data] 4089888 expanded vectors -> 4089888 priority5 latent vectors
  [dedup] unique global timesteps=909723 dropped_duplicates=3180165
[seed=0] vectors train/val/test = 636657/136644/136422
[seed=0] linear_softmax_probe
  [test] acc=0.9875 bal_acc=0.9811 macro_f1=0.9805
    doorway_corridor: P=0.9892 R=0.9908 F1=0.9900
    near_wall: P=0.9432 R=0.9511 F1=0.9471
    common: P=0.9916 R=0.9930 F1=0.9923
    right_room: P=0.9864 R=0.9875 F1=0.9870
    left_room: P=0.9889 R=0.9830 F1=0.9859
[seed=0] rff_rbf_probe
  [test] acc=0.9923 bal_acc=0.9878 macro_f1=0.9879
    doorway_corridor: P=0.9965 R=0.9912 F1=0.9939
    near_wall: P=0.9629 R=0.9710 F1=0.9669
    common: P=0.9936 R=0.9973 F1=0.9954
    right_room: P=0.9932 R=0.9891 F1=0.9912
    left_room: P=0.9938 R=0.9903 F1=0.9921
[seed=0] paired Delta macro-F1 (RFF - Linear) = +0.0074
[seed=1] vectors train/val/test = 636298/136683/136742
[seed=1] linear_softmax_probe
  [test] acc=0.9867 bal_acc=0.9805 macro_f1=0.9791
    doorway_corridor: P=0.9900 R=0.9896 F1=0.9898
    near_wall: P=0.9326 R=0.9527 F1=0.9425
    common: P=0.9898 R=0.9926 F1=0.9912
    right_room: P=0.9897 R=0.9802 F1=0.9849
    left_room: P=0.9867 R=0.9872 F1=0.9870
[seed=1] rff_rbf_probe
  [test] acc=0.9918 bal_acc=0.9862 macro_f1=0.9870
    doorway_corridor: P=0.9965 R=0.9878 F1=0.9921
    near_wall: P=0.9640 R=0.9679 F1=0.9659
    common: P=0.9920 R=0.9975 F1=0.9947
    right_room: P=0.9940 R=0.9865 F1=0.9902
    left_room: P=0.9928 R=0.9914 F1=0.9921
[seed=1] paired Delta macro-F1 (RFF - Linear) = +0.0079
[seed=2] vectors train/val/test = 637765/135355/136603
[seed=2] linear_softmax_probe
  [test] acc=0.9877 bal_acc=0.9815 macro_f1=0.9811
    doorway_corridor: P=0.9903 R=0.9926 F1=0.9914
    near_wall: P=0.9457 R=0.9511 F1=0.9484
    common: P=0.9911 R=0.9927 F1=0.9919
    right_room: P=0.9881 R=0.9851 F1=0.9866
    left_room: P=0.9880 R=0.9863 F1=0.9871
[seed=2] rff_rbf_probe
  [test] acc=0.9924 bal_acc=0.9887 macro_f1=0.9884
    doorway_corridor: P=0.9964 R=0.9926 F1=0.9945
    near_wall: P=0.9625 R=0.9756 F1=0.9690
    common: P=0.9929 R=0.9975 F1=0.9952
    right_room: P=0.9945 R=0.9880 F1=0.9912
    left_room: P=0.9942 R=0.9900 F1=0.9921
[seed=2] paired Delta macro-F1 (RFF - Linear) = +0.0073
[seed=3] vectors train/val/test = 636724/137418/135581
[seed=3] linear_softmax_probe
  [test] acc=0.9862 bal_acc=0.9806 macro_f1=0.9793
    doorway_corridor: P=0.9904 R=0.9922 F1=0.9913
    near_wall: P=0.9354 R=0.9525 F1=0.9439
    common: P=0.9895 R=0.9919 F1=0.9907
    right_room: P=0.9860 R=0.9842 F1=0.9851
    left_room: P=0.9886 R=0.9821 F1=0.9854
[seed=3] rff_rbf_probe
  [test] acc=0.9918 bal_acc=0.9881 macro_f1=0.9881
    doorway_corridor: P=0.9977 R=0.9906 F1=0.9942
    near_wall: P=0.9636 R=0.9757 F1=0.9696
    common: P=0.9922 R=0.9967 F1=0.9944
    right_room: P=0.9928 R=0.9900 F1=0.9914
    left_room: P=0.9939 R=0.9876 F1=0.9908
[seed=3] paired Delta macro-F1 (RFF - Linear) = +0.0088
[seed=4] vectors train/val/test = 636884/136288/136551
[seed=4] linear_softmax_probe
  [test] acc=0.9868 bal_acc=0.9817 macro_f1=0.9805
    doorway_corridor: P=0.9920 R=0.9913 F1=0.9917
    near_wall: P=0.9405 R=0.9558 F1=0.9481
    common: P=0.9905 R=0.9912 F1=0.9908
    right_room: P=0.9872 R=0.9838 F1=0.9855
    left_room: P=0.9867 R=0.9862 F1=0.9865
[seed=4] rff_rbf_probe
  [test] acc=0.9921 bal_acc=0.9894 macro_f1=0.9881
    doorway_corridor: P=0.9970 R=0.9902 F1=0.9936
    near_wall: P=0.9568 R=0.9816 F1=0.9690
    common: P=0.9934 R=0.9962 F1=0.9948
    right_room: P=0.9936 R=0.9893 F1=0.9914
    left_room: P=0.9935 R=0.9895 F1=0.9915
[seed=4] paired Delta macro-F1 (RFF - Linear) = +0.0075

=== test aggregate (mean ± std) ===
Linear Softmax Probe:
  accuracy      98.70% ± 0.06%
  balanced acc  98.11% ± 0.05%
  macro-F1      98.01% ± 0.08%
  doorway_corridor F1     99.08% ± 0.08%
  near_wall F1     94.60% ± 0.24%
  common F1     99.14% ± 0.06%
  right_room F1     98.58% ± 0.08%
  left_room F1     98.64% ± 0.07%
RFF-RBF Probe:
  accuracy      99.21% ± 0.03%
  balanced acc  98.80% ± 0.11%
  macro-F1      98.79% ± 0.05%
  doorway_corridor F1     99.36% ± 0.08%
  near_wall F1     96.81% ± 0.14%
  common F1     99.49% ± 0.04%
  right_room F1     99.11% ± 0.05%
  left_room F1     99.17% ± 0.05%

=== paired Delta macro-F1 (RFF - Linear) ===
  mean ± std = +0.78pp ± 0.05pp
  per-seed   = ['+0.74pp', '+0.79pp', '+0.73pp', '+0.88pp', '+0.75pp']
  RFF > Linear on 5/5 seeds
Wrote experiments/real_gauge_drift/results/geometry_latent_probe_priority5_multiseed/geometry_latent_probe_priority5_multiseed.json
Wrote experiments/real_gauge_drift/results/geometry_latent_probe_priority5_multiseed/geometry_latent_probe_priority5_multiseed_summary.csv
real 238.95
user 298.65
sys 12.65
==== finished at Sat Jul 11 01:00:13 PM UTC 2026 ====
