==== rooms3 multiseed latent probes started at Sat Jul 11 01:01:57 PM UTC 2026 ====
[device] cuda
[data] partition=rooms3 seeds=[0, 1, 2, 3, 4]
  [cache] left_room: 330243 transitions, 1320972 latent vectors from P_train_left_room_embeddings.npz
  [cache] doorway_corridor: 38552 transitions, 154208 latent vectors from P_train_doorway_corridor_embeddings.npz
  [cache] right_room: 324933 transitions, 1299732 latent vectors from P_train_right_room_embeddings.npz
  [data] 2774912 expanded vectors -> 2774912 rooms3 latent vectors
  [dedup] unique global timesteps=909723 dropped_duplicates=1865189
[seed=0] vectors train/val/test = 636657/136644/136422
[seed=0] linear_softmax_probe
  [test] acc=0.9990 bal_acc=0.9971 macro_f1=0.9968
    left_room: P=0.9993 R=0.9994 F1=0.9994
    doorway_corridor: P=0.9904 R=0.9923 F1=0.9914
    right_room: P=0.9997 R=0.9994 F1=0.9996
[seed=0] rff_rbf_probe
  [test] acc=0.9992 bal_acc=0.9959 macro_f1=0.9974
    left_room: P=0.9992 R=1.0000 F1=0.9996
    doorway_corridor: P=0.9979 R=0.9880 F1=0.9929
    right_room: P=0.9993 R=0.9998 F1=0.9996
[seed=0] paired Delta macro-F1 (RFF - Linear) = +0.0006
[seed=1] vectors train/val/test = 636298/136683/136742
[seed=1] linear_softmax_probe
  [test] acc=0.9988 bal_acc=0.9965 macro_f1=0.9959
    left_room: P=0.9993 R=0.9992 F1=0.9993
    doorway_corridor: P=0.9869 R=0.9912 F1=0.9890
    right_room: P=0.9997 R=0.9992 F1=0.9994
[seed=1] rff_rbf_probe
  [test] acc=0.9990 bal_acc=0.9945 macro_f1=0.9966
    left_room: P=0.9989 R=0.9999 F1=0.9994
    doorway_corridor: P=0.9982 R=0.9837 F1=0.9909
    right_room: P=0.9992 R=0.9999 F1=0.9995
[seed=1] paired Delta macro-F1 (RFF - Linear) = +0.0007
[seed=2] vectors train/val/test = 637765/135355/136603
[seed=2] linear_softmax_probe
  [test] acc=0.9991 bal_acc=0.9979 macro_f1=0.9970
    left_room: P=0.9996 R=0.9992 F1=0.9994
    doorway_corridor: P=0.9889 R=0.9949 F1=0.9919
    right_room: P=0.9998 R=0.9995 F1=0.9997
[seed=2] rff_rbf_probe
  [test] acc=0.9992 bal_acc=0.9959 macro_f1=0.9973
    left_room: P=0.9992 R=0.9999 F1=0.9996
    doorway_corridor: P=0.9974 R=0.9879 F1=0.9927
    right_room: P=0.9994 R=0.9998 F1=0.9996
[seed=2] paired Delta macro-F1 (RFF - Linear) = +0.0003
[seed=3] vectors train/val/test = 636724/137418/135581
[seed=3] linear_softmax_probe
  [test] acc=0.9990 bal_acc=0.9971 macro_f1=0.9969
    left_room: P=0.9994 R=0.9991 F1=0.9992
    doorway_corridor: P=0.9909 R=0.9925 F1=0.9917
    right_room: P=0.9997 R=0.9998 F1=0.9997
[seed=3] rff_rbf_probe
  [test] acc=0.9991 bal_acc=0.9959 macro_f1=0.9973
    left_room: P=0.9991 R=0.9998 F1=0.9995
    doorway_corridor: P=0.9976 R=0.9879 F1=0.9927
    right_room: P=0.9994 R=0.9999 F1=0.9996
[seed=3] paired Delta macro-F1 (RFF - Linear) = +0.0004
[seed=4] vectors train/val/test = 636884/136288/136551
[seed=4] linear_softmax_probe
  [test] acc=0.9991 bal_acc=0.9969 macro_f1=0.9969
    left_room: P=0.9993 R=0.9996 F1=0.9994
    doorway_corridor: P=0.9920 R=0.9916 F1=0.9918
    right_room: P=0.9997 R=0.9994 F1=0.9996
[seed=4] rff_rbf_probe
  [test] acc=0.9992 bal_acc=0.9960 macro_f1=0.9973
    left_room: P=0.9991 R=0.9999 F1=0.9995
    doorway_corridor: P=0.9970 R=0.9885 F1=0.9927
    right_room: P=0.9995 R=0.9998 F1=0.9997
[seed=4] paired Delta macro-F1 (RFF - Linear) = +0.0004

=== test aggregate (mean ± std) ===
Linear Softmax Probe:
  accuracy      99.90% ± 0.01%
  balanced acc  99.71% ± 0.04%
  macro-F1      99.67% ± 0.04%
  left_room F1     99.93% ± 0.01%
  doorway_corridor F1     99.12% ± 0.11%
  right_room F1     99.96% ± 0.01%
RFF-RBF Probe:
  accuracy      99.91% ± 0.01%
  balanced acc  99.56% ± 0.06%
  macro-F1      99.72% ± 0.03%
  left_room F1     99.95% ± 0.01%
  doorway_corridor F1     99.24% ± 0.08%
  right_room F1     99.96% ± 0.00%

=== paired Delta macro-F1 (RFF - Linear) ===
  mean ± std = +0.05pp ± 0.02pp
  per-seed   = ['+0.06pp', '+0.07pp', '+0.03pp', '+0.04pp', '+0.04pp']
  RFF > Linear on 5/5 seeds
Wrote experiments/real_gauge_drift/results/geometry_latent_probe_rooms3_multiseed/geometry_latent_probe_rooms3_multiseed.json
Wrote experiments/real_gauge_drift/results/geometry_latent_probe_rooms3_multiseed/geometry_latent_probe_rooms3_multiseed_summary.csv
real 236.15
user 296.96
sys 11.16
==== finished at Sat Jul 11 01:05:53 PM UTC 2026 ====
