[data] 693728 train transitions, cluster source=experiments/real_gauge_drift/results/latent_landmark_spectral_k3/spectral_M20000_k30_P16_seed0, route_label_offset_steps=0
  cluster0: 248828 transitions
  cluster1: 226864 transitions
  cluster2: 218036 transitions
  [cache] loaded merged embeddings from experiments/real_gauge_drift/results/tworoom_latent_spectral_spectral_M20000_k30_P16_seed0_trainseed625/P_train_global_merged_embeddings.npz
[train] cluster0: 248828 transitions, 50 epochs
  [train] epoch 1/50  train_loss=0.023680  eval_loss=0.010959
  [train] epoch 2/50  train_loss=0.009937  eval_loss=0.009341
  [train] epoch 3/50  train_loss=0.008801  eval_loss=0.008334
  [train] epoch 4/50  train_loss=0.007840  eval_loss=0.007270
  [train] epoch 5/50  train_loss=0.007070  eval_loss=0.006212
  [train] epoch 6/50  train_loss=0.006438  eval_loss=0.005997
  [train] epoch 7/50  train_loss=0.006019  eval_loss=0.005908
  [train] epoch 8/50  train_loss=0.005551  eval_loss=0.005305
  [train] epoch 9/50  train_loss=0.005122  eval_loss=0.006083
  [train] epoch 10/50  train_loss=0.004857  eval_loss=0.004613
  [train] epoch 11/50  train_loss=0.004543  eval_loss=0.004131
  [train] epoch 12/50  train_loss=0.004178  eval_loss=0.004453
  [train] epoch 13/50  train_loss=0.003976  eval_loss=0.003693
  [train] epoch 14/50  train_loss=0.003777  eval_loss=0.003427
  [train] epoch 15/50  train_loss=0.003508  eval_loss=0.003274
  [train] epoch 16/50  train_loss=0.003378  eval_loss=0.003119
  [train] epoch 17/50  train_loss=0.003208  eval_loss=0.002777
  [train] epoch 18/50  train_loss=0.003212  eval_loss=0.003211
  [train] epoch 19/50  train_loss=0.003041  eval_loss=0.002935
  [train] epoch 20/50  train_loss=0.002882  eval_loss=0.003173
  [train] epoch 21/50  train_loss=0.002824  eval_loss=0.003074
  [train] epoch 22/50  train_loss=0.002689  eval_loss=0.002543
  [train] epoch 23/50  train_loss=0.002484  eval_loss=0.002973
  [train] epoch 24/50  train_loss=0.002533  eval_loss=0.002419
  [train] epoch 25/50  train_loss=0.002395  eval_loss=0.002636
  [train] epoch 26/50  train_loss=0.002283  eval_loss=0.002507
  [train] epoch 27/50  train_loss=0.002193  eval_loss=0.002077
  [train] epoch 28/50  train_loss=0.002234  eval_loss=0.002782
  [train] epoch 29/50  train_loss=0.002191  eval_loss=0.002128
  [train] epoch 30/50  train_loss=0.002092  eval_loss=0.001657
  [train] epoch 31/50  train_loss=0.002016  eval_loss=0.001397
  [train] epoch 32/50  train_loss=0.001990  eval_loss=0.002274
  [train] epoch 33/50  train_loss=0.002001  eval_loss=0.001668
  [train] epoch 34/50  train_loss=0.001854  eval_loss=0.002427
  [train] epoch 35/50  train_loss=0.001897  eval_loss=0.001447
  [train] epoch 36/50  train_loss=0.001606  eval_loss=0.001099
  [train] epoch 37/50  train_loss=0.001870  eval_loss=0.001675
  [train] epoch 38/50  train_loss=0.001617  eval_loss=0.002474
  [train] epoch 39/50  train_loss=0.001663  eval_loss=0.001262
  [train] epoch 40/50  train_loss=0.001675  eval_loss=0.001650
  [train] epoch 41/50  train_loss=0.001623  eval_loss=0.001670
  [train] epoch 42/50  train_loss=0.001707  eval_loss=0.001167
  [train] epoch 43/50  train_loss=0.001378  eval_loss=0.001620
  [train] epoch 44/50  train_loss=0.001558  eval_loss=0.001675
  [train] epoch 45/50  train_loss=0.001499  eval_loss=0.001266
  [train] epoch 46/50  train_loss=0.001473  eval_loss=0.001600
  [train] epoch 47/50  train_loss=0.001471  eval_loss=0.001276
  [train] epoch 48/50  train_loss=0.001425  eval_loss=0.001259
  [train] epoch 49/50  train_loss=0.001296  eval_loss=0.001098
  [train] epoch 50/50  train_loss=0.001424  eval_loss=0.000852
  [best] epoch 50  eval_loss=0.000852 (selected over 50 epochs)
[train] cluster1: 226864 transitions, 50 epochs
  [train] epoch 1/50  train_loss=0.018615  eval_loss=0.005203
  [train] epoch 2/50  train_loss=0.003228  eval_loss=0.002865
  [train] epoch 3/50  train_loss=0.002810  eval_loss=0.002491
  [train] epoch 4/50  train_loss=0.002517  eval_loss=0.002413
  [train] epoch 5/50  train_loss=0.002249  eval_loss=0.001969
  [train] epoch 6/50  train_loss=0.002071  eval_loss=0.002017
  [train] epoch 7/50  train_loss=0.001932  eval_loss=0.001657
  [train] epoch 8/50  train_loss=0.001775  eval_loss=0.001688
  [train] epoch 9/50  train_loss=0.001700  eval_loss=0.001446
  [train] epoch 10/50  train_loss=0.001537  eval_loss=0.001830
  [train] epoch 11/50  train_loss=0.001493  eval_loss=0.001517
  [train] epoch 12/50  train_loss=0.001393  eval_loss=0.001282
  [train] epoch 13/50  train_loss=0.001284  eval_loss=0.001314
  [train] epoch 14/50  train_loss=0.001291  eval_loss=0.001051
  [train] epoch 15/50  train_loss=0.001167  eval_loss=0.001067
  [train] epoch 16/50  train_loss=0.001205  eval_loss=0.001028
  [train] epoch 17/50  train_loss=0.001107  eval_loss=0.000909
  [train] epoch 18/50  train_loss=0.001108  eval_loss=0.001256
  [train] epoch 19/50  train_loss=0.001034  eval_loss=0.001011
  [train] epoch 20/50  train_loss=0.001066  eval_loss=0.000940
  [train] epoch 21/50  train_loss=0.000916  eval_loss=0.000786
  [train] epoch 22/50  train_loss=0.000862  eval_loss=0.000868
  [train] epoch 23/50  train_loss=0.001023  eval_loss=0.001247
  [train] epoch 24/50  train_loss=0.000788  eval_loss=0.001424
  [train] epoch 25/50  train_loss=0.000861  eval_loss=0.000697
  [train] epoch 26/50  train_loss=0.000833  eval_loss=0.001021
  [train] epoch 27/50  train_loss=0.000840  eval_loss=0.000933
  [train] epoch 28/50  train_loss=0.000741  eval_loss=0.000880
  [train] epoch 29/50  train_loss=0.000711  eval_loss=0.000570
  [train] epoch 30/50  train_loss=0.000652  eval_loss=0.000750
  [train] epoch 31/50  train_loss=0.000911  eval_loss=0.001014
  [train] epoch 32/50  train_loss=0.000699  eval_loss=0.000557
  [train] epoch 33/50  train_loss=0.000778  eval_loss=0.000706
  [train] epoch 34/50  train_loss=0.000690  eval_loss=0.000771
  [train] epoch 35/50  train_loss=0.000717  eval_loss=0.000541
  [train] epoch 36/50  train_loss=0.000619  eval_loss=0.000530
  [train] epoch 37/50  train_loss=0.000585  eval_loss=0.000587
  [train] epoch 38/50  train_loss=0.000528  eval_loss=0.000509
  [train] epoch 39/50  train_loss=0.000740  eval_loss=0.000851
  [train] epoch 40/50  train_loss=0.000569  eval_loss=0.000586
  [train] epoch 41/50  train_loss=0.000555  eval_loss=0.000504
  [train] epoch 42/50  train_loss=0.000525  eval_loss=0.000483
  [train] epoch 43/50  train_loss=0.000593  eval_loss=0.000602
  [train] epoch 44/50  train_loss=0.000538  eval_loss=0.000538
  [train] epoch 45/50  train_loss=0.000506  eval_loss=0.000408
  [train] epoch 46/50  train_loss=0.000488  eval_loss=0.000392
  [train] epoch 47/50  train_loss=0.000523  eval_loss=0.000510
  [train] epoch 48/50  train_loss=0.000701  eval_loss=0.000897
  [train] epoch 49/50  train_loss=0.000547  eval_loss=0.000506
  [train] epoch 50/50  train_loss=0.000466  eval_loss=0.000995
  [best] epoch 46  eval_loss=0.000392 (selected over 50 epochs)
[train] cluster2: 218036 transitions, 50 epochs
  [train] epoch 1/50  train_loss=0.017948  eval_loss=0.004758
  [train] epoch 2/50  train_loss=0.003080  eval_loss=0.002748
  [train] epoch 3/50  train_loss=0.002697  eval_loss=0.002434
  [train] epoch 4/50  train_loss=0.002424  eval_loss=0.002264
  [train] epoch 5/50  train_loss=0.002179  eval_loss=0.002096
  [train] epoch 6/50  train_loss=0.001996  eval_loss=0.001778
  [train] epoch 7/50  train_loss=0.001882  eval_loss=0.001821
  [train] epoch 8/50  train_loss=0.001749  eval_loss=0.001749
  [train] epoch 9/50  train_loss=0.001601  eval_loss=0.001346
  [train] epoch 10/50  train_loss=0.001537  eval_loss=0.001501
  [train] epoch 11/50  train_loss=0.001446  eval_loss=0.001265
  [train] epoch 12/50  train_loss=0.001398  eval_loss=0.001218
  [train] epoch 13/50  train_loss=0.001209  eval_loss=0.001133
  [train] epoch 14/50  train_loss=0.001160  eval_loss=0.001334
  [train] epoch 15/50  train_loss=0.001188  eval_loss=0.001254
  [train] epoch 16/50  train_loss=0.001146  eval_loss=0.001034
  [train] epoch 17/50  train_loss=0.001043  eval_loss=0.001245
  [train] epoch 18/50  train_loss=0.001099  eval_loss=0.001170
  [train] epoch 19/50  train_loss=0.000999  eval_loss=0.001016
  [train] epoch 20/50  train_loss=0.000945  eval_loss=0.000954
  [train] epoch 21/50  train_loss=0.000936  eval_loss=0.000912
  [train] epoch 22/50  train_loss=0.000924  eval_loss=0.000796
  [train] epoch 23/50  train_loss=0.000858  eval_loss=0.000664
  [train] epoch 24/50  train_loss=0.000784  eval_loss=0.000751
  [train] epoch 25/50  train_loss=0.000947  eval_loss=0.000719
  [train] epoch 26/50  train_loss=0.000738  eval_loss=0.000729
  [train] epoch 27/50  train_loss=0.000834  eval_loss=0.000672
  [train] epoch 28/50  train_loss=0.000775  eval_loss=0.000966
  [train] epoch 29/50  train_loss=0.000831  eval_loss=0.000717
  [train] epoch 30/50  train_loss=0.000749  eval_loss=0.000853
  [train] epoch 31/50  train_loss=0.000716  eval_loss=0.000603
  [train] epoch 32/50  train_loss=0.000647  eval_loss=0.000654
  [train] epoch 33/50  train_loss=0.000694  eval_loss=0.000541
  [train] epoch 34/50  train_loss=0.000597  eval_loss=0.000686
  [train] epoch 35/50  train_loss=0.000630  eval_loss=0.000666
  [train] epoch 36/50  train_loss=0.000615  eval_loss=0.000581
  [train] epoch 37/50  train_loss=0.000748  eval_loss=0.000597
  [train] epoch 38/50  train_loss=0.000681  eval_loss=0.000651
  [train] epoch 39/50  train_loss=0.000600  eval_loss=0.000669
  [train] epoch 40/50  train_loss=0.000685  eval_loss=0.000833
  [train] epoch 41/50  train_loss=0.000558  eval_loss=0.000714
  [train] epoch 42/50  train_loss=0.000627  eval_loss=0.000880
  [train] epoch 43/50  train_loss=0.000616  eval_loss=0.000659
  [train] epoch 44/50  train_loss=0.000562  eval_loss=0.000455
  [train] epoch 45/50  train_loss=0.000607  eval_loss=0.000498
  [train] epoch 46/50  train_loss=0.000461  eval_loss=0.000465
  [train] epoch 47/50  train_loss=0.000593  eval_loss=0.000424
  [train] epoch 48/50  train_loss=0.000517  eval_loss=0.000445
  [train] epoch 49/50  train_loss=0.000421  eval_loss=0.000404
  [train] epoch 50/50  train_loss=0.000461  eval_loss=0.000467
  [best] epoch 49  eval_loss=0.000404 (selected over 50 epochs)
[done] manifest -> experiments/real_gauge_drift/results/tworoom_latent_spectral_spectral_M20000_k30_P16_seed0_trainseed625/manifest.json
real 4320.83
user 4317.14
sys 15.52
