[data] 693728 train transitions, cluster source=experiments/real_gauge_drift/results/latent_kmeanspp_multirestart_k3/labels/kmeanspp_R50_outer1.npz
  cluster0: 220527 transitions
  cluster1: 231231 transitions
  cluster2: 241970 transitions
  [embed-cache] left_room: 330243 transitions from P_train_left_room_embeddings.npz
  [embed-cache] doorway_corridor: 38552 transitions from P_train_doorway_corridor_embeddings.npz
  [embed-cache] right_room: 324933 transitions from P_train_right_room_embeddings.npz
  [embed-cache] merged 693728 train transitions from experiments/real_gauge_drift/results/tworoom_geometry_train_region_predictors
  [cache] saved merged embeddings to experiments/real_gauge_drift/results/tworoom_latent_kmeanspp_kmeanspp_R50_outer1_trainseed625/P_train_global_merged_embeddings.npz
[train] cluster0: 220527 transitions, 50 epochs
  [train] epoch 1/50  train_loss=0.019355  eval_loss=0.006819
  [train] epoch 2/50  train_loss=0.005830  eval_loss=0.005166
  [train] epoch 3/50  train_loss=0.005297  eval_loss=0.004579
  [train] epoch 4/50  train_loss=0.004879  eval_loss=0.004464
  [train] epoch 5/50  train_loss=0.004460  eval_loss=0.004214
  [train] epoch 6/50  train_loss=0.004211  eval_loss=0.003755
  [train] epoch 7/50  train_loss=0.003924  eval_loss=0.003721
  [train] epoch 8/50  train_loss=0.003670  eval_loss=0.003210
  [train] epoch 9/50  train_loss=0.003457  eval_loss=0.003184
  [train] epoch 10/50  train_loss=0.003292  eval_loss=0.003311
  [train] epoch 11/50  train_loss=0.003104  eval_loss=0.003017
  [train] epoch 12/50  train_loss=0.002999  eval_loss=0.002988
  [train] epoch 13/50  train_loss=0.002805  eval_loss=0.002443
  [train] epoch 14/50  train_loss=0.002733  eval_loss=0.002662
  [train] epoch 15/50  train_loss=0.002639  eval_loss=0.002095
  [train] epoch 16/50  train_loss=0.002501  eval_loss=0.002333
  [train] epoch 17/50  train_loss=0.002489  eval_loss=0.002237
  [train] epoch 18/50  train_loss=0.002386  eval_loss=0.002720
  [train] epoch 19/50  train_loss=0.002240  eval_loss=0.002393
  [train] epoch 20/50  train_loss=0.002148  eval_loss=0.001682
  [train] epoch 21/50  train_loss=0.002090  eval_loss=0.002037
  [train] epoch 22/50  train_loss=0.002037  eval_loss=0.001928
  [train] epoch 23/50  train_loss=0.002118  eval_loss=0.001706
  [train] epoch 24/50  train_loss=0.001839  eval_loss=0.001725
  [train] epoch 25/50  train_loss=0.001942  eval_loss=0.001752
  [train] epoch 26/50  train_loss=0.001786  eval_loss=0.001873
  [train] epoch 27/50  train_loss=0.001726  eval_loss=0.001486
  [train] epoch 28/50  train_loss=0.001706  eval_loss=0.001515
  [train] epoch 29/50  train_loss=0.001695  eval_loss=0.001670
  [train] epoch 30/50  train_loss=0.001689  eval_loss=0.001862
  [train] epoch 31/50  train_loss=0.001624  eval_loss=0.001761
  [train] epoch 32/50  train_loss=0.001607  eval_loss=0.001451
  [train] epoch 33/50  train_loss=0.001456  eval_loss=0.001595
  [train] epoch 34/50  train_loss=0.001540  eval_loss=0.001315
  [train] epoch 35/50  train_loss=0.001435  eval_loss=0.001397
  [train] epoch 36/50  train_loss=0.001444  eval_loss=0.001553
  [train] epoch 37/50  train_loss=0.001407  eval_loss=0.001273
  [train] epoch 38/50  train_loss=0.001453  eval_loss=0.001357
  [train] epoch 39/50  train_loss=0.001312  eval_loss=0.001331
  [train] epoch 40/50  train_loss=0.001446  eval_loss=0.001187
  [train] epoch 41/50  train_loss=0.001245  eval_loss=0.001039
  [train] epoch 42/50  train_loss=0.001280  eval_loss=0.001283
  [train] epoch 43/50  train_loss=0.001240  eval_loss=0.000996
  [train] epoch 44/50  train_loss=0.001073  eval_loss=0.001546
  [train] epoch 45/50  train_loss=0.001359  eval_loss=0.001493
  [train] epoch 46/50  train_loss=0.001156  eval_loss=0.001093
  [train] epoch 47/50  train_loss=0.001097  eval_loss=0.000856
  [train] epoch 48/50  train_loss=0.001199  eval_loss=0.001459
  [train] epoch 49/50  train_loss=0.001205  eval_loss=0.001130
  [train] epoch 50/50  train_loss=0.001094  eval_loss=0.001020
  [best] epoch 47  eval_loss=0.000856 (selected over 50 epochs)
[train] cluster1: 231231 transitions, 50 epochs
  [train] epoch 1/50  train_loss=0.018627  eval_loss=0.006751
  [train] epoch 2/50  train_loss=0.005184  eval_loss=0.004612
  [train] epoch 3/50  train_loss=0.004743  eval_loss=0.004107
  [train] epoch 4/50  train_loss=0.004365  eval_loss=0.003857
  [train] epoch 5/50  train_loss=0.004006  eval_loss=0.003597
  [train] epoch 6/50  train_loss=0.003726  eval_loss=0.003763
  [train] epoch 7/50  train_loss=0.003550  eval_loss=0.003241
  [train] epoch 8/50  train_loss=0.003279  eval_loss=0.003014
  [train] epoch 9/50  train_loss=0.003106  eval_loss=0.003170
  [train] epoch 10/50  train_loss=0.002869  eval_loss=0.002976
  [train] epoch 11/50  train_loss=0.002806  eval_loss=0.002583
  [train] epoch 12/50  train_loss=0.002622  eval_loss=0.002555
  [train] epoch 13/50  train_loss=0.002500  eval_loss=0.002733
  [train] epoch 14/50  train_loss=0.002400  eval_loss=0.002186
  [train] epoch 15/50  train_loss=0.002300  eval_loss=0.002158
  [train] epoch 16/50  train_loss=0.002225  eval_loss=0.002186
  [train] epoch 17/50  train_loss=0.002140  eval_loss=0.002044
  [train] epoch 18/50  train_loss=0.001986  eval_loss=0.002125
  [train] epoch 19/50  train_loss=0.001965  eval_loss=0.001813
  [train] epoch 20/50  train_loss=0.001950  eval_loss=0.002314
  [train] epoch 21/50  train_loss=0.001822  eval_loss=0.001563
  [train] epoch 22/50  train_loss=0.001870  eval_loss=0.001588
  [train] epoch 23/50  train_loss=0.001815  eval_loss=0.001930
  [train] epoch 24/50  train_loss=0.001693  eval_loss=0.001381
  [train] epoch 25/50  train_loss=0.001607  eval_loss=0.002026
  [train] epoch 26/50  train_loss=0.001586  eval_loss=0.001634
  [train] epoch 27/50  train_loss=0.001590  eval_loss=0.001206
  [train] epoch 28/50  train_loss=0.001483  eval_loss=0.001196
  [train] epoch 29/50  train_loss=0.001441  eval_loss=0.002000
  [train] epoch 30/50  train_loss=0.001497  eval_loss=0.001466
  [train] epoch 31/50  train_loss=0.001457  eval_loss=0.001330
  [train] epoch 32/50  train_loss=0.001352  eval_loss=0.001155
  [train] epoch 33/50  train_loss=0.001301  eval_loss=0.001295
  [train] epoch 34/50  train_loss=0.001358  eval_loss=0.001151
  [train] epoch 35/50  train_loss=0.001332  eval_loss=0.001180
  [train] epoch 36/50  train_loss=0.001181  eval_loss=0.001317
  [train] epoch 37/50  train_loss=0.001263  eval_loss=0.001059
  [train] epoch 38/50  train_loss=0.001156  eval_loss=0.000820
  [train] epoch 39/50  train_loss=0.001186  eval_loss=0.000951
  [train] epoch 40/50  train_loss=0.001119  eval_loss=0.001071
  [train] epoch 41/50  train_loss=0.001224  eval_loss=0.001339
  [train] epoch 42/50  train_loss=0.001049  eval_loss=0.001206
  [train] epoch 43/50  train_loss=0.001025  eval_loss=0.001421
  [train] epoch 44/50  train_loss=0.001144  eval_loss=0.000951
  [train] epoch 45/50  train_loss=0.001138  eval_loss=0.001310
  [train] epoch 46/50  train_loss=0.001094  eval_loss=0.000849
  [train] epoch 47/50  train_loss=0.000952  eval_loss=0.000744
  [train] epoch 48/50  train_loss=0.000934  eval_loss=0.001439
  [train] epoch 49/50  train_loss=0.001237  eval_loss=0.000981
  [train] epoch 50/50  train_loss=0.001064  eval_loss=0.001138
  [best] epoch 47  eval_loss=0.000744 (selected over 50 epochs)
[train] cluster2: 241970 transitions, 50 epochs
  [train] epoch 1/50  train_loss=0.020700  eval_loss=0.008611
  [train] epoch 2/50  train_loss=0.007200  eval_loss=0.006731
  [train] epoch 3/50  train_loss=0.006540  eval_loss=0.006002
  [train] epoch 4/50  train_loss=0.005998  eval_loss=0.005033
  [train] epoch 5/50  train_loss=0.005462  eval_loss=0.005269
  [train] epoch 6/50  train_loss=0.005063  eval_loss=0.004278
  [train] epoch 7/50  train_loss=0.004754  eval_loss=0.004132
  [train] epoch 8/50  train_loss=0.004477  eval_loss=0.003725
  [train] epoch 9/50  train_loss=0.004127  eval_loss=0.003992
  [train] epoch 10/50  train_loss=0.003980  eval_loss=0.003342
  [train] epoch 11/50  train_loss=0.003630  eval_loss=0.003512
  [train] epoch 12/50  train_loss=0.003541  eval_loss=0.003237
  [train] epoch 13/50  train_loss=0.003416  eval_loss=0.003151
  [train] epoch 14/50  train_loss=0.003207  eval_loss=0.002863
  [train] epoch 15/50  train_loss=0.003038  eval_loss=0.003141
  [train] epoch 16/50  train_loss=0.002970  eval_loss=0.003113
  [train] epoch 17/50  train_loss=0.002932  eval_loss=0.002777
  [train] epoch 18/50  train_loss=0.002709  eval_loss=0.002720
  [train] epoch 19/50  train_loss=0.002650  eval_loss=0.002304
  [train] epoch 20/50  train_loss=0.002585  eval_loss=0.002609
  [train] epoch 21/50  train_loss=0.002423  eval_loss=0.002327
  [train] epoch 22/50  train_loss=0.002400  eval_loss=0.002053
  [train] epoch 23/50  train_loss=0.002313  eval_loss=0.002375
  [train] epoch 24/50  train_loss=0.002155  eval_loss=0.001803
  [train] epoch 25/50  train_loss=0.002203  eval_loss=0.002384
  [train] epoch 26/50  train_loss=0.002022  eval_loss=0.001743
  [train] epoch 27/50  train_loss=0.002108  eval_loss=0.001819
  [train] epoch 28/50  train_loss=0.001816  eval_loss=0.001685
  [train] epoch 29/50  train_loss=0.001979  eval_loss=0.001800
  [train] epoch 30/50  train_loss=0.001761  eval_loss=0.001846
  [train] epoch 31/50  train_loss=0.001906  eval_loss=0.001704
  [train] epoch 32/50  train_loss=0.001744  eval_loss=0.001775
  [train] epoch 33/50  train_loss=0.001734  eval_loss=0.001916
  [train] epoch 34/50  train_loss=0.001783  eval_loss=0.001515
  [train] epoch 35/50  train_loss=0.001765  eval_loss=0.001516
  [train] epoch 36/50  train_loss=0.001558  eval_loss=0.001719
  [train] epoch 37/50  train_loss=0.001535  eval_loss=0.001406
  [train] epoch 38/50  train_loss=0.001629  eval_loss=0.002011
  [train] epoch 39/50  train_loss=0.001440  eval_loss=0.001423
  [train] epoch 40/50  train_loss=0.001499  eval_loss=0.001181
  [train] epoch 41/50  train_loss=0.001351  eval_loss=0.001832
  [train] epoch 42/50  train_loss=0.001470  eval_loss=0.001112
  [train] epoch 43/50  train_loss=0.001286  eval_loss=0.001929
  [train] epoch 44/50  train_loss=0.001439  eval_loss=0.000967
  [train] epoch 45/50  train_loss=0.001309  eval_loss=0.001341
  [train] epoch 46/50  train_loss=0.001238  eval_loss=0.001190
  [train] epoch 47/50  train_loss=0.001540  eval_loss=0.001398
  [train] epoch 48/50  train_loss=0.001175  eval_loss=0.000926
  [train] epoch 49/50  train_loss=0.001223  eval_loss=0.001124
  [train] epoch 50/50  train_loss=0.001261  eval_loss=0.000835
  [best] epoch 50  eval_loss=0.000835 (selected over 50 epochs)
[done] manifest -> experiments/real_gauge_drift/results/tworoom_latent_kmeanspp_kmeanspp_R50_outer1_trainseed625/manifest.json
real 11564.68
user 5921.08
sys 69.68
