11:26:36 | INFO  | __init__.py | JAX version 0.6.2 available.
11:26:39 | INFO  | atomic_chec~| [atomic_save] installed crash-safe checkpoint plugin (write to sibling .tmp + fsync + atomic rename)
11:26:39 | INFO  | __init__.py | Cached 'action' from '/data/sicong/weitao/.stable_worldmodel/datasets/pusht_expert_train.h5'
11:26:39 | INFO  | __init__.py | Cached 'proprio' from '/data/sicong/weitao/.stable_worldmodel/datasets/pusht_expert_train.h5'
11:26:39 | INFO  | __init__.py | Cached 'state' from '/data/sicong/weitao/.stable_worldmodel/datasets/pusht_expert_train.h5'
Reusing 50 eval starts from experiments/pusht/matrix_long/eval/official/eval1/results.json
[  52552   70303   85732  147638  202504  283015  305703  306758  330052
  350139  479261  587704  604194  615564  637033  650895  708450  730607
  769669  901721  945894  961973  999935 1063812 1065861 1111864 1145570
 1180979 1191404 1213999 1270678 1293934 1505554 1744580 1747744 1754695
 1757901 1831921 1905156 1916363 1931244 1959482 2018386 2024848 2102296
 2210421 2214312 2238255 2269476 2281465]
/data/sicong/weitao/le-wm/.venv/lib/python3.10/site-packages/gymnasium/spaces/box.py:415: UserWarning: [33mWARN: Casting input x to numpy array.[0m
  gym.logger.warn("Casting input x to numpy array.")
CEM solve time: 37.1055 seconds
CEM solve time: 29.9783 seconds
/data/sicong/weitao/le-wm/.venv/lib/python3.10/site-packages/lance/__init__.py:320: UserWarning: lance is not fork-safe. If you are using multiprocessing, use spawn or forkserver instead.
  warnings.warn(
/data/sicong/anaconda3/lib/python3.10/subprocess.py:1780: RuntimeWarning: lancedb fork support is experimental: the internal async runtime has been reset in the forked child, but a small chance of deadlock remains if other state was mid-operation at fork time. The 'forkserver' or 'spawn' multiprocessing start method is likely a safer alternative.
  self.pid = _posixsubprocess.fork_exec(
/data/sicong/anaconda3/lib/python3.10/subprocess.py:1780: RuntimeWarning: lancedb fork support is experimental: the internal async runtime has been reset in the forked child, but a small chance of deadlock remains if other state was mid-operation at fork time. The 'forkserver' or 'spawn' multiprocessing start method is likely a safer alternative.
  self.pid = _posixsubprocess.fork_exec(
/data/sicong/anaconda3/lib/python3.10/subprocess.py:1780: RuntimeWarning: lancedb fork support is experimental: the internal async runtime has been reset in the forked child, but a small chance of deadlock remains if other state was mid-operation at fork time. The 'forkserver' or 'spawn' multiprocessing start method is likely a safer alternative.
  self.pid = _posixsubprocess.fork_exec(
/data/sicong/anaconda3/lib/python3.10/subprocess.py:1780: RuntimeWarning: lancedb fork support is experimental: the internal async runtime has been reset in the forked child, but a small chance of deadlock remains if other state was mid-operation at fork time. The 'forkserver' or 'spawn' multiprocessing start method is likely a safer alternative.
  self.pid = _posixsubprocess.fork_exec(
/data/sicong/anaconda3/lib/python3.10/subprocess.py:1780: RuntimeWarning: lancedb fork support is experimental: the internal async runtime has been reset in the forked child, but a small chance of deadlock remains if other state was mid-operation at fork time. The 'forkserver' or 'spawn' multiprocessing start method is likely a safer alternative.
  self.pid = _posixsubprocess.fork_exec(
/data/sicong/anaconda3/lib/python3.10/subprocess.py:1780: RuntimeWarning: lancedb fork support is experimental: the internal async runtime has been reset in the forked child, but a small chance of deadlock remains if other state was mid-operation at fork time. The 'forkserver' or 'spawn' multiprocessing start method is likely a safer alternative.
  self.pid = _posixsubprocess.fork_exec(
/data/sicong/anaconda3/lib/python3.10/subprocess.py:1780: RuntimeWarning: lancedb fork support is experimental: the internal async runtime has been reset in the forked child, but a small chance of deadlock remains if other state was mid-operation at fork time. The 'forkserver' or 'spawn' multiprocessing start method is likely a safer alternative.
  self.pid = _posixsubprocess.fork_exec(
/data/sicong/anaconda3/lib/python3.10/subprocess.py:1780: RuntimeWarning: lancedb fork support is experimental: the internal async runtime has been reset in the forked child, but a small chance of deadlock remains if other state was mid-operation at fork time. The 'forkserver' or 'spawn' multiprocessing start method is likely a safer alternative.
  self.pid = _posixsubprocess.fork_exec(
/data/sicong/anaconda3/lib/python3.10/subprocess.py:1780: RuntimeWarning: lancedb fork support is experimental: the internal async runtime has been reset in the forked child, but a small chance of deadlock remains if other state was mid-operation at fork time. The 'forkserver' or 'spawn' multiprocessing start method is likely a safer alternative.
  self.pid = _posixsubprocess.fork_exec(
/data/sicong/anaconda3/lib/python3.10/subprocess.py:1780: RuntimeWarning: lancedb fork support is experimental: the internal async runtime has been reset in the forked child, but a small chance of deadlock remains if other state was mid-operation at fork time. The 'forkserver' or 'spawn' multiprocessing start method is likely a safer alternative.
  self.pid = _posixsubprocess.fork_exec(
/data/sicong/anaconda3/lib/python3.10/subprocess.py:1780: RuntimeWarning: lancedb fork support is experimental: the internal async runtime has been reset in the forked child, but a small chance of deadlock remains if other state was mid-operation at fork time. The 'forkserver' or 'spawn' multiprocessing start method is likely a safer alternative.
  self.pid = _posixsubprocess.fork_exec(
/data/sicong/anaconda3/lib/python3.10/subprocess.py:1780: RuntimeWarning: lancedb fork support is experimental: the internal async runtime has been reset in the forked child, but a small chance of deadlock remains if other state was mid-operation at fork time. The 'forkserver' or 'spawn' multiprocessing start method is likely a safer alternative.
  self.pid = _posixsubprocess.fork_exec(
/data/sicong/anaconda3/lib/python3.10/subprocess.py:1780: RuntimeWarning: lancedb fork support is experimental: the internal async runtime has been reset in the forked child, but a small chance of deadlock remains if other state was mid-operation at fork time. The 'forkserver' or 'spawn' multiprocessing start method is likely a safer alternative.
  self.pid = _posixsubprocess.fork_exec(
/data/sicong/anaconda3/lib/python3.10/subprocess.py:1780: RuntimeWarning: lancedb fork support is experimental: the internal async runtime has been reset in the forked child, but a small chance of deadlock remains if other state was mid-operation at fork time. The 'forkserver' or 'spawn' multiprocessing start method is likely a safer alternative.
  self.pid = _posixsubprocess.fork_exec(
/data/sicong/anaconda3/lib/python3.10/subprocess.py:1780: RuntimeWarning: lancedb fork support is experimental: the internal async runtime has been reset in the forked child, but a small chance of deadlock remains if other state was mid-operation at fork time. The 'forkserver' or 'spawn' multiprocessing start method is likely a safer alternative.
  self.pid = _posixsubprocess.fork_exec(
/data/sicong/anaconda3/lib/python3.10/subprocess.py:1780: RuntimeWarning: lancedb fork support is experimental: the internal async runtime has been reset in the forked child, but a small chance of deadlock remains if other state was mid-operation at fork time. The 'forkserver' or 'spawn' multiprocessing start method is likely a safer alternative.
  self.pid = _posixsubprocess.fork_exec(
/data/sicong/anaconda3/lib/python3.10/subprocess.py:1780: RuntimeWarning: lancedb fork support is experimental: the internal async runtime has been reset in the forked child, but a small chance of deadlock remains if other state was mid-operation at fork time. The 'forkserver' or 'spawn' multiprocessing start method is likely a safer alternative.
  self.pid = _posixsubprocess.fork_exec(
/data/sicong/anaconda3/lib/python3.10/subprocess.py:1780: RuntimeWarning: lancedb fork support is experimental: the internal async runtime has been reset in the forked child, but a small chance of deadlock remains if other state was mid-operation at fork time. The 'forkserver' or 'spawn' multiprocessing start method is likely a safer alternative.
  self.pid = _posixsubprocess.fork_exec(
/data/sicong/anaconda3/lib/python3.10/subprocess.py:1780: RuntimeWarning: lancedb fork support is experimental: the internal async runtime has been reset in the forked child, but a small chance of deadlock remains if other state was mid-operation at fork time. The 'forkserver' or 'spawn' multiprocessing start method is likely a safer alternative.
  self.pid = _posixsubprocess.fork_exec(
/data/sicong/anaconda3/lib/python3.10/subprocess.py:1780: RuntimeWarning: lancedb fork support is experimental: the internal async runtime has been reset in the forked child, but a small chance of deadlock remains if other state was mid-operation at fork time. The 'forkserver' or 'spawn' multiprocessing start method is likely a safer alternative.
  self.pid = _posixsubprocess.fork_exec(
/data/sicong/anaconda3/lib/python3.10/subprocess.py:1780: RuntimeWarning: lancedb fork support is experimental: the internal async runtime has been reset in the forked child, but a small chance of deadlock remains if other state was mid-operation at fork time. The 'forkserver' or 'spawn' multiprocessing start method is likely a safer alternative.
  self.pid = _posixsubprocess.fork_exec(
/data/sicong/anaconda3/lib/python3.10/subprocess.py:1780: RuntimeWarning: lancedb fork support is experimental: the internal async runtime has been reset in the forked child, but a small chance of deadlock remains if other state was mid-operation at fork time. The 'forkserver' or 'spawn' multiprocessing start method is likely a safer alternative.
  self.pid = _posixsubprocess.fork_exec(
/data/sicong/anaconda3/lib/python3.10/subprocess.py:1780: RuntimeWarning: lancedb fork support is experimental: the internal async runtime has been reset in the forked child, but a small chance of deadlock remains if other state was mid-operation at fork time. The 'forkserver' or 'spawn' multiprocessing start method is likely a safer alternative.
  self.pid = _posixsubprocess.fork_exec(
/data/sicong/anaconda3/lib/python3.10/subprocess.py:1780: RuntimeWarning: lancedb fork support is experimental: the internal async runtime has been reset in the forked child, but a small chance of deadlock remains if other state was mid-operation at fork time. The 'forkserver' or 'spawn' multiprocessing start method is likely a safer alternative.
  self.pid = _posixsubprocess.fork_exec(
/data/sicong/anaconda3/lib/python3.10/subprocess.py:1780: RuntimeWarning: lancedb fork support is experimental: the internal async runtime has been reset in the forked child, but a small chance of deadlock remains if other state was mid-operation at fork time. The 'forkserver' or 'spawn' multiprocessing start method is likely a safer alternative.
  self.pid = _posixsubprocess.fork_exec(
/data/sicong/anaconda3/lib/python3.10/subprocess.py:1780: RuntimeWarning: lancedb fork support is experimental: the internal async runtime has been reset in the forked child, but a small chance of deadlock remains if other state was mid-operation at fork time. The 'forkserver' or 'spawn' multiprocessing start method is likely a safer alternative.
  self.pid = _posixsubprocess.fork_exec(
/data/sicong/anaconda3/lib/python3.10/subprocess.py:1780: RuntimeWarning: lancedb fork support is experimental: the internal async runtime has been reset in the forked child, but a small chance of deadlock remains if other state was mid-operation at fork time. The 'forkserver' or 'spawn' multiprocessing start method is likely a safer alternative.
  self.pid = _posixsubprocess.fork_exec(
/data/sicong/anaconda3/lib/python3.10/subprocess.py:1780: RuntimeWarning: lancedb fork support is experimental: the internal async runtime has been reset in the forked child, but a small chance of deadlock remains if other state was mid-operation at fork time. The 'forkserver' or 'spawn' multiprocessing start method is likely a safer alternative.
  self.pid = _posixsubprocess.fork_exec(
/data/sicong/anaconda3/lib/python3.10/subprocess.py:1780: RuntimeWarning: lancedb fork support is experimental: the internal async runtime has been reset in the forked child, but a small chance of deadlock remains if other state was mid-operation at fork time. The 'forkserver' or 'spawn' multiprocessing start method is likely a safer alternative.
  self.pid = _posixsubprocess.fork_exec(
/data/sicong/anaconda3/lib/python3.10/subprocess.py:1780: RuntimeWarning: lancedb fork support is experimental: the internal async runtime has been reset in the forked child, but a small chance of deadlock remains if other state was mid-operation at fork time. The 'forkserver' or 'spawn' multiprocessing start method is likely a safer alternative.
  self.pid = _posixsubprocess.fork_exec(
/data/sicong/anaconda3/lib/python3.10/subprocess.py:1780: RuntimeWarning: lancedb fork support is experimental: the internal async runtime has been reset in the forked child, but a small chance of deadlock remains if other state was mid-operation at fork time. The 'forkserver' or 'spawn' multiprocessing start method is likely a safer alternative.
  self.pid = _posixsubprocess.fork_exec(
/data/sicong/anaconda3/lib/python3.10/subprocess.py:1780: RuntimeWarning: lancedb fork support is experimental: the internal async runtime has been reset in the forked child, but a small chance of deadlock remains if other state was mid-operation at fork time. The 'forkserver' or 'spawn' multiprocessing start method is likely a safer alternative.
  self.pid = _posixsubprocess.fork_exec(
/data/sicong/anaconda3/lib/python3.10/subprocess.py:1780: RuntimeWarning: lancedb fork support is experimental: the internal async runtime has been reset in the forked child, but a small chance of deadlock remains if other state was mid-operation at fork time. The 'forkserver' or 'spawn' multiprocessing start method is likely a safer alternative.
  self.pid = _posixsubprocess.fork_exec(
/data/sicong/anaconda3/lib/python3.10/subprocess.py:1780: RuntimeWarning: lancedb fork support is experimental: the internal async runtime has been reset in the forked child, but a small chance of deadlock remains if other state was mid-operation at fork time. The 'forkserver' or 'spawn' multiprocessing start method is likely a safer alternative.
  self.pid = _posixsubprocess.fork_exec(
/data/sicong/anaconda3/lib/python3.10/subprocess.py:1780: RuntimeWarning: lancedb fork support is experimental: the internal async runtime has been reset in the forked child, but a small chance of deadlock remains if other state was mid-operation at fork time. The 'forkserver' or 'spawn' multiprocessing start method is likely a safer alternative.
  self.pid = _posixsubprocess.fork_exec(
/data/sicong/anaconda3/lib/python3.10/subprocess.py:1780: RuntimeWarning: lancedb fork support is experimental: the internal async runtime has been reset in the forked child, but a small chance of deadlock remains if other state was mid-operation at fork time. The 'forkserver' or 'spawn' multiprocessing start method is likely a safer alternative.
  self.pid = _posixsubprocess.fork_exec(
/data/sicong/anaconda3/lib/python3.10/subprocess.py:1780: RuntimeWarning: lancedb fork support is experimental: the internal async runtime has been reset in the forked child, but a small chance of deadlock remains if other state was mid-operation at fork time. The 'forkserver' or 'spawn' multiprocessing start method is likely a safer alternative.
  self.pid = _posixsubprocess.fork_exec(
/data/sicong/anaconda3/lib/python3.10/subprocess.py:1780: RuntimeWarning: lancedb fork support is experimental: the internal async runtime has been reset in the forked child, but a small chance of deadlock remains if other state was mid-operation at fork time. The 'forkserver' or 'spawn' multiprocessing start method is likely a safer alternative.
  self.pid = _posixsubprocess.fork_exec(
/data/sicong/anaconda3/lib/python3.10/subprocess.py:1780: RuntimeWarning: lancedb fork support is experimental: the internal async runtime has been reset in the forked child, but a small chance of deadlock remains if other state was mid-operation at fork time. The 'forkserver' or 'spawn' multiprocessing start method is likely a safer alternative.
  self.pid = _posixsubprocess.fork_exec(
/data/sicong/anaconda3/lib/python3.10/subprocess.py:1780: RuntimeWarning: lancedb fork support is experimental: the internal async runtime has been reset in the forked child, but a small chance of deadlock remains if other state was mid-operation at fork time. The 'forkserver' or 'spawn' multiprocessing start method is likely a safer alternative.
  self.pid = _posixsubprocess.fork_exec(
/data/sicong/anaconda3/lib/python3.10/subprocess.py:1780: RuntimeWarning: lancedb fork support is experimental: the internal async runtime has been reset in the forked child, but a small chance of deadlock remains if other state was mid-operation at fork time. The 'forkserver' or 'spawn' multiprocessing start method is likely a safer alternative.
  self.pid = _posixsubprocess.fork_exec(
/data/sicong/anaconda3/lib/python3.10/subprocess.py:1780: RuntimeWarning: lancedb fork support is experimental: the internal async runtime has been reset in the forked child, but a small chance of deadlock remains if other state was mid-operation at fork time. The 'forkserver' or 'spawn' multiprocessing start method is likely a safer alternative.
  self.pid = _posixsubprocess.fork_exec(
/data/sicong/anaconda3/lib/python3.10/subprocess.py:1780: RuntimeWarning: lancedb fork support is experimental: the internal async runtime has been reset in the forked child, but a small chance of deadlock remains if other state was mid-operation at fork time. The 'forkserver' or 'spawn' multiprocessing start method is likely a safer alternative.
  self.pid = _posixsubprocess.fork_exec(
/data/sicong/anaconda3/lib/python3.10/subprocess.py:1780: RuntimeWarning: lancedb fork support is experimental: the internal async runtime has been reset in the forked child, but a small chance of deadlock remains if other state was mid-operation at fork time. The 'forkserver' or 'spawn' multiprocessing start method is likely a safer alternative.
  self.pid = _posixsubprocess.fork_exec(
/data/sicong/anaconda3/lib/python3.10/subprocess.py:1780: RuntimeWarning: lancedb fork support is experimental: the internal async runtime has been reset in the forked child, but a small chance of deadlock remains if other state was mid-operation at fork time. The 'forkserver' or 'spawn' multiprocessing start method is likely a safer alternative.
  self.pid = _posixsubprocess.fork_exec(
/data/sicong/anaconda3/lib/python3.10/subprocess.py:1780: RuntimeWarning: lancedb fork support is experimental: the internal async runtime has been reset in the forked child, but a small chance of deadlock remains if other state was mid-operation at fork time. The 'forkserver' or 'spawn' multiprocessing start method is likely a safer alternative.
  self.pid = _posixsubprocess.fork_exec(
/data/sicong/anaconda3/lib/python3.10/subprocess.py:1780: RuntimeWarning: lancedb fork support is experimental: the internal async runtime has been reset in the forked child, but a small chance of deadlock remains if other state was mid-operation at fork time. The 'forkserver' or 'spawn' multiprocessing start method is likely a safer alternative.
  self.pid = _posixsubprocess.fork_exec(
/data/sicong/anaconda3/lib/python3.10/subprocess.py:1780: RuntimeWarning: lancedb fork support is experimental: the internal async runtime has been reset in the forked child, but a small chance of deadlock remains if other state was mid-operation at fork time. The 'forkserver' or 'spawn' multiprocessing start method is likely a safer alternative.
  self.pid = _posixsubprocess.fork_exec(
/data/sicong/anaconda3/lib/python3.10/subprocess.py:1780: RuntimeWarning: lancedb fork support is experimental: the internal async runtime has been reset in the forked child, but a small chance of deadlock remains if other state was mid-operation at fork time. The 'forkserver' or 'spawn' multiprocessing start method is likely a safer alternative.
  self.pid = _posixsubprocess.fork_exec(
/data/sicong/anaconda3/lib/python3.10/subprocess.py:1780: RuntimeWarning: lancedb fork support is experimental: the internal async runtime has been reset in the forked child, but a small chance of deadlock remains if other state was mid-operation at fork time. The 'forkserver' or 'spawn' multiprocessing start method is likely a safer alternative.
  self.pid = _posixsubprocess.fork_exec(
{'success_rate': 28.000000000000004, 'episode_successes': array([ True, False, False, False, False, False, False,  True, False,
       False,  True, False,  True, False, False, False, False, False,
       False, False, False, False, False, False, False,  True, False,
       False, False,  True,  True, False, False, False, False, False,
        True,  True, False,  True, False,  True,  True, False, False,
        True, False, False, False,  True]), 'seeds': None}
