[data] 693728 train transitions, cluster source=experiments/real_gauge_drift/results/latent_random_voronoi_k3/random_voronoi_k3_seed2, route_label_offset_steps=0
  cluster0: 231676 transitions
  cluster1: 282582 transitions
  cluster2: 179470 transitions
  [cache] loaded merged embeddings from experiments/real_gauge_drift/results/tworoom_latent_random_voronoi_k3_seed2_trainseed625/P_train_global_merged_embeddings.npz
[train] cluster0: 231676 transitions, 50 epochs
  [train] epoch 1/50  train_loss=0.019372  eval_loss=0.007163
  [train] epoch 2/50  train_loss=0.006037  eval_loss=0.005376
  [train] epoch 3/50  train_loss=0.005473  eval_loss=0.005153
  [train] epoch 4/50  train_loss=0.005014  eval_loss=0.004562
  [train] epoch 5/50  train_loss=0.004711  eval_loss=0.004408
  [train] epoch 6/50  train_loss=0.004362  eval_loss=0.004256
  [train] epoch 7/50  train_loss=0.004090  eval_loss=0.003537
  [train] epoch 8/50  train_loss=0.003834  eval_loss=0.003436
  [train] epoch 9/50  train_loss=0.003643  eval_loss=0.003366
  [train] epoch 10/50  train_loss=0.003430  eval_loss=0.003015
  [train] epoch 11/50  train_loss=0.003301  eval_loss=0.003006
  [train] epoch 12/50  train_loss=0.003132  eval_loss=0.003255
  [train] epoch 13/50  train_loss=0.003052  eval_loss=0.002820
  [train] epoch 14/50  train_loss=0.002766  eval_loss=0.002385
  [train] epoch 15/50  train_loss=0.002732  eval_loss=0.002405
  [train] epoch 16/50  train_loss=0.002618  eval_loss=0.002520
  [train] epoch 17/50  train_loss=0.002499  eval_loss=0.002107
  [train] epoch 18/50  train_loss=0.002423  eval_loss=0.002186
  [train] epoch 19/50  train_loss=0.002389  eval_loss=0.002273
  [train] epoch 20/50  train_loss=0.002346  eval_loss=0.002157
  [train] epoch 21/50  train_loss=0.002200  eval_loss=0.002921
  [train] epoch 22/50  train_loss=0.002052  eval_loss=0.001967
  [train] epoch 23/50  train_loss=0.002157  eval_loss=0.001820
  [train] epoch 24/50  train_loss=0.001997  eval_loss=0.001854
  [train] epoch 25/50  train_loss=0.001944  eval_loss=0.002330
  [train] epoch 26/50  train_loss=0.001938  eval_loss=0.001808
  [train] epoch 27/50  train_loss=0.001805  eval_loss=0.001536
  [train] epoch 28/50  train_loss=0.001793  eval_loss=0.001920
  [train] epoch 29/50  train_loss=0.001643  eval_loss=0.001671
  [train] epoch 30/50  train_loss=0.001738  eval_loss=0.001447
  [train] epoch 31/50  train_loss=0.001674  eval_loss=0.001943
  [train] epoch 32/50  train_loss=0.001540  eval_loss=0.002087
  [train] epoch 33/50  train_loss=0.001607  eval_loss=0.001716
  [train] epoch 34/50  train_loss=0.001484  eval_loss=0.001467
  [train] epoch 35/50  train_loss=0.001553  eval_loss=0.001383
  [train] epoch 36/50  train_loss=0.001569  eval_loss=0.001346
  [train] epoch 37/50  train_loss=0.001379  eval_loss=0.001207
  [train] epoch 38/50  train_loss=0.001550  eval_loss=0.001381
  [train] epoch 39/50  train_loss=0.001321  eval_loss=0.001238
  [train] epoch 40/50  train_loss=0.001468  eval_loss=0.001167
  [train] epoch 41/50  train_loss=0.001413  eval_loss=0.001627
  [train] epoch 42/50  train_loss=0.001349  eval_loss=0.001342
  [train] epoch 43/50  train_loss=0.001354  eval_loss=0.001157
  [train] epoch 44/50  train_loss=0.001212  eval_loss=0.001095
  [train] epoch 45/50  train_loss=0.001214  eval_loss=0.001140
  [train] epoch 46/50  train_loss=0.001224  eval_loss=0.001533
  [train] epoch 47/50  train_loss=0.001132  eval_loss=0.001079
  [train] epoch 48/50  train_loss=0.001225  eval_loss=0.000980
  [train] epoch 49/50  train_loss=0.001085  eval_loss=0.000930
  [train] epoch 50/50  train_loss=0.001219  eval_loss=0.001269
  [best] epoch 49  eval_loss=0.000930 (selected over 50 epochs)
[train] cluster1: 282582 transitions, 50 epochs
  [train] epoch 1/50  train_loss=0.019816  eval_loss=0.007790
  [train] epoch 2/50  train_loss=0.006724  eval_loss=0.006018
  [train] epoch 3/50  train_loss=0.006119  eval_loss=0.005693
  [train] epoch 4/50  train_loss=0.005544  eval_loss=0.004789
  [train] epoch 5/50  train_loss=0.005126  eval_loss=0.005011
  [train] epoch 6/50  train_loss=0.004670  eval_loss=0.004289
  [train] epoch 7/50  train_loss=0.004351  eval_loss=0.004243
  [train] epoch 8/50  train_loss=0.004093  eval_loss=0.004143
  [train] epoch 9/50  train_loss=0.003871  eval_loss=0.003536
  [train] epoch 10/50  train_loss=0.003548  eval_loss=0.003820
  [train] epoch 11/50  train_loss=0.003465  eval_loss=0.003586
  [train] epoch 12/50  train_loss=0.003329  eval_loss=0.003053
  [train] epoch 13/50  train_loss=0.003061  eval_loss=0.003011
  [train] epoch 14/50  train_loss=0.002952  eval_loss=0.002616
  [train] epoch 15/50  train_loss=0.002882  eval_loss=0.002844
  [train] epoch 16/50  train_loss=0.002698  eval_loss=0.002429
  [train] epoch 17/50  train_loss=0.002531  eval_loss=0.002544
  [train] epoch 18/50  train_loss=0.002521  eval_loss=0.002266
  [train] epoch 19/50  train_loss=0.002409  eval_loss=0.002009
  [train] epoch 20/50  train_loss=0.002378  eval_loss=0.002286
  [train] epoch 21/50  train_loss=0.002213  eval_loss=0.002060
  [train] epoch 22/50  train_loss=0.002140  eval_loss=0.002148
  [train] epoch 23/50  train_loss=0.002188  eval_loss=0.001904
  [train] epoch 24/50  train_loss=0.002053  eval_loss=0.001577
  [train] epoch 25/50  train_loss=0.001999  eval_loss=0.001871
  [train] epoch 26/50  train_loss=0.001962  eval_loss=0.001942
  [train] epoch 27/50  train_loss=0.001909  eval_loss=0.001736
  [train] epoch 28/50  train_loss=0.001826  eval_loss=0.002873
  [train] epoch 29/50  train_loss=0.001770  eval_loss=0.001502
  [train] epoch 30/50  train_loss=0.001694  eval_loss=0.001945
  [train] epoch 31/50  train_loss=0.001750  eval_loss=0.001605
  [train] epoch 32/50  train_loss=0.001671  eval_loss=0.001664
  [train] epoch 33/50  train_loss=0.001581  eval_loss=0.001458
  [train] epoch 34/50  train_loss=0.001615  eval_loss=0.001586
  [train] epoch 35/50  train_loss=0.001476  eval_loss=0.001739
  [train] epoch 36/50  train_loss=0.001539  eval_loss=0.001623
  [train] epoch 37/50  train_loss=0.001559  eval_loss=0.001721
  [train] epoch 38/50  train_loss=0.001445  eval_loss=0.001461
  [train] epoch 39/50  train_loss=0.001464  eval_loss=0.001461
  [train] epoch 40/50  train_loss=0.001377  eval_loss=0.001229
  [train] epoch 41/50  train_loss=0.001404  eval_loss=0.001276
  [train] epoch 42/50  train_loss=0.001349  eval_loss=0.001041
  [train] epoch 43/50  train_loss=0.001233  eval_loss=0.002080
  [train] epoch 44/50  train_loss=0.001303  eval_loss=0.001184
  [train] epoch 45/50  train_loss=0.001284  eval_loss=0.001178
  [train] epoch 46/50  train_loss=0.001227  eval_loss=0.001237
  [train] epoch 47/50  train_loss=0.001240  eval_loss=0.001004
  [train] epoch 48/50  train_loss=0.001180  eval_loss=0.001367
  [train] epoch 49/50  train_loss=0.001296  eval_loss=0.001412
  [train] epoch 50/50  train_loss=0.001189  eval_loss=0.001019
  [best] epoch 47  eval_loss=0.001004 (selected over 50 epochs)
[train] cluster2: 179470 transitions, 50 epochs
  [train] epoch 1/50  train_loss=0.019537  eval_loss=0.007156
  [train] epoch 2/50  train_loss=0.005555  eval_loss=0.004787
  [train] epoch 3/50  train_loss=0.005123  eval_loss=0.004485
  [train] epoch 4/50  train_loss=0.004701  eval_loss=0.004201
  [train] epoch 5/50  train_loss=0.004318  eval_loss=0.003948
  [train] epoch 6/50  train_loss=0.004041  eval_loss=0.003755
  [train] epoch 7/50  train_loss=0.003807  eval_loss=0.003724
  [train] epoch 8/50  train_loss=0.003569  eval_loss=0.003956
  [train] epoch 9/50  train_loss=0.003361  eval_loss=0.002786
  [train] epoch 10/50  train_loss=0.003193  eval_loss=0.003078
  [train] epoch 11/50  train_loss=0.003070  eval_loss=0.003720
  [train] epoch 12/50  train_loss=0.002889  eval_loss=0.002653
  [train] epoch 13/50  train_loss=0.002864  eval_loss=0.002652
  [train] epoch 14/50  train_loss=0.002565  eval_loss=0.002170
  [train] epoch 15/50  train_loss=0.002640  eval_loss=0.002469
  [train] epoch 16/50  train_loss=0.002458  eval_loss=0.003029
  [train] epoch 17/50  train_loss=0.002359  eval_loss=0.002050
  [train] epoch 18/50  train_loss=0.002357  eval_loss=0.002041
  [train] epoch 19/50  train_loss=0.002178  eval_loss=0.002149
  [train] epoch 20/50  train_loss=0.002138  eval_loss=0.001993
  [train] epoch 21/50  train_loss=0.002135  eval_loss=0.001820
  [train] epoch 22/50  train_loss=0.001956  eval_loss=0.001595
  [train] epoch 23/50  train_loss=0.002028  eval_loss=0.002002
  [train] epoch 24/50  train_loss=0.001868  eval_loss=0.001830
  [train] epoch 25/50  train_loss=0.001761  eval_loss=0.002061
  [train] epoch 26/50  train_loss=0.001754  eval_loss=0.001425
  [train] epoch 27/50  train_loss=0.001585  eval_loss=0.001612
  [train] epoch 28/50  train_loss=0.001770  eval_loss=0.001418
  [train] epoch 29/50  train_loss=0.001611  eval_loss=0.001450
  [train] epoch 30/50  train_loss=0.001692  eval_loss=0.001612
  [train] epoch 31/50  train_loss=0.001554  eval_loss=0.001275
  [train] epoch 32/50  train_loss=0.001515  eval_loss=0.001629
  [train] epoch 33/50  train_loss=0.001502  eval_loss=0.001322
  [train] epoch 34/50  train_loss=0.001472  eval_loss=0.002317
  [train] epoch 35/50  train_loss=0.001442  eval_loss=0.001283
  [train] epoch 36/50  train_loss=0.001560  eval_loss=0.001308
  [train] epoch 37/50  train_loss=0.001466  eval_loss=0.001282
  [train] epoch 38/50  train_loss=0.001316  eval_loss=0.001436
  [train] epoch 39/50  train_loss=0.001415  eval_loss=0.001365
  [train] epoch 40/50  train_loss=0.001258  eval_loss=0.000937
  [train] epoch 41/50  train_loss=0.001156  eval_loss=0.001569
  [train] epoch 42/50  train_loss=0.001349  eval_loss=0.001177
  [train] epoch 43/50  train_loss=0.001278  eval_loss=0.001112
  [train] epoch 44/50  train_loss=0.001183  eval_loss=0.000833
  [train] epoch 45/50  train_loss=0.001070  eval_loss=0.001583
  [train] epoch 46/50  train_loss=0.001315  eval_loss=0.001885
  [train] epoch 47/50  train_loss=0.000990  eval_loss=0.000931
  [train] epoch 48/50  train_loss=0.001228  eval_loss=0.001346
  [train] epoch 49/50  train_loss=0.001304  eval_loss=0.001010
  [train] epoch 50/50  train_loss=0.000948  eval_loss=0.001305
  [best] epoch 44  eval_loss=0.000833 (selected over 50 epochs)
[done] manifest -> experiments/real_gauge_drift/results/tworoom_latent_random_voronoi_k3_seed2_trainseed625/manifest.json
real 4881.82
user 4698.73
sys 100.54
