==== GPU=0 global_ft EPOCHS=50 SEED=42 started at Mon Jul 13 02:17:44 PM UTC 2026 ====
[split] TwoRoom regions from fixed task geometry (wall_center=112, wall_width=10)
[train] global_ft: 693728 train-global transitions
  [embed-cache] left_room: 330243 transitions from P_train_left_room_embeddings.npz
  [embed-cache] doorway_corridor: 38552 transitions from P_train_doorway_corridor_embeddings.npz
  [embed-cache] right_room: 324933 transitions from P_train_right_room_embeddings.npz
  [embed-cache] merged 693728 train transitions from experiments/real_gauge_drift/results/tworoom_geometry_train_region_predictors
  [cache] saved merged embeddings to /data/sicong/weitao/le-wm/experiments/real_gauge_drift/results/tworoom_geometry_train_global_ft_50ep/P_train_global_ft_embeddings.npz
  [train] epoch 1/50  train_loss=0.018661  eval_loss=0.007243
  [train] epoch 2/50  train_loss=0.005788  eval_loss=0.005164
  [train] epoch 3/50  train_loss=0.004972  eval_loss=0.004408
  [train] epoch 4/50  train_loss=0.004388  eval_loss=0.003886
  [train] epoch 5/50  train_loss=0.003934  eval_loss=0.003486
  [train] epoch 6/50  train_loss=0.003585  eval_loss=0.003188
  [train] epoch 7/50  train_loss=0.003294  eval_loss=0.003552
  [train] epoch 8/50  train_loss=0.003047  eval_loss=0.002900
  [train] epoch 9/50  train_loss=0.002789  eval_loss=0.002404
  [train] epoch 10/50  train_loss=0.002623  eval_loss=0.002544
  [train] epoch 11/50  train_loss=0.002484  eval_loss=0.002581
  [train] epoch 12/50  train_loss=0.002344  eval_loss=0.002330
  [train] epoch 13/50  train_loss=0.002192  eval_loss=0.002439
  [train] epoch 14/50  train_loss=0.002058  eval_loss=0.001865
  [train] epoch 15/50  train_loss=0.001992  eval_loss=0.002270
  [train] epoch 16/50  train_loss=0.001882  eval_loss=0.002260
  [train] epoch 17/50  train_loss=0.001817  eval_loss=0.001999
  [train] epoch 18/50  train_loss=0.001754  eval_loss=0.001832
  [train] epoch 19/50  train_loss=0.001699  eval_loss=0.001577
  [train] epoch 20/50  train_loss=0.001587  eval_loss=0.001442
  [train] epoch 21/50  train_loss=0.001555  eval_loss=0.001400
  [train] epoch 22/50  train_loss=0.001533  eval_loss=0.001291
  [train] epoch 23/50  train_loss=0.001416  eval_loss=0.001042
  [train] epoch 24/50  train_loss=0.001412  eval_loss=0.001082
  [train] epoch 25/50  train_loss=0.001323  eval_loss=0.001186
  [train] epoch 26/50  train_loss=0.001332  eval_loss=0.001218
  [train] epoch 27/50  train_loss=0.001299  eval_loss=0.001004
  [train] epoch 28/50  train_loss=0.001267  eval_loss=0.000941
  [train] epoch 29/50  train_loss=0.001225  eval_loss=0.001107
  [train] epoch 30/50  train_loss=0.001163  eval_loss=0.000801
  [train] epoch 31/50  train_loss=0.001151  eval_loss=0.001040
  [train] epoch 32/50  train_loss=0.001091  eval_loss=0.000846
  [train] epoch 33/50  train_loss=0.001111  eval_loss=0.001220
  [train] epoch 34/50  train_loss=0.001047  eval_loss=0.001182
  [train] epoch 35/50  train_loss=0.001030  eval_loss=0.001125
  [train] epoch 36/50  train_loss=0.001027  eval_loss=0.001166
  [train] epoch 37/50  train_loss=0.000978  eval_loss=0.001207
  [train] epoch 38/50  train_loss=0.000986  eval_loss=0.000833
  [train] epoch 39/50  train_loss=0.000960  eval_loss=0.000905
  [train] epoch 40/50  train_loss=0.000904  eval_loss=0.000841
  [train] epoch 41/50  train_loss=0.000900  eval_loss=0.000873
  [train] epoch 42/50  train_loss=0.000894  eval_loss=0.000924
  [train] epoch 43/50  train_loss=0.000875  eval_loss=0.000783
  [train] epoch 44/50  train_loss=0.000846  eval_loss=0.001251
  [train] epoch 45/50  train_loss=0.000858  eval_loss=0.000951
  [train] epoch 46/50  train_loss=0.000823  eval_loss=0.000677
  [train] epoch 47/50  train_loss=0.000808  eval_loss=0.000511
  [train] epoch 48/50  train_loss=0.000825  eval_loss=0.000830
  [train] epoch 49/50  train_loss=0.000786  eval_loss=0.000760
  [train] epoch 50/50  train_loss=0.000790  eval_loss=0.000803
  [best] epoch 47  eval_loss=0.000511 (selected over 50 epochs)
  saved /data/sicong/weitao/le-wm/experiments/real_gauge_drift/results/tworoom_geometry_train_global_ft_50ep/P_train_global_ft_object.ckpt  best_epoch=47  best_eval_loss=0.000511
Wrote manifest to /data/sicong/weitao/le-wm/experiments/real_gauge_drift/results/tworoom_geometry_train_global_ft_50ep/manifest.json
real 4608.39
user 4688.93
sys 12.52
==== GPU=0 global_ft finished at Mon Jul 13 03:34:32 PM UTC 2026 ====
