{
  "metrics": [
    {
      "split": "common",
      "n": 781,
      "one_step_mse": 0.09667272865772247,
      "one_step_mse_std": 0.08225911110639572,
      "rollout_h1_mse": 0.09667272865772247,
      "rollout_h1_mse_std": 0.08225911110639572,
      "rollout_h5_mse": 0.6908238530158997,
      "rollout_h5_mse_std": 0.4510729908943176,
      "rollout_h10_mse": 1.1838942766189575,
      "rollout_h10_mse_std": 0.6735560297966003,
      "jacobian_samples": 64,
      "rule_drift": 2.336975574493408,
      "rule_diff_fro": 0.9291086792945862,
      "reference_jacobian_fro": 0.39756885170936584,
      "mean_jacobian_fro": 0.7210409045219421,
      "mean_within_jacobian_std": 0.02072802558541298,
      "reference_within_jacobian_std": 0.02579187974333763
    },
    {
      "split": "doorway_corridor",
      "n": 451,
      "one_step_mse": 0.10239039361476898,
      "one_step_mse_std": 0.07119762897491455,
      "rollout_h1_mse": 0.10239039361476898,
      "rollout_h1_mse_std": 0.07119762897491455,
      "rollout_h5_mse": 0.5653129816055298,
      "rollout_h5_mse_std": 0.4388977289199829,
      "rollout_h10_mse": 0.905854344367981,
      "rollout_h10_mse_std": 0.7148940563201904,
      "jacobian_samples": 64,
      "rule_drift": 1.389384388923645,
      "rule_diff_fro": 0.5523759722709656,
      "reference_jacobian_fro": 0.39756885170936584,
      "mean_jacobian_fro": 0.4447983205318451,
      "mean_within_jacobian_std": 0.022246437147259712,
      "reference_within_jacobian_std": 0.02579187974333763
    },
    {
      "split": "goal_other_side",
      "n": 4095,
      "one_step_mse": 0.08451919257640839,
      "one_step_mse_std": 0.057419776916503906,
      "rollout_h1_mse": 0.08451919257640839,
      "rollout_h1_mse_std": 0.057419776916503906,
      "rollout_h5_mse": 0.5831519961357117,
      "rollout_h5_mse_std": 0.4345177412033081,
      "rollout_h10_mse": 1.206599473953247,
      "rollout_h10_mse_std": 0.6238698363304138,
      "jacobian_samples": 64,
      "rule_drift": 2.3182551860809326,
      "rule_diff_fro": 0.9216660261154175,
      "reference_jacobian_fro": 0.39756885170936584,
      "mean_jacobian_fro": 0.8604434728622437,
      "mean_within_jacobian_std": 0.026264125481247902,
      "reference_within_jacobian_std": 0.02579187974333763
    },
    {
      "split": "iid_nonoverlap",
      "n": 781,
      "one_step_mse": 0.09667272865772247,
      "one_step_mse_std": 0.08225911110639572,
      "rollout_h1_mse": 0.09667272865772247,
      "rollout_h1_mse_std": 0.08225911110639572,
      "rollout_h5_mse": 0.6908238530158997,
      "rollout_h5_mse_std": 0.4510729908943176,
      "rollout_h10_mse": 1.1838942766189575,
      "rollout_h10_mse_std": 0.6735560297966003,
      "jacobian_samples": 64,
      "rule_drift": 2.14953351020813,
      "rule_diff_fro": 0.8545875549316406,
      "reference_jacobian_fro": 0.39756885170936584,
      "mean_jacobian_fro": 0.727528989315033,
      "mean_within_jacobian_std": 0.024992726743221283,
      "reference_within_jacobian_std": 0.02579187974333763
    },
    {
      "split": "left_room",
      "n": 1532,
      "one_step_mse": 0.08406971395015717,
      "one_step_mse_std": 0.04707234352827072,
      "rollout_h1_mse": 0.08406971395015717,
      "rollout_h1_mse_std": 0.04707234352827072,
      "rollout_h5_mse": 0.5651692152023315,
      "rollout_h5_mse_std": 0.4390944838523865,
      "rollout_h10_mse": 1.232247233390808,
      "rollout_h10_mse_std": 0.6199801564216614,
      "jacobian_samples": 64,
      "rule_drift": 2.9931447505950928,
      "rule_diff_fro": 1.1899811029434204,
      "reference_jacobian_fro": 0.39756885170936584,
      "mean_jacobian_fro": 1.072312593460083,
      "mean_within_jacobian_std": 0.03109506331384182,
      "reference_within_jacobian_std": 0.02579187974333763
    },
    {
      "split": "near_wall",
      "n": 1399,
      "one_step_mse": 0.07454802840948105,
      "one_step_mse_std": 0.05079743638634682,
      "rollout_h1_mse": 0.07454802840948105,
      "rollout_h1_mse_std": 0.05079743638634682,
      "rollout_h5_mse": 0.4577115774154663,
      "rollout_h5_mse_std": 0.40372589230537415,
      "rollout_h10_mse": 1.1148983240127563,
      "rollout_h10_mse_std": 0.6148988008499146,
      "jacobian_samples": 64,
      "rule_drift": 2.0077645778656006,
      "rule_diff_fro": 0.798224687576294,
      "reference_jacobian_fro": 0.39756885170936584,
      "mean_jacobian_fro": 0.5859251618385315,
      "mean_within_jacobian_std": 0.018756920471787453,
      "reference_within_jacobian_std": 0.02579187974333763
    },
    {
      "split": "reference",
      "n": 782,
      "one_step_mse": 0.09472482651472092,
      "one_step_mse_std": 0.06734509766101837,
      "rollout_h1_mse": 0.09472482651472092,
      "rollout_h1_mse_std": 0.06734509766101837,
      "rollout_h5_mse": 0.7159536480903625,
      "rollout_h5_mse_std": 0.4513323903083801,
      "rollout_h10_mse": 1.2080904245376587,
      "rollout_h10_mse_std": 0.6765360832214355,
      "jacobian_samples": 64,
      "rule_drift": 0.0,
      "rule_diff_fro": 0.0,
      "reference_jacobian_fro": 0.39756885170936584,
      "mean_jacobian_fro": 0.39756885170936584,
      "mean_within_jacobian_std": 0.02579187974333763,
      "reference_within_jacobian_std": 0.02579187974333763
    },
    {
      "split": "right_room",
      "n": 1511,
      "one_step_mse": 0.07653791457414627,
      "one_step_mse_std": 0.04201710224151611,
      "rollout_h1_mse": 0.07653791457414627,
      "rollout_h1_mse_std": 0.04201710224151611,
      "rollout_h5_mse": 0.5669670104980469,
      "rollout_h5_mse_std": 0.409896582365036,
      "rollout_h10_mse": 1.2664343118667603,
      "rollout_h10_mse_std": 0.5745226740837097,
      "jacobian_samples": 64,
      "rule_drift": 0.8779788017272949,
      "rule_diff_fro": 0.34905701875686646,
      "reference_jacobian_fro": 0.39756885170936584,
      "mean_jacobian_fro": 0.27745309472084045,
      "mean_within_jacobian_std": 0.019998688250780106,
      "reference_within_jacobian_std": 0.02579187974333763
    }
  ]
}
Wrote predictor rule drift results to experiments/real_gauge_drift/results/tworoom_predictor_rule_seed0
