[data] 693728 train transitions, cluster source=experiments/real_gauge_drift/results/latent_random_voronoi_k3/random_voronoi_k3_seed2, route_label_offset_steps=0
  cluster0: 231676 transitions
  cluster1: 282582 transitions
  cluster2: 179470 transitions
  [cache] loaded merged embeddings from experiments/real_gauge_drift/results/tworoom_latent_random_voronoi_k3_seed2_trainseed42/P_train_global_merged_embeddings.npz
[train] cluster0: 231676 transitions, 50 epochs
  [train] epoch 1/50  train_loss=0.019408  eval_loss=0.007206
  [train] epoch 2/50  train_loss=0.006014  eval_loss=0.005386
  [train] epoch 3/50  train_loss=0.005512  eval_loss=0.005061
  [train] epoch 4/50  train_loss=0.005069  eval_loss=0.004498
  [train] epoch 5/50  train_loss=0.004672  eval_loss=0.004210
  [train] epoch 6/50  train_loss=0.004359  eval_loss=0.003813
  [train] epoch 7/50  train_loss=0.004089  eval_loss=0.003581
  [train] epoch 8/50  train_loss=0.003850  eval_loss=0.003553
  [train] epoch 9/50  train_loss=0.003624  eval_loss=0.003047
  [train] epoch 10/50  train_loss=0.003434  eval_loss=0.003147
  [train] epoch 11/50  train_loss=0.003219  eval_loss=0.002982
  [train] epoch 12/50  train_loss=0.003062  eval_loss=0.002961
  [train] epoch 13/50  train_loss=0.002984  eval_loss=0.002867
  [train] epoch 14/50  train_loss=0.002901  eval_loss=0.002627
  [train] epoch 15/50  train_loss=0.002702  eval_loss=0.002477
  [train] epoch 16/50  train_loss=0.002692  eval_loss=0.002379
  [train] epoch 17/50  train_loss=0.002513  eval_loss=0.001933
  [train] epoch 18/50  train_loss=0.002407  eval_loss=0.002819
  [train] epoch 19/50  train_loss=0.002368  eval_loss=0.002414
  [train] epoch 20/50  train_loss=0.002339  eval_loss=0.002851
  [train] epoch 21/50  train_loss=0.002139  eval_loss=0.002347
  [train] epoch 22/50  train_loss=0.002144  eval_loss=0.002257
  [train] epoch 23/50  train_loss=0.002016  eval_loss=0.002316
  [train] epoch 24/50  train_loss=0.002123  eval_loss=0.001836
  [train] epoch 25/50  train_loss=0.001892  eval_loss=0.002212
  [train] epoch 26/50  train_loss=0.001841  eval_loss=0.001523
  [train] epoch 27/50  train_loss=0.001883  eval_loss=0.001573
  [train] epoch 28/50  train_loss=0.001787  eval_loss=0.001712
  [train] epoch 29/50  train_loss=0.001716  eval_loss=0.001276
  [train] epoch 30/50  train_loss=0.001726  eval_loss=0.001447
  [train] epoch 31/50  train_loss=0.001631  eval_loss=0.001598
  [train] epoch 32/50  train_loss=0.001679  eval_loss=0.001608
  [train] epoch 33/50  train_loss=0.001537  eval_loss=0.001412
  [train] epoch 34/50  train_loss=0.001630  eval_loss=0.001525
  [train] epoch 35/50  train_loss=0.001522  eval_loss=0.001213
  [train] epoch 36/50  train_loss=0.001420  eval_loss=0.001389
  [train] epoch 37/50  train_loss=0.001516  eval_loss=0.001492
  [train] epoch 38/50  train_loss=0.001429  eval_loss=0.001242
  [train] epoch 39/50  train_loss=0.001303  eval_loss=0.001505
  [train] epoch 40/50  train_loss=0.001391  eval_loss=0.001657
  [train] epoch 41/50  train_loss=0.001426  eval_loss=0.001297
  [train] epoch 42/50  train_loss=0.001251  eval_loss=0.001470
  [train] epoch 43/50  train_loss=0.001307  eval_loss=0.001064
  [train] epoch 44/50  train_loss=0.001215  eval_loss=0.001487
  [train] epoch 45/50  train_loss=0.001359  eval_loss=0.001249
  [train] epoch 46/50  train_loss=0.001290  eval_loss=0.001074
  [train] epoch 47/50  train_loss=0.001259  eval_loss=0.001225
  [train] epoch 48/50  train_loss=0.001219  eval_loss=0.001079
  [train] epoch 49/50  train_loss=0.001125  eval_loss=0.000844
  [train] epoch 50/50  train_loss=0.001183  eval_loss=0.000885
  [best] epoch 49  eval_loss=0.000844 (selected over 50 epochs)
[train] cluster1: 282582 transitions, 50 epochs
  [train] epoch 1/50  train_loss=0.019784  eval_loss=0.008215
  [train] epoch 2/50  train_loss=0.006741  eval_loss=0.005775
  [train] epoch 3/50  train_loss=0.006124  eval_loss=0.005624
  [train] epoch 4/50  train_loss=0.005574  eval_loss=0.005076
  [train] epoch 5/50  train_loss=0.005066  eval_loss=0.004880
  [train] epoch 6/50  train_loss=0.004694  eval_loss=0.004521
  [train] epoch 7/50  train_loss=0.004398  eval_loss=0.004122
  [train] epoch 8/50  train_loss=0.004110  eval_loss=0.003983
  [train] epoch 9/50  train_loss=0.003881  eval_loss=0.003695
  [train] epoch 10/50  train_loss=0.003607  eval_loss=0.003536
  [train] epoch 11/50  train_loss=0.003491  eval_loss=0.003097
  [train] epoch 12/50  train_loss=0.003233  eval_loss=0.003313
  [train] epoch 13/50  train_loss=0.003133  eval_loss=0.002624
  [train] epoch 14/50  train_loss=0.002966  eval_loss=0.002681
  [train] epoch 15/50  train_loss=0.002823  eval_loss=0.002634
  [train] epoch 16/50  train_loss=0.002745  eval_loss=0.002885
  [train] epoch 17/50  train_loss=0.002655  eval_loss=0.002537
  [train] epoch 18/50  train_loss=0.002477  eval_loss=0.002160
  [train] epoch 19/50  train_loss=0.002453  eval_loss=0.002648
  [train] epoch 20/50  train_loss=0.002288  eval_loss=0.002037
  [train] epoch 21/50  train_loss=0.002236  eval_loss=0.002267
  [train] epoch 22/50  train_loss=0.002205  eval_loss=0.001837
  [train] epoch 23/50  train_loss=0.002076  eval_loss=0.002004
  [train] epoch 24/50  train_loss=0.002055  eval_loss=0.002031
  [train] epoch 25/50  train_loss=0.002037  eval_loss=0.002056
  [train] epoch 26/50  train_loss=0.001950  eval_loss=0.001661
  [train] epoch 27/50  train_loss=0.001854  eval_loss=0.001864
  [train] epoch 28/50  train_loss=0.001894  eval_loss=0.001519
  [train] epoch 29/50  train_loss=0.001768  eval_loss=0.001332
  [train] epoch 30/50  train_loss=0.001757  eval_loss=0.001464
  [train] epoch 31/50  train_loss=0.001776  eval_loss=0.001375
  [train] epoch 32/50  train_loss=0.001657  eval_loss=0.001613
  [train] epoch 33/50  train_loss=0.001636  eval_loss=0.001667
  [train] epoch 34/50  train_loss=0.001525  eval_loss=0.003076
  [train] epoch 35/50  train_loss=0.001555  eval_loss=0.001455
  [train] epoch 36/50  train_loss=0.001470  eval_loss=0.001051
  [train] epoch 37/50  train_loss=0.001582  eval_loss=0.001270
  [train] epoch 38/50  train_loss=0.001447  eval_loss=0.001804
  [train] epoch 39/50  train_loss=0.001469  eval_loss=0.001169
  [train] epoch 40/50  train_loss=0.001424  eval_loss=0.001109
  [train] epoch 41/50  train_loss=0.001371  eval_loss=0.001014
  [train] epoch 42/50  train_loss=0.001349  eval_loss=0.001295
  [train] epoch 43/50  train_loss=0.001314  eval_loss=0.001750
  [train] epoch 44/50  train_loss=0.001307  eval_loss=0.001256
  [train] epoch 45/50  train_loss=0.001338  eval_loss=0.001831
  [train] epoch 46/50  train_loss=0.001402  eval_loss=0.001205
  [train] epoch 47/50  train_loss=0.001257  eval_loss=0.001200
  [train] epoch 48/50  train_loss=0.001257  eval_loss=0.001178
  [train] epoch 49/50  train_loss=0.001179  eval_loss=0.000981
  [train] epoch 50/50  train_loss=0.001156  eval_loss=0.001520
  [best] epoch 49  eval_loss=0.000981 (selected over 50 epochs)
[train] cluster2: 179470 transitions, 50 epochs
  [train] epoch 1/50  train_loss=0.019567  eval_loss=0.006972
  [train] epoch 2/50  train_loss=0.005524  eval_loss=0.005178
  [train] epoch 3/50  train_loss=0.005072  eval_loss=0.004717
  [train] epoch 4/50  train_loss=0.004673  eval_loss=0.004237
  [train] epoch 5/50  train_loss=0.004338  eval_loss=0.003770
  [train] epoch 6/50  train_loss=0.004051  eval_loss=0.003795
  [train] epoch 7/50  train_loss=0.003709  eval_loss=0.003256
  [train] epoch 8/50  train_loss=0.003621  eval_loss=0.003497
  [train] epoch 9/50  train_loss=0.003361  eval_loss=0.003249
  [train] epoch 10/50  train_loss=0.003186  eval_loss=0.002952
  [train] epoch 11/50  train_loss=0.002994  eval_loss=0.002818
  [train] epoch 12/50  train_loss=0.002918  eval_loss=0.002915
  [train] epoch 13/50  train_loss=0.002836  eval_loss=0.002922
  [train] epoch 14/50  train_loss=0.002605  eval_loss=0.002589
  [train] epoch 15/50  train_loss=0.002602  eval_loss=0.002528
  [train] epoch 16/50  train_loss=0.002434  eval_loss=0.002015
  [train] epoch 17/50  train_loss=0.002300  eval_loss=0.002710
  [train] epoch 18/50  train_loss=0.002322  eval_loss=0.002303
  [train] epoch 19/50  train_loss=0.002181  eval_loss=0.002392
  [train] epoch 20/50  train_loss=0.002127  eval_loss=0.002258
  [train] epoch 21/50  train_loss=0.002234  eval_loss=0.001902
  [train] epoch 22/50  train_loss=0.001955  eval_loss=0.001811
  [train] epoch 23/50  train_loss=0.001853  eval_loss=0.002449
  [train] epoch 24/50  train_loss=0.001895  eval_loss=0.001791
  [train] epoch 25/50  train_loss=0.001801  eval_loss=0.001792
  [train] epoch 26/50  train_loss=0.001808  eval_loss=0.001614
  [train] epoch 27/50  train_loss=0.001637  eval_loss=0.001449
  [train] epoch 28/50  train_loss=0.001782  eval_loss=0.001931
  [train] epoch 29/50  train_loss=0.001689  eval_loss=0.001705
  [train] epoch 30/50  train_loss=0.001543  eval_loss=0.001318
  [train] epoch 31/50  train_loss=0.001415  eval_loss=0.001462
  [train] epoch 32/50  train_loss=0.001667  eval_loss=0.001438
  [train] epoch 33/50  train_loss=0.001564  eval_loss=0.001191
  [train] epoch 34/50  train_loss=0.001475  eval_loss=0.001296
  [train] epoch 35/50  train_loss=0.001523  eval_loss=0.001407
  [train] epoch 36/50  train_loss=0.001353  eval_loss=0.001411
  [train] epoch 37/50  train_loss=0.001325  eval_loss=0.001606
  [train] epoch 38/50  train_loss=0.001514  eval_loss=0.001768
  [train] epoch 39/50  train_loss=0.001367  eval_loss=0.001315
  [train] epoch 40/50  train_loss=0.001208  eval_loss=0.001900
  [train] epoch 41/50  train_loss=0.001273  eval_loss=0.001205
  [train] epoch 42/50  train_loss=0.001274  eval_loss=0.000920
  [train] epoch 43/50  train_loss=0.001223  eval_loss=0.001470
  [train] epoch 44/50  train_loss=0.001322  eval_loss=0.001268
  [train] epoch 45/50  train_loss=0.001265  eval_loss=0.001328
  [train] epoch 46/50  train_loss=0.001197  eval_loss=0.000857
  [train] epoch 47/50  train_loss=0.000973  eval_loss=0.001078
  [train] epoch 48/50  train_loss=0.001166  eval_loss=0.000903
  [train] epoch 49/50  train_loss=0.001190  eval_loss=0.001640
  [train] epoch 50/50  train_loss=0.001245  eval_loss=0.001074
  [best] epoch 46  eval_loss=0.000857 (selected over 50 epochs)
[done] manifest -> experiments/real_gauge_drift/results/tworoom_latent_random_voronoi_k3_seed2_trainseed42/manifest.json
real 4660.49
user 4589.98
sys 50.14
