[data] 693728 train transitions, cluster source=experiments/real_gauge_drift/results/latent_kmeanspp_multirestart_k3/labels/kmeanspp_R50_outer2.npz
  cluster0: 220111 transitions
  cluster1: 252669 transitions
  cluster2: 220948 transitions
  [embed-cache] left_room: 330243 transitions from P_train_left_room_embeddings.npz
  [embed-cache] doorway_corridor: 38552 transitions from P_train_doorway_corridor_embeddings.npz
  [embed-cache] right_room: 324933 transitions from P_train_right_room_embeddings.npz
  [embed-cache] merged 693728 train transitions from experiments/real_gauge_drift/results/tworoom_geometry_train_region_predictors
  [cache] saved merged embeddings to experiments/real_gauge_drift/results/tworoom_latent_kmeanspp_kmeanspp_R50_outer2_trainseed0/P_train_global_merged_embeddings.npz
[train] cluster0: 220111 transitions, 50 epochs
  [train] epoch 1/50  train_loss=0.019766  eval_loss=0.007158
  [train] epoch 2/50  train_loss=0.006030  eval_loss=0.005851
  [train] epoch 3/50  train_loss=0.005497  eval_loss=0.005111
  [train] epoch 4/50  train_loss=0.005064  eval_loss=0.004549
  [train] epoch 5/50  train_loss=0.004634  eval_loss=0.004481
  [train] epoch 6/50  train_loss=0.004374  eval_loss=0.003702
  [train] epoch 7/50  train_loss=0.004032  eval_loss=0.003737
  [train] epoch 8/50  train_loss=0.003814  eval_loss=0.003453
  [train] epoch 9/50  train_loss=0.003572  eval_loss=0.003236
  [train] epoch 10/50  train_loss=0.003458  eval_loss=0.003137
  [train] epoch 11/50  train_loss=0.003182  eval_loss=0.002995
  [train] epoch 12/50  train_loss=0.003033  eval_loss=0.002838
  [train] epoch 13/50  train_loss=0.002878  eval_loss=0.002865
  [train] epoch 14/50  train_loss=0.002791  eval_loss=0.002585
  [train] epoch 15/50  train_loss=0.002678  eval_loss=0.002329
  [train] epoch 16/50  train_loss=0.002591  eval_loss=0.003231
  [train] epoch 17/50  train_loss=0.002467  eval_loss=0.002556
  [train] epoch 18/50  train_loss=0.002308  eval_loss=0.002370
  [train] epoch 19/50  train_loss=0.002343  eval_loss=0.002049
  [train] epoch 20/50  train_loss=0.002282  eval_loss=0.002131
  [train] epoch 21/50  train_loss=0.002049  eval_loss=0.002570
  [train] epoch 22/50  train_loss=0.002081  eval_loss=0.001910
  [train] epoch 23/50  train_loss=0.001998  eval_loss=0.001897
  [train] epoch 24/50  train_loss=0.001937  eval_loss=0.001736
  [train] epoch 25/50  train_loss=0.001845  eval_loss=0.001662
  [train] epoch 26/50  train_loss=0.001879  eval_loss=0.001980
  [train] epoch 27/50  train_loss=0.001848  eval_loss=0.001504
  [train] epoch 28/50  train_loss=0.001649  eval_loss=0.001675
  [train] epoch 29/50  train_loss=0.001773  eval_loss=0.002259
  [train] epoch 30/50  train_loss=0.001676  eval_loss=0.001602
  [train] epoch 31/50  train_loss=0.001712  eval_loss=0.001627
  [train] epoch 32/50  train_loss=0.001542  eval_loss=0.001129
  [train] epoch 33/50  train_loss=0.001596  eval_loss=0.001430
  [train] epoch 34/50  train_loss=0.001505  eval_loss=0.001938
  [train] epoch 35/50  train_loss=0.001538  eval_loss=0.001350
  [train] epoch 36/50  train_loss=0.001369  eval_loss=0.001426
  [train] epoch 37/50  train_loss=0.001544  eval_loss=0.001200
  [train] epoch 38/50  train_loss=0.001394  eval_loss=0.001348
  [train] epoch 39/50  train_loss=0.001420  eval_loss=0.001636
  [train] epoch 40/50  train_loss=0.001358  eval_loss=0.001040
  [train] epoch 41/50  train_loss=0.001361  eval_loss=0.001238
  [train] epoch 42/50  train_loss=0.001113  eval_loss=0.000950
  [train] epoch 43/50  train_loss=0.001307  eval_loss=0.002153
  [train] epoch 44/50  train_loss=0.001341  eval_loss=0.001385
  [train] epoch 45/50  train_loss=0.001290  eval_loss=0.001502
  [train] epoch 46/50  train_loss=0.001198  eval_loss=0.001102
  [train] epoch 47/50  train_loss=0.001285  eval_loss=0.001130
  [train] epoch 48/50  train_loss=0.001087  eval_loss=0.001183
  [train] epoch 49/50  train_loss=0.001250  eval_loss=0.001002
  [train] epoch 50/50  train_loss=0.001057  eval_loss=0.000855
  [best] epoch 50  eval_loss=0.000855 (selected over 50 epochs)
[train] cluster1: 252669 transitions, 50 epochs
  [train] epoch 1/50  train_loss=0.019004  eval_loss=0.006601
  [train] epoch 2/50  train_loss=0.005577  eval_loss=0.004911
  [train] epoch 3/50  train_loss=0.005093  eval_loss=0.004580
  [train] epoch 4/50  train_loss=0.004652  eval_loss=0.004135
  [train] epoch 5/50  train_loss=0.004315  eval_loss=0.004254
  [train] epoch 6/50  train_loss=0.004011  eval_loss=0.003572
  [train] epoch 7/50  train_loss=0.003749  eval_loss=0.003274
  [train] epoch 8/50  train_loss=0.003482  eval_loss=0.003508
  [train] epoch 9/50  train_loss=0.003319  eval_loss=0.003229
  [train] epoch 10/50  train_loss=0.003119  eval_loss=0.002973
  [train] epoch 11/50  train_loss=0.003030  eval_loss=0.002829
  [train] epoch 12/50  train_loss=0.002831  eval_loss=0.003096
  [train] epoch 13/50  train_loss=0.002714  eval_loss=0.002404
  [train] epoch 14/50  train_loss=0.002567  eval_loss=0.002213
  [train] epoch 15/50  train_loss=0.002516  eval_loss=0.002280
  [train] epoch 16/50  train_loss=0.002373  eval_loss=0.002103
  [train] epoch 17/50  train_loss=0.002319  eval_loss=0.002159
  [train] epoch 18/50  train_loss=0.002192  eval_loss=0.002113
  [train] epoch 19/50  train_loss=0.002178  eval_loss=0.002447
  [train] epoch 20/50  train_loss=0.002081  eval_loss=0.001690
  [train] epoch 21/50  train_loss=0.001985  eval_loss=0.001896
  [train] epoch 22/50  train_loss=0.001973  eval_loss=0.002000
  [train] epoch 23/50  train_loss=0.001875  eval_loss=0.001504
  [train] epoch 24/50  train_loss=0.001743  eval_loss=0.002024
  [train] epoch 25/50  train_loss=0.001822  eval_loss=0.001690
  [train] epoch 26/50  train_loss=0.001705  eval_loss=0.001637
  [train] epoch 27/50  train_loss=0.001703  eval_loss=0.001481
  [train] epoch 28/50  train_loss=0.001657  eval_loss=0.001319
  [train] epoch 29/50  train_loss=0.001586  eval_loss=0.001434
  [train] epoch 30/50  train_loss=0.001534  eval_loss=0.001430
  [train] epoch 31/50  train_loss=0.001522  eval_loss=0.001409
  [train] epoch 32/50  train_loss=0.001501  eval_loss=0.001151
  [train] epoch 33/50  train_loss=0.001430  eval_loss=0.001223
  [train] epoch 34/50  train_loss=0.001431  eval_loss=0.001199
  [train] epoch 35/50  train_loss=0.001344  eval_loss=0.001148
  [train] epoch 36/50  train_loss=0.001383  eval_loss=0.001250
  [train] epoch 37/50  train_loss=0.001302  eval_loss=0.001512
  [train] epoch 38/50  train_loss=0.001354  eval_loss=0.001533
  [train] epoch 39/50  train_loss=0.001291  eval_loss=0.001336
  [train] epoch 40/50  train_loss=0.001224  eval_loss=0.001568
  [train] epoch 41/50  train_loss=0.001277  eval_loss=0.001030
  [train] epoch 42/50  train_loss=0.001238  eval_loss=0.001248
  [train] epoch 43/50  train_loss=0.001152  eval_loss=0.000892
  [train] epoch 44/50  train_loss=0.001245  eval_loss=0.001179
  [train] epoch 45/50  train_loss=0.001076  eval_loss=0.001254
  [train] epoch 46/50  train_loss=0.001243  eval_loss=0.001095
  [train] epoch 47/50  train_loss=0.001121  eval_loss=0.000965
  [train] epoch 48/50  train_loss=0.001120  eval_loss=0.000814
  [train] epoch 49/50  train_loss=0.001137  eval_loss=0.001058
  [train] epoch 50/50  train_loss=0.000996  eval_loss=0.000828
  [best] epoch 48  eval_loss=0.000814 (selected over 50 epochs)
[train] cluster2: 220948 transitions, 50 epochs
  [train] epoch 1/50  train_loss=0.019992  eval_loss=0.008549
  [train] epoch 2/50  train_loss=0.006774  eval_loss=0.006238
  [train] epoch 3/50  train_loss=0.006117  eval_loss=0.005855
  [train] epoch 4/50  train_loss=0.005563  eval_loss=0.004936
  [train] epoch 5/50  train_loss=0.005163  eval_loss=0.004756
  [train] epoch 6/50  train_loss=0.004787  eval_loss=0.004321
  [train] epoch 7/50  train_loss=0.004471  eval_loss=0.004416
  [train] epoch 8/50  train_loss=0.004069  eval_loss=0.003690
  [train] epoch 9/50  train_loss=0.003911  eval_loss=0.003423
  [train] epoch 10/50  train_loss=0.003721  eval_loss=0.003717
  [train] epoch 11/50  train_loss=0.003473  eval_loss=0.003317
  [train] epoch 12/50  train_loss=0.003350  eval_loss=0.003028
  [train] epoch 13/50  train_loss=0.003026  eval_loss=0.002571
  [train] epoch 14/50  train_loss=0.002997  eval_loss=0.002965
  [train] epoch 15/50  train_loss=0.002946  eval_loss=0.002492
  [train] epoch 16/50  train_loss=0.002691  eval_loss=0.002813
  [train] epoch 17/50  train_loss=0.002576  eval_loss=0.002629
  [train] epoch 18/50  train_loss=0.002557  eval_loss=0.002178
  [train] epoch 19/50  train_loss=0.002398  eval_loss=0.002152
  [train] epoch 20/50  train_loss=0.002415  eval_loss=0.002010
  [train] epoch 21/50  train_loss=0.002199  eval_loss=0.002614
  [train] epoch 22/50  train_loss=0.002269  eval_loss=0.002135
  [train] epoch 23/50  train_loss=0.002206  eval_loss=0.001715
  [train] epoch 24/50  train_loss=0.001951  eval_loss=0.002172
  [train] epoch 25/50  train_loss=0.002054  eval_loss=0.001947
  [train] epoch 26/50  train_loss=0.001905  eval_loss=0.001836
  [train] epoch 27/50  train_loss=0.001898  eval_loss=0.001942
  [train] epoch 28/50  train_loss=0.001768  eval_loss=0.001680
  [train] epoch 29/50  train_loss=0.001796  eval_loss=0.001565
  [train] epoch 30/50  train_loss=0.001704  eval_loss=0.001564
  [train] epoch 31/50  train_loss=0.001605  eval_loss=0.001350
  [train] epoch 32/50  train_loss=0.001766  eval_loss=0.001530
  [train] epoch 33/50  train_loss=0.001533  eval_loss=0.001670
  [train] epoch 34/50  train_loss=0.001531  eval_loss=0.001593
  [train] epoch 35/50  train_loss=0.001480  eval_loss=0.001505
  [train] epoch 36/50  train_loss=0.001355  eval_loss=0.001336
  [train] epoch 37/50  train_loss=0.001555  eval_loss=0.001241
  [train] epoch 38/50  train_loss=0.001503  eval_loss=0.001037
  [train] epoch 39/50  train_loss=0.001353  eval_loss=0.001414
  [train] epoch 40/50  train_loss=0.001403  eval_loss=0.001126
  [train] epoch 41/50  train_loss=0.001383  eval_loss=0.001105
  [train] epoch 42/50  train_loss=0.001283  eval_loss=0.001859
  [train] epoch 43/50  train_loss=0.001310  eval_loss=0.001070
  [train] epoch 44/50  train_loss=0.001131  eval_loss=0.001369
  [train] epoch 45/50  train_loss=0.001291  eval_loss=0.001404
  [train] epoch 46/50  train_loss=0.001175  eval_loss=0.001046
  [train] epoch 47/50  train_loss=0.001329  eval_loss=0.001171
  [train] epoch 48/50  train_loss=0.001146  eval_loss=0.001436
  [train] epoch 49/50  train_loss=0.001231  eval_loss=0.000845
  [train] epoch 50/50  train_loss=0.001181  eval_loss=0.001664
  [best] epoch 49  eval_loss=0.000845 (selected over 50 epochs)
[done] manifest -> experiments/real_gauge_drift/results/tworoom_latent_kmeanspp_kmeanspp_R50_outer2_trainseed0/manifest.json
real 11547.56
user 5866.27
sys 75.77
