==== GPU=4 REGION=right_room EPOCHS=50 SEED=0 WORK_DIR=/data/sicong/weitao/le-wm/experiments/real_gauge_drift/results/tworoom_geometry_train_region_predictors_trainseed0/_work/right_room_50ep_seed0 started at Tue Jul 14 01:33:51 PM UTC 2026 ====
[split] TwoRoom regions from fixed task geometry (wall_center=112, wall_width=10)
[train] right_room: 324933 train∩region transitions
  [cache] loaded embeddings from /data/sicong/weitao/le-wm/experiments/real_gauge_drift/results/tworoom_geometry_train_region_predictors_trainseed0/_work/right_room_50ep_seed0/P_train_right_room_embeddings.npz
  [train] epoch 1/50  train_loss=0.018857  eval_loss=0.006524
  [train] epoch 2/50  train_loss=0.005126  eval_loss=0.004508
  [train] epoch 3/50  train_loss=0.004516  eval_loss=0.003952
  [train] epoch 4/50  train_loss=0.004106  eval_loss=0.003758
  [train] epoch 5/50  train_loss=0.003671  eval_loss=0.003267
  [train] epoch 6/50  train_loss=0.003311  eval_loss=0.002892
  [train] epoch 7/50  train_loss=0.003101  eval_loss=0.002564
  [train] epoch 8/50  train_loss=0.002874  eval_loss=0.002713
  [train] epoch 9/50  train_loss=0.002697  eval_loss=0.002902
  [train] epoch 10/50  train_loss=0.002542  eval_loss=0.002071
  [train] epoch 11/50  train_loss=0.002372  eval_loss=0.001991
  [train] epoch 12/50  train_loss=0.002228  eval_loss=0.001932
  [train] epoch 13/50  train_loss=0.002156  eval_loss=0.002048
  [train] epoch 14/50  train_loss=0.002010  eval_loss=0.002003
  [train] epoch 15/50  train_loss=0.001928  eval_loss=0.001579
  [train] epoch 16/50  train_loss=0.001847  eval_loss=0.001705
  [train] epoch 17/50  train_loss=0.001790  eval_loss=0.001801
  [train] epoch 18/50  train_loss=0.001701  eval_loss=0.001338
  [train] epoch 19/50  train_loss=0.001582  eval_loss=0.001521
  [train] epoch 20/50  train_loss=0.001610  eval_loss=0.001646
  [checkpoint] saved /data/sicong/weitao/le-wm/experiments/real_gauge_drift/results/tworoom_geometry_train_region_predictors_trainseed0/_work/right_room_50ep_seed0/P_train_right_room_epoch20_object.ckpt
  [train] epoch 21/50  train_loss=0.001513  eval_loss=0.001479
  [train] epoch 22/50  train_loss=0.001424  eval_loss=0.002242
  [train] epoch 23/50  train_loss=0.001461  eval_loss=0.001462
  [train] epoch 24/50  train_loss=0.001435  eval_loss=0.001071
  [train] epoch 25/50  train_loss=0.001240  eval_loss=0.001004
  [train] epoch 26/50  train_loss=0.001287  eval_loss=0.001174
  [train] epoch 27/50  train_loss=0.001217  eval_loss=0.000783
  [train] epoch 28/50  train_loss=0.001230  eval_loss=0.000989
  [train] epoch 29/50  train_loss=0.001169  eval_loss=0.001081
  [train] epoch 30/50  train_loss=0.001092  eval_loss=0.002024
  [checkpoint] saved /data/sicong/weitao/le-wm/experiments/real_gauge_drift/results/tworoom_geometry_train_region_predictors_trainseed0/_work/right_room_50ep_seed0/P_train_right_room_epoch30_object.ckpt
  [train] epoch 31/50  train_loss=0.001167  eval_loss=0.000841
  [train] epoch 32/50  train_loss=0.001049  eval_loss=0.000788
  [train] epoch 33/50  train_loss=0.001173  eval_loss=0.001506
  [train] epoch 34/50  train_loss=0.001033  eval_loss=0.001450
  [train] epoch 35/50  train_loss=0.001022  eval_loss=0.001011
  [train] epoch 36/50  train_loss=0.001078  eval_loss=0.000913
  [train] epoch 37/50  train_loss=0.000904  eval_loss=0.000816
  [train] epoch 38/50  train_loss=0.001083  eval_loss=0.000693
  [train] epoch 39/50  train_loss=0.000919  eval_loss=0.000765
  [train] epoch 40/50  train_loss=0.001019  eval_loss=0.001441
  [checkpoint] saved /data/sicong/weitao/le-wm/experiments/real_gauge_drift/results/tworoom_geometry_train_region_predictors_trainseed0/_work/right_room_50ep_seed0/P_train_right_room_epoch40_object.ckpt
  [train] epoch 41/50  train_loss=0.000806  eval_loss=0.000856
  [train] epoch 42/50  train_loss=0.000947  eval_loss=0.000597
  [train] epoch 43/50  train_loss=0.000794  eval_loss=0.001743
  [train] epoch 44/50  train_loss=0.000918  eval_loss=0.000683
  [train] epoch 45/50  train_loss=0.000837  eval_loss=0.000986
  [train] epoch 46/50  train_loss=0.000887  eval_loss=0.000814
  [train] epoch 47/50  train_loss=0.000769  eval_loss=0.000733
  [train] epoch 48/50  train_loss=0.000864  eval_loss=0.000861
  [train] epoch 49/50  train_loss=0.000819  eval_loss=0.000620
  [train] epoch 50/50  train_loss=0.000769  eval_loss=0.000696
  [checkpoint] saved /data/sicong/weitao/le-wm/experiments/real_gauge_drift/results/tworoom_geometry_train_region_predictors_trainseed0/_work/right_room_50ep_seed0/P_train_right_room_epoch50_object.ckpt
  [best] epoch 42  eval_loss=0.000597 (selected over 50 epochs)
  saved /data/sicong/weitao/le-wm/experiments/real_gauge_drift/results/tworoom_geometry_train_region_predictors_trainseed0/_work/right_room_50ep_seed0/P_train_right_room_object.ckpt  best_epoch=42  best_eval_loss=0.000597
Wrote manifest to /data/sicong/weitao/le-wm/experiments/real_gauge_drift/results/tworoom_geometry_train_region_predictors_trainseed0/_work/right_room_50ep_seed0/manifest.json
real 2412.07
user 2089.99
sys 7.49
==== GPU=4 REGION=right_room finished at Tue Jul 14 02:14:04 PM UTC 2026 ====
