==== GPU=1 REGION=near_wall EPOCHS=30 SEED=0 WORK_DIR=/data/sicong/weitao/le-wm/experiments/real_gauge_drift/results/tworoom_geometry_train_region_predictors_trainseed0/_work/near_wall_30ep_seed0 started at Tue Jul 14 01:33:51 PM UTC 2026 ====
[split] TwoRoom regions from fixed task geometry (wall_center=112, wall_width=10)
[train] near_wall: 31533 train∩region transitions
  [cache] loaded embeddings from /data/sicong/weitao/le-wm/experiments/real_gauge_drift/results/tworoom_geometry_train_region_predictors_trainseed0/_work/near_wall_30ep_seed0/P_train_near_wall_embeddings.npz
  [train] epoch 1/30  train_loss=0.029733  eval_loss=0.008169
  [train] epoch 2/30  train_loss=0.005959  eval_loss=0.005487
  [train] epoch 3/30  train_loss=0.005040  eval_loss=0.004413
  [train] epoch 4/30  train_loss=0.004492  eval_loss=0.004112
  [train] epoch 5/30  train_loss=0.004197  eval_loss=0.003928
  [train] epoch 6/30  train_loss=0.003840  eval_loss=0.003517
  [train] epoch 7/30  train_loss=0.003550  eval_loss=0.003489
  [train] epoch 8/30  train_loss=0.003392  eval_loss=0.003332
  [train] epoch 9/30  train_loss=0.003272  eval_loss=0.003043
  [train] epoch 10/30  train_loss=0.003050  eval_loss=0.003013
  [train] epoch 11/30  train_loss=0.002885  eval_loss=0.002696
  [train] epoch 12/30  train_loss=0.002770  eval_loss=0.002607
  [train] epoch 13/30  train_loss=0.002608  eval_loss=0.002456
  [train] epoch 14/30  train_loss=0.002551  eval_loss=0.002843
  [train] epoch 15/30  train_loss=0.002450  eval_loss=0.002425
  [train] epoch 16/30  train_loss=0.002601  eval_loss=0.002641
  [train] epoch 17/30  train_loss=0.002404  eval_loss=0.002245
  [train] epoch 18/30  train_loss=0.002239  eval_loss=0.002103
  [train] epoch 19/30  train_loss=0.002089  eval_loss=0.001999
  [train] epoch 20/30  train_loss=0.002066  eval_loss=0.002086
  [train] epoch 21/30  train_loss=0.001985  eval_loss=0.001816
  [train] epoch 22/30  train_loss=0.001935  eval_loss=0.001905
  [train] epoch 23/30  train_loss=0.001904  eval_loss=0.001808
  [train] epoch 24/30  train_loss=0.001954  eval_loss=0.001735
  [train] epoch 25/30  train_loss=0.001794  eval_loss=0.001873
  [train] epoch 26/30  train_loss=0.001781  eval_loss=0.001807
  [train] epoch 27/30  train_loss=0.001704  eval_loss=0.001623
  [train] epoch 28/30  train_loss=0.001678  eval_loss=0.001726
  [train] epoch 29/30  train_loss=0.001627  eval_loss=0.001631
  [train] epoch 30/30  train_loss=0.001622  eval_loss=0.001585
  saved /data/sicong/weitao/le-wm/experiments/real_gauge_drift/results/tworoom_geometry_train_region_predictors_trainseed0/_work/near_wall_30ep_seed0/P_train_near_wall_object.ckpt  best_epoch=30  best_eval_loss=0.001585
Wrote manifest to /data/sicong/weitao/le-wm/experiments/real_gauge_drift/results/tworoom_geometry_train_region_predictors_trainseed0/_work/near_wall_30ep_seed0/manifest.json
real 374.79
user 152.26
sys 2.22
==== GPU=1 REGION=near_wall finished at Tue Jul 14 01:40:06 PM UTC 2026 ====
