[data] 693728 train transitions, cluster source=experiments/real_gauge_drift/results/latent_random_voronoi_k3/random_voronoi_k3_seed1, route_label_offset_steps=0
  cluster0: 225377 transitions
  cluster1: 232431 transitions
  cluster2: 235920 transitions
  [cache] loaded merged embeddings from experiments/real_gauge_drift/results/tworoom_latent_random_voronoi_k3_seed1_trainseed0/P_train_global_merged_embeddings.npz
[train] cluster0: 225377 transitions, 50 epochs
  [train] epoch 1/50  train_loss=0.018733  eval_loss=0.006872
  [train] epoch 2/50  train_loss=0.005491  eval_loss=0.004883
  [train] epoch 3/50  train_loss=0.005024  eval_loss=0.004690
  [train] epoch 4/50  train_loss=0.004586  eval_loss=0.004212
  [train] epoch 5/50  train_loss=0.004239  eval_loss=0.003802
  [train] epoch 6/50  train_loss=0.003990  eval_loss=0.003601
  [train] epoch 7/50  train_loss=0.003738  eval_loss=0.003549
  [train] epoch 8/50  train_loss=0.003509  eval_loss=0.003293
  [train] epoch 9/50  train_loss=0.003381  eval_loss=0.003094
  [train] epoch 10/50  train_loss=0.003141  eval_loss=0.003078
  [train] epoch 11/50  train_loss=0.003016  eval_loss=0.002915
  [train] epoch 12/50  train_loss=0.002831  eval_loss=0.003183
  [train] epoch 13/50  train_loss=0.002661  eval_loss=0.002533
  [train] epoch 14/50  train_loss=0.002605  eval_loss=0.002582
  [train] epoch 15/50  train_loss=0.002446  eval_loss=0.002091
  [train] epoch 16/50  train_loss=0.002418  eval_loss=0.002126
  [train] epoch 17/50  train_loss=0.002305  eval_loss=0.002449
  [train] epoch 18/50  train_loss=0.002241  eval_loss=0.001983
  [train] epoch 19/50  train_loss=0.002172  eval_loss=0.002555
  [train] epoch 20/50  train_loss=0.002115  eval_loss=0.002046
  [train] epoch 21/50  train_loss=0.001979  eval_loss=0.001594
  [train] epoch 22/50  train_loss=0.001919  eval_loss=0.001937
  [train] epoch 23/50  train_loss=0.001975  eval_loss=0.001696
  [train] epoch 24/50  train_loss=0.001785  eval_loss=0.001659
  [train] epoch 25/50  train_loss=0.001731  eval_loss=0.001419
  [train] epoch 26/50  train_loss=0.001706  eval_loss=0.001562
  [train] epoch 27/50  train_loss=0.001776  eval_loss=0.001510
  [train] epoch 28/50  train_loss=0.001665  eval_loss=0.001819
  [train] epoch 29/50  train_loss=0.001583  eval_loss=0.001497
  [train] epoch 30/50  train_loss=0.001527  eval_loss=0.001665
  [train] epoch 31/50  train_loss=0.001568  eval_loss=0.001316
  [train] epoch 32/50  train_loss=0.001486  eval_loss=0.001311
  [train] epoch 33/50  train_loss=0.001383  eval_loss=0.001118
  [train] epoch 34/50  train_loss=0.001416  eval_loss=0.001174
  [train] epoch 35/50  train_loss=0.001432  eval_loss=0.001313
  [train] epoch 36/50  train_loss=0.001329  eval_loss=0.001890
  [train] epoch 37/50  train_loss=0.001388  eval_loss=0.001094
  [train] epoch 38/50  train_loss=0.001338  eval_loss=0.001136
  [train] epoch 39/50  train_loss=0.001263  eval_loss=0.001402
  [train] epoch 40/50  train_loss=0.001223  eval_loss=0.001130
  [train] epoch 41/50  train_loss=0.001127  eval_loss=0.001408
  [train] epoch 42/50  train_loss=0.001222  eval_loss=0.000832
  [train] epoch 43/50  train_loss=0.001284  eval_loss=0.000918
  [train] epoch 44/50  train_loss=0.001177  eval_loss=0.001014
  [train] epoch 45/50  train_loss=0.001051  eval_loss=0.001257
  [train] epoch 46/50  train_loss=0.001191  eval_loss=0.001031
  [train] epoch 47/50  train_loss=0.001001  eval_loss=0.001039
  [train] epoch 48/50  train_loss=0.001133  eval_loss=0.001204
  [train] epoch 49/50  train_loss=0.001137  eval_loss=0.001149
  [train] epoch 50/50  train_loss=0.001036  eval_loss=0.001143
  [best] epoch 42  eval_loss=0.000832 (selected over 50 epochs)
[train] cluster1: 232431 transitions, 50 epochs
  [train] epoch 1/50  train_loss=0.020298  eval_loss=0.008456
  [train] epoch 2/50  train_loss=0.006797  eval_loss=0.006144
  [train] epoch 3/50  train_loss=0.006165  eval_loss=0.005820
  [train] epoch 4/50  train_loss=0.005660  eval_loss=0.004983
  [train] epoch 5/50  train_loss=0.005231  eval_loss=0.004935
  [train] epoch 6/50  train_loss=0.004861  eval_loss=0.004514
  [train] epoch 7/50  train_loss=0.004550  eval_loss=0.004380
  [train] epoch 8/50  train_loss=0.004278  eval_loss=0.003867
  [train] epoch 9/50  train_loss=0.003984  eval_loss=0.003679
  [train] epoch 10/50  train_loss=0.003787  eval_loss=0.003472
  [train] epoch 11/50  train_loss=0.003676  eval_loss=0.003297
  [train] epoch 12/50  train_loss=0.003442  eval_loss=0.003123
  [train] epoch 13/50  train_loss=0.003338  eval_loss=0.003135
  [train] epoch 14/50  train_loss=0.003131  eval_loss=0.003019
  [train] epoch 15/50  train_loss=0.003061  eval_loss=0.002834
  [train] epoch 16/50  train_loss=0.002926  eval_loss=0.003081
  [train] epoch 17/50  train_loss=0.002798  eval_loss=0.003494
  [train] epoch 18/50  train_loss=0.002711  eval_loss=0.002450
  [train] epoch 19/50  train_loss=0.002521  eval_loss=0.002736
  [train] epoch 20/50  train_loss=0.002435  eval_loss=0.002629
  [train] epoch 21/50  train_loss=0.002572  eval_loss=0.002081
  [train] epoch 22/50  train_loss=0.002335  eval_loss=0.002459
  [train] epoch 23/50  train_loss=0.002229  eval_loss=0.002042
  [train] epoch 24/50  train_loss=0.002194  eval_loss=0.002326
  [train] epoch 25/50  train_loss=0.002224  eval_loss=0.002121
  [train] epoch 26/50  train_loss=0.002095  eval_loss=0.002336
  [train] epoch 27/50  train_loss=0.002067  eval_loss=0.001953
  [train] epoch 28/50  train_loss=0.002000  eval_loss=0.001819
  [train] epoch 29/50  train_loss=0.001909  eval_loss=0.002060
  [train] epoch 30/50  train_loss=0.001840  eval_loss=0.001911
  [train] epoch 31/50  train_loss=0.001843  eval_loss=0.001598
  [train] epoch 32/50  train_loss=0.001871  eval_loss=0.001449
  [train] epoch 33/50  train_loss=0.001743  eval_loss=0.001918
  [train] epoch 34/50  train_loss=0.001597  eval_loss=0.001829
  [train] epoch 35/50  train_loss=0.001826  eval_loss=0.001493
  [train] epoch 36/50  train_loss=0.001574  eval_loss=0.001656
  [train] epoch 37/50  train_loss=0.001523  eval_loss=0.001286
  [train] epoch 38/50  train_loss=0.001623  eval_loss=0.001501
  [train] epoch 39/50  train_loss=0.001388  eval_loss=0.001114
  [train] epoch 40/50  train_loss=0.001527  eval_loss=0.001663
  [train] epoch 41/50  train_loss=0.001577  eval_loss=0.001172
  [train] epoch 42/50  train_loss=0.001402  eval_loss=0.001285
  [train] epoch 43/50  train_loss=0.001428  eval_loss=0.001490
  [train] epoch 44/50  train_loss=0.001374  eval_loss=0.001742
  [train] epoch 45/50  train_loss=0.001315  eval_loss=0.001337
  [train] epoch 46/50  train_loss=0.001389  eval_loss=0.001126
  [train] epoch 47/50  train_loss=0.001273  eval_loss=0.001160
  [train] epoch 48/50  train_loss=0.001352  eval_loss=0.001381
  [train] epoch 49/50  train_loss=0.001172  eval_loss=0.001077
  [train] epoch 50/50  train_loss=0.001324  eval_loss=0.000996
  [best] epoch 50  eval_loss=0.000996 (selected over 50 epochs)
[train] cluster2: 235920 transitions, 50 epochs
  [train] epoch 1/50  train_loss=0.019693  eval_loss=0.007754
  [train] epoch 2/50  train_loss=0.006390  eval_loss=0.005523
  [train] epoch 3/50  train_loss=0.005822  eval_loss=0.005180
  [train] epoch 4/50  train_loss=0.005331  eval_loss=0.005255
  [train] epoch 5/50  train_loss=0.004937  eval_loss=0.004657
  [train] epoch 6/50  train_loss=0.004571  eval_loss=0.004527
  [train] epoch 7/50  train_loss=0.004285  eval_loss=0.004029
  [train] epoch 8/50  train_loss=0.004062  eval_loss=0.003721
  [train] epoch 9/50  train_loss=0.003810  eval_loss=0.003442
  [train] epoch 10/50  train_loss=0.003550  eval_loss=0.003247
  [train] epoch 11/50  train_loss=0.003444  eval_loss=0.003291
  [train] epoch 12/50  train_loss=0.003236  eval_loss=0.003461
  [train] epoch 13/50  train_loss=0.003143  eval_loss=0.002908
  [train] epoch 14/50  train_loss=0.002939  eval_loss=0.002489
  [train] epoch 15/50  train_loss=0.002920  eval_loss=0.002917
  [train] epoch 16/50  train_loss=0.002723  eval_loss=0.002460
  [train] epoch 17/50  train_loss=0.002650  eval_loss=0.002447
  [train] epoch 18/50  train_loss=0.002512  eval_loss=0.002140
  [train] epoch 19/50  train_loss=0.002498  eval_loss=0.002154
  [train] epoch 20/50  train_loss=0.002369  eval_loss=0.002533
  [train] epoch 21/50  train_loss=0.002322  eval_loss=0.002226
  [train] epoch 22/50  train_loss=0.002250  eval_loss=0.002552
  [train] epoch 23/50  train_loss=0.002219  eval_loss=0.002279
  [train] epoch 24/50  train_loss=0.001980  eval_loss=0.002127
  [train] epoch 25/50  train_loss=0.001996  eval_loss=0.001776
  [train] epoch 26/50  train_loss=0.002007  eval_loss=0.002082
  [train] epoch 27/50  train_loss=0.001928  eval_loss=0.002168
  [train] epoch 28/50  train_loss=0.001957  eval_loss=0.001691
  [train] epoch 29/50  train_loss=0.001695  eval_loss=0.001768
  [train] epoch 30/50  train_loss=0.001886  eval_loss=0.001747
  [train] epoch 31/50  train_loss=0.001852  eval_loss=0.001812
  [train] epoch 32/50  train_loss=0.001717  eval_loss=0.001694
  [train] epoch 33/50  train_loss=0.001557  eval_loss=0.001389
  [train] epoch 34/50  train_loss=0.001664  eval_loss=0.001514
  [train] epoch 35/50  train_loss=0.001590  eval_loss=0.001535
  [train] epoch 36/50  train_loss=0.001517  eval_loss=0.001341
  [train] epoch 37/50  train_loss=0.001401  eval_loss=0.001862
  [train] epoch 38/50  train_loss=0.001548  eval_loss=0.001272
  [train] epoch 39/50  train_loss=0.001484  eval_loss=0.001273
  [train] epoch 40/50  train_loss=0.001429  eval_loss=0.001519
  [train] epoch 41/50  train_loss=0.001507  eval_loss=0.001157
  [train] epoch 42/50  train_loss=0.001345  eval_loss=0.001080
  [train] epoch 43/50  train_loss=0.001279  eval_loss=0.001287
  [train] epoch 44/50  train_loss=0.001374  eval_loss=0.001474
  [train] epoch 45/50  train_loss=0.001350  eval_loss=0.001178
  [train] epoch 46/50  train_loss=0.001358  eval_loss=0.001469
  [train] epoch 47/50  train_loss=0.001230  eval_loss=0.001615
  [train] epoch 48/50  train_loss=0.001321  eval_loss=0.001106
  [train] epoch 49/50  train_loss=0.001194  eval_loss=0.000833
  [train] epoch 50/50  train_loss=0.001200  eval_loss=0.001205
  [best] epoch 49  eval_loss=0.000833 (selected over 50 epochs)
[done] manifest -> experiments/real_gauge_drift/results/tworoom_latent_random_voronoi_k3_seed1_trainseed0/manifest.json
real 4912.10
user 4717.08
sys 100.00
