{
  "metrics": [
    {
      "split": "common",
      "n": 1623,
      "dim": 2,
      "pca_residual": 1.109301434064071,
      "pca_drift": 1.9232362351723542,
      "pca_residual_ratio": 0.12855091950012712,
      "pca_drift_to_residual_ratio": 14.960890537663493,
      "frame_residual": 151.31389332483272,
      "frame_drift": 1.2875385257100393,
      "frame_residual_ratio": 0.8042671922145215,
      "frame_drift_to_residual_ratio": 1.600884057154248,
      "state_to_latent_r2": 0.05704330128378543,
      "latent_to_state_r2": 0.9998053099923686,
      "orthogonality_error": NaN,
      "orthogonal_recovery_error": NaN,
      "reference_overlap_n": 0,
      "reference_overlap_ratio": 0.0,
      "test_iid_frame_drift_mean": 0.314067342078893,
      "test_iid_frame_drift_std": 0.01903414186144896,
      "frame_drift_excess_vs_test_iid": 0.9734711836311464,
      "frame_drift_z_vs_test_iid": 51.143423783744886,
      "test_iid_pca_drift_mean": 0.09366584107659855,
      "test_iid_pca_drift_std": 0.07186277470077573,
      "pca_drift_excess_vs_test_iid": 1.8295703940957557,
      "pca_drift_z_vs_test_iid": 25.459222826954758
    },
    {
      "split": "doorway_corridor",
      "n": 500,
      "dim": 2,
      "pca_residual": 0.9316638939240686,
      "pca_drift": 1.414213562373095,
      "pca_residual_ratio": 0.10796546957505372,
      "pca_drift_to_residual_ratio": 13.098758037419413,
      "frame_residual": 137.60483613204474,
      "frame_drift": 1.313778158614909,
      "frame_residual_ratio": 0.7314004864938354,
      "frame_drift_to_residual_ratio": 1.7962500475096226,
      "state_to_latent_r2": 0.16466493539118954,
      "latent_to_state_r2": 0.9999020618217394,
      "orthogonality_error": NaN,
      "orthogonal_recovery_error": NaN,
      "reference_overlap_n": 0,
      "reference_overlap_ratio": 0.0,
      "test_iid_frame_drift_mean": 0.314067342078893,
      "test_iid_frame_drift_std": 0.01903414186144896,
      "frame_drift_excess_vs_test_iid": 0.9997108165360161,
      "frame_drift_z_vs_test_iid": 52.52197991170125,
      "test_iid_pca_drift_mean": 0.09366584107659855,
      "test_iid_pca_drift_std": 0.07186277470077573,
      "pca_drift_excess_vs_test_iid": 1.3205477212964964,
      "pca_drift_z_vs_test_iid": 18.375963449458425
    },
    {
      "split": "goal_other_side",
      "n": 3439,
      "dim": 2,
      "pca_residual": 9.117188726543837,
      "pca_drift": 0.0159767643617812,
      "pca_residual_ratio": 1.0565414936493354,
      "pca_drift_to_residual_ratio": 0.01512175760043433,
      "frame_residual": 187.56256769578187,
      "frame_drift": 0.23287981994837187,
      "frame_residual_ratio": 0.9969370053904755,
      "frame_drift_to_residual_ratio": 0.23359532115765433,
      "state_to_latent_r2": 0.022937789191989633,
      "latent_to_state_r2": 0.9905938979802473,
      "orthogonality_error": NaN,
      "orthogonal_recovery_error": NaN,
      "reference_overlap_n": 0,
      "reference_overlap_ratio": 0.0,
      "test_iid_frame_drift_mean": 0.314067342078893,
      "test_iid_frame_drift_std": 0.01903414186144896,
      "frame_drift_excess_vs_test_iid": -0.0811875221305211,
      "frame_drift_z_vs_test_iid": -4.265362878832479,
      "test_iid_pca_drift_mean": 0.09366584107659855,
      "test_iid_pca_drift_std": 0.07186277470077573,
      "pca_drift_excess_vs_test_iid": -0.07768907671481734,
      "pca_drift_z_vs_test_iid": -1.081075383426541
    },
    {
      "split": "left_room",
      "n": 1691,
      "dim": 2,
      "pca_residual": 14.903743306255274,
      "pca_drift": 0.188579659384002,
      "pca_residual_ratio": 1.7271138819264542,
      "pca_drift_to_residual_ratio": 0.10918773878046052,
      "frame_residual": 201.70782048949602,
      "frame_drift": 0.6747144768511019,
      "frame_residual_ratio": 1.0721221883078331,
      "frame_drift_to_residual_ratio": 0.6293261012678016,
      "state_to_latent_r2": 0.06083407738592739,
      "latent_to_state_r2": 0.9978994214726186,
      "orthogonality_error": NaN,
      "orthogonal_recovery_error": NaN,
      "reference_overlap_n": 0,
      "reference_overlap_ratio": 0.0,
      "test_iid_frame_drift_mean": 0.314067342078893,
      "test_iid_frame_drift_std": 0.01903414186144896,
      "frame_drift_excess_vs_test_iid": 0.3606471347722089,
      "frame_drift_z_vs_test_iid": 18.94738083694242,
      "test_iid_pca_drift_mean": 0.09366584107659855,
      "test_iid_pca_drift_std": 0.07186277470077573,
      "pca_drift_excess_vs_test_iid": 0.09491381830740346,
      "pca_drift_z_vs_test_iid": 1.3207647311321828
    },
    {
      "split": "near_wall",
      "n": 1358,
      "dim": 2,
      "pca_residual": 18.877678955337604,
      "pca_drift": 0.19984787402503,
      "pca_residual_ratio": 2.1876317051589464,
      "pca_drift_to_residual_ratio": 0.09135352790584021,
      "frame_residual": 198.83762927209156,
      "frame_drift": 0.5997275730833316,
      "frame_residual_ratio": 1.056866479920335,
      "frame_drift_to_residual_ratio": 0.5674582215229029,
      "state_to_latent_r2": 0.07966778303710953,
      "latent_to_state_r2": 0.9985997481128872,
      "orthogonality_error": NaN,
      "orthogonal_recovery_error": NaN,
      "reference_overlap_n": 0,
      "reference_overlap_ratio": 0.0,
      "test_iid_frame_drift_mean": 0.314067342078893,
      "test_iid_frame_drift_std": 0.01903414186144896,
      "frame_drift_excess_vs_test_iid": 0.2856602310044386,
      "frame_drift_z_vs_test_iid": 15.007780916459195,
      "test_iid_pca_drift_mean": 0.09366584107659855,
      "test_iid_pca_drift_std": 0.07186277470077573,
      "pca_drift_excess_vs_test_iid": 0.10618203294843144,
      "pca_drift_z_vs_test_iid": 1.4775665619519651
    },
    {
      "split": "right_room",
      "n": 1690,
      "dim": 2,
      "pca_residual": 7.147350489364837,
      "pca_drift": 0.44489044886134943,
      "pca_residual_ratio": 0.8282676368959472,
      "pca_drift_to_residual_ratio": 0.5371336860729022,
      "frame_residual": 199.98274315038637,
      "frame_drift": 0.7365902838602135,
      "frame_residual_ratio": 1.0629530163475283,
      "frame_drift_to_residual_ratio": 0.6929659848847874,
      "state_to_latent_r2": 0.057108581604078945,
      "latent_to_state_r2": 0.9992428488051661,
      "orthogonality_error": NaN,
      "orthogonal_recovery_error": NaN,
      "reference_overlap_n": 0,
      "reference_overlap_ratio": 0.0,
      "test_iid_frame_drift_mean": 0.314067342078893,
      "test_iid_frame_drift_std": 0.01903414186144896,
      "frame_drift_excess_vs_test_iid": 0.42252294178132055,
      "frame_drift_z_vs_test_iid": 22.198160801506084,
      "test_iid_pca_drift_mean": 0.09366584107659855,
      "test_iid_pca_drift_std": 0.07186277470077573,
      "pca_drift_excess_vs_test_iid": 0.3512246077847509,
      "pca_drift_z_vs_test_iid": 4.887434547890789
    },
    {
      "split": "test_all",
      "n": 5000,
      "dim": 2,
      "pca_residual": 8.401905371138021,
      "pca_drift": 0.014431813953714309,
      "pca_residual_ratio": 0.9736511897004062,
      "pca_drift_to_residual_ratio": 0.014822365654521693,
      "frame_residual": 188.09150483190095,
      "frame_drift": 0.1745944476317792,
      "frame_residual_ratio": 0.9997484245931474,
      "frame_drift_to_residual_ratio": 0.17463838235369727,
      "state_to_latent_r2": 0.020239559152924746,
      "latent_to_state_r2": 0.9913766735358707,
      "orthogonality_error": NaN,
      "orthogonal_recovery_error": NaN,
      "reference_overlap_n": 0,
      "reference_overlap_ratio": 0.0,
      "test_iid_frame_drift_mean": 0.314067342078893,
      "test_iid_frame_drift_std": 0.01903414186144896,
      "frame_drift_excess_vs_test_iid": -0.13947289444711378,
      "frame_drift_z_vs_test_iid": -7.327511555552155,
      "test_iid_pca_drift_mean": 0.09366584107659855,
      "test_iid_pca_drift_std": 0.07186277470077573,
      "pca_drift_excess_vs_test_iid": -0.07923402712288424,
      "pca_drift_z_vs_test_iid": -1.102574002349597
    }
  ]
}
Wrote encoder train-global drift results to experiments/real_gauge_drift/results/tworoom_encoder_train_global_5k_b20_seed_4
real 171.82
user 479.95
sys 51.92
