[data] 693728 train transitions, cluster source=experiments/real_gauge_drift/results/latent_random_voronoi_k3/random_voronoi_k3_seed0, route_label_offset_steps=0
  cluster0: 202975 transitions
  cluster1: 275130 transitions
  cluster2: 215623 transitions
  [cache] loaded merged embeddings from experiments/real_gauge_drift/results/tworoom_latent_random_voronoi_k3_seed0_trainseed625/P_train_global_merged_embeddings.npz
[train] cluster0: 202975 transitions, 50 epochs
  [train] epoch 1/50  train_loss=0.019950  eval_loss=0.007699
  [train] epoch 2/50  train_loss=0.006379  eval_loss=0.005639
  [train] epoch 3/50  train_loss=0.005868  eval_loss=0.004972
  [train] epoch 4/50  train_loss=0.005423  eval_loss=0.004779
  [train] epoch 5/50  train_loss=0.004967  eval_loss=0.004413
  [train] epoch 6/50  train_loss=0.004597  eval_loss=0.004083
  [train] epoch 7/50  train_loss=0.004355  eval_loss=0.004052
  [train] epoch 8/50  train_loss=0.004107  eval_loss=0.003539
  [train] epoch 9/50  train_loss=0.003846  eval_loss=0.003918
  [train] epoch 10/50  train_loss=0.003664  eval_loss=0.003205
  [train] epoch 11/50  train_loss=0.003456  eval_loss=0.003273
  [train] epoch 12/50  train_loss=0.003298  eval_loss=0.003053
  [train] epoch 13/50  train_loss=0.003173  eval_loss=0.002836
  [train] epoch 14/50  train_loss=0.003008  eval_loss=0.002685
  [train] epoch 15/50  train_loss=0.002898  eval_loss=0.002582
  [train] epoch 16/50  train_loss=0.002824  eval_loss=0.002503
  [train] epoch 17/50  train_loss=0.002619  eval_loss=0.002641
  [train] epoch 18/50  train_loss=0.002616  eval_loss=0.002374
  [train] epoch 19/50  train_loss=0.002562  eval_loss=0.002661
  [train] epoch 20/50  train_loss=0.002387  eval_loss=0.001990
  [train] epoch 21/50  train_loss=0.002393  eval_loss=0.002436
  [train] epoch 22/50  train_loss=0.002206  eval_loss=0.002423
  [train] epoch 23/50  train_loss=0.002316  eval_loss=0.002098
  [train] epoch 24/50  train_loss=0.002110  eval_loss=0.002358
  [train] epoch 25/50  train_loss=0.002108  eval_loss=0.001728
  [train] epoch 26/50  train_loss=0.002044  eval_loss=0.001870
  [train] epoch 27/50  train_loss=0.001965  eval_loss=0.002072
  [train] epoch 28/50  train_loss=0.001943  eval_loss=0.001935
  [train] epoch 29/50  train_loss=0.001940  eval_loss=0.001724
  [train] epoch 30/50  train_loss=0.001737  eval_loss=0.002363
  [train] epoch 31/50  train_loss=0.001905  eval_loss=0.001690
  [train] epoch 32/50  train_loss=0.001642  eval_loss=0.001443
  [train] epoch 33/50  train_loss=0.001717  eval_loss=0.001419
  [train] epoch 34/50  train_loss=0.001674  eval_loss=0.001811
  [train] epoch 35/50  train_loss=0.001699  eval_loss=0.001518
  [train] epoch 36/50  train_loss=0.001613  eval_loss=0.001272
  [train] epoch 37/50  train_loss=0.001494  eval_loss=0.001229
  [train] epoch 38/50  train_loss=0.001675  eval_loss=0.001391
  [train] epoch 39/50  train_loss=0.001372  eval_loss=0.001127
  [train] epoch 40/50  train_loss=0.001604  eval_loss=0.001536
  [train] epoch 41/50  train_loss=0.001400  eval_loss=0.001177
  [train] epoch 42/50  train_loss=0.001456  eval_loss=0.001472
  [train] epoch 43/50  train_loss=0.001374  eval_loss=0.001368
  [train] epoch 44/50  train_loss=0.001346  eval_loss=0.001270
  [train] epoch 45/50  train_loss=0.001357  eval_loss=0.001231
  [train] epoch 46/50  train_loss=0.001428  eval_loss=0.001347
  [train] epoch 47/50  train_loss=0.001230  eval_loss=0.001542
  [train] epoch 48/50  train_loss=0.001320  eval_loss=0.001055
  [train] epoch 49/50  train_loss=0.001352  eval_loss=0.001126
  [train] epoch 50/50  train_loss=0.001291  eval_loss=0.001527
  [best] epoch 48  eval_loss=0.001055 (selected over 50 epochs)
[train] cluster1: 275130 transitions, 50 epochs
  [train] epoch 1/50  train_loss=0.019758  eval_loss=0.007768
  [train] epoch 2/50  train_loss=0.006282  eval_loss=0.005630
  [train] epoch 3/50  train_loss=0.005751  eval_loss=0.005354
  [train] epoch 4/50  train_loss=0.005210  eval_loss=0.004506
  [train] epoch 5/50  train_loss=0.004810  eval_loss=0.004542
  [train] epoch 6/50  train_loss=0.004433  eval_loss=0.004231
  [train] epoch 7/50  train_loss=0.004124  eval_loss=0.004003
  [train] epoch 8/50  train_loss=0.003899  eval_loss=0.003627
  [train] epoch 9/50  train_loss=0.003683  eval_loss=0.003559
  [train] epoch 10/50  train_loss=0.003494  eval_loss=0.003568
  [train] epoch 11/50  train_loss=0.003270  eval_loss=0.002902
  [train] epoch 12/50  train_loss=0.003130  eval_loss=0.003239
  [train] epoch 13/50  train_loss=0.003044  eval_loss=0.002826
  [train] epoch 14/50  train_loss=0.002824  eval_loss=0.002499
  [train] epoch 15/50  train_loss=0.002740  eval_loss=0.002442
  [train] epoch 16/50  train_loss=0.002606  eval_loss=0.002490
  [train] epoch 17/50  train_loss=0.002587  eval_loss=0.002305
  [train] epoch 18/50  train_loss=0.002452  eval_loss=0.002488
  [train] epoch 19/50  train_loss=0.002357  eval_loss=0.002644
  [train] epoch 20/50  train_loss=0.002356  eval_loss=0.002221
  [train] epoch 21/50  train_loss=0.002024  eval_loss=0.001769
  [train] epoch 22/50  train_loss=0.002186  eval_loss=0.001862
  [train] epoch 23/50  train_loss=0.002070  eval_loss=0.001769
  [train] epoch 24/50  train_loss=0.002063  eval_loss=0.002154
  [train] epoch 25/50  train_loss=0.001857  eval_loss=0.001908
  [train] epoch 26/50  train_loss=0.001937  eval_loss=0.002098
  [train] epoch 27/50  train_loss=0.001787  eval_loss=0.002063
  [train] epoch 28/50  train_loss=0.001858  eval_loss=0.001857
  [train] epoch 29/50  train_loss=0.001652  eval_loss=0.002416
  [train] epoch 30/50  train_loss=0.001697  eval_loss=0.001577
  [train] epoch 31/50  train_loss=0.001657  eval_loss=0.002018
  [train] epoch 32/50  train_loss=0.001700  eval_loss=0.001711
  [train] epoch 33/50  train_loss=0.001584  eval_loss=0.001508
  [train] epoch 34/50  train_loss=0.001495  eval_loss=0.001862
  [train] epoch 35/50  train_loss=0.001590  eval_loss=0.001753
  [train] epoch 36/50  train_loss=0.001462  eval_loss=0.001284
  [train] epoch 37/50  train_loss=0.001493  eval_loss=0.001625
  [train] epoch 38/50  train_loss=0.001385  eval_loss=0.001357
  [train] epoch 39/50  train_loss=0.001483  eval_loss=0.001923
  [train] epoch 40/50  train_loss=0.001367  eval_loss=0.001115
  [train] epoch 41/50  train_loss=0.001375  eval_loss=0.001372
  [train] epoch 42/50  train_loss=0.001264  eval_loss=0.001161
  [train] epoch 43/50  train_loss=0.001308  eval_loss=0.001415
  [train] epoch 44/50  train_loss=0.001167  eval_loss=0.001374
  [train] epoch 45/50  train_loss=0.001239  eval_loss=0.000938
  [train] epoch 46/50  train_loss=0.001269  eval_loss=0.001363
  [train] epoch 47/50  train_loss=0.001281  eval_loss=0.001720
  [train] epoch 48/50  train_loss=0.001136  eval_loss=0.001632
  [train] epoch 49/50  train_loss=0.001156  eval_loss=0.000777
  [train] epoch 50/50  train_loss=0.001189  eval_loss=0.001620
  [best] epoch 49  eval_loss=0.000777 (selected over 50 epochs)
[train] cluster2: 215623 transitions, 50 epochs
  [train] epoch 1/50  train_loss=0.018930  eval_loss=0.007500
  [train] epoch 2/50  train_loss=0.005898  eval_loss=0.005504
  [train] epoch 3/50  train_loss=0.005425  eval_loss=0.004767
  [train] epoch 4/50  train_loss=0.004990  eval_loss=0.004736
  [train] epoch 5/50  train_loss=0.004650  eval_loss=0.004412
  [train] epoch 6/50  train_loss=0.004305  eval_loss=0.003780
  [train] epoch 7/50  train_loss=0.004054  eval_loss=0.003561
  [train] epoch 8/50  train_loss=0.003759  eval_loss=0.003863
  [train] epoch 9/50  train_loss=0.003628  eval_loss=0.003629
  [train] epoch 10/50  train_loss=0.003355  eval_loss=0.003289
  [train] epoch 11/50  train_loss=0.003203  eval_loss=0.003228
  [train] epoch 12/50  train_loss=0.003071  eval_loss=0.003203
  [train] epoch 13/50  train_loss=0.002948  eval_loss=0.002621
  [train] epoch 14/50  train_loss=0.002774  eval_loss=0.002439
  [train] epoch 15/50  train_loss=0.002568  eval_loss=0.002172
  [train] epoch 16/50  train_loss=0.002586  eval_loss=0.002592
  [train] epoch 17/50  train_loss=0.002532  eval_loss=0.003274
  [train] epoch 18/50  train_loss=0.002421  eval_loss=0.002174
  [train] epoch 19/50  train_loss=0.002298  eval_loss=0.003148
  [train] epoch 20/50  train_loss=0.002219  eval_loss=0.002296
  [train] epoch 21/50  train_loss=0.002164  eval_loss=0.002142
  [train] epoch 22/50  train_loss=0.002156  eval_loss=0.001919
  [train] epoch 23/50  train_loss=0.001933  eval_loss=0.001783
  [train] epoch 24/50  train_loss=0.002044  eval_loss=0.001637
  [train] epoch 25/50  train_loss=0.001761  eval_loss=0.002151
  [train] epoch 26/50  train_loss=0.001937  eval_loss=0.001820
  [train] epoch 27/50  train_loss=0.001810  eval_loss=0.001797
  [train] epoch 28/50  train_loss=0.001754  eval_loss=0.001638
  [train] epoch 29/50  train_loss=0.001694  eval_loss=0.001465
  [train] epoch 30/50  train_loss=0.001743  eval_loss=0.001469
  [train] epoch 31/50  train_loss=0.001546  eval_loss=0.001415
  [train] epoch 32/50  train_loss=0.001591  eval_loss=0.001505
  [train] epoch 33/50  train_loss=0.001524  eval_loss=0.001640
  [train] epoch 34/50  train_loss=0.001560  eval_loss=0.001469
  [train] epoch 35/50  train_loss=0.001577  eval_loss=0.001335
  [train] epoch 36/50  train_loss=0.001437  eval_loss=0.001689
  [train] epoch 37/50  train_loss=0.001358  eval_loss=0.001106
  [train] epoch 38/50  train_loss=0.001462  eval_loss=0.001204
  [train] epoch 39/50  train_loss=0.001517  eval_loss=0.001068
  [train] epoch 40/50  train_loss=0.001296  eval_loss=0.001127
  [train] epoch 41/50  train_loss=0.001491  eval_loss=0.001650
  [train] epoch 42/50  train_loss=0.001250  eval_loss=0.001209
  [train] epoch 43/50  train_loss=0.001310  eval_loss=0.001277
  [train] epoch 44/50  train_loss=0.001246  eval_loss=0.001498
  [train] epoch 45/50  train_loss=0.001299  eval_loss=0.001101
  [train] epoch 46/50  train_loss=0.001208  eval_loss=0.001612
  [train] epoch 47/50  train_loss=0.001131  eval_loss=0.001414
  [train] epoch 48/50  train_loss=0.001259  eval_loss=0.000963
  [train] epoch 49/50  train_loss=0.001057  eval_loss=0.001003
  [train] epoch 50/50  train_loss=0.001107  eval_loss=0.001059
  [best] epoch 48  eval_loss=0.000963 (selected over 50 epochs)
[done] manifest -> experiments/real_gauge_drift/results/tworoom_latent_random_voronoi_k3_seed0_trainseed625/manifest.json
real 4932.35
user 4745.65
sys 91.38
