01:39:19 | INFO  | __init__.py | JAX version 0.6.2 available.
01:39:22 | INFO  | atomic_chec~| [atomic_save] installed crash-safe checkpoint plugin (write to sibling .tmp + fsync + atomic rename)
01:39:22 | INFO  | __init__.py | Cached 'action' from '/data/sicong/weitao/datasets/lewm/pusht_expert_train.h5'
01:39:22 | INFO  | __init__.py | Cached 'proprio' from '/data/sicong/weitao/datasets/lewm/pusht_expert_train.h5'
/data/sicong/weitao/le-wm/.venv/lib/python3.10/site-packages/lance/__init__.py:320: UserWarning: lance is not fork-safe. If you are using multiprocessing, use spawn or forkserver instead.
  warnings.warn(
/data/sicong/anaconda3/lib/python3.10/multiprocessing/popen_fork.py:66: RuntimeWarning: lancedb fork support is experimental: the internal async runtime has been reset in the forked child, but a small chance of deadlock remains if other state was mid-operation at fork time. The 'forkserver' or 'spawn' multiprocessing start method is likely a safer alternative.
  self.pid = os.fork()
/data/sicong/anaconda3/lib/python3.10/multiprocessing/popen_fork.py:66: RuntimeWarning: lancedb fork support is experimental: the internal async runtime has been reset in the forked child, but a small chance of deadlock remains if other state was mid-operation at fork time. The 'forkserver' or 'spawn' multiprocessing start method is likely a safer alternative.
  self.pid = os.fork()
/data/sicong/anaconda3/lib/python3.10/multiprocessing/popen_fork.py:66: RuntimeWarning: lancedb fork support is experimental: the internal async runtime has been reset in the forked child, but a small chance of deadlock remains if other state was mid-operation at fork time. The 'forkserver' or 'spawn' multiprocessing start method is likely a safer alternative.
  self.pid = os.fork()
/data/sicong/anaconda3/lib/python3.10/multiprocessing/popen_fork.py:66: RuntimeWarning: lancedb fork support is experimental: the internal async runtime has been reset in the forked child, but a small chance of deadlock remains if other state was mid-operation at fork time. The 'forkserver' or 'spawn' multiprocessing start method is likely a safer alternative.
  self.pid = os.fork()
[train] epoch=1/3 batch=1/13933 pred=0.010753 sigreg=0.897030 total=0.091486 grad_norm=0.3465
[train] epoch=1/3 batch=100/13933 pred=0.012005 sigreg=0.912489 total=0.094129 grad_norm=0.3562
[train] epoch=1/3 batch=200/13933 pred=0.011821 sigreg=0.909626 total=0.093688 grad_norm=0.3264
[train] epoch=1/3 batch=300/13933 pred=0.011864 sigreg=0.911674 total=0.093914 grad_norm=0.3720
[train] epoch=1/3 batch=400/13933 pred=0.011830 sigreg=0.909560 total=0.093690 grad_norm=0.3547
[train] epoch=1/3 batch=500/13933 pred=0.011837 sigreg=0.909056 total=0.093652 grad_norm=0.3525
[train] epoch=1/3 batch=600/13933 pred=0.011758 sigreg=0.908740 total=0.093544 grad_norm=0.3240
[train] epoch=1/3 batch=700/13933 pred=0.011782 sigreg=0.907784 total=0.093483 grad_norm=0.4155
[train] epoch=1/3 batch=800/13933 pred=0.011771 sigreg=0.907674 total=0.093461 grad_norm=0.3490
[train] epoch=1/3 batch=900/13933 pred=0.011732 sigreg=0.906836 total=0.093347 grad_norm=0.3324
[train] epoch=1/3 batch=1000/13933 pred=0.011718 sigreg=0.906189 total=0.093275 grad_norm=0.3671
[train] epoch=1/3 batch=1100/13933 pred=0.011715 sigreg=0.906150 total=0.093268 grad_norm=0.3236
[train] epoch=1/3 batch=1200/13933 pred=0.011734 sigreg=0.905573 total=0.093236 grad_norm=0.3506
[train] epoch=1/3 batch=1300/13933 pred=0.011732 sigreg=0.905546 total=0.093232 grad_norm=0.3414
[train] epoch=1/3 batch=1400/13933 pred=0.011704 sigreg=0.905532 total=0.093202 grad_norm=0.3451
[train] epoch=1/3 batch=1500/13933 pred=0.011676 sigreg=0.905439 total=0.093166 grad_norm=0.3307
[train] epoch=1/3 batch=1600/13933 pred=0.011676 sigreg=0.905226 total=0.093147 grad_norm=0.3336
[train] epoch=1/3 batch=1700/13933 pred=0.011658 sigreg=0.905167 total=0.093123 grad_norm=0.3337
[train] epoch=1/3 batch=1800/13933 pred=0.011649 sigreg=0.904905 total=0.093091 grad_norm=0.3297
[train] epoch=1/3 batch=1900/13933 pred=0.011634 sigreg=0.904618 total=0.093050 grad_norm=0.3360
[train] epoch=1/3 batch=2000/13933 pred=0.011632 sigreg=0.904385 total=0.093026 grad_norm=0.3438
[train] epoch=1/3 batch=2100/13933 pred=0.011625 sigreg=0.904648 total=0.093043 grad_norm=0.3370
[train] epoch=1/3 batch=2200/13933 pred=0.011628 sigreg=0.904599 total=0.093042 grad_norm=0.3577
[train] epoch=1/3 batch=2300/13933 pred=0.011629 sigreg=0.904726 total=0.093054 grad_norm=0.3198
[train] epoch=1/3 batch=2400/13933 pred=0.011615 sigreg=0.904710 total=0.093039 grad_norm=0.4017
[train] epoch=1/3 batch=2500/13933 pred=0.011612 sigreg=0.904451 total=0.093013 grad_norm=0.3512
[train] epoch=1/3 batch=2600/13933 pred=0.011611 sigreg=0.904350 total=0.093002 grad_norm=0.3238
[train] epoch=1/3 batch=2700/13933 pred=0.011601 sigreg=0.904031 total=0.092963 grad_norm=0.3387
[train] epoch=1/3 batch=2800/13933 pred=0.011589 sigreg=0.903863 total=0.092937 grad_norm=0.3416
[train] epoch=1/3 batch=2900/13933 pred=0.011585 sigreg=0.903632 total=0.092912 grad_norm=0.3313
[train] epoch=1/3 batch=3000/13933 pred=0.011582 sigreg=0.903526 total=0.092900 grad_norm=0.3539
[train] epoch=1/3 batch=3100/13933 pred=0.011568 sigreg=0.903448 total=0.092878 grad_norm=0.3499
[train] epoch=1/3 batch=3200/13933 pred=0.011563 sigreg=0.903286 total=0.092858 grad_norm=0.3182
[train] epoch=1/3 batch=3300/13933 pred=0.011553 sigreg=0.903062 total=0.092828 grad_norm=0.3404
[train] epoch=1/3 batch=3400/13933 pred=0.011542 sigreg=0.902891 total=0.092803 grad_norm=0.3248
[train] epoch=1/3 batch=3500/13933 pred=0.011534 sigreg=0.902757 total=0.092782 grad_norm=0.3241
[train] epoch=1/3 batch=3600/13933 pred=0.011524 sigreg=0.902666 total=0.092764 grad_norm=0.3069
[train] epoch=1/3 batch=3700/13933 pred=0.011519 sigreg=0.902639 total=0.092757 grad_norm=0.3737
[train] epoch=1/3 batch=3800/13933 pred=0.011515 sigreg=0.902474 total=0.092737 grad_norm=0.3144
[train] epoch=1/3 batch=3900/13933 pred=0.011510 sigreg=0.902582 total=0.092743 grad_norm=0.3503
[train] epoch=1/3 batch=4000/13933 pred=0.011504 sigreg=0.902487 total=0.092728 grad_norm=0.3621
[train] epoch=1/3 batch=4100/13933 pred=0.011492 sigreg=0.902355 total=0.092704 grad_norm=0.3189
[train] epoch=1/3 batch=4200/13933 pred=0.011485 sigreg=0.902228 total=0.092685 grad_norm=0.3274
[train] epoch=1/3 batch=4300/13933 pred=0.011480 sigreg=0.902036 total=0.092664 grad_norm=0.3450
[train] epoch=1/3 batch=4400/13933 pred=0.011472 sigreg=0.901918 total=0.092645 grad_norm=0.3386
[train] epoch=1/3 batch=4500/13933 pred=0.011462 sigreg=0.901735 total=0.092619 grad_norm=0.3617
[train] epoch=1/3 batch=4600/13933 pred=0.011455 sigreg=0.901643 total=0.092603 grad_norm=0.3523
[train] epoch=1/3 batch=4700/13933 pred=0.011455 sigreg=0.901645 total=0.092603 grad_norm=0.3240
[train] epoch=1/3 batch=4800/13933 pred=0.011457 sigreg=0.901626 total=0.092603 grad_norm=0.3458
[train] epoch=1/3 batch=4900/13933 pred=0.011445 sigreg=0.901550 total=0.092584 grad_norm=0.3285
[train] epoch=1/3 batch=5000/13933 pred=0.011438 sigreg=0.901416 total=0.092566 grad_norm=0.3379
[train] epoch=1/3 batch=5100/13933 pred=0.011436 sigreg=0.901128 total=0.092538 grad_norm=0.3434
[train] epoch=1/3 batch=5200/13933 pred=0.011427 sigreg=0.901051 total=0.092522 grad_norm=0.3353
[train] epoch=1/3 batch=5300/13933 pred=0.011421 sigreg=0.900990 total=0.092510 grad_norm=0.3215
[train] epoch=1/3 batch=5400/13933 pred=0.011414 sigreg=0.900855 total=0.092491 grad_norm=0.3384
[train] epoch=1/3 batch=5500/13933 pred=0.011409 sigreg=0.900863 total=0.092487 grad_norm=0.3473
[train] epoch=1/3 batch=5600/13933 pred=0.011404 sigreg=0.900673 total=0.092465 grad_norm=0.3286
[train] epoch=1/3 batch=5700/13933 pred=0.011400 sigreg=0.900583 total=0.092452 grad_norm=0.3330
[train] epoch=1/3 batch=5800/13933 pred=0.011396 sigreg=0.900481 total=0.092439 grad_norm=0.3531
[train] epoch=1/3 batch=5900/13933 pred=0.011396 sigreg=0.900348 total=0.092427 grad_norm=0.3303
[train] epoch=1/3 batch=6000/13933 pred=0.011389 sigreg=0.900248 total=0.092411 grad_norm=0.3583
[train] epoch=1/3 batch=6100/13933 pred=0.011381 sigreg=0.900103 total=0.092391 grad_norm=0.3347
[train] epoch=1/3 batch=6200/13933 pred=0.011378 sigreg=0.899949 total=0.092373 grad_norm=0.3454
[train] epoch=1/3 batch=6300/13933 pred=0.011374 sigreg=0.899923 total=0.092367 grad_norm=0.3494
[train] epoch=1/3 batch=6400/13933 pred=0.011372 sigreg=0.899833 total=0.092357 grad_norm=0.3455
[train] epoch=1/3 batch=6500/13933 pred=0.011364 sigreg=0.899818 total=0.092348 grad_norm=0.3393
[train] epoch=1/3 batch=6600/13933 pred=0.011357 sigreg=0.899753 total=0.092334 grad_norm=0.3388
[train] epoch=1/3 batch=6700/13933 pred=0.011348 sigreg=0.899662 total=0.092318 grad_norm=0.3488
[train] epoch=1/3 batch=6800/13933 pred=0.011344 sigreg=0.899591 total=0.092307 grad_norm=0.3223
[train] epoch=1/3 batch=6900/13933 pred=0.011336 sigreg=0.899519 total=0.092293 grad_norm=0.3385
[train] epoch=1/3 batch=7000/13933 pred=0.011331 sigreg=0.899348 total=0.092272 grad_norm=0.3072
[train] epoch=1/3 batch=7100/13933 pred=0.011324 sigreg=0.899233 total=0.092255 grad_norm=0.3593
[train] epoch=1/3 batch=7200/13933 pred=0.011322 sigreg=0.899106 total=0.092242 grad_norm=0.3217
[train] epoch=1/3 batch=7300/13933 pred=0.011318 sigreg=0.898993 total=0.092227 grad_norm=0.3643
[train] epoch=1/3 batch=7400/13933 pred=0.011310 sigreg=0.898866 total=0.092208 grad_norm=0.3438
[train] epoch=1/3 batch=7500/13933 pred=0.011304 sigreg=0.898770 total=0.092193 grad_norm=0.3455
[train] epoch=1/3 batch=7600/13933 pred=0.011303 sigreg=0.898689 total=0.092185 grad_norm=0.3492
[train] epoch=1/3 batch=7700/13933 pred=0.011299 sigreg=0.898672 total=0.092180 grad_norm=0.3723
[train] epoch=1/3 batch=7800/13933 pred=0.011296 sigreg=0.898578 total=0.092168 grad_norm=0.3050
[train] epoch=1/3 batch=7900/13933 pred=0.011291 sigreg=0.898447 total=0.092151 grad_norm=0.3388
[train] epoch=1/3 batch=8000/13933 pred=0.011288 sigreg=0.898383 total=0.092143 grad_norm=0.3396
[train] epoch=1/3 batch=8100/13933 pred=0.011286 sigreg=0.898213 total=0.092125 grad_norm=0.3248
[train] epoch=1/3 batch=8200/13933 pred=0.011282 sigreg=0.898153 total=0.092116 grad_norm=0.3104
[train] epoch=1/3 batch=8300/13933 pred=0.011274 sigreg=0.897973 total=0.092092 grad_norm=0.3238
[train] epoch=1/3 batch=8400/13933 pred=0.011268 sigreg=0.897791 total=0.092070 grad_norm=0.3613
[train] epoch=1/3 batch=8500/13933 pred=0.011263 sigreg=0.897687 total=0.092055 grad_norm=0.3349
[train] epoch=1/3 batch=8600/13933 pred=0.011262 sigreg=0.897556 total=0.092042 grad_norm=0.3413
[train] epoch=1/3 batch=8700/13933 pred=0.011258 sigreg=0.897460 total=0.092030 grad_norm=0.2930
[train] epoch=1/3 batch=8800/13933 pred=0.011253 sigreg=0.897352 total=0.092015 grad_norm=0.3221
[train] epoch=1/3 batch=8900/13933 pred=0.011249 sigreg=0.897223 total=0.091999 grad_norm=0.3181
[train] epoch=1/3 batch=9000/13933 pred=0.011243 sigreg=0.897130 total=0.091985 grad_norm=0.3434
[train] epoch=1/3 batch=9100/13933 pred=0.011239 sigreg=0.897077 total=0.091976 grad_norm=0.3102
[train] epoch=1/3 batch=9200/13933 pred=0.011234 sigreg=0.897026 total=0.091967 grad_norm=0.3246
[train] epoch=1/3 batch=9300/13933 pred=0.011230 sigreg=0.896917 total=0.091953 grad_norm=0.3167
[train] epoch=1/3 batch=9400/13933 pred=0.011227 sigreg=0.896822 total=0.091941 grad_norm=0.3406
[train] epoch=1/3 batch=9500/13933 pred=0.011221 sigreg=0.896700 total=0.091924 grad_norm=0.3080
[train] epoch=1/3 batch=9600/13933 pred=0.011220 sigreg=0.896619 total=0.091916 grad_norm=0.4266
[train] epoch=1/3 batch=9700/13933 pred=0.011217 sigreg=0.896556 total=0.091907 grad_norm=0.3038
[train] epoch=1/3 batch=9800/13933 pred=0.011212 sigreg=0.896408 total=0.091889 grad_norm=0.2969
[train] epoch=1/3 batch=9900/13933 pred=0.011203 sigreg=0.896299 total=0.091870 grad_norm=0.3240
[train] epoch=1/3 batch=10000/13933 pred=0.011195 sigreg=0.896261 total=0.091859 grad_norm=0.3463
[train] epoch=1/3 batch=10100/13933 pred=0.011192 sigreg=0.896212 total=0.091851 grad_norm=0.4017
[train] epoch=1/3 batch=10200/13933 pred=0.011188 sigreg=0.896116 total=0.091838 grad_norm=0.4355
[train] epoch=1/3 batch=10300/13933 pred=0.011185 sigreg=0.896057 total=0.091830 grad_norm=0.3199
[train] epoch=1/3 batch=10400/13933 pred=0.011180 sigreg=0.895954 total=0.091816 grad_norm=0.3078
[train] epoch=1/3 batch=10500/13933 pred=0.011175 sigreg=0.895873 total=0.091804 grad_norm=0.3169
[train] epoch=1/3 batch=10600/13933 pred=0.011173 sigreg=0.895822 total=0.091797 grad_norm=0.3619
[train] epoch=1/3 batch=10700/13933 pred=0.011166 sigreg=0.895702 total=0.091779 grad_norm=0.3664
[train] epoch=1/3 batch=10800/13933 pred=0.011163 sigreg=0.895625 total=0.091769 grad_norm=0.3308
[train] epoch=1/3 batch=10900/13933 pred=0.011159 sigreg=0.895526 total=0.091757 grad_norm=0.3234
[train] epoch=1/3 batch=11000/13933 pred=0.011159 sigreg=0.895476 total=0.091752 grad_norm=0.3024
[train] epoch=1/3 batch=11100/13933 pred=0.011157 sigreg=0.895422 total=0.091745 grad_norm=0.3260
[train] epoch=1/3 batch=11200/13933 pred=0.011153 sigreg=0.895345 total=0.091734 grad_norm=0.3207
[train] epoch=1/3 batch=11300/13933 pred=0.011147 sigreg=0.895213 total=0.091716 grad_norm=0.3134
[train] epoch=1/3 batch=11400/13933 pred=0.011141 sigreg=0.895144 total=0.091704 grad_norm=0.3014
[train] epoch=1/3 batch=11500/13933 pred=0.011137 sigreg=0.895089 total=0.091695 grad_norm=0.3424
[train] epoch=1/3 batch=11600/13933 pred=0.011132 sigreg=0.894970 total=0.091680 grad_norm=0.3074
[train] epoch=1/3 batch=11700/13933 pred=0.011127 sigreg=0.894894 total=0.091667 grad_norm=0.3139
[train] epoch=1/3 batch=11800/13933 pred=0.011122 sigreg=0.894766 total=0.091651 grad_norm=0.3263
[train] epoch=1/3 batch=11900/13933 pred=0.011116 sigreg=0.894631 total=0.091632 grad_norm=0.3251
[train] epoch=1/3 batch=12000/13933 pred=0.011110 sigreg=0.894495 total=0.091614 grad_norm=0.3583
[train] epoch=1/3 batch=12100/13933 pred=0.011106 sigreg=0.894400 total=0.091602 grad_norm=0.3038
[train] epoch=1/3 batch=12200/13933 pred=0.011099 sigreg=0.894303 total=0.091587 grad_norm=0.3452
[train] epoch=1/3 batch=12300/13933 pred=0.011098 sigreg=0.894206 total=0.091576 grad_norm=0.3157
[train] epoch=1/3 batch=12400/13933 pred=0.011093 sigreg=0.894152 total=0.091567 grad_norm=0.3290
[train] epoch=1/3 batch=12500/13933 pred=0.011090 sigreg=0.894077 total=0.091557 grad_norm=0.3121
[train] epoch=1/3 batch=12600/13933 pred=0.011086 sigreg=0.893977 total=0.091544 grad_norm=0.3199
[train] epoch=1/3 batch=12700/13933 pred=0.011080 sigreg=0.893829 total=0.091525 grad_norm=0.3097
[train] epoch=1/3 batch=12800/13933 pred=0.011075 sigreg=0.893706 total=0.091509 grad_norm=0.3206
[train] epoch=1/3 batch=12900/13933 pred=0.011069 sigreg=0.893583 total=0.091491 grad_norm=0.3217
[train] epoch=1/3 batch=13000/13933 pred=0.011065 sigreg=0.893454 total=0.091476 grad_norm=0.3397
[train] epoch=1/3 batch=13100/13933 pred=0.011059 sigreg=0.893312 total=0.091457 grad_norm=0.3085
[train] epoch=1/3 batch=13200/13933 pred=0.011056 sigreg=0.893219 total=0.091446 grad_norm=0.3473
[train] epoch=1/3 batch=13300/13933 pred=0.011052 sigreg=0.893146 total=0.091436 grad_norm=0.3396
[train] epoch=1/3 batch=13400/13933 pred=0.011049 sigreg=0.893060 total=0.091424 grad_norm=0.3466
[train] epoch=1/3 batch=13500/13933 pred=0.011045 sigreg=0.892949 total=0.091410 grad_norm=0.3581
[train] epoch=1/3 batch=13600/13933 pred=0.011041 sigreg=0.892869 total=0.091400 grad_norm=0.3162
[train] epoch=1/3 batch=13700/13933 pred=0.011039 sigreg=0.892834 total=0.091394 grad_norm=0.3147
[train] epoch=1/3 batch=13800/13933 pred=0.011035 sigreg=0.892756 total=0.091383 grad_norm=0.3176
[train] epoch=1/3 batch=13900/13933 pred=0.011030 sigreg=0.892621 total=0.091366 grad_norm=0.3387
[train] epoch=2/3 batch=67/13933 pred=0.010393 sigreg=0.883577 total=0.089915 grad_norm=0.3520
[train] epoch=2/3 batch=167/13933 pred=0.010391 sigreg=0.884009 total=0.089952 grad_norm=0.3096
[train] epoch=2/3 batch=267/13933 pred=0.010405 sigreg=0.882771 total=0.089855 grad_norm=0.3128
[train] epoch=2/3 batch=367/13933 pred=0.010409 sigreg=0.884588 total=0.090022 grad_norm=0.2931
[train] epoch=2/3 batch=467/13933 pred=0.010389 sigreg=0.882342 total=0.089800 grad_norm=0.3246
[train] epoch=2/3 batch=567/13933 pred=0.010333 sigreg=0.880803 total=0.089606 grad_norm=0.4129
[train] epoch=2/3 batch=667/13933 pred=0.010332 sigreg=0.881043 total=0.089626 grad_norm=0.3046
[train] epoch=2/3 batch=767/13933 pred=0.010305 sigreg=0.881149 total=0.089609 grad_norm=0.3096
[train] epoch=2/3 batch=867/13933 pred=0.010296 sigreg=0.880993 total=0.089585 grad_norm=0.3186
[train] epoch=2/3 batch=967/13933 pred=0.010254 sigreg=0.880386 total=0.089489 grad_norm=0.3044
[train] epoch=2/3 batch=1067/13933 pred=0.010265 sigreg=0.880509 total=0.089511 grad_norm=0.3183
[train] epoch=2/3 batch=1167/13933 pred=0.010288 sigreg=0.880265 total=0.089512 grad_norm=0.3037
[train] epoch=2/3 batch=1267/13933 pred=0.010291 sigreg=0.880133 total=0.089503 grad_norm=0.3607
[train] epoch=2/3 batch=1367/13933 pred=0.010316 sigreg=0.879955 total=0.089512 grad_norm=0.3426
[train] epoch=2/3 batch=1467/13933 pred=0.010325 sigreg=0.879955 total=0.089521 grad_norm=0.3862
[train] epoch=2/3 batch=1567/13933 pred=0.010335 sigreg=0.879992 total=0.089534 grad_norm=0.3245
[train] epoch=2/3 batch=1667/13933 pred=0.010326 sigreg=0.879714 total=0.089500 grad_norm=0.3036
[train] epoch=2/3 batch=1767/13933 pred=0.010307 sigreg=0.879372 total=0.089451 grad_norm=0.3202
[train] epoch=2/3 batch=1867/13933 pred=0.010299 sigreg=0.879298 total=0.089436 grad_norm=0.3203
[train] epoch=2/3 batch=1967/13933 pred=0.010306 sigreg=0.878964 total=0.089413 grad_norm=0.3203
[train] epoch=2/3 batch=2067/13933 pred=0.010312 sigreg=0.878939 total=0.089417 grad_norm=0.3242
[train] epoch=2/3 batch=2167/13933 pred=0.010314 sigreg=0.878647 total=0.089392 grad_norm=0.3227
[train] epoch=2/3 batch=2267/13933 pred=0.010321 sigreg=0.878696 total=0.089404 grad_norm=0.3367
[train] epoch=2/3 batch=2367/13933 pred=0.010343 sigreg=0.878576 total=0.089415 grad_norm=0.3201
[train] epoch=2/3 batch=2467/13933 pred=0.010333 sigreg=0.878399 total=0.089389 grad_norm=0.3281
[train] epoch=2/3 batch=2567/13933 pred=0.010319 sigreg=0.878239 total=0.089360 grad_norm=0.2969
[train] epoch=2/3 batch=2667/13933 pred=0.010319 sigreg=0.878326 total=0.089368 grad_norm=0.3018
[train] epoch=2/3 batch=2767/13933 pred=0.010320 sigreg=0.878172 total=0.089356 grad_norm=0.3050
[train] epoch=2/3 batch=2867/13933 pred=0.010313 sigreg=0.877911 total=0.089325 grad_norm=0.3217
[train] epoch=2/3 batch=2967/13933 pred=0.010313 sigreg=0.877850 total=0.089319 grad_norm=0.3144
[train] epoch=2/3 batch=3067/13933 pred=0.010305 sigreg=0.877617 total=0.089290 grad_norm=0.3042
[train] epoch=2/3 batch=3167/13933 pred=0.010301 sigreg=0.877413 total=0.089268 grad_norm=0.3094
[train] epoch=2/3 batch=3267/13933 pred=0.010293 sigreg=0.877273 total=0.089248 grad_norm=0.3534
[train] epoch=2/3 batch=3367/13933 pred=0.010292 sigreg=0.877290 total=0.089248 grad_norm=0.3876
[train] epoch=2/3 batch=3467/13933 pred=0.010305 sigreg=0.877086 total=0.089242 grad_norm=0.3177
[train] epoch=2/3 batch=3567/13933 pred=0.010302 sigreg=0.876891 total=0.089223 grad_norm=0.3017
[train] epoch=2/3 batch=3667/13933 pred=0.010305 sigreg=0.876845 total=0.089221 grad_norm=0.2961
[train] epoch=2/3 batch=3767/13933 pred=0.010302 sigreg=0.876707 total=0.089206 grad_norm=0.3135
[train] epoch=2/3 batch=3867/13933 pred=0.010297 sigreg=0.876537 total=0.089186 grad_norm=0.2958
[train] epoch=2/3 batch=3967/13933 pred=0.010291 sigreg=0.876454 total=0.089172 grad_norm=0.3229
[train] epoch=2/3 batch=4067/13933 pred=0.010286 sigreg=0.876450 total=0.089167 grad_norm=0.3696
[train] epoch=2/3 batch=4167/13933 pred=0.010291 sigreg=0.876471 total=0.089173 grad_norm=0.3356
[train] epoch=2/3 batch=4267/13933 pred=0.010291 sigreg=0.876458 total=0.089172 grad_norm=0.3435
[train] epoch=2/3 batch=4367/13933 pred=0.010287 sigreg=0.876354 total=0.089159 grad_norm=0.3672
[train] epoch=2/3 batch=4467/13933 pred=0.010275 sigreg=0.876089 total=0.089123 grad_norm=0.3114
[train] epoch=2/3 batch=4567/13933 pred=0.010270 sigreg=0.876030 total=0.089113 grad_norm=0.3085
[train] epoch=2/3 batch=4667/13933 pred=0.010272 sigreg=0.876052 total=0.089117 grad_norm=0.3406
[train] epoch=2/3 batch=4767/13933 pred=0.010264 sigreg=0.875932 total=0.089098 grad_norm=0.3176
[train] epoch=2/3 batch=4867/13933 pred=0.010262 sigreg=0.875902 total=0.089093 grad_norm=0.2927
[train] epoch=2/3 batch=4967/13933 pred=0.010262 sigreg=0.875777 total=0.089082 grad_norm=0.2927
[train] epoch=2/3 batch=5067/13933 pred=0.010257 sigreg=0.875640 total=0.089065 grad_norm=0.2824
[train] epoch=2/3 batch=5167/13933 pred=0.010255 sigreg=0.875581 total=0.089057 grad_norm=0.2993
[train] epoch=2/3 batch=5267/13933 pred=0.010252 sigreg=0.875437 total=0.089041 grad_norm=0.3217
[train] epoch=2/3 batch=5367/13933 pred=0.010246 sigreg=0.875346 total=0.089028 grad_norm=0.2994
[train] epoch=2/3 batch=5467/13933 pred=0.010239 sigreg=0.875357 total=0.089021 grad_norm=0.2991
[train] epoch=2/3 batch=5567/13933 pred=0.010236 sigreg=0.875356 total=0.089018 grad_norm=0.3221
[train] epoch=2/3 batch=5667/13933 pred=0.010229 sigreg=0.875125 total=0.088991 grad_norm=0.2973
[train] epoch=2/3 batch=5767/13933 pred=0.010229 sigreg=0.874996 total=0.088979 grad_norm=0.2943
[train] epoch=2/3 batch=5867/13933 pred=0.010229 sigreg=0.874966 total=0.088975 grad_norm=0.2950
[train] epoch=2/3 batch=5967/13933 pred=0.010229 sigreg=0.874891 total=0.088969 grad_norm=0.3243
[train] epoch=2/3 batch=6067/13933 pred=0.010227 sigreg=0.874765 total=0.088956 grad_norm=0.2949
[train] epoch=2/3 batch=6167/13933 pred=0.010229 sigreg=0.874675 total=0.088949 grad_norm=0.3122
[train] epoch=2/3 batch=6267/13933 pred=0.010226 sigreg=0.874508 total=0.088932 grad_norm=0.3125
[train] epoch=2/3 batch=6367/13933 pred=0.010220 sigreg=0.874385 total=0.088915 grad_norm=0.3083
[train] epoch=2/3 batch=6467/13933 pred=0.010214 sigreg=0.874332 total=0.088904 grad_norm=0.3132
[train] epoch=2/3 batch=6567/13933 pred=0.010212 sigreg=0.874223 total=0.088892 grad_norm=0.2975
[train] epoch=2/3 batch=6667/13933 pred=0.010209 sigreg=0.874156 total=0.088883 grad_norm=0.3630
[train] epoch=2/3 batch=6767/13933 pred=0.010202 sigreg=0.874113 total=0.088872 grad_norm=0.3722
[train] epoch=2/3 batch=6867/13933 pred=0.010200 sigreg=0.874032 total=0.088863 grad_norm=0.2852
[train] epoch=2/3 batch=6967/13933 pred=0.010197 sigreg=0.873970 total=0.088854 grad_norm=0.3174
[train] epoch=2/3 batch=7067/13933 pred=0.010195 sigreg=0.874003 total=0.088856 grad_norm=0.3144
[train] epoch=2/3 batch=7167/13933 pred=0.010194 sigreg=0.873935 total=0.088848 grad_norm=0.3205
[train] epoch=2/3 batch=7267/13933 pred=0.010193 sigreg=0.873786 total=0.088834 grad_norm=0.3130
[train] epoch=2/3 batch=7367/13933 pred=0.010194 sigreg=0.873744 total=0.088831 grad_norm=0.3031
[train] epoch=2/3 batch=7467/13933 pred=0.010187 sigreg=0.873568 total=0.088808 grad_norm=0.3125
[train] epoch=2/3 batch=7567/13933 pred=0.010184 sigreg=0.873454 total=0.088795 grad_norm=0.3317
[train] epoch=2/3 batch=7667/13933 pred=0.010190 sigreg=0.873433 total=0.088799 grad_norm=0.3354
[train] epoch=2/3 batch=7767/13933 pred=0.010187 sigreg=0.873400 total=0.088793 grad_norm=0.3127
[train] epoch=2/3 batch=7867/13933 pred=0.010185 sigreg=0.873345 total=0.088786 grad_norm=0.3043
[train] epoch=2/3 batch=7967/13933 pred=0.010181 sigreg=0.873262 total=0.088774 grad_norm=0.3095
[train] epoch=2/3 batch=8067/13933 pred=0.010179 sigreg=0.873134 total=0.088761 grad_norm=0.3182
[train] epoch=2/3 batch=8167/13933 pred=0.010175 sigreg=0.873032 total=0.088748 grad_norm=0.3173
[train] epoch=2/3 batch=8267/13933 pred=0.010173 sigreg=0.872967 total=0.088740 grad_norm=0.3236
[train] epoch=2/3 batch=8367/13933 pred=0.010170 sigreg=0.872849 total=0.088727 grad_norm=0.2943
[train] epoch=2/3 batch=8467/13933 pred=0.010168 sigreg=0.872746 total=0.088715 grad_norm=0.2919
[train] epoch=2/3 batch=8567/13933 pred=0.010166 sigreg=0.872712 total=0.088710 grad_norm=0.3110
[train] epoch=2/3 batch=8667/13933 pred=0.010161 sigreg=0.872584 total=0.088694 grad_norm=0.2983
[train] epoch=2/3 batch=8767/13933 pred=0.010159 sigreg=0.872531 total=0.088687 grad_norm=0.2845
[train] epoch=2/3 batch=8867/13933 pred=0.010152 sigreg=0.872400 total=0.088668 grad_norm=0.3853
[train] epoch=2/3 batch=8967/13933 pred=0.010149 sigreg=0.872270 total=0.088654 grad_norm=0.3003
[train] epoch=2/3 batch=9067/13933 pred=0.010148 sigreg=0.872231 total=0.088649 grad_norm=0.2933
[train] epoch=2/3 batch=9167/13933 pred=0.010144 sigreg=0.872085 total=0.088632 grad_norm=0.2906
[train] epoch=2/3 batch=9267/13933 pred=0.010143 sigreg=0.872072 total=0.088630 grad_norm=0.2912
[train] epoch=2/3 batch=9367/13933 pred=0.010140 sigreg=0.872019 total=0.088622 grad_norm=0.2948
[train] epoch=2/3 batch=9467/13933 pred=0.010139 sigreg=0.871944 total=0.088614 grad_norm=0.3179
[train] epoch=2/3 batch=9567/13933 pred=0.010135 sigreg=0.871878 total=0.088604 grad_norm=0.2951
[train] epoch=2/3 batch=9667/13933 pred=0.010132 sigreg=0.871741 total=0.088588 grad_norm=0.3038
[train] epoch=2/3 batch=9767/13933 pred=0.010128 sigreg=0.871706 total=0.088582 grad_norm=0.2979
[train] epoch=2/3 batch=9867/13933 pred=0.010127 sigreg=0.871661 total=0.088576 grad_norm=0.3006
[train] epoch=2/3 batch=9967/13933 pred=0.010125 sigreg=0.871603 total=0.088569 grad_norm=0.2815
[train] epoch=2/3 batch=10067/13933 pred=0.010121 sigreg=0.871474 total=0.088554 grad_norm=0.3023
[train] epoch=2/3 batch=10167/13933 pred=0.010118 sigreg=0.871352 total=0.088540 grad_norm=0.2834
[train] epoch=2/3 batch=10267/13933 pred=0.010116 sigreg=0.871290 total=0.088532 grad_norm=0.2741
[train] epoch=2/3 batch=10367/13933 pred=0.010111 sigreg=0.871203 total=0.088519 grad_norm=0.3084
[train] epoch=2/3 batch=10467/13933 pred=0.010107 sigreg=0.871141 total=0.088510 grad_norm=0.3006
[train] epoch=2/3 batch=10567/13933 pred=0.010103 sigreg=0.871073 total=0.088499 grad_norm=0.3134
[train] epoch=2/3 batch=10667/13933 pred=0.010101 sigreg=0.871040 total=0.088495 grad_norm=0.2764
[train] epoch=2/3 batch=10767/13933 pred=0.010099 sigreg=0.870971 total=0.088486 grad_norm=0.3119
[train] epoch=2/3 batch=10867/13933 pred=0.010097 sigreg=0.870929 total=0.088481 grad_norm=0.3026
[train] epoch=2/3 batch=10967/13933 pred=0.010093 sigreg=0.870793 total=0.088464 grad_norm=0.2773
[train] epoch=2/3 batch=11067/13933 pred=0.010090 sigreg=0.870708 total=0.088453 grad_norm=0.2869
[train] epoch=2/3 batch=11167/13933 pred=0.010088 sigreg=0.870636 total=0.088445 grad_norm=0.3226
[train] epoch=2/3 batch=11267/13933 pred=0.010085 sigreg=0.870562 total=0.088436 grad_norm=0.3019
[train] epoch=2/3 batch=11367/13933 pred=0.010082 sigreg=0.870489 total=0.088426 grad_norm=0.2938
[train] epoch=2/3 batch=11467/13933 pred=0.010079 sigreg=0.870450 total=0.088419 grad_norm=0.3259
[train] epoch=2/3 batch=11567/13933 pred=0.010076 sigreg=0.870363 total=0.088409 grad_norm=0.3091
[train] epoch=2/3 batch=11667/13933 pred=0.010074 sigreg=0.870236 total=0.088395 grad_norm=0.3014
[train] epoch=2/3 batch=11767/13933 pred=0.010071 sigreg=0.870168 total=0.088386 grad_norm=0.2910
[train] epoch=2/3 batch=11867/13933 pred=0.010067 sigreg=0.870093 total=0.088375 grad_norm=0.2989
[train] epoch=2/3 batch=11967/13933 pred=0.010063 sigreg=0.869956 total=0.088359 grad_norm=0.2881
[train] epoch=2/3 batch=12067/13933 pred=0.010060 sigreg=0.869874 total=0.088349 grad_norm=0.3092
[train] epoch=2/3 batch=12167/13933 pred=0.010057 sigreg=0.869774 total=0.088337 grad_norm=0.3088
[train] epoch=2/3 batch=12267/13933 pred=0.010055 sigreg=0.869691 total=0.088327 grad_norm=0.2868
[train] epoch=2/3 batch=12367/13933 pred=0.010050 sigreg=0.869593 total=0.088313 grad_norm=0.3039
[train] epoch=2/3 batch=12467/13933 pred=0.010046 sigreg=0.869478 total=0.088299 grad_norm=0.3118
[train] epoch=2/3 batch=12567/13933 pred=0.010045 sigreg=0.869437 total=0.088294 grad_norm=0.2912
[train] epoch=2/3 batch=12667/13933 pred=0.010043 sigreg=0.869390 total=0.088288 grad_norm=0.2915
[train] epoch=2/3 batch=12767/13933 pred=0.010040 sigreg=0.869299 total=0.088277 grad_norm=0.2892
[train] epoch=2/3 batch=12867/13933 pred=0.010039 sigreg=0.869211 total=0.088267 grad_norm=0.3039
[train] epoch=2/3 batch=12967/13933 pred=0.010037 sigreg=0.869193 total=0.088264 grad_norm=0.3025
[train] epoch=2/3 batch=13067/13933 pred=0.010033 sigreg=0.869103 total=0.088252 grad_norm=0.2773
[train] epoch=2/3 batch=13167/13933 pred=0.010032 sigreg=0.869066 total=0.088248 grad_norm=0.2981
[train] epoch=2/3 batch=13267/13933 pred=0.010028 sigreg=0.868966 total=0.088235 grad_norm=0.2874
[train] epoch=2/3 batch=13367/13933 pred=0.010023 sigreg=0.868883 total=0.088223 grad_norm=0.2890
[train] epoch=2/3 batch=13467/13933 pred=0.010020 sigreg=0.868850 total=0.088216 grad_norm=0.3100
[train] epoch=2/3 batch=13567/13933 pred=0.010018 sigreg=0.868790 total=0.088209 grad_norm=0.2838
[train] epoch=2/3 batch=13667/13933 pred=0.010014 sigreg=0.868770 total=0.088203 grad_norm=0.3489
[train] epoch=2/3 batch=13767/13933 pred=0.010012 sigreg=0.868680 total=0.088193 grad_norm=0.3725
[train] epoch=2/3 batch=13867/13933 pred=0.010009 sigreg=0.868626 total=0.088186 grad_norm=0.3118
[train] epoch=3/3 batch=34/13933 pred=0.009700 sigreg=0.862767 total=0.087349 grad_norm=0.2889
[train] epoch=3/3 batch=134/13933 pred=0.009615 sigreg=0.859364 total=0.086958 grad_norm=0.2957
[train] epoch=3/3 batch=234/13933 pred=0.009638 sigreg=0.860769 total=0.087107 grad_norm=0.2884
[train] epoch=3/3 batch=334/13933 pred=0.009590 sigreg=0.858751 total=0.086877 grad_norm=0.2775
[train] epoch=3/3 batch=434/13933 pred=0.009562 sigreg=0.857769 total=0.086761 grad_norm=0.3070
[train] epoch=3/3 batch=534/13933 pred=0.009559 sigreg=0.856223 total=0.086619 grad_norm=0.3017
[train] epoch=3/3 batch=634/13933 pred=0.009536 sigreg=0.855472 total=0.086528 grad_norm=0.2690
[train] epoch=3/3 batch=734/13933 pred=0.009493 sigreg=0.855492 total=0.086487 grad_norm=0.3094
[train] epoch=3/3 batch=834/13933 pred=0.009487 sigreg=0.855893 total=0.086518 grad_norm=0.3140
[train] epoch=3/3 batch=934/13933 pred=0.009469 sigreg=0.856087 total=0.086517 grad_norm=0.3065
[train] epoch=3/3 batch=1034/13933 pred=0.009482 sigreg=0.856461 total=0.086563 grad_norm=0.3604
[train] epoch=3/3 batch=1134/13933 pred=0.009498 sigreg=0.856885 total=0.086618 grad_norm=0.3054
[train] epoch=3/3 batch=1234/13933 pred=0.009470 sigreg=0.857219 total=0.086620 grad_norm=0.2857
[train] epoch=3/3 batch=1334/13933 pred=0.009475 sigreg=0.857241 total=0.086627 grad_norm=0.3119
[train] epoch=3/3 batch=1434/13933 pred=0.009518 sigreg=0.857358 total=0.086680 grad_norm=0.3141
[train] epoch=3/3 batch=1534/13933 pred=0.009541 sigreg=0.857598 total=0.086725 grad_norm=0.3173
[train] epoch=3/3 batch=1634/13933 pred=0.009544 sigreg=0.857875 total=0.086753 grad_norm=0.2762
[train] epoch=3/3 batch=1734/13933 pred=0.009551 sigreg=0.857534 total=0.086729 grad_norm=0.2943
[train] epoch=3/3 batch=1834/13933 pred=0.009537 sigreg=0.857317 total=0.086696 grad_norm=0.3382
[train] epoch=3/3 batch=1934/13933 pred=0.009538 sigreg=0.857223 total=0.086688 grad_norm=0.3020
[train] epoch=3/3 batch=2034/13933 pred=0.009526 sigreg=0.857097 total=0.086664 grad_norm=0.2999
[train] epoch=3/3 batch=2134/13933 pred=0.009529 sigreg=0.856810 total=0.086642 grad_norm=0.2700
[train] epoch=3/3 batch=2234/13933 pred=0.009533 sigreg=0.857044 total=0.086667 grad_norm=0.2839
[train] epoch=3/3 batch=2334/13933 pred=0.009523 sigreg=0.856884 total=0.086643 grad_norm=0.2941
[train] epoch=3/3 batch=2434/13933 pred=0.009535 sigreg=0.857060 total=0.086670 grad_norm=0.2716
[train] epoch=3/3 batch=2534/13933 pred=0.009532 sigreg=0.856966 total=0.086659 grad_norm=0.3060
[train] epoch=3/3 batch=2634/13933 pred=0.009527 sigreg=0.856562 total=0.086617 grad_norm=0.2657
[train] epoch=3/3 batch=2734/13933 pred=0.009522 sigreg=0.856391 total=0.086598 grad_norm=0.2866
[train] epoch=3/3 batch=2834/13933 pred=0.009514 sigreg=0.856244 total=0.086576 grad_norm=0.3257
[train] epoch=3/3 batch=2934/13933 pred=0.009516 sigreg=0.856162 total=0.086571 grad_norm=0.2839
[train] epoch=3/3 batch=3034/13933 pred=0.009514 sigreg=0.856158 total=0.086568 grad_norm=0.2988
[train] epoch=3/3 batch=3134/13933 pred=0.009512 sigreg=0.856230 total=0.086573 grad_norm=0.2930
[train] epoch=3/3 batch=3234/13933 pred=0.009508 sigreg=0.856192 total=0.086566 grad_norm=0.3137
[train] epoch=3/3 batch=3334/13933 pred=0.009498 sigreg=0.856252 total=0.086561 grad_norm=0.3108
[train] epoch=3/3 batch=3434/13933 pred=0.009500 sigreg=0.856376 total=0.086574 grad_norm=0.2926
[train] epoch=3/3 batch=3534/13933 pred=0.009499 sigreg=0.856298 total=0.086566 grad_norm=0.3003
[train] epoch=3/3 batch=3634/13933 pred=0.009492 sigreg=0.856243 total=0.086554 grad_norm=0.3237
[train] epoch=3/3 batch=3734/13933 pred=0.009491 sigreg=0.856201 total=0.086549 grad_norm=0.2764
[train] epoch=3/3 batch=3834/13933 pred=0.009493 sigreg=0.856269 total=0.086558 grad_norm=0.3283
[train] epoch=3/3 batch=3934/13933 pred=0.009489 sigreg=0.856171 total=0.086544 grad_norm=0.3186
[train] epoch=3/3 batch=4034/13933 pred=0.009481 sigreg=0.856135 total=0.086534 grad_norm=0.2740
[train] epoch=3/3 batch=4134/13933 pred=0.009475 sigreg=0.856035 total=0.086518 grad_norm=0.2989
[train] epoch=3/3 batch=4234/13933 pred=0.009476 sigreg=0.855929 total=0.086509 grad_norm=0.2711
[train] epoch=3/3 batch=4334/13933 pred=0.009470 sigreg=0.855886 total=0.086500 grad_norm=0.3101
[train] epoch=3/3 batch=4434/13933 pred=0.009469 sigreg=0.855818 total=0.086493 grad_norm=0.3055
[train] epoch=3/3 batch=4534/13933 pred=0.009466 sigreg=0.855669 total=0.086476 grad_norm=0.2857
[train] epoch=3/3 batch=4634/13933 pred=0.009462 sigreg=0.855585 total=0.086465 grad_norm=0.2994
[train] epoch=3/3 batch=4734/13933 pred=0.009457 sigreg=0.855572 total=0.086459 grad_norm=0.3140
[train] epoch=3/3 batch=4834/13933 pred=0.009453 sigreg=0.855483 total=0.086447 grad_norm=0.2853
[train] epoch=3/3 batch=4934/13933 pred=0.009448 sigreg=0.855370 total=0.086432 grad_norm=0.2792
[train] epoch=3/3 batch=5034/13933 pred=0.009446 sigreg=0.855297 total=0.086422 grad_norm=0.2924
[train] epoch=3/3 batch=5134/13933 pred=0.009439 sigreg=0.855255 total=0.086412 grad_norm=0.3115
[train] epoch=3/3 batch=5234/13933 pred=0.009444 sigreg=0.855269 total=0.086419 grad_norm=0.3076
[train] epoch=3/3 batch=5334/13933 pred=0.009441 sigreg=0.855162 total=0.086405 grad_norm=0.2972
[train] epoch=3/3 batch=5434/13933 pred=0.009437 sigreg=0.855094 total=0.086395 grad_norm=0.3085
[train] epoch=3/3 batch=5534/13933 pred=0.009432 sigreg=0.855097 total=0.086391 grad_norm=0.3103
[train] epoch=3/3 batch=5634/13933 pred=0.009425 sigreg=0.854992 total=0.086375 grad_norm=0.2703
[train] epoch=3/3 batch=5734/13933 pred=0.009421 sigreg=0.854977 total=0.086369 grad_norm=0.2559
[train] epoch=3/3 batch=5834/13933 pred=0.009419 sigreg=0.854924 total=0.086362 grad_norm=0.2886
[train] epoch=3/3 batch=5934/13933 pred=0.009413 sigreg=0.854828 total=0.086348 grad_norm=0.2978
[train] epoch=3/3 batch=6034/13933 pred=0.009415 sigreg=0.854737 total=0.086341 grad_norm=0.2569
[train] epoch=3/3 batch=6134/13933 pred=0.009413 sigreg=0.854673 total=0.086334 grad_norm=0.2934
[train] epoch=3/3 batch=6234/13933 pred=0.009415 sigreg=0.854614 total=0.086330 grad_norm=0.2840
[train] epoch=3/3 batch=6334/13933 pred=0.009409 sigreg=0.854588 total=0.086321 grad_norm=0.3125
[train] epoch=3/3 batch=6434/13933 pred=0.009407 sigreg=0.854493 total=0.086312 grad_norm=0.2422
[train] epoch=3/3 batch=6534/13933 pred=0.009404 sigreg=0.854513 total=0.086311 grad_norm=0.2823
[train] epoch=3/3 batch=6634/13933 pred=0.009396 sigreg=0.854371 total=0.086290 grad_norm=0.2947
[train] epoch=3/3 batch=6734/13933 pred=0.009390 sigreg=0.854261 total=0.086273 grad_norm=0.2785
[train] epoch=3/3 batch=6834/13933 pred=0.009385 sigreg=0.854130 total=0.086257 grad_norm=0.2879
[train] epoch=3/3 batch=6934/13933 pred=0.009389 sigreg=0.854079 total=0.086256 grad_norm=0.2926
[train] epoch=3/3 batch=7034/13933 pred=0.009389 sigreg=0.854050 total=0.086254 grad_norm=0.3076
[train] epoch=3/3 batch=7134/13933 pred=0.009388 sigreg=0.854099 total=0.086257 grad_norm=0.2956
[train] epoch=3/3 batch=7234/13933 pred=0.009388 sigreg=0.854104 total=0.086257 grad_norm=0.2742
[train] epoch=3/3 batch=7334/13933 pred=0.009388 sigreg=0.854149 total=0.086262 grad_norm=0.2675
[train] epoch=3/3 batch=7434/13933 pred=0.009384 sigreg=0.854065 total=0.086250 grad_norm=0.2916
[train] epoch=3/3 batch=7534/13933 pred=0.009381 sigreg=0.853944 total=0.086236 grad_norm=0.2781
[train] epoch=3/3 batch=7634/13933 pred=0.009381 sigreg=0.853915 total=0.086233 grad_norm=0.2917
[train] epoch=3/3 batch=7734/13933 pred=0.009380 sigreg=0.853932 total=0.086234 grad_norm=0.2571
[train] epoch=3/3 batch=7834/13933 pred=0.009376 sigreg=0.853868 total=0.086225 grad_norm=0.2771
[train] epoch=3/3 batch=7934/13933 pred=0.009373 sigreg=0.853833 total=0.086218 grad_norm=0.2808
[train] epoch=3/3 batch=8034/13933 pred=0.009371 sigreg=0.853930 total=0.086225 grad_norm=0.2976
[train] epoch=3/3 batch=8134/13933 pred=0.009372 sigreg=0.853889 total=0.086222 grad_norm=0.3113
[train] epoch=3/3 batch=8234/13933 pred=0.009369 sigreg=0.853861 total=0.086217 grad_norm=0.2776
[train] epoch=3/3 batch=8334/13933 pred=0.009367 sigreg=0.853795 total=0.086209 grad_norm=0.2885
[train] epoch=3/3 batch=8434/13933 pred=0.009368 sigreg=0.853741 total=0.086204 grad_norm=0.3027
[train] epoch=3/3 batch=8534/13933 pred=0.009365 sigreg=0.853745 total=0.086202 grad_norm=0.2934
[train] epoch=3/3 batch=8634/13933 pred=0.009363 sigreg=0.853680 total=0.086194 grad_norm=0.2946
[train] epoch=3/3 batch=8734/13933 pred=0.009361 sigreg=0.853647 total=0.086189 grad_norm=0.2921
[train] epoch=3/3 batch=8834/13933 pred=0.009362 sigreg=0.853647 total=0.086190 grad_norm=0.2847
[train] epoch=3/3 batch=8934/13933 pred=0.009361 sigreg=0.853601 total=0.086185 grad_norm=0.3095
[train] epoch=3/3 batch=9034/13933 pred=0.009357 sigreg=0.853504 total=0.086173 grad_norm=0.3081
[train] epoch=3/3 batch=9134/13933 pred=0.009356 sigreg=0.853419 total=0.086164 grad_norm=0.2809
[train] epoch=3/3 batch=9234/13933 pred=0.009354 sigreg=0.853374 total=0.086157 grad_norm=0.3070
[train] epoch=3/3 batch=9334/13933 pred=0.009352 sigreg=0.853393 total=0.086157 grad_norm=0.2809
[train] epoch=3/3 batch=9434/13933 pred=0.009351 sigreg=0.853367 total=0.086154 grad_norm=0.2803
[train] epoch=3/3 batch=9534/13933 pred=0.009348 sigreg=0.853313 total=0.086146 grad_norm=0.2433
[train] epoch=3/3 batch=9634/13933 pred=0.009346 sigreg=0.853277 total=0.086141 grad_norm=0.2958
[train] epoch=3/3 batch=9734/13933 pred=0.009344 sigreg=0.853251 total=0.086136 grad_norm=0.2804
[train] epoch=3/3 batch=9834/13933 pred=0.009341 sigreg=0.853196 total=0.086128 grad_norm=0.2972
[train] epoch=3/3 batch=9934/13933 pred=0.009337 sigreg=0.853142 total=0.086120 grad_norm=0.2856
[train] epoch=3/3 batch=10034/13933 pred=0.009334 sigreg=0.853077 total=0.086111 grad_norm=0.2999
[train] epoch=3/3 batch=10134/13933 pred=0.009331 sigreg=0.853051 total=0.086106 grad_norm=0.3069
[train] epoch=3/3 batch=10234/13933 pred=0.009329 sigreg=0.852986 total=0.086098 grad_norm=0.3033
[train] epoch=3/3 batch=10334/13933 pred=0.009328 sigreg=0.852920 total=0.086091 grad_norm=0.2789
[train] epoch=3/3 batch=10434/13933 pred=0.009325 sigreg=0.852878 total=0.086085 grad_norm=0.3134
[train] epoch=3/3 batch=10534/13933 pred=0.009320 sigreg=0.852832 total=0.086075 grad_norm=0.3086
[train] epoch=3/3 batch=10634/13933 pred=0.009317 sigreg=0.852863 total=0.086074 grad_norm=0.2841
[train] epoch=3/3 batch=10734/13933 pred=0.009316 sigreg=0.852769 total=0.086066 grad_norm=0.2732
[train] epoch=3/3 batch=10834/13933 pred=0.009315 sigreg=0.852738 total=0.086062 grad_norm=0.3460
[train] epoch=3/3 batch=10934/13933 pred=0.009314 sigreg=0.852710 total=0.086058 grad_norm=0.2708
[train] epoch=3/3 batch=11034/13933 pred=0.009313 sigreg=0.852693 total=0.086056 grad_norm=0.2871
[train] epoch=3/3 batch=11134/13933 pred=0.009311 sigreg=0.852595 total=0.086045 grad_norm=0.2793
[train] epoch=3/3 batch=11234/13933 pred=0.009308 sigreg=0.852542 total=0.086037 grad_norm=0.2878
[train] epoch=3/3 batch=11334/13933 pred=0.009307 sigreg=0.852526 total=0.086034 grad_norm=0.2891
[train] epoch=3/3 batch=11434/13933 pred=0.009306 sigreg=0.852484 total=0.086029 grad_norm=0.2817
[train] epoch=3/3 batch=11534/13933 pred=0.009301 sigreg=0.852397 total=0.086017 grad_norm=0.2589
[train] epoch=3/3 batch=11634/13933 pred=0.009298 sigreg=0.852339 total=0.086009 grad_norm=0.2785
[train] epoch=3/3 batch=11734/13933 pred=0.009296 sigreg=0.852276 total=0.086001 grad_norm=0.2659
[train] epoch=3/3 batch=11834/13933 pred=0.009298 sigreg=0.852241 total=0.086000 grad_norm=0.2777
[train] epoch=3/3 batch=11934/13933 pred=0.009296 sigreg=0.852139 total=0.085989 grad_norm=0.2713
[train] epoch=3/3 batch=12034/13933 pred=0.009294 sigreg=0.852117 total=0.085985 grad_norm=0.2828
[train] epoch=3/3 batch=12134/13933 pred=0.009292 sigreg=0.852056 total=0.085977 grad_norm=0.2953
[train] epoch=3/3 batch=12234/13933 pred=0.009289 sigreg=0.851953 total=0.085964 grad_norm=0.3059
[train] epoch=3/3 batch=12334/13933 pred=0.009286 sigreg=0.851868 total=0.085954 grad_norm=0.2820
[train] epoch=3/3 batch=12434/13933 pred=0.009281 sigreg=0.851817 total=0.085945 grad_norm=0.2882
[train] epoch=3/3 batch=12534/13933 pred=0.009280 sigreg=0.851735 total=0.085936 grad_norm=0.2821
[train] epoch=3/3 batch=12634/13933 pred=0.009277 sigreg=0.851679 total=0.085928 grad_norm=0.2856
[train] epoch=3/3 batch=12734/13933 pred=0.009275 sigreg=0.851636 total=0.085922 grad_norm=0.2805
[train] epoch=3/3 batch=12834/13933 pred=0.009274 sigreg=0.851635 total=0.085921 grad_norm=0.2688
[train] epoch=3/3 batch=12934/13933 pred=0.009273 sigreg=0.851553 total=0.085912 grad_norm=0.3064
[train] epoch=3/3 batch=13034/13933 pred=0.009270 sigreg=0.851541 total=0.085908 grad_norm=0.2967
[train] epoch=3/3 batch=13134/13933 pred=0.009267 sigreg=0.851502 total=0.085903 grad_norm=0.2694
[train] epoch=3/3 batch=13234/13933 pred=0.009265 sigreg=0.851433 total=0.085894 grad_norm=0.3049
[train] epoch=3/3 batch=13334/13933 pred=0.009261 sigreg=0.851336 total=0.085882 grad_norm=0.2663
[train] epoch=3/3 batch=13434/13933 pred=0.009258 sigreg=0.851269 total=0.085872 grad_norm=0.2749
[train] epoch=3/3 batch=13534/13933 pred=0.009256 sigreg=0.851275 total=0.085871 grad_norm=0.2794
[train] epoch=3/3 batch=13634/13933 pred=0.009254 sigreg=0.851224 total=0.085864 grad_norm=0.2804
[train] epoch=3/3 batch=13734/13933 pred=0.009251 sigreg=0.851137 total=0.085853 grad_norm=0.2653
[train] epoch=3/3 batch=13834/13933 pred=0.009249 sigreg=0.851074 total=0.085846 grad_norm=0.3297
[done] checkpoint=experiments/pusht/matrix/training/joint/train625/joint_continue_object.ckpt formal_full_epoch=True training_sec=14431.6
