01:39:07 | INFO  | __init__.py | JAX version 0.6.2 available.
01:39:09 | INFO  | atomic_chec~| [atomic_save] installed crash-safe checkpoint plugin (write to sibling .tmp + fsync + atomic rename)
01:39:09 | INFO  | __init__.py | Cached 'action' from '/data/sicong/weitao/datasets/lewm/pusht_expert_train.h5'
01:39:09 | INFO  | __init__.py | Cached 'proprio' from '/data/sicong/weitao/datasets/lewm/pusht_expert_train.h5'
/data/sicong/weitao/le-wm/.venv/lib/python3.10/site-packages/lance/__init__.py:320: UserWarning: lance is not fork-safe. If you are using multiprocessing, use spawn or forkserver instead.
  warnings.warn(
/data/sicong/anaconda3/lib/python3.10/multiprocessing/popen_fork.py:66: RuntimeWarning: lancedb fork support is experimental: the internal async runtime has been reset in the forked child, but a small chance of deadlock remains if other state was mid-operation at fork time. The 'forkserver' or 'spawn' multiprocessing start method is likely a safer alternative.
  self.pid = os.fork()
/data/sicong/anaconda3/lib/python3.10/multiprocessing/popen_fork.py:66: RuntimeWarning: lancedb fork support is experimental: the internal async runtime has been reset in the forked child, but a small chance of deadlock remains if other state was mid-operation at fork time. The 'forkserver' or 'spawn' multiprocessing start method is likely a safer alternative.
  self.pid = os.fork()
/data/sicong/anaconda3/lib/python3.10/multiprocessing/popen_fork.py:66: RuntimeWarning: lancedb fork support is experimental: the internal async runtime has been reset in the forked child, but a small chance of deadlock remains if other state was mid-operation at fork time. The 'forkserver' or 'spawn' multiprocessing start method is likely a safer alternative.
  self.pid = os.fork()
/data/sicong/anaconda3/lib/python3.10/multiprocessing/popen_fork.py:66: RuntimeWarning: lancedb fork support is experimental: the internal async runtime has been reset in the forked child, but a small chance of deadlock remains if other state was mid-operation at fork time. The 'forkserver' or 'spawn' multiprocessing start method is likely a safer alternative.
  self.pid = os.fork()
[train] epoch=1/3 batch=1/13933 pred=0.010528 sigreg=0.896402 total=0.091205 grad_norm=0.3529
[train] epoch=1/3 batch=100/13933 pred=0.012221 sigreg=0.903459 total=0.093532 grad_norm=0.3096
[train] epoch=1/3 batch=200/13933 pred=0.011927 sigreg=0.905581 total=0.093430 grad_norm=0.3409
[train] epoch=1/3 batch=300/13933 pred=0.011875 sigreg=0.904822 total=0.093309 grad_norm=0.3707
[train] epoch=1/3 batch=400/13933 pred=0.011861 sigreg=0.903838 total=0.093206 grad_norm=0.3377
[train] epoch=1/3 batch=500/13933 pred=0.011804 sigreg=0.905053 total=0.093259 grad_norm=0.3510
[train] epoch=1/3 batch=600/13933 pred=0.011766 sigreg=0.904907 total=0.093208 grad_norm=0.3407
[train] epoch=1/3 batch=700/13933 pred=0.011762 sigreg=0.904853 total=0.093199 grad_norm=0.3255
[train] epoch=1/3 batch=800/13933 pred=0.011723 sigreg=0.904577 total=0.093135 grad_norm=0.3345
[train] epoch=1/3 batch=900/13933 pred=0.011734 sigreg=0.904547 total=0.093144 grad_norm=0.4014
[train] epoch=1/3 batch=1000/13933 pred=0.011703 sigreg=0.904144 total=0.093076 grad_norm=0.3438
[train] epoch=1/3 batch=1100/13933 pred=0.011686 sigreg=0.904526 total=0.093093 grad_norm=0.3265
[train] epoch=1/3 batch=1200/13933 pred=0.011702 sigreg=0.904546 total=0.093112 grad_norm=0.3597
[train] epoch=1/3 batch=1300/13933 pred=0.011702 sigreg=0.904196 total=0.093080 grad_norm=0.3482
[train] epoch=1/3 batch=1400/13933 pred=0.011685 sigreg=0.904204 total=0.093063 grad_norm=0.3460
[train] epoch=1/3 batch=1500/13933 pred=0.011667 sigreg=0.904218 total=0.093047 grad_norm=0.3593
[train] epoch=1/3 batch=1600/13933 pred=0.011636 sigreg=0.903894 total=0.092986 grad_norm=0.3491
[train] epoch=1/3 batch=1700/13933 pred=0.011615 sigreg=0.903691 total=0.092948 grad_norm=0.3213
[train] epoch=1/3 batch=1800/13933 pred=0.011601 sigreg=0.903563 total=0.092922 grad_norm=0.3492
[train] epoch=1/3 batch=1900/13933 pred=0.011587 sigreg=0.903368 total=0.092890 grad_norm=0.3518
[train] epoch=1/3 batch=2000/13933 pred=0.011578 sigreg=0.903152 total=0.092861 grad_norm=0.3515
[train] epoch=1/3 batch=2100/13933 pred=0.011606 sigreg=0.903132 total=0.092888 grad_norm=0.3372
[train] epoch=1/3 batch=2200/13933 pred=0.011598 sigreg=0.902970 total=0.092865 grad_norm=0.3201
[train] epoch=1/3 batch=2300/13933 pred=0.011593 sigreg=0.902953 total=0.092859 grad_norm=0.3501
[train] epoch=1/3 batch=2400/13933 pred=0.011586 sigreg=0.902701 total=0.092829 grad_norm=0.3249
[train] epoch=1/3 batch=2500/13933 pred=0.011575 sigreg=0.902590 total=0.092808 grad_norm=0.4435
[train] epoch=1/3 batch=2600/13933 pred=0.011555 sigreg=0.902253 total=0.092758 grad_norm=0.3518
[train] epoch=1/3 batch=2700/13933 pred=0.011533 sigreg=0.902231 total=0.092733 grad_norm=0.3758
[train] epoch=1/3 batch=2800/13933 pred=0.011515 sigreg=0.902146 total=0.092708 grad_norm=0.3338
[train] epoch=1/3 batch=2900/13933 pred=0.011504 sigreg=0.901967 total=0.092681 grad_norm=0.3583
[train] epoch=1/3 batch=3000/13933 pred=0.011499 sigreg=0.901934 total=0.092673 grad_norm=0.3207
[train] epoch=1/3 batch=3100/13933 pred=0.011496 sigreg=0.901929 total=0.092669 grad_norm=0.5449
[train] epoch=1/3 batch=3200/13933 pred=0.011491 sigreg=0.901936 total=0.092665 grad_norm=0.2957
[train] epoch=1/3 batch=3300/13933 pred=0.011487 sigreg=0.901873 total=0.092656 grad_norm=0.3309
[train] epoch=1/3 batch=3400/13933 pred=0.011477 sigreg=0.901830 total=0.092641 grad_norm=0.3649
[train] epoch=1/3 batch=3500/13933 pred=0.011476 sigreg=0.901603 total=0.092620 grad_norm=0.3327
[train] epoch=1/3 batch=3600/13933 pred=0.011475 sigreg=0.901421 total=0.092603 grad_norm=0.3338
[train] epoch=1/3 batch=3700/13933 pred=0.011470 sigreg=0.901245 total=0.092582 grad_norm=0.3380
[train] epoch=1/3 batch=3800/13933 pred=0.011466 sigreg=0.901142 total=0.092568 grad_norm=0.3388
[train] epoch=1/3 batch=3900/13933 pred=0.011463 sigreg=0.901000 total=0.092553 grad_norm=0.3286
[train] epoch=1/3 batch=4000/13933 pred=0.011460 sigreg=0.900897 total=0.092541 grad_norm=0.3222
[train] epoch=1/3 batch=4100/13933 pred=0.011455 sigreg=0.900939 total=0.092539 grad_norm=0.3521
[train] epoch=1/3 batch=4200/13933 pred=0.011454 sigreg=0.900852 total=0.092530 grad_norm=0.3423
[train] epoch=1/3 batch=4300/13933 pred=0.011447 sigreg=0.900829 total=0.092521 grad_norm=0.3241
[train] epoch=1/3 batch=4400/13933 pred=0.011448 sigreg=0.900767 total=0.092517 grad_norm=0.3559
[train] epoch=1/3 batch=4500/13933 pred=0.011445 sigreg=0.900779 total=0.092515 grad_norm=0.3498
[train] epoch=1/3 batch=4600/13933 pred=0.011439 sigreg=0.900678 total=0.092500 grad_norm=0.3409
[train] epoch=1/3 batch=4700/13933 pred=0.011433 sigreg=0.900706 total=0.092496 grad_norm=0.3324
[train] epoch=1/3 batch=4800/13933 pred=0.011432 sigreg=0.900615 total=0.092487 grad_norm=0.3221
[train] epoch=1/3 batch=4900/13933 pred=0.011432 sigreg=0.900585 total=0.092484 grad_norm=0.3841
[train] epoch=1/3 batch=5000/13933 pred=0.011426 sigreg=0.900493 total=0.092470 grad_norm=0.3036
[train] epoch=1/3 batch=5100/13933 pred=0.011422 sigreg=0.900362 total=0.092455 grad_norm=0.3158
[train] epoch=1/3 batch=5200/13933 pred=0.011413 sigreg=0.900082 total=0.092420 grad_norm=0.3163
[train] epoch=1/3 batch=5300/13933 pred=0.011410 sigreg=0.900076 total=0.092417 grad_norm=0.3243
[train] epoch=1/3 batch=5400/13933 pred=0.011405 sigreg=0.900025 total=0.092408 grad_norm=0.3188
[train] epoch=1/3 batch=5500/13933 pred=0.011405 sigreg=0.899956 total=0.092401 grad_norm=0.3104
[train] epoch=1/3 batch=5600/13933 pred=0.011397 sigreg=0.899864 total=0.092384 grad_norm=0.3497
[train] epoch=1/3 batch=5700/13933 pred=0.011389 sigreg=0.899747 total=0.092366 grad_norm=0.3200
[train] epoch=1/3 batch=5800/13933 pred=0.011384 sigreg=0.899587 total=0.092347 grad_norm=0.4288
[train] epoch=1/3 batch=5900/13933 pred=0.011377 sigreg=0.899468 total=0.092329 grad_norm=0.3395
[train] epoch=1/3 batch=6000/13933 pred=0.011377 sigreg=0.899433 total=0.092326 grad_norm=0.3544
[train] epoch=1/3 batch=6100/13933 pred=0.011373 sigreg=0.899398 total=0.092319 grad_norm=0.3130
[train] epoch=1/3 batch=6200/13933 pred=0.011369 sigreg=0.899302 total=0.092306 grad_norm=0.2886
[train] epoch=1/3 batch=6300/13933 pred=0.011362 sigreg=0.899185 total=0.092289 grad_norm=0.3361
[train] epoch=1/3 batch=6400/13933 pred=0.011354 sigreg=0.899046 total=0.092268 grad_norm=0.3048
[train] epoch=1/3 batch=6500/13933 pred=0.011348 sigreg=0.899064 total=0.092263 grad_norm=0.3806
[train] epoch=1/3 batch=6600/13933 pred=0.011339 sigreg=0.898984 total=0.092248 grad_norm=0.3169
[train] epoch=1/3 batch=6700/13933 pred=0.011334 sigreg=0.898885 total=0.092234 grad_norm=0.3208
[train] epoch=1/3 batch=6800/13933 pred=0.011331 sigreg=0.898856 total=0.092228 grad_norm=0.3365
[train] epoch=1/3 batch=6900/13933 pred=0.011325 sigreg=0.898760 total=0.092213 grad_norm=0.3340
[train] epoch=1/3 batch=7000/13933 pred=0.011326 sigreg=0.898689 total=0.092208 grad_norm=0.3616
[train] epoch=1/3 batch=7100/13933 pred=0.011317 sigreg=0.898488 total=0.092181 grad_norm=0.4118
[train] epoch=1/3 batch=7200/13933 pred=0.011310 sigreg=0.898346 total=0.092161 grad_norm=0.3338
[train] epoch=1/3 batch=7300/13933 pred=0.011308 sigreg=0.898298 total=0.092155 grad_norm=0.3064
[train] epoch=1/3 batch=7400/13933 pred=0.011301 sigreg=0.898186 total=0.092137 grad_norm=0.3048
[train] epoch=1/3 batch=7500/13933 pred=0.011298 sigreg=0.898089 total=0.092126 grad_norm=0.3371
[train] epoch=1/3 batch=7600/13933 pred=0.011297 sigreg=0.898012 total=0.092118 grad_norm=0.3653
[train] epoch=1/3 batch=7700/13933 pred=0.011292 sigreg=0.897922 total=0.092105 grad_norm=0.3162
[train] epoch=1/3 batch=7800/13933 pred=0.011285 sigreg=0.897755 total=0.092083 grad_norm=0.3194
[train] epoch=1/3 batch=7900/13933 pred=0.011279 sigreg=0.897588 total=0.092062 grad_norm=0.3142
[train] epoch=1/3 batch=8000/13933 pred=0.011274 sigreg=0.897477 total=0.092047 grad_norm=0.3470
[train] epoch=1/3 batch=8100/13933 pred=0.011269 sigreg=0.897389 total=0.092034 grad_norm=0.2766
[train] epoch=1/3 batch=8200/13933 pred=0.011264 sigreg=0.897337 total=0.092025 grad_norm=0.3076
[train] epoch=1/3 batch=8300/13933 pred=0.011259 sigreg=0.897261 total=0.092013 grad_norm=0.3093
[train] epoch=1/3 batch=8400/13933 pred=0.011253 sigreg=0.897182 total=0.091999 grad_norm=0.3465
[train] epoch=1/3 batch=8500/13933 pred=0.011246 sigreg=0.897064 total=0.091982 grad_norm=0.3161
[train] epoch=1/3 batch=8600/13933 pred=0.011240 sigreg=0.896937 total=0.091964 grad_norm=0.3119
[train] epoch=1/3 batch=8700/13933 pred=0.011236 sigreg=0.896892 total=0.091956 grad_norm=0.2927
[train] epoch=1/3 batch=8800/13933 pred=0.011228 sigreg=0.896798 total=0.091940 grad_norm=0.3389
[train] epoch=1/3 batch=8900/13933 pred=0.011224 sigreg=0.896650 total=0.091923 grad_norm=0.3526
[train] epoch=1/3 batch=9000/13933 pred=0.011222 sigreg=0.896559 total=0.091913 grad_norm=0.3327
[train] epoch=1/3 batch=9100/13933 pred=0.011221 sigreg=0.896445 total=0.091901 grad_norm=0.3438
[train] epoch=1/3 batch=9200/13933 pred=0.011217 sigreg=0.896340 total=0.091888 grad_norm=0.3165
[train] epoch=1/3 batch=9300/13933 pred=0.011212 sigreg=0.896181 total=0.091868 grad_norm=0.2928
[train] epoch=1/3 batch=9400/13933 pred=0.011205 sigreg=0.896109 total=0.091855 grad_norm=0.3093
[train] epoch=1/3 batch=9500/13933 pred=0.011199 sigreg=0.895972 total=0.091836 grad_norm=0.3023
[train] epoch=1/3 batch=9600/13933 pred=0.011196 sigreg=0.895922 total=0.091829 grad_norm=0.3639
[train] epoch=1/3 batch=9700/13933 pred=0.011192 sigreg=0.895817 total=0.091816 grad_norm=0.3326
[train] epoch=1/3 batch=9800/13933 pred=0.011186 sigreg=0.895730 total=0.091802 grad_norm=0.3592
[train] epoch=1/3 batch=9900/13933 pred=0.011183 sigreg=0.895639 total=0.091791 grad_norm=0.3324
[train] epoch=1/3 batch=10000/13933 pred=0.011179 sigreg=0.895538 total=0.091778 grad_norm=0.3381
[train] epoch=1/3 batch=10100/13933 pred=0.011175 sigreg=0.895448 total=0.091765 grad_norm=0.4096
[train] epoch=1/3 batch=10200/13933 pred=0.011169 sigreg=0.895360 total=0.091751 grad_norm=0.3151
[train] epoch=1/3 batch=10300/13933 pred=0.011164 sigreg=0.895233 total=0.091735 grad_norm=0.3067
[train] epoch=1/3 batch=10400/13933 pred=0.011162 sigreg=0.895205 total=0.091730 grad_norm=0.3519
[train] epoch=1/3 batch=10500/13933 pred=0.011156 sigreg=0.895081 total=0.091713 grad_norm=0.4062
[train] epoch=1/3 batch=10600/13933 pred=0.011153 sigreg=0.895017 total=0.091705 grad_norm=0.3273
[train] epoch=1/3 batch=10700/13933 pred=0.011146 sigreg=0.894888 total=0.091686 grad_norm=0.3412
[train] epoch=1/3 batch=10800/13933 pred=0.011143 sigreg=0.894812 total=0.091676 grad_norm=0.3141
[train] epoch=1/3 batch=10900/13933 pred=0.011141 sigreg=0.894744 total=0.091668 grad_norm=0.3227
[train] epoch=1/3 batch=11000/13933 pred=0.011136 sigreg=0.894612 total=0.091651 grad_norm=0.3057
[train] epoch=1/3 batch=11100/13933 pred=0.011131 sigreg=0.894542 total=0.091640 grad_norm=0.3171
[train] epoch=1/3 batch=11200/13933 pred=0.011126 sigreg=0.894468 total=0.091628 grad_norm=0.3306
[train] epoch=1/3 batch=11300/13933 pred=0.011123 sigreg=0.894391 total=0.091618 grad_norm=0.5976
[train] epoch=1/3 batch=11400/13933 pred=0.011120 sigreg=0.894245 total=0.091602 grad_norm=0.3324
[train] epoch=1/3 batch=11500/13933 pred=0.011115 sigreg=0.894185 total=0.091592 grad_norm=0.3887
[train] epoch=1/3 batch=11600/13933 pred=0.011116 sigreg=0.894148 total=0.091589 grad_norm=0.4655
[train] epoch=1/3 batch=11700/13933 pred=0.011114 sigreg=0.894088 total=0.091582 grad_norm=0.3214
[train] epoch=1/3 batch=11800/13933 pred=0.011108 sigreg=0.894008 total=0.091568 grad_norm=0.3419
[train] epoch=1/3 batch=11900/13933 pred=0.011103 sigreg=0.893891 total=0.091554 grad_norm=0.3275
[train] epoch=1/3 batch=12000/13933 pred=0.011098 sigreg=0.893800 total=0.091540 grad_norm=0.3446
[train] epoch=1/3 batch=12100/13933 pred=0.011095 sigreg=0.893668 total=0.091526 grad_norm=0.4435
[train] epoch=1/3 batch=12200/13933 pred=0.011091 sigreg=0.893645 total=0.091519 grad_norm=0.3283
[train] epoch=1/3 batch=12300/13933 pred=0.011088 sigreg=0.893555 total=0.091508 grad_norm=0.3027
[train] epoch=1/3 batch=12400/13933 pred=0.011083 sigreg=0.893505 total=0.091498 grad_norm=0.3022
[train] epoch=1/3 batch=12500/13933 pred=0.011078 sigreg=0.893439 total=0.091488 grad_norm=0.3180
[train] epoch=1/3 batch=12600/13933 pred=0.011074 sigreg=0.893399 total=0.091480 grad_norm=0.3168
[train] epoch=1/3 batch=12700/13933 pred=0.011069 sigreg=0.893333 total=0.091469 grad_norm=0.3056
[train] epoch=1/3 batch=12800/13933 pred=0.011063 sigreg=0.893247 total=0.091455 grad_norm=0.3154
[train] epoch=1/3 batch=12900/13933 pred=0.011060 sigreg=0.893186 total=0.091447 grad_norm=0.3337
[train] epoch=1/3 batch=13000/13933 pred=0.011054 sigreg=0.893112 total=0.091434 grad_norm=0.3686
[train] epoch=1/3 batch=13100/13933 pred=0.011051 sigreg=0.893066 total=0.091427 grad_norm=0.3221
[train] epoch=1/3 batch=13200/13933 pred=0.011045 sigreg=0.892960 total=0.091411 grad_norm=0.3737
[train] epoch=1/3 batch=13300/13933 pred=0.011041 sigreg=0.892874 total=0.091399 grad_norm=0.3303
[train] epoch=1/3 batch=13400/13933 pred=0.011036 sigreg=0.892768 total=0.091385 grad_norm=0.3119
[train] epoch=1/3 batch=13500/13933 pred=0.011033 sigreg=0.892747 total=0.091380 grad_norm=0.3352
[train] epoch=1/3 batch=13600/13933 pred=0.011029 sigreg=0.892662 total=0.091368 grad_norm=0.3118
[train] epoch=1/3 batch=13700/13933 pred=0.011025 sigreg=0.892570 total=0.091356 grad_norm=0.3214
[train] epoch=1/3 batch=13800/13933 pred=0.011020 sigreg=0.892487 total=0.091344 grad_norm=0.3113
[train] epoch=1/3 batch=13900/13933 pred=0.011016 sigreg=0.892431 total=0.091335 grad_norm=0.3090
[train] epoch=2/3 batch=67/13933 pred=0.010328 sigreg=0.884481 total=0.089932 grad_norm=0.3173
[train] epoch=2/3 batch=167/13933 pred=0.010267 sigreg=0.883412 total=0.089774 grad_norm=0.3144
[train] epoch=2/3 batch=267/13933 pred=0.010314 sigreg=0.881375 total=0.089638 grad_norm=0.3232
[train] epoch=2/3 batch=367/13933 pred=0.010382 sigreg=0.882385 total=0.089797 grad_norm=0.3063
[train] epoch=2/3 batch=467/13933 pred=0.010375 sigreg=0.881380 total=0.089699 grad_norm=0.3233
[train] epoch=2/3 batch=567/13933 pred=0.010345 sigreg=0.881656 total=0.089694 grad_norm=0.3158
[train] epoch=2/3 batch=667/13933 pred=0.010394 sigreg=0.882063 total=0.089779 grad_norm=0.3865
[train] epoch=2/3 batch=767/13933 pred=0.010392 sigreg=0.880712 total=0.089656 grad_norm=0.3038
[train] epoch=2/3 batch=867/13933 pred=0.010398 sigreg=0.880545 total=0.089647 grad_norm=0.3298
[train] epoch=2/3 batch=967/13933 pred=0.010399 sigreg=0.880642 total=0.089657 grad_norm=0.3146
[train] epoch=2/3 batch=1067/13933 pred=0.010386 sigreg=0.880560 total=0.089636 grad_norm=0.3262
[train] epoch=2/3 batch=1167/13933 pred=0.010395 sigreg=0.880462 total=0.089636 grad_norm=0.3069
[train] epoch=2/3 batch=1267/13933 pred=0.010376 sigreg=0.879776 total=0.089556 grad_norm=0.2887
[train] epoch=2/3 batch=1367/13933 pred=0.010366 sigreg=0.879484 total=0.089520 grad_norm=0.3400
[train] epoch=2/3 batch=1467/13933 pred=0.010350 sigreg=0.879213 total=0.089479 grad_norm=0.3343
[train] epoch=2/3 batch=1567/13933 pred=0.010355 sigreg=0.879131 total=0.089477 grad_norm=0.3317
[train] epoch=2/3 batch=1667/13933 pred=0.010345 sigreg=0.878664 total=0.089424 grad_norm=0.3017
[train] epoch=2/3 batch=1767/13933 pred=0.010339 sigreg=0.878733 total=0.089424 grad_norm=0.2915
[train] epoch=2/3 batch=1867/13933 pred=0.010342 sigreg=0.878327 total=0.089392 grad_norm=0.3511
[train] epoch=2/3 batch=1967/13933 pred=0.010340 sigreg=0.878152 total=0.089374 grad_norm=0.3071
[train] epoch=2/3 batch=2067/13933 pred=0.010330 sigreg=0.878305 total=0.089377 grad_norm=0.3396
[train] epoch=2/3 batch=2167/13933 pred=0.010310 sigreg=0.878326 total=0.089359 grad_norm=0.3230
[train] epoch=2/3 batch=2267/13933 pred=0.010306 sigreg=0.878272 total=0.089350 grad_norm=0.3366
[train] epoch=2/3 batch=2367/13933 pred=0.010312 sigreg=0.878074 total=0.089339 grad_norm=0.3117
[train] epoch=2/3 batch=2467/13933 pred=0.010317 sigreg=0.878038 total=0.089340 grad_norm=0.3112
[train] epoch=2/3 batch=2567/13933 pred=0.010319 sigreg=0.877804 total=0.089321 grad_norm=0.2995
[train] epoch=2/3 batch=2667/13933 pred=0.010316 sigreg=0.877479 total=0.089290 grad_norm=0.3129
[train] epoch=2/3 batch=2767/13933 pred=0.010308 sigreg=0.877412 total=0.089275 grad_norm=0.3466
[train] epoch=2/3 batch=2867/13933 pred=0.010308 sigreg=0.877192 total=0.089255 grad_norm=0.3283
[train] epoch=2/3 batch=2967/13933 pred=0.010304 sigreg=0.876916 total=0.089227 grad_norm=0.3124
[train] epoch=2/3 batch=3067/13933 pred=0.010306 sigreg=0.877085 total=0.089244 grad_norm=0.3865
[train] epoch=2/3 batch=3167/13933 pred=0.010306 sigreg=0.876887 total=0.089226 grad_norm=0.3241
[train] epoch=2/3 batch=3267/13933 pred=0.010311 sigreg=0.876532 total=0.089199 grad_norm=0.3153
[train] epoch=2/3 batch=3367/13933 pred=0.010318 sigreg=0.876605 total=0.089213 grad_norm=0.3234
[train] epoch=2/3 batch=3467/13933 pred=0.010325 sigreg=0.876595 total=0.089218 grad_norm=0.3182
[train] epoch=2/3 batch=3567/13933 pred=0.010320 sigreg=0.876551 total=0.089209 grad_norm=0.2662
[train] epoch=2/3 batch=3667/13933 pred=0.010310 sigreg=0.876382 total=0.089185 grad_norm=0.2874
[train] epoch=2/3 batch=3767/13933 pred=0.010305 sigreg=0.876354 total=0.089177 grad_norm=0.2961
[train] epoch=2/3 batch=3867/13933 pred=0.010299 sigreg=0.876309 total=0.089167 grad_norm=0.3479
[train] epoch=2/3 batch=3967/13933 pred=0.010292 sigreg=0.876179 total=0.089148 grad_norm=0.3054
[train] epoch=2/3 batch=4067/13933 pred=0.010287 sigreg=0.876031 total=0.089130 grad_norm=0.2956
[train] epoch=2/3 batch=4167/13933 pred=0.010283 sigreg=0.875947 total=0.089119 grad_norm=0.3070
[train] epoch=2/3 batch=4267/13933 pred=0.010276 sigreg=0.875961 total=0.089113 grad_norm=0.3185
[train] epoch=2/3 batch=4367/13933 pred=0.010282 sigreg=0.875953 total=0.089118 grad_norm=0.3233
[train] epoch=2/3 batch=4467/13933 pred=0.010276 sigreg=0.875883 total=0.089105 grad_norm=0.3090
[train] epoch=2/3 batch=4567/13933 pred=0.010269 sigreg=0.875789 total=0.089090 grad_norm=0.3054
[train] epoch=2/3 batch=4667/13933 pred=0.010266 sigreg=0.875697 total=0.089079 grad_norm=0.3217
[train] epoch=2/3 batch=4767/13933 pred=0.010257 sigreg=0.875595 total=0.089060 grad_norm=0.3136
[train] epoch=2/3 batch=4867/13933 pred=0.010248 sigreg=0.875474 total=0.089041 grad_norm=0.2988
[train] epoch=2/3 batch=4967/13933 pred=0.010247 sigreg=0.875456 total=0.089038 grad_norm=0.2991
[train] epoch=2/3 batch=5067/13933 pred=0.010242 sigreg=0.875337 total=0.089022 grad_norm=0.3208
[train] epoch=2/3 batch=5167/13933 pred=0.010238 sigreg=0.875166 total=0.089003 grad_norm=0.2980
[train] epoch=2/3 batch=5267/13933 pred=0.010235 sigreg=0.875085 total=0.088993 grad_norm=0.2985
[train] epoch=2/3 batch=5367/13933 pred=0.010228 sigreg=0.874981 total=0.088976 grad_norm=0.3195
[train] epoch=2/3 batch=5467/13933 pred=0.010226 sigreg=0.874846 total=0.088962 grad_norm=0.2877
[train] epoch=2/3 batch=5567/13933 pred=0.010220 sigreg=0.874761 total=0.088949 grad_norm=0.3315
[train] epoch=2/3 batch=5667/13933 pred=0.010214 sigreg=0.874608 total=0.088929 grad_norm=0.2984
[train] epoch=2/3 batch=5767/13933 pred=0.010212 sigreg=0.874610 total=0.088927 grad_norm=0.3374
[train] epoch=2/3 batch=5867/13933 pred=0.010211 sigreg=0.874590 total=0.088924 grad_norm=0.3049
[train] epoch=2/3 batch=5967/13933 pred=0.010210 sigreg=0.874527 total=0.088917 grad_norm=0.3135
[train] epoch=2/3 batch=6067/13933 pred=0.010212 sigreg=0.874598 total=0.088926 grad_norm=0.2973
[train] epoch=2/3 batch=6167/13933 pred=0.010207 sigreg=0.874523 total=0.088914 grad_norm=0.2942
[train] epoch=2/3 batch=6267/13933 pred=0.010208 sigreg=0.874518 total=0.088915 grad_norm=0.3065
[train] epoch=2/3 batch=6367/13933 pred=0.010208 sigreg=0.874465 total=0.088910 grad_norm=0.4176
[train] epoch=2/3 batch=6467/13933 pred=0.010209 sigreg=0.874385 total=0.088903 grad_norm=0.3122
[train] epoch=2/3 batch=6567/13933 pred=0.010206 sigreg=0.874283 total=0.088891 grad_norm=0.3135
[train] epoch=2/3 batch=6667/13933 pred=0.010204 sigreg=0.874245 total=0.088886 grad_norm=0.3164
[train] epoch=2/3 batch=6767/13933 pred=0.010203 sigreg=0.874156 total=0.088877 grad_norm=0.3210
[train] epoch=2/3 batch=6867/13933 pred=0.010205 sigreg=0.874124 total=0.088876 grad_norm=0.3050
[train] epoch=2/3 batch=6967/13933 pred=0.010203 sigreg=0.874036 total=0.088866 grad_norm=0.2985
[train] epoch=2/3 batch=7067/13933 pred=0.010200 sigreg=0.873872 total=0.088848 grad_norm=0.3078
[train] epoch=2/3 batch=7167/13933 pred=0.010199 sigreg=0.873831 total=0.088844 grad_norm=0.3070
[train] epoch=2/3 batch=7267/13933 pred=0.010197 sigreg=0.873737 total=0.088833 grad_norm=0.3075
[train] epoch=2/3 batch=7367/13933 pred=0.010191 sigreg=0.873622 total=0.088817 grad_norm=0.3234
[train] epoch=2/3 batch=7467/13933 pred=0.010188 sigreg=0.873500 total=0.088803 grad_norm=0.3092
[train] epoch=2/3 batch=7567/13933 pred=0.010186 sigreg=0.873395 total=0.088791 grad_norm=0.3086
[train] epoch=2/3 batch=7667/13933 pred=0.010183 sigreg=0.873271 total=0.088777 grad_norm=0.3521
[train] epoch=2/3 batch=7767/13933 pred=0.010181 sigreg=0.873173 total=0.088766 grad_norm=0.2967
[train] epoch=2/3 batch=7867/13933 pred=0.010177 sigreg=0.873047 total=0.088751 grad_norm=0.3007
[train] epoch=2/3 batch=7967/13933 pred=0.010176 sigreg=0.873013 total=0.088747 grad_norm=0.3307
[train] epoch=2/3 batch=8067/13933 pred=0.010174 sigreg=0.872872 total=0.088733 grad_norm=0.2894
[train] epoch=2/3 batch=8167/13933 pred=0.010171 sigreg=0.872797 total=0.088722 grad_norm=0.3153
[train] epoch=2/3 batch=8267/13933 pred=0.010169 sigreg=0.872752 total=0.088717 grad_norm=0.2891
[train] epoch=2/3 batch=8367/13933 pred=0.010164 sigreg=0.872636 total=0.088701 grad_norm=0.3109
[train] epoch=2/3 batch=8467/13933 pred=0.010161 sigreg=0.872505 total=0.088686 grad_norm=0.2811
[train] epoch=2/3 batch=8567/13933 pred=0.010157 sigreg=0.872389 total=0.088672 grad_norm=0.4848
[train] epoch=2/3 batch=8667/13933 pred=0.010154 sigreg=0.872279 total=0.088659 grad_norm=0.3534
[train] epoch=2/3 batch=8767/13933 pred=0.010153 sigreg=0.872175 total=0.088648 grad_norm=0.3061
[train] epoch=2/3 batch=8867/13933 pred=0.010151 sigreg=0.872173 total=0.088646 grad_norm=0.3164
[train] epoch=2/3 batch=8967/13933 pred=0.010147 sigreg=0.872122 total=0.088637 grad_norm=0.2921
[train] epoch=2/3 batch=9067/13933 pred=0.010145 sigreg=0.872038 total=0.088629 grad_norm=0.2974
[train] epoch=2/3 batch=9167/13933 pred=0.010142 sigreg=0.871901 total=0.088613 grad_norm=0.2954
[train] epoch=2/3 batch=9267/13933 pred=0.010138 sigreg=0.871831 total=0.088602 grad_norm=0.2943
[train] epoch=2/3 batch=9367/13933 pred=0.010135 sigreg=0.871802 total=0.088597 grad_norm=0.3009
[train] epoch=2/3 batch=9467/13933 pred=0.010130 sigreg=0.871706 total=0.088583 grad_norm=0.3186
[train] epoch=2/3 batch=9567/13933 pred=0.010127 sigreg=0.871656 total=0.088576 grad_norm=0.2759
[train] epoch=2/3 batch=9667/13933 pred=0.010125 sigreg=0.871580 total=0.088567 grad_norm=0.3168
[train] epoch=2/3 batch=9767/13933 pred=0.010124 sigreg=0.871572 total=0.088566 grad_norm=0.4626
[train] epoch=2/3 batch=9867/13933 pred=0.010123 sigreg=0.871528 total=0.088561 grad_norm=0.3163
[train] epoch=2/3 batch=9967/13933 pred=0.010120 sigreg=0.871429 total=0.088549 grad_norm=0.2874
[train] epoch=2/3 batch=10067/13933 pred=0.010117 sigreg=0.871295 total=0.088534 grad_norm=0.3020
[train] epoch=2/3 batch=10167/13933 pred=0.010114 sigreg=0.871206 total=0.088522 grad_norm=0.3181
[train] epoch=2/3 batch=10267/13933 pred=0.010111 sigreg=0.871100 total=0.088510 grad_norm=0.3106
[train] epoch=2/3 batch=10367/13933 pred=0.010110 sigreg=0.871080 total=0.088507 grad_norm=0.2953
[train] epoch=2/3 batch=10467/13933 pred=0.010106 sigreg=0.870967 total=0.088493 grad_norm=0.2808
[train] epoch=2/3 batch=10567/13933 pred=0.010105 sigreg=0.870937 total=0.088489 grad_norm=0.3005
[train] epoch=2/3 batch=10667/13933 pred=0.010101 sigreg=0.870859 total=0.088478 grad_norm=0.3306
[train] epoch=2/3 batch=10767/13933 pred=0.010098 sigreg=0.870765 total=0.088467 grad_norm=0.3050
[train] epoch=2/3 batch=10867/13933 pred=0.010094 sigreg=0.870705 total=0.088458 grad_norm=0.3099
[train] epoch=2/3 batch=10967/13933 pred=0.010092 sigreg=0.870701 total=0.088456 grad_norm=0.3163
[train] epoch=2/3 batch=11067/13933 pred=0.010089 sigreg=0.870579 total=0.088441 grad_norm=0.3084
[train] epoch=2/3 batch=11167/13933 pred=0.010086 sigreg=0.870502 total=0.088431 grad_norm=0.2956
[train] epoch=2/3 batch=11267/13933 pred=0.010084 sigreg=0.870440 total=0.088424 grad_norm=0.3018
[train] epoch=2/3 batch=11367/13933 pred=0.010081 sigreg=0.870375 total=0.088415 grad_norm=0.3111
[train] epoch=2/3 batch=11467/13933 pred=0.010078 sigreg=0.870320 total=0.088407 grad_norm=0.3285
[train] epoch=2/3 batch=11567/13933 pred=0.010076 sigreg=0.870241 total=0.088398 grad_norm=0.2913
[train] epoch=2/3 batch=11667/13933 pred=0.010072 sigreg=0.870164 total=0.088387 grad_norm=0.3014
[train] epoch=2/3 batch=11767/13933 pred=0.010070 sigreg=0.870063 total=0.088376 grad_norm=0.3018
[train] epoch=2/3 batch=11867/13933 pred=0.010067 sigreg=0.869983 total=0.088365 grad_norm=0.2945
[train] epoch=2/3 batch=11967/13933 pred=0.010064 sigreg=0.869901 total=0.088356 grad_norm=0.3631
[train] epoch=2/3 batch=12067/13933 pred=0.010062 sigreg=0.869809 total=0.088345 grad_norm=0.2901
[train] epoch=2/3 batch=12167/13933 pred=0.010062 sigreg=0.869688 total=0.088333 grad_norm=0.2936
[train] epoch=2/3 batch=12267/13933 pred=0.010059 sigreg=0.869623 total=0.088325 grad_norm=0.3250
[train] epoch=2/3 batch=12367/13933 pred=0.010055 sigreg=0.869527 total=0.088312 grad_norm=0.3132
[train] epoch=2/3 batch=12467/13933 pred=0.010051 sigreg=0.869481 total=0.088305 grad_norm=0.2898
[train] epoch=2/3 batch=12567/13933 pred=0.010047 sigreg=0.869327 total=0.088286 grad_norm=0.2998
[train] epoch=2/3 batch=12667/13933 pred=0.010043 sigreg=0.869212 total=0.088272 grad_norm=0.2806
[train] epoch=2/3 batch=12767/13933 pred=0.010039 sigreg=0.869107 total=0.088258 grad_norm=0.2901
[train] epoch=2/3 batch=12867/13933 pred=0.010037 sigreg=0.869004 total=0.088247 grad_norm=0.2952
[train] epoch=2/3 batch=12967/13933 pred=0.010034 sigreg=0.868919 total=0.088236 grad_norm=0.2943
[train] epoch=2/3 batch=13067/13933 pred=0.010031 sigreg=0.868855 total=0.088228 grad_norm=0.2810
[train] epoch=2/3 batch=13167/13933 pred=0.010028 sigreg=0.868787 total=0.088219 grad_norm=0.3211
[train] epoch=2/3 batch=13267/13933 pred=0.010026 sigreg=0.868710 total=0.088210 grad_norm=0.3093
[train] epoch=2/3 batch=13367/13933 pred=0.010026 sigreg=0.868685 total=0.088207 grad_norm=0.3180
[train] epoch=2/3 batch=13467/13933 pred=0.010024 sigreg=0.868623 total=0.088201 grad_norm=0.2671
[train] epoch=2/3 batch=13567/13933 pred=0.010022 sigreg=0.868541 total=0.088190 grad_norm=0.3245
[train] epoch=2/3 batch=13667/13933 pred=0.010020 sigreg=0.868477 total=0.088183 grad_norm=0.3206
[train] epoch=2/3 batch=13767/13933 pred=0.010017 sigreg=0.868382 total=0.088171 grad_norm=0.3072
[train] epoch=2/3 batch=13867/13933 pred=0.010013 sigreg=0.868324 total=0.088163 grad_norm=0.3177
[train] epoch=3/3 batch=34/13933 pred=0.009509 sigreg=0.857245 total=0.086661 grad_norm=0.2754
[train] epoch=3/3 batch=134/13933 pred=0.009458 sigreg=0.856947 total=0.086584 grad_norm=0.2835
[train] epoch=3/3 batch=234/13933 pred=0.009509 sigreg=0.856090 total=0.086558 grad_norm=0.2988
[train] epoch=3/3 batch=334/13933 pred=0.009519 sigreg=0.857433 total=0.086688 grad_norm=0.2891
[train] epoch=3/3 batch=434/13933 pred=0.009490 sigreg=0.857961 total=0.086707 grad_norm=0.2900
[train] epoch=3/3 batch=534/13933 pred=0.009475 sigreg=0.857682 total=0.086666 grad_norm=0.2733
[train] epoch=3/3 batch=634/13933 pred=0.009508 sigreg=0.857883 total=0.086717 grad_norm=0.3004
[train] epoch=3/3 batch=734/13933 pred=0.009515 sigreg=0.857846 total=0.086721 grad_norm=0.2865
[train] epoch=3/3 batch=834/13933 pred=0.009509 sigreg=0.857926 total=0.086722 grad_norm=0.2869
[train] epoch=3/3 batch=934/13933 pred=0.009515 sigreg=0.858243 total=0.086756 grad_norm=0.3063
[train] epoch=3/3 batch=1034/13933 pred=0.009540 sigreg=0.857688 total=0.086732 grad_norm=0.3085
[train] epoch=3/3 batch=1134/13933 pred=0.009545 sigreg=0.857778 total=0.086745 grad_norm=0.2974
[train] epoch=3/3 batch=1234/13933 pred=0.009522 sigreg=0.857986 total=0.086741 grad_norm=0.2822
[train] epoch=3/3 batch=1334/13933 pred=0.009512 sigreg=0.857827 total=0.086716 grad_norm=0.6494
[train] epoch=3/3 batch=1434/13933 pred=0.009529 sigreg=0.857793 total=0.086731 grad_norm=0.3014
[train] epoch=3/3 batch=1534/13933 pred=0.009523 sigreg=0.857716 total=0.086717 grad_norm=0.2694
[train] epoch=3/3 batch=1634/13933 pred=0.009528 sigreg=0.857337 total=0.086689 grad_norm=0.2962
[train] epoch=3/3 batch=1734/13933 pred=0.009520 sigreg=0.857050 total=0.086654 grad_norm=0.2906
[train] epoch=3/3 batch=1834/13933 pred=0.009534 sigreg=0.857169 total=0.086680 grad_norm=0.3253
[train] epoch=3/3 batch=1934/13933 pred=0.009538 sigreg=0.857245 total=0.086690 grad_norm=0.2643
[train] epoch=3/3 batch=2034/13933 pred=0.009531 sigreg=0.857189 total=0.086677 grad_norm=0.2980
[train] epoch=3/3 batch=2134/13933 pred=0.009527 sigreg=0.857018 total=0.086659 grad_norm=0.2719
[train] epoch=3/3 batch=2234/13933 pred=0.009523 sigreg=0.857227 total=0.086673 grad_norm=0.3049
[train] epoch=3/3 batch=2334/13933 pred=0.009514 sigreg=0.857019 total=0.086646 grad_norm=0.3010
[train] epoch=3/3 batch=2434/13933 pred=0.009512 sigreg=0.857104 total=0.086651 grad_norm=0.2973
[train] epoch=3/3 batch=2534/13933 pred=0.009498 sigreg=0.856979 total=0.086627 grad_norm=0.2777
[train] epoch=3/3 batch=2634/13933 pred=0.009493 sigreg=0.856667 total=0.086593 grad_norm=0.2861
[train] epoch=3/3 batch=2734/13933 pred=0.009495 sigreg=0.856615 total=0.086590 grad_norm=0.3036
[train] epoch=3/3 batch=2834/13933 pred=0.009502 sigreg=0.856372 total=0.086575 grad_norm=0.2948
[train] epoch=3/3 batch=2934/13933 pred=0.009495 sigreg=0.856292 total=0.086562 grad_norm=0.3641
[train] epoch=3/3 batch=3034/13933 pred=0.009502 sigreg=0.856456 total=0.086583 grad_norm=0.2912
[train] epoch=3/3 batch=3134/13933 pred=0.009499 sigreg=0.856302 total=0.086566 grad_norm=0.2856
[train] epoch=3/3 batch=3234/13933 pred=0.009491 sigreg=0.856086 total=0.086539 grad_norm=0.2908
[train] epoch=3/3 batch=3334/13933 pred=0.009481 sigreg=0.855950 total=0.086516 grad_norm=0.3054
[train] epoch=3/3 batch=3434/13933 pred=0.009477 sigreg=0.855903 total=0.086509 grad_norm=0.2911
[train] epoch=3/3 batch=3534/13933 pred=0.009487 sigreg=0.855973 total=0.086524 grad_norm=0.3096
[train] epoch=3/3 batch=3634/13933 pred=0.009485 sigreg=0.855857 total=0.086513 grad_norm=0.2760
[train] epoch=3/3 batch=3734/13933 pred=0.009482 sigreg=0.855757 total=0.086500 grad_norm=0.3018
[train] epoch=3/3 batch=3834/13933 pred=0.009484 sigreg=0.855673 total=0.086494 grad_norm=0.2736
[train] epoch=3/3 batch=3934/13933 pred=0.009486 sigreg=0.855671 total=0.086497 grad_norm=0.2883
[train] epoch=3/3 batch=4034/13933 pred=0.009480 sigreg=0.855677 total=0.086491 grad_norm=0.2756
[train] epoch=3/3 batch=4134/13933 pred=0.009480 sigreg=0.855822 total=0.086504 grad_norm=0.2817
[train] epoch=3/3 batch=4234/13933 pred=0.009473 sigreg=0.855641 total=0.086481 grad_norm=0.3135
[train] epoch=3/3 batch=4334/13933 pred=0.009470 sigreg=0.855606 total=0.086474 grad_norm=0.2704
[train] epoch=3/3 batch=4434/13933 pred=0.009469 sigreg=0.855566 total=0.086470 grad_norm=0.2811
[train] epoch=3/3 batch=4534/13933 pred=0.009464 sigreg=0.855530 total=0.086462 grad_norm=0.2946
[train] epoch=3/3 batch=4634/13933 pred=0.009458 sigreg=0.855484 total=0.086451 grad_norm=0.2865
[train] epoch=3/3 batch=4734/13933 pred=0.009457 sigreg=0.855432 total=0.086446 grad_norm=0.3033
[train] epoch=3/3 batch=4834/13933 pred=0.009449 sigreg=0.855364 total=0.086432 grad_norm=0.2787
[train] epoch=3/3 batch=4934/13933 pred=0.009443 sigreg=0.855354 total=0.086425 grad_norm=0.3080
[train] epoch=3/3 batch=5034/13933 pred=0.009443 sigreg=0.855292 total=0.086419 grad_norm=0.3056
[train] epoch=3/3 batch=5134/13933 pred=0.009444 sigreg=0.855348 total=0.086425 grad_norm=0.2980
[train] epoch=3/3 batch=5234/13933 pred=0.009444 sigreg=0.855394 total=0.086429 grad_norm=0.2988
[train] epoch=3/3 batch=5334/13933 pred=0.009443 sigreg=0.855352 total=0.086425 grad_norm=0.2739
[train] epoch=3/3 batch=5434/13933 pred=0.009441 sigreg=0.855313 total=0.086419 grad_norm=0.3021
[train] epoch=3/3 batch=5534/13933 pred=0.009441 sigreg=0.855190 total=0.086408 grad_norm=0.2994
[train] epoch=3/3 batch=5634/13933 pred=0.009438 sigreg=0.855081 total=0.086395 grad_norm=0.2907
[train] epoch=3/3 batch=5734/13933 pred=0.009436 sigreg=0.855126 total=0.086397 grad_norm=0.2917
[train] epoch=3/3 batch=5834/13933 pred=0.009434 sigreg=0.855146 total=0.086397 grad_norm=0.2818
[train] epoch=3/3 batch=5934/13933 pred=0.009435 sigreg=0.855109 total=0.086395 grad_norm=0.3281
[train] epoch=3/3 batch=6034/13933 pred=0.009434 sigreg=0.855194 total=0.086402 grad_norm=0.2906
[train] epoch=3/3 batch=6134/13933 pred=0.009433 sigreg=0.855090 total=0.086391 grad_norm=0.2613
[train] epoch=3/3 batch=6234/13933 pred=0.009429 sigreg=0.854994 total=0.086378 grad_norm=0.2998
[train] epoch=3/3 batch=6334/13933 pred=0.009432 sigreg=0.854954 total=0.086377 grad_norm=0.3170
[train] epoch=3/3 batch=6434/13933 pred=0.009426 sigreg=0.854875 total=0.086364 grad_norm=0.2630
[train] epoch=3/3 batch=6534/13933 pred=0.009422 sigreg=0.854812 total=0.086355 grad_norm=0.3360
[train] epoch=3/3 batch=6634/13933 pred=0.009424 sigreg=0.854834 total=0.086359 grad_norm=0.2989
[train] epoch=3/3 batch=6734/13933 pred=0.009429 sigreg=0.854792 total=0.086360 grad_norm=0.2737
[train] epoch=3/3 batch=6834/13933 pred=0.009425 sigreg=0.854716 total=0.086350 grad_norm=0.2669
[train] epoch=3/3 batch=6934/13933 pred=0.009420 sigreg=0.854608 total=0.086334 grad_norm=0.2824
[train] epoch=3/3 batch=7034/13933 pred=0.009415 sigreg=0.854548 total=0.086325 grad_norm=0.2824
[train] epoch=3/3 batch=7134/13933 pred=0.009409 sigreg=0.854482 total=0.086312 grad_norm=0.2628
[train] epoch=3/3 batch=7234/13933 pred=0.009407 sigreg=0.854433 total=0.086306 grad_norm=0.3175
[train] epoch=3/3 batch=7334/13933 pred=0.009402 sigreg=0.854435 total=0.086302 grad_norm=0.3044
[train] epoch=3/3 batch=7434/13933 pred=0.009399 sigreg=0.854422 total=0.086297 grad_norm=0.2775
[train] epoch=3/3 batch=7534/13933 pred=0.009397 sigreg=0.854319 total=0.086285 grad_norm=0.2941
[train] epoch=3/3 batch=7634/13933 pred=0.009396 sigreg=0.854294 total=0.086283 grad_norm=0.2935
[train] epoch=3/3 batch=7734/13933 pred=0.009400 sigreg=0.854237 total=0.086281 grad_norm=0.3198
[train] epoch=3/3 batch=7834/13933 pred=0.009401 sigreg=0.854184 total=0.086278 grad_norm=0.2743
[train] epoch=3/3 batch=7934/13933 pred=0.009398 sigreg=0.854162 total=0.086272 grad_norm=0.3077
[train] epoch=3/3 batch=8034/13933 pred=0.009395 sigreg=0.854155 total=0.086269 grad_norm=0.2910
[train] epoch=3/3 batch=8134/13933 pred=0.009392 sigreg=0.854023 total=0.086254 grad_norm=0.2813
[train] epoch=3/3 batch=8234/13933 pred=0.009386 sigreg=0.853960 total=0.086243 grad_norm=0.2704
[train] epoch=3/3 batch=8334/13933 pred=0.009382 sigreg=0.853894 total=0.086233 grad_norm=0.2932
[train] epoch=3/3 batch=8434/13933 pred=0.009379 sigreg=0.853886 total=0.086228 grad_norm=0.2804
[train] epoch=3/3 batch=8534/13933 pred=0.009373 sigreg=0.853784 total=0.086214 grad_norm=0.2785
[train] epoch=3/3 batch=8634/13933 pred=0.009372 sigreg=0.853684 total=0.086204 grad_norm=0.2874
[train] epoch=3/3 batch=8734/13933 pred=0.009371 sigreg=0.853669 total=0.086201 grad_norm=0.2808
[train] epoch=3/3 batch=8834/13933 pred=0.009367 sigreg=0.853579 total=0.086189 grad_norm=0.2925
[train] epoch=3/3 batch=8934/13933 pred=0.009365 sigreg=0.853586 total=0.086188 grad_norm=0.2895
[train] epoch=3/3 batch=9034/13933 pred=0.009363 sigreg=0.853543 total=0.086182 grad_norm=0.2989
[train] epoch=3/3 batch=9134/13933 pred=0.009360 sigreg=0.853478 total=0.086173 grad_norm=0.2578
[train] epoch=3/3 batch=9234/13933 pred=0.009359 sigreg=0.853403 total=0.086166 grad_norm=0.2813
[train] epoch=3/3 batch=9334/13933 pred=0.009360 sigreg=0.853392 total=0.086165 grad_norm=0.3235
[train] epoch=3/3 batch=9434/13933 pred=0.009357 sigreg=0.853378 total=0.086161 grad_norm=0.2854
[train] epoch=3/3 batch=9534/13933 pred=0.009355 sigreg=0.853339 total=0.086156 grad_norm=0.2760
[train] epoch=3/3 batch=9634/13933 pred=0.009353 sigreg=0.853299 total=0.086150 grad_norm=0.2530
[train] epoch=3/3 batch=9734/13933 pred=0.009350 sigreg=0.853229 total=0.086141 grad_norm=0.2716
[train] epoch=3/3 batch=9834/13933 pred=0.009348 sigreg=0.853219 total=0.086138 grad_norm=0.2999
[train] epoch=3/3 batch=9934/13933 pred=0.009345 sigreg=0.853133 total=0.086127 grad_norm=0.2899
[train] epoch=3/3 batch=10034/13933 pred=0.009343 sigreg=0.853118 total=0.086123 grad_norm=0.3017
[train] epoch=3/3 batch=10134/13933 pred=0.009340 sigreg=0.853098 total=0.086119 grad_norm=0.2814
[train] epoch=3/3 batch=10234/13933 pred=0.009337 sigreg=0.853032 total=0.086110 grad_norm=0.2829
[train] epoch=3/3 batch=10334/13933 pred=0.009340 sigreg=0.853015 total=0.086111 grad_norm=0.2975
[train] epoch=3/3 batch=10434/13933 pred=0.009337 sigreg=0.852962 total=0.086103 grad_norm=0.2914
[train] epoch=3/3 batch=10534/13933 pred=0.009336 sigreg=0.852939 total=0.086100 grad_norm=0.2904
[train] epoch=3/3 batch=10634/13933 pred=0.009332 sigreg=0.852890 total=0.086092 grad_norm=0.2979
[train] epoch=3/3 batch=10734/13933 pred=0.009330 sigreg=0.852810 total=0.086083 grad_norm=0.2689
[train] epoch=3/3 batch=10834/13933 pred=0.009326 sigreg=0.852756 total=0.086074 grad_norm=0.3306
[train] epoch=3/3 batch=10934/13933 pred=0.009322 sigreg=0.852675 total=0.086063 grad_norm=0.2873
[train] epoch=3/3 batch=11034/13933 pred=0.009319 sigreg=0.852681 total=0.086060 grad_norm=0.2810
[train] epoch=3/3 batch=11134/13933 pred=0.009315 sigreg=0.852611 total=0.086050 grad_norm=0.3000
[train] epoch=3/3 batch=11234/13933 pred=0.009312 sigreg=0.852603 total=0.086047 grad_norm=0.2860
[train] epoch=3/3 batch=11334/13933 pred=0.009310 sigreg=0.852576 total=0.086041 grad_norm=0.2579
[train] epoch=3/3 batch=11434/13933 pred=0.009305 sigreg=0.852535 total=0.086033 grad_norm=0.3101
[train] epoch=3/3 batch=11534/13933 pred=0.009302 sigreg=0.852428 total=0.086020 grad_norm=0.2662
[train] epoch=3/3 batch=11634/13933 pred=0.009300 sigreg=0.852394 total=0.086016 grad_norm=0.2929
[train] epoch=3/3 batch=11734/13933 pred=0.009298 sigreg=0.852352 total=0.086010 grad_norm=0.2747
[train] epoch=3/3 batch=11834/13933 pred=0.009296 sigreg=0.852331 total=0.086006 grad_norm=0.4535
[train] epoch=3/3 batch=11934/13933 pred=0.009295 sigreg=0.852281 total=0.086000 grad_norm=0.3288
[train] epoch=3/3 batch=12034/13933 pred=0.009292 sigreg=0.852202 total=0.085990 grad_norm=0.2932
[train] epoch=3/3 batch=12134/13933 pred=0.009289 sigreg=0.852134 total=0.085981 grad_norm=0.2920
[train] epoch=3/3 batch=12234/13933 pred=0.009287 sigreg=0.852051 total=0.085971 grad_norm=0.2625
[train] epoch=3/3 batch=12334/13933 pred=0.009286 sigreg=0.851979 total=0.085964 grad_norm=0.2836
[train] epoch=3/3 batch=12434/13933 pred=0.009283 sigreg=0.851913 total=0.085955 grad_norm=0.2590
[train] epoch=3/3 batch=12534/13933 pred=0.009281 sigreg=0.851863 total=0.085948 grad_norm=0.2968
[train] epoch=3/3 batch=12634/13933 pred=0.009277 sigreg=0.851794 total=0.085938 grad_norm=0.2620
[train] epoch=3/3 batch=12734/13933 pred=0.009276 sigreg=0.851749 total=0.085933 grad_norm=0.2874
[train] epoch=3/3 batch=12834/13933 pred=0.009273 sigreg=0.851667 total=0.085923 grad_norm=0.2639
[train] epoch=3/3 batch=12934/13933 pred=0.009271 sigreg=0.851620 total=0.085917 grad_norm=0.3137
[train] epoch=3/3 batch=13034/13933 pred=0.009270 sigreg=0.851591 total=0.085913 grad_norm=0.3259
[train] epoch=3/3 batch=13134/13933 pred=0.009268 sigreg=0.851525 total=0.085905 grad_norm=0.2899
[train] epoch=3/3 batch=13234/13933 pred=0.009268 sigreg=0.851514 total=0.085904 grad_norm=0.2692
[train] epoch=3/3 batch=13334/13933 pred=0.009266 sigreg=0.851437 total=0.085895 grad_norm=0.2848
[train] epoch=3/3 batch=13434/13933 pred=0.009261 sigreg=0.851386 total=0.085886 grad_norm=0.2627
[train] epoch=3/3 batch=13534/13933 pred=0.009260 sigreg=0.851304 total=0.085878 grad_norm=0.3062
[train] epoch=3/3 batch=13634/13933 pred=0.009257 sigreg=0.851217 total=0.085866 grad_norm=0.2646
[train] epoch=3/3 batch=13734/13933 pred=0.009254 sigreg=0.851138 total=0.085856 grad_norm=0.2799
[train] epoch=3/3 batch=13834/13933 pred=0.009253 sigreg=0.851104 total=0.085852 grad_norm=0.2620
[done] checkpoint=experiments/pusht/matrix/training/joint/train42/joint_continue_object.ckpt formal_full_epoch=True training_sec=14641.7
