[data] 693728 train transitions, cluster source=experiments/real_gauge_drift/results/latent_kmeanspp_multirestart_k3/labels/kmeanspp_R50_outer0.npz
  cluster0: 232240 transitions
  cluster1: 229533 transitions
  cluster2: 231955 transitions
  [embed-cache] left_room: 330243 transitions from P_train_left_room_embeddings.npz
  [embed-cache] doorway_corridor: 38552 transitions from P_train_doorway_corridor_embeddings.npz
  [embed-cache] right_room: 324933 transitions from P_train_right_room_embeddings.npz
  [embed-cache] merged 693728 train transitions from experiments/real_gauge_drift/results/tworoom_geometry_train_region_predictors
  [cache] saved merged embeddings to experiments/real_gauge_drift/results/tworoom_latent_kmeanspp_kmeanspp_R50_outer0_trainseed625/P_train_global_merged_embeddings.npz
[train] cluster0: 232240 transitions, 50 epochs
  [train] epoch 1/50  train_loss=0.020518  eval_loss=0.008482
  [train] epoch 2/50  train_loss=0.007152  eval_loss=0.006300
  [train] epoch 3/50  train_loss=0.006474  eval_loss=0.005766
  [train] epoch 4/50  train_loss=0.005893  eval_loss=0.005897
  [train] epoch 5/50  train_loss=0.005453  eval_loss=0.004983
  [train] epoch 6/50  train_loss=0.005016  eval_loss=0.004566
  [train] epoch 7/50  train_loss=0.004665  eval_loss=0.004341
  [train] epoch 8/50  train_loss=0.004440  eval_loss=0.003918
  [train] epoch 9/50  train_loss=0.004136  eval_loss=0.004003
  [train] epoch 10/50  train_loss=0.003859  eval_loss=0.003737
  [train] epoch 11/50  train_loss=0.003675  eval_loss=0.003297
  [train] epoch 12/50  train_loss=0.003488  eval_loss=0.002950
  [train] epoch 13/50  train_loss=0.003414  eval_loss=0.003242
  [train] epoch 14/50  train_loss=0.003159  eval_loss=0.003047
  [train] epoch 15/50  train_loss=0.003037  eval_loss=0.002965
  [train] epoch 16/50  train_loss=0.002930  eval_loss=0.002715
  [train] epoch 17/50  train_loss=0.002751  eval_loss=0.002844
  [train] epoch 18/50  train_loss=0.002588  eval_loss=0.002545
  [train] epoch 19/50  train_loss=0.002583  eval_loss=0.002191
  [train] epoch 20/50  train_loss=0.002449  eval_loss=0.002184
  [train] epoch 21/50  train_loss=0.002381  eval_loss=0.002150
  [train] epoch 22/50  train_loss=0.002338  eval_loss=0.002283
  [train] epoch 23/50  train_loss=0.002162  eval_loss=0.002189
  [train] epoch 24/50  train_loss=0.002258  eval_loss=0.002096
  [train] epoch 25/50  train_loss=0.002023  eval_loss=0.002223
  [train] epoch 26/50  train_loss=0.002132  eval_loss=0.001719
  [train] epoch 27/50  train_loss=0.001876  eval_loss=0.001858
  [train] epoch 28/50  train_loss=0.001866  eval_loss=0.001949
  [train] epoch 29/50  train_loss=0.001899  eval_loss=0.001944
  [train] epoch 30/50  train_loss=0.001835  eval_loss=0.001917
  [train] epoch 31/50  train_loss=0.001789  eval_loss=0.001638
  [train] epoch 32/50  train_loss=0.001755  eval_loss=0.001444
  [train] epoch 33/50  train_loss=0.001792  eval_loss=0.001527
  [train] epoch 34/50  train_loss=0.001497  eval_loss=0.001745
  [train] epoch 35/50  train_loss=0.001774  eval_loss=0.001407
  [train] epoch 36/50  train_loss=0.001507  eval_loss=0.001161
  [train] epoch 37/50  train_loss=0.001473  eval_loss=0.001626
  [train] epoch 38/50  train_loss=0.001604  eval_loss=0.001662
  [train] epoch 39/50  train_loss=0.001443  eval_loss=0.001427
  [train] epoch 40/50  train_loss=0.001517  eval_loss=0.001107
  [train] epoch 41/50  train_loss=0.001372  eval_loss=0.001799
  [train] epoch 42/50  train_loss=0.001349  eval_loss=0.001009
  [train] epoch 43/50  train_loss=0.001441  eval_loss=0.001250
  [train] epoch 44/50  train_loss=0.001478  eval_loss=0.001502
  [train] epoch 45/50  train_loss=0.001316  eval_loss=0.001607
  [train] epoch 46/50  train_loss=0.001221  eval_loss=0.001198
  [train] epoch 47/50  train_loss=0.001387  eval_loss=0.001194
  [train] epoch 48/50  train_loss=0.001187  eval_loss=0.002011
  [train] epoch 49/50  train_loss=0.001262  eval_loss=0.001008
  [train] epoch 50/50  train_loss=0.001062  eval_loss=0.001569
  [best] epoch 49  eval_loss=0.001008 (selected over 50 epochs)
[train] cluster1: 229533 transitions, 50 epochs
  [train] epoch 1/50  train_loss=0.018965  eval_loss=0.006912
  [train] epoch 2/50  train_loss=0.005502  eval_loss=0.004990
  [train] epoch 3/50  train_loss=0.005003  eval_loss=0.004531
  [train] epoch 4/50  train_loss=0.004658  eval_loss=0.004265
  [train] epoch 5/50  train_loss=0.004279  eval_loss=0.003950
  [train] epoch 6/50  train_loss=0.004014  eval_loss=0.003904
  [train] epoch 7/50  train_loss=0.003713  eval_loss=0.003614
  [train] epoch 8/50  train_loss=0.003551  eval_loss=0.003208
  [train] epoch 9/50  train_loss=0.003358  eval_loss=0.003393
  [train] epoch 10/50  train_loss=0.003177  eval_loss=0.003459
  [train] epoch 11/50  train_loss=0.002962  eval_loss=0.002763
  [train] epoch 12/50  train_loss=0.002870  eval_loss=0.002881
  [train] epoch 13/50  train_loss=0.002745  eval_loss=0.002394
  [train] epoch 14/50  train_loss=0.002642  eval_loss=0.002128
  [train] epoch 15/50  train_loss=0.002504  eval_loss=0.002678
  [train] epoch 16/50  train_loss=0.002405  eval_loss=0.002170
  [train] epoch 17/50  train_loss=0.002288  eval_loss=0.002097
  [train] epoch 18/50  train_loss=0.002265  eval_loss=0.001988
  [train] epoch 19/50  train_loss=0.002145  eval_loss=0.002023
  [train] epoch 20/50  train_loss=0.002095  eval_loss=0.001808
  [train] epoch 21/50  train_loss=0.002016  eval_loss=0.002009
  [train] epoch 22/50  train_loss=0.001971  eval_loss=0.001829
  [train] epoch 23/50  train_loss=0.001774  eval_loss=0.001749
  [train] epoch 24/50  train_loss=0.001855  eval_loss=0.001797
  [train] epoch 25/50  train_loss=0.001775  eval_loss=0.001590
  [train] epoch 26/50  train_loss=0.001736  eval_loss=0.001343
  [train] epoch 27/50  train_loss=0.001717  eval_loss=0.001643
  [train] epoch 28/50  train_loss=0.001655  eval_loss=0.001507
  [train] epoch 29/50  train_loss=0.001685  eval_loss=0.001574
  [train] epoch 30/50  train_loss=0.001512  eval_loss=0.001373
  [train] epoch 31/50  train_loss=0.001543  eval_loss=0.001881
  [train] epoch 32/50  train_loss=0.001498  eval_loss=0.002678
  [train] epoch 33/50  train_loss=0.001592  eval_loss=0.001352
  [train] epoch 34/50  train_loss=0.001347  eval_loss=0.001684
  [train] epoch 35/50  train_loss=0.001478  eval_loss=0.002060
  [train] epoch 36/50  train_loss=0.001368  eval_loss=0.001112
  [train] epoch 37/50  train_loss=0.001244  eval_loss=0.001480
  [train] epoch 38/50  train_loss=0.001375  eval_loss=0.001297
  [train] epoch 39/50  train_loss=0.001258  eval_loss=0.001096
  [train] epoch 40/50  train_loss=0.001341  eval_loss=0.001492
  [train] epoch 41/50  train_loss=0.001245  eval_loss=0.001437
  [train] epoch 42/50  train_loss=0.001168  eval_loss=0.001261
  [train] epoch 43/50  train_loss=0.001264  eval_loss=0.001342
  [train] epoch 44/50  train_loss=0.001209  eval_loss=0.001239
  [train] epoch 45/50  train_loss=0.001256  eval_loss=0.000993
  [train] epoch 46/50  train_loss=0.001140  eval_loss=0.001262
  [train] epoch 47/50  train_loss=0.001072  eval_loss=0.001388
  [train] epoch 48/50  train_loss=0.001179  eval_loss=0.000881
  [train] epoch 49/50  train_loss=0.001157  eval_loss=0.001162
  [train] epoch 50/50  train_loss=0.001054  eval_loss=0.000877
  [best] epoch 50  eval_loss=0.000877 (selected over 50 epochs)
[train] cluster2: 231955 transitions, 50 epochs
  [train] epoch 1/50  train_loss=0.019144  eval_loss=0.006771
  [train] epoch 2/50  train_loss=0.005647  eval_loss=0.005033
  [train] epoch 3/50  train_loss=0.005159  eval_loss=0.004541
  [train] epoch 4/50  train_loss=0.004751  eval_loss=0.004412
  [train] epoch 5/50  train_loss=0.004345  eval_loss=0.003946
  [train] epoch 6/50  train_loss=0.004029  eval_loss=0.003586
  [train] epoch 7/50  train_loss=0.003737  eval_loss=0.003289
  [train] epoch 8/50  train_loss=0.003555  eval_loss=0.003281
  [train] epoch 9/50  train_loss=0.003338  eval_loss=0.003231
  [train] epoch 10/50  train_loss=0.003169  eval_loss=0.002957
  [train] epoch 11/50  train_loss=0.003002  eval_loss=0.002882
  [train] epoch 12/50  train_loss=0.002840  eval_loss=0.002428
  [train] epoch 13/50  train_loss=0.002711  eval_loss=0.002655
  [train] epoch 14/50  train_loss=0.002600  eval_loss=0.002465
  [train] epoch 15/50  train_loss=0.002422  eval_loss=0.002375
  [train] epoch 16/50  train_loss=0.002409  eval_loss=0.002134
  [train] epoch 17/50  train_loss=0.002224  eval_loss=0.002368
  [train] epoch 18/50  train_loss=0.002239  eval_loss=0.002016
  [train] epoch 19/50  train_loss=0.002126  eval_loss=0.002166
  [train] epoch 20/50  train_loss=0.002058  eval_loss=0.002429
  [train] epoch 21/50  train_loss=0.002058  eval_loss=0.001617
  [train] epoch 22/50  train_loss=0.001961  eval_loss=0.001841
  [train] epoch 23/50  train_loss=0.001888  eval_loss=0.001952
  [train] epoch 24/50  train_loss=0.001827  eval_loss=0.001599
  [train] epoch 25/50  train_loss=0.001832  eval_loss=0.001585
  [train] epoch 26/50  train_loss=0.001746  eval_loss=0.001538
  [train] epoch 27/50  train_loss=0.001709  eval_loss=0.001613
  [train] epoch 28/50  train_loss=0.001637  eval_loss=0.001468
  [train] epoch 29/50  train_loss=0.001580  eval_loss=0.001778
  [train] epoch 30/50  train_loss=0.001550  eval_loss=0.001476
  [train] epoch 31/50  train_loss=0.001528  eval_loss=0.001803
  [train] epoch 32/50  train_loss=0.001453  eval_loss=0.001203
  [train] epoch 33/50  train_loss=0.001424  eval_loss=0.001268
  [train] epoch 34/50  train_loss=0.001535  eval_loss=0.001269
  [train] epoch 35/50  train_loss=0.001411  eval_loss=0.001114
  [train] epoch 36/50  train_loss=0.001314  eval_loss=0.001715
  [train] epoch 37/50  train_loss=0.001245  eval_loss=0.001151
  [train] epoch 38/50  train_loss=0.001445  eval_loss=0.001275
  [train] epoch 39/50  train_loss=0.001228  eval_loss=0.001030
  [train] epoch 40/50  train_loss=0.001214  eval_loss=0.001479
  [train] epoch 41/50  train_loss=0.001321  eval_loss=0.001093
  [train] epoch 42/50  train_loss=0.001229  eval_loss=0.000992
  [train] epoch 43/50  train_loss=0.001177  eval_loss=0.000995
  [train] epoch 44/50  train_loss=0.001194  eval_loss=0.001618
  [train] epoch 45/50  train_loss=0.001114  eval_loss=0.001216
  [train] epoch 46/50  train_loss=0.001193  eval_loss=0.001584
  [train] epoch 47/50  train_loss=0.001222  eval_loss=0.001346
  [train] epoch 48/50  train_loss=0.001083  eval_loss=0.001033
  [train] epoch 49/50  train_loss=0.001112  eval_loss=0.001301
  [train] epoch 50/50  train_loss=0.001079  eval_loss=0.000959
  [best] epoch 50  eval_loss=0.000959 (selected over 50 epochs)
[done] manifest -> experiments/real_gauge_drift/results/tworoom_latent_kmeanspp_kmeanspp_R50_outer0_trainseed625/manifest.json
real 11608.60
user 6012.30
sys 66.47
