[data] 693728 train transitions, cluster source=experiments/real_gauge_drift/results/latent_landmark_spectral_k3/spectral_M20000_k30_P16_seed1, route_label_offset_steps=0
  cluster0: 227196 transitions
  cluster1: 247209 transitions
  cluster2: 219323 transitions
  [cache] loaded merged embeddings from experiments/real_gauge_drift/results/tworoom_latent_spectral_spectral_M20000_k30_P16_seed1_trainseed625/P_train_global_merged_embeddings.npz
[train] cluster0: 227196 transitions, 50 epochs
  [train] epoch 1/50  train_loss=0.018585  eval_loss=0.005073
  [train] epoch 2/50  train_loss=0.003274  eval_loss=0.003036
  [train] epoch 3/50  train_loss=0.002827  eval_loss=0.002454
  [train] epoch 4/50  train_loss=0.002533  eval_loss=0.002526
  [train] epoch 5/50  train_loss=0.002313  eval_loss=0.001995
  [train] epoch 6/50  train_loss=0.002073  eval_loss=0.001868
  [train] epoch 7/50  train_loss=0.001964  eval_loss=0.001623
  [train] epoch 8/50  train_loss=0.001803  eval_loss=0.001587
  [train] epoch 9/50  train_loss=0.001700  eval_loss=0.001617
  [train] epoch 10/50  train_loss=0.001609  eval_loss=0.001371
  [train] epoch 11/50  train_loss=0.001537  eval_loss=0.001350
  [train] epoch 12/50  train_loss=0.001439  eval_loss=0.001242
  [train] epoch 13/50  train_loss=0.001333  eval_loss=0.001212
  [train] epoch 14/50  train_loss=0.001282  eval_loss=0.001085
  [train] epoch 15/50  train_loss=0.001257  eval_loss=0.001210
  [train] epoch 16/50  train_loss=0.001216  eval_loss=0.001161
  [train] epoch 17/50  train_loss=0.001251  eval_loss=0.001139
  [train] epoch 18/50  train_loss=0.001111  eval_loss=0.001043
  [train] epoch 19/50  train_loss=0.001039  eval_loss=0.001223
  [train] epoch 20/50  train_loss=0.001051  eval_loss=0.000855
  [train] epoch 21/50  train_loss=0.000986  eval_loss=0.000900
  [train] epoch 22/50  train_loss=0.000910  eval_loss=0.001042
  [train] epoch 23/50  train_loss=0.000969  eval_loss=0.000720
  [train] epoch 24/50  train_loss=0.000815  eval_loss=0.000795
  [train] epoch 25/50  train_loss=0.000955  eval_loss=0.000819
  [train] epoch 26/50  train_loss=0.000828  eval_loss=0.000786
  [train] epoch 27/50  train_loss=0.000814  eval_loss=0.000707
  [train] epoch 28/50  train_loss=0.000736  eval_loss=0.000699
  [train] epoch 29/50  train_loss=0.000720  eval_loss=0.000716
  [train] epoch 30/50  train_loss=0.000714  eval_loss=0.000814
  [train] epoch 31/50  train_loss=0.000689  eval_loss=0.000620
  [train] epoch 32/50  train_loss=0.000797  eval_loss=0.001433
  [train] epoch 33/50  train_loss=0.000729  eval_loss=0.000611
  [train] epoch 34/50  train_loss=0.000799  eval_loss=0.000610
  [train] epoch 35/50  train_loss=0.000559  eval_loss=0.000538
  [train] epoch 36/50  train_loss=0.000772  eval_loss=0.000761
  [train] epoch 37/50  train_loss=0.000658  eval_loss=0.000652
  [train] epoch 38/50  train_loss=0.000610  eval_loss=0.000599
  [train] epoch 39/50  train_loss=0.000724  eval_loss=0.000542
  [train] epoch 40/50  train_loss=0.000563  eval_loss=0.000774
  [train] epoch 41/50  train_loss=0.000623  eval_loss=0.000597
  [train] epoch 42/50  train_loss=0.000510  eval_loss=0.000475
  [train] epoch 43/50  train_loss=0.000626  eval_loss=0.000533
  [train] epoch 44/50  train_loss=0.000543  eval_loss=0.000700
  [train] epoch 45/50  train_loss=0.000644  eval_loss=0.000458
  [train] epoch 46/50  train_loss=0.000510  eval_loss=0.000383
  [train] epoch 47/50  train_loss=0.000471  eval_loss=0.000388
  [train] epoch 48/50  train_loss=0.000542  eval_loss=0.000585
  [train] epoch 49/50  train_loss=0.000616  eval_loss=0.000564
  [train] epoch 50/50  train_loss=0.000562  eval_loss=0.000667
  [best] epoch 46  eval_loss=0.000383 (selected over 50 epochs)
[train] cluster1: 247209 transitions, 50 epochs
  [train] epoch 1/50  train_loss=0.023810  eval_loss=0.011195
  [train] epoch 2/50  train_loss=0.009946  eval_loss=0.009223
  [train] epoch 3/50  train_loss=0.008764  eval_loss=0.008135
  [train] epoch 4/50  train_loss=0.007858  eval_loss=0.007111
  [train] epoch 5/50  train_loss=0.007096  eval_loss=0.006659
  [train] epoch 6/50  train_loss=0.006530  eval_loss=0.006235
  [train] epoch 7/50  train_loss=0.005953  eval_loss=0.005242
  [train] epoch 8/50  train_loss=0.005586  eval_loss=0.005304
  [train] epoch 9/50  train_loss=0.005065  eval_loss=0.004526
  [train] epoch 10/50  train_loss=0.004778  eval_loss=0.004670
  [train] epoch 11/50  train_loss=0.004502  eval_loss=0.004281
  [train] epoch 12/50  train_loss=0.004318  eval_loss=0.003940
  [train] epoch 13/50  train_loss=0.004026  eval_loss=0.003873
  [train] epoch 14/50  train_loss=0.003823  eval_loss=0.003678
  [train] epoch 15/50  train_loss=0.003644  eval_loss=0.004175
  [train] epoch 16/50  train_loss=0.003434  eval_loss=0.003843
  [train] epoch 17/50  train_loss=0.003460  eval_loss=0.003302
  [train] epoch 18/50  train_loss=0.003015  eval_loss=0.002659
  [train] epoch 19/50  train_loss=0.003034  eval_loss=0.002826
  [train] epoch 20/50  train_loss=0.002994  eval_loss=0.002518
  [train] epoch 21/50  train_loss=0.002834  eval_loss=0.002893
  [train] epoch 22/50  train_loss=0.002563  eval_loss=0.002650
  [train] epoch 23/50  train_loss=0.002555  eval_loss=0.002293
  [train] epoch 24/50  train_loss=0.002553  eval_loss=0.002163
  [train] epoch 25/50  train_loss=0.002403  eval_loss=0.002550
  [train] epoch 26/50  train_loss=0.002470  eval_loss=0.002846
  [train] epoch 27/50  train_loss=0.002148  eval_loss=0.002277
  [train] epoch 28/50  train_loss=0.002278  eval_loss=0.001825
  [train] epoch 29/50  train_loss=0.002186  eval_loss=0.001766
  [train] epoch 30/50  train_loss=0.002132  eval_loss=0.001841
  [train] epoch 31/50  train_loss=0.001961  eval_loss=0.002034
  [train] epoch 32/50  train_loss=0.001924  eval_loss=0.001639
  [train] epoch 33/50  train_loss=0.001965  eval_loss=0.001483
  [train] epoch 34/50  train_loss=0.001800  eval_loss=0.001873
  [train] epoch 35/50  train_loss=0.001806  eval_loss=0.001575
  [train] epoch 36/50  train_loss=0.001886  eval_loss=0.001960
  [train] epoch 37/50  train_loss=0.001576  eval_loss=0.001244
  [train] epoch 38/50  train_loss=0.001628  eval_loss=0.001990
  [train] epoch 39/50  train_loss=0.001713  eval_loss=0.001663
  [train] epoch 40/50  train_loss=0.001650  eval_loss=0.002388
  [train] epoch 41/50  train_loss=0.001584  eval_loss=0.001424
  [train] epoch 42/50  train_loss=0.001626  eval_loss=0.001488
  [train] epoch 43/50  train_loss=0.001380  eval_loss=0.001685
  [train] epoch 44/50  train_loss=0.001743  eval_loss=0.001361
  [train] epoch 45/50  train_loss=0.001422  eval_loss=0.001366
  [train] epoch 46/50  train_loss=0.001354  eval_loss=0.001363
  [train] epoch 47/50  train_loss=0.001435  eval_loss=0.001302
  [train] epoch 48/50  train_loss=0.001382  eval_loss=0.000963
  [train] epoch 49/50  train_loss=0.001409  eval_loss=0.001220
  [train] epoch 50/50  train_loss=0.001370  eval_loss=0.001289
  [best] epoch 48  eval_loss=0.000963 (selected over 50 epochs)
[train] cluster2: 219323 transitions, 50 epochs
  [train] epoch 1/50  train_loss=0.017962  eval_loss=0.004526
  [train] epoch 2/50  train_loss=0.003009  eval_loss=0.002649
  [train] epoch 3/50  train_loss=0.002625  eval_loss=0.002530
  [train] epoch 4/50  train_loss=0.002384  eval_loss=0.002126
  [train] epoch 5/50  train_loss=0.002150  eval_loss=0.002234
  [train] epoch 6/50  train_loss=0.001986  eval_loss=0.001717
  [train] epoch 7/50  train_loss=0.001811  eval_loss=0.001828
  [train] epoch 8/50  train_loss=0.001676  eval_loss=0.001733
  [train] epoch 9/50  train_loss=0.001597  eval_loss=0.001374
  [train] epoch 10/50  train_loss=0.001516  eval_loss=0.001434
  [train] epoch 11/50  train_loss=0.001404  eval_loss=0.002044
  [train] epoch 12/50  train_loss=0.001355  eval_loss=0.001316
  [train] epoch 13/50  train_loss=0.001248  eval_loss=0.001261
  [train] epoch 14/50  train_loss=0.001211  eval_loss=0.001590
  [train] epoch 15/50  train_loss=0.001195  eval_loss=0.000915
  [train] epoch 16/50  train_loss=0.001146  eval_loss=0.001757
  [train] epoch 17/50  train_loss=0.001016  eval_loss=0.000968
  [train] epoch 18/50  train_loss=0.001015  eval_loss=0.000977
  [train] epoch 19/50  train_loss=0.000983  eval_loss=0.000958
  [train] epoch 20/50  train_loss=0.000965  eval_loss=0.001091
  [train] epoch 21/50  train_loss=0.000960  eval_loss=0.000902
  [train] epoch 22/50  train_loss=0.000887  eval_loss=0.000807
  [train] epoch 23/50  train_loss=0.000887  eval_loss=0.000725
  [train] epoch 24/50  train_loss=0.000821  eval_loss=0.000717
  [train] epoch 25/50  train_loss=0.000863  eval_loss=0.000680
  [train] epoch 26/50  train_loss=0.000828  eval_loss=0.000749
  [train] epoch 27/50  train_loss=0.000741  eval_loss=0.000697
  [train] epoch 28/50  train_loss=0.000734  eval_loss=0.001028
  [train] epoch 29/50  train_loss=0.000843  eval_loss=0.000732
  [train] epoch 30/50  train_loss=0.000673  eval_loss=0.000811
  [train] epoch 31/50  train_loss=0.000642  eval_loss=0.000758
  [train] epoch 32/50  train_loss=0.000637  eval_loss=0.000556
  [train] epoch 33/50  train_loss=0.000605  eval_loss=0.000608
  [train] epoch 34/50  train_loss=0.000770  eval_loss=0.000674
  [train] epoch 35/50  train_loss=0.000561  eval_loss=0.000621
  [train] epoch 36/50  train_loss=0.000709  eval_loss=0.000523
  [train] epoch 37/50  train_loss=0.000718  eval_loss=0.000742
  [train] epoch 38/50  train_loss=0.000592  eval_loss=0.000629
  [train] epoch 39/50  train_loss=0.000672  eval_loss=0.000617
  [train] epoch 40/50  train_loss=0.000516  eval_loss=0.000574
  [train] epoch 41/50  train_loss=0.000579  eval_loss=0.000424
  [train] epoch 42/50  train_loss=0.000548  eval_loss=0.000639
  [train] epoch 43/50  train_loss=0.000551  eval_loss=0.000523
  [train] epoch 44/50  train_loss=0.000566  eval_loss=0.000490
  [train] epoch 45/50  train_loss=0.000524  eval_loss=0.000713
  [train] epoch 46/50  train_loss=0.000562  eval_loss=0.000842
  [train] epoch 47/50  train_loss=0.000553  eval_loss=0.000453
  [train] epoch 48/50  train_loss=0.000474  eval_loss=0.000428
  [train] epoch 49/50  train_loss=0.000508  eval_loss=0.000481
  [train] epoch 50/50  train_loss=0.000577  eval_loss=0.000414
  [best] epoch 50  eval_loss=0.000414 (selected over 50 epochs)
[done] manifest -> experiments/real_gauge_drift/results/tworoom_latent_spectral_spectral_M20000_k30_P16_seed1_trainseed625/manifest.json
real 4419.39
user 4414.48
sys 16.62
