[data] 693728 train transitions, cluster source=experiments/real_gauge_drift/results/latent_random_voronoi_k3/random_voronoi_k3_seed1, route_label_offset_steps=0
  cluster0: 225377 transitions
  cluster1: 232431 transitions
  cluster2: 235920 transitions
  [cache] loaded merged embeddings from experiments/real_gauge_drift/results/tworoom_latent_random_voronoi_k3_seed1_trainseed42/P_train_global_merged_embeddings.npz
[train] cluster0: 225377 transitions, 50 epochs
  [train] epoch 1/50  train_loss=0.018776  eval_loss=0.006864
  [train] epoch 2/50  train_loss=0.005453  eval_loss=0.005295
  [train] epoch 3/50  train_loss=0.005004  eval_loss=0.004546
  [train] epoch 4/50  train_loss=0.004593  eval_loss=0.004236
  [train] epoch 5/50  train_loss=0.004222  eval_loss=0.003751
  [train] epoch 6/50  train_loss=0.003958  eval_loss=0.003723
  [train] epoch 7/50  train_loss=0.003733  eval_loss=0.003412
  [train] epoch 8/50  train_loss=0.003451  eval_loss=0.003435
  [train] epoch 9/50  train_loss=0.003343  eval_loss=0.002785
  [train] epoch 10/50  train_loss=0.003122  eval_loss=0.002757
  [train] epoch 11/50  train_loss=0.002991  eval_loss=0.002651
  [train] epoch 12/50  train_loss=0.002884  eval_loss=0.002576
  [train] epoch 13/50  train_loss=0.002716  eval_loss=0.002695
  [train] epoch 14/50  train_loss=0.002574  eval_loss=0.002443
  [train] epoch 15/50  train_loss=0.002480  eval_loss=0.002560
  [train] epoch 16/50  train_loss=0.002386  eval_loss=0.002303
  [train] epoch 17/50  train_loss=0.002368  eval_loss=0.002197
  [train] epoch 18/50  train_loss=0.002199  eval_loss=0.002269
  [train] epoch 19/50  train_loss=0.002185  eval_loss=0.002188
  [train] epoch 20/50  train_loss=0.001996  eval_loss=0.001887
  [train] epoch 21/50  train_loss=0.001930  eval_loss=0.002022
  [train] epoch 22/50  train_loss=0.002013  eval_loss=0.001457
  [train] epoch 23/50  train_loss=0.001858  eval_loss=0.002143
  [train] epoch 24/50  train_loss=0.001887  eval_loss=0.001457
  [train] epoch 25/50  train_loss=0.001780  eval_loss=0.002040
  [train] epoch 26/50  train_loss=0.001715  eval_loss=0.001777
  [train] epoch 27/50  train_loss=0.001633  eval_loss=0.001833
  [train] epoch 28/50  train_loss=0.001637  eval_loss=0.001494
  [train] epoch 29/50  train_loss=0.001734  eval_loss=0.001284
  [train] epoch 30/50  train_loss=0.001525  eval_loss=0.001467
  [train] epoch 31/50  train_loss=0.001529  eval_loss=0.001488
  [train] epoch 32/50  train_loss=0.001381  eval_loss=0.001219
  [train] epoch 33/50  train_loss=0.001360  eval_loss=0.001238
  [train] epoch 34/50  train_loss=0.001538  eval_loss=0.001871
  [train] epoch 35/50  train_loss=0.001226  eval_loss=0.001767
  [train] epoch 36/50  train_loss=0.001406  eval_loss=0.001433
  [train] epoch 37/50  train_loss=0.001403  eval_loss=0.001297
  [train] epoch 38/50  train_loss=0.001325  eval_loss=0.001670
  [train] epoch 39/50  train_loss=0.001264  eval_loss=0.001052
  [train] epoch 40/50  train_loss=0.001299  eval_loss=0.001189
  [train] epoch 41/50  train_loss=0.001230  eval_loss=0.001155
  [train] epoch 42/50  train_loss=0.001186  eval_loss=0.001543
  [train] epoch 43/50  train_loss=0.001287  eval_loss=0.001318
  [train] epoch 44/50  train_loss=0.001142  eval_loss=0.000930
  [train] epoch 45/50  train_loss=0.001122  eval_loss=0.000810
  [train] epoch 46/50  train_loss=0.001132  eval_loss=0.001081
  [train] epoch 47/50  train_loss=0.001141  eval_loss=0.000982
  [train] epoch 48/50  train_loss=0.001115  eval_loss=0.001510
  [train] epoch 49/50  train_loss=0.001066  eval_loss=0.000891
  [train] epoch 50/50  train_loss=0.001081  eval_loss=0.000982
  [best] epoch 45  eval_loss=0.000810 (selected over 50 epochs)
[train] cluster1: 232431 transitions, 50 epochs
  [train] epoch 1/50  train_loss=0.020189  eval_loss=0.007831
  [train] epoch 2/50  train_loss=0.006758  eval_loss=0.006270
  [train] epoch 3/50  train_loss=0.006150  eval_loss=0.005535
  [train] epoch 4/50  train_loss=0.005657  eval_loss=0.005015
  [train] epoch 5/50  train_loss=0.005190  eval_loss=0.004583
  [train] epoch 6/50  train_loss=0.004908  eval_loss=0.004367
  [train] epoch 7/50  train_loss=0.004531  eval_loss=0.004173
  [train] epoch 8/50  train_loss=0.004313  eval_loss=0.004111
  [train] epoch 9/50  train_loss=0.004034  eval_loss=0.003635
  [train] epoch 10/50  train_loss=0.003803  eval_loss=0.003669
  [train] epoch 11/50  train_loss=0.003646  eval_loss=0.002967
  [train] epoch 12/50  train_loss=0.003452  eval_loss=0.003095
  [train] epoch 13/50  train_loss=0.003339  eval_loss=0.003402
  [train] epoch 14/50  train_loss=0.003116  eval_loss=0.002784
  [train] epoch 15/50  train_loss=0.003024  eval_loss=0.003131
  [train] epoch 16/50  train_loss=0.002948  eval_loss=0.002596
  [train] epoch 17/50  train_loss=0.002810  eval_loss=0.003202
  [train] epoch 18/50  train_loss=0.002738  eval_loss=0.002711
  [train] epoch 19/50  train_loss=0.002579  eval_loss=0.002809
  [train] epoch 20/50  train_loss=0.002538  eval_loss=0.002620
  [train] epoch 21/50  train_loss=0.002359  eval_loss=0.002550
  [train] epoch 22/50  train_loss=0.002363  eval_loss=0.002443
  [train] epoch 23/50  train_loss=0.002389  eval_loss=0.002377
  [train] epoch 24/50  train_loss=0.002197  eval_loss=0.002170
  [train] epoch 25/50  train_loss=0.002197  eval_loss=0.002422
  [train] epoch 26/50  train_loss=0.002045  eval_loss=0.002426
  [train] epoch 27/50  train_loss=0.002018  eval_loss=0.002054
  [train] epoch 28/50  train_loss=0.001881  eval_loss=0.001860
  [train] epoch 29/50  train_loss=0.001920  eval_loss=0.001828
  [train] epoch 30/50  train_loss=0.001936  eval_loss=0.001440
  [train] epoch 31/50  train_loss=0.001772  eval_loss=0.001431
  [train] epoch 32/50  train_loss=0.001770  eval_loss=0.001411
  [train] epoch 33/50  train_loss=0.001793  eval_loss=0.001826
  [train] epoch 34/50  train_loss=0.001669  eval_loss=0.001368
  [train] epoch 35/50  train_loss=0.001752  eval_loss=0.002190
  [train] epoch 36/50  train_loss=0.001701  eval_loss=0.001727
  [train] epoch 37/50  train_loss=0.001555  eval_loss=0.001625
  [train] epoch 38/50  train_loss=0.001648  eval_loss=0.001552
  [train] epoch 39/50  train_loss=0.001533  eval_loss=0.001776
  [train] epoch 40/50  train_loss=0.001439  eval_loss=0.001010
  [train] epoch 41/50  train_loss=0.001456  eval_loss=0.001268
  [train] epoch 42/50  train_loss=0.001453  eval_loss=0.001451
  [train] epoch 43/50  train_loss=0.001317  eval_loss=0.000951
  [train] epoch 44/50  train_loss=0.001494  eval_loss=0.001870
  [train] epoch 45/50  train_loss=0.001311  eval_loss=0.001344
  [train] epoch 46/50  train_loss=0.001508  eval_loss=0.001369
  [train] epoch 47/50  train_loss=0.001228  eval_loss=0.001267
  [train] epoch 48/50  train_loss=0.001387  eval_loss=0.001233
  [train] epoch 49/50  train_loss=0.001315  eval_loss=0.001414
  [train] epoch 50/50  train_loss=0.001238  eval_loss=0.001004
  [best] epoch 43  eval_loss=0.000951 (selected over 50 epochs)
[train] cluster2: 235920 transitions, 50 epochs
  [train] epoch 1/50  train_loss=0.019633  eval_loss=0.007756
  [train] epoch 2/50  train_loss=0.006426  eval_loss=0.005875
  [train] epoch 3/50  train_loss=0.005834  eval_loss=0.005084
  [train] epoch 4/50  train_loss=0.005326  eval_loss=0.004748
  [train] epoch 5/50  train_loss=0.004943  eval_loss=0.004391
  [train] epoch 6/50  train_loss=0.004552  eval_loss=0.004200
  [train] epoch 7/50  train_loss=0.004320  eval_loss=0.004741
  [train] epoch 8/50  train_loss=0.004012  eval_loss=0.003671
  [train] epoch 9/50  train_loss=0.003793  eval_loss=0.003684
  [train] epoch 10/50  train_loss=0.003609  eval_loss=0.003682
  [train] epoch 11/50  train_loss=0.003447  eval_loss=0.003232
  [train] epoch 12/50  train_loss=0.003280  eval_loss=0.002999
  [train] epoch 13/50  train_loss=0.003012  eval_loss=0.002793
  [train] epoch 14/50  train_loss=0.003018  eval_loss=0.002711
  [train] epoch 15/50  train_loss=0.002823  eval_loss=0.002811
  [train] epoch 16/50  train_loss=0.002780  eval_loss=0.002643
  [train] epoch 17/50  train_loss=0.002638  eval_loss=0.002701
  [train] epoch 18/50  train_loss=0.002477  eval_loss=0.002530
  [train] epoch 19/50  train_loss=0.002478  eval_loss=0.002244
  [train] epoch 20/50  train_loss=0.002363  eval_loss=0.002023
  [train] epoch 21/50  train_loss=0.002254  eval_loss=0.002179
  [train] epoch 22/50  train_loss=0.002180  eval_loss=0.002244
  [train] epoch 23/50  train_loss=0.002142  eval_loss=0.001873
  [train] epoch 24/50  train_loss=0.002126  eval_loss=0.001735
  [train] epoch 25/50  train_loss=0.001964  eval_loss=0.002174
  [train] epoch 26/50  train_loss=0.001974  eval_loss=0.001882
  [train] epoch 27/50  train_loss=0.001906  eval_loss=0.002713
  [train] epoch 28/50  train_loss=0.001923  eval_loss=0.001762
  [train] epoch 29/50  train_loss=0.001747  eval_loss=0.001523
  [train] epoch 30/50  train_loss=0.001896  eval_loss=0.001623
  [train] epoch 31/50  train_loss=0.001795  eval_loss=0.002001
  [train] epoch 32/50  train_loss=0.001642  eval_loss=0.001592
  [train] epoch 33/50  train_loss=0.001648  eval_loss=0.001688
  [train] epoch 34/50  train_loss=0.001603  eval_loss=0.001376
  [train] epoch 35/50  train_loss=0.001625  eval_loss=0.001580
  [train] epoch 36/50  train_loss=0.001601  eval_loss=0.001712
  [train] epoch 37/50  train_loss=0.001561  eval_loss=0.001488
  [train] epoch 38/50  train_loss=0.001379  eval_loss=0.001764
  [train] epoch 39/50  train_loss=0.001489  eval_loss=0.001966
  [train] epoch 40/50  train_loss=0.001487  eval_loss=0.001290
  [train] epoch 41/50  train_loss=0.001300  eval_loss=0.001082
  [train] epoch 42/50  train_loss=0.001440  eval_loss=0.001459
  [train] epoch 43/50  train_loss=0.001167  eval_loss=0.000974
  [train] epoch 44/50  train_loss=0.001458  eval_loss=0.001328
  [train] epoch 45/50  train_loss=0.001146  eval_loss=0.000965
  [train] epoch 46/50  train_loss=0.001564  eval_loss=0.001409
  [train] epoch 47/50  train_loss=0.001147  eval_loss=0.001411
  [train] epoch 48/50  train_loss=0.001203  eval_loss=0.001642
  [train] epoch 49/50  train_loss=0.001217  eval_loss=0.001175
  [train] epoch 50/50  train_loss=0.001248  eval_loss=0.001565
  [best] epoch 45  eval_loss=0.000965 (selected over 50 epochs)
[done] manifest -> experiments/real_gauge_drift/results/tworoom_latent_random_voronoi_k3_seed1_trainseed42/manifest.json
real 4332.18
user 4308.04
sys 35.34
