{
  "metrics": [
    {
      "split": "common",
      "n": 1622,
      "dim": 2,
      "pca_residual": 1.2368737912187573,
      "pca_drift": 1.908829442621581,
      "pca_residual_ratio": 0.13506837399313276,
      "pca_drift_to_residual_ratio": 14.132319699832166,
      "frame_residual": 150.7438051896534,
      "frame_drift": 1.3021482323088565,
      "frame_residual_ratio": 0.801626249703884,
      "frame_drift_to_residual_ratio": 1.6243832244618213,
      "state_to_latent_r2": 0.058517085073508945,
      "latent_to_state_r2": 0.9998464032421741,
      "orthogonality_error": NaN,
      "orthogonal_recovery_error": NaN,
      "reference_overlap_n": 0,
      "reference_overlap_ratio": 0.0,
      "test_iid_frame_drift_mean": 0.33904652768906424,
      "test_iid_frame_drift_std": 0.03929453013439823,
      "frame_drift_excess_vs_test_iid": 0.9631017046197923,
      "frame_drift_z_vs_test_iid": 24.5098160304044,
      "test_iid_pca_drift_mean": 0.2376898834314615,
      "test_iid_pca_drift_std": 0.15650304310422036,
      "pca_drift_excess_vs_test_iid": 1.6711395591901195,
      "pca_drift_z_vs_test_iid": 10.67800041476878
    },
    {
      "split": "doorway_corridor",
      "n": 512,
      "dim": 2,
      "pca_residual": 0.9788622056559085,
      "pca_drift": 0.018381734223150335,
      "pca_residual_ratio": 0.10689314255013707,
      "pca_drift_to_residual_ratio": 0.17196364317155907,
      "frame_residual": 138.75088360282297,
      "frame_drift": 1.3368022058893123,
      "frame_residual_ratio": 0.737850224264243,
      "frame_drift_to_residual_ratio": 1.81175279470913,
      "state_to_latent_r2": 0.13442720979591527,
      "latent_to_state_r2": 0.9994913775451068,
      "orthogonality_error": NaN,
      "orthogonal_recovery_error": NaN,
      "reference_overlap_n": 0,
      "reference_overlap_ratio": 0.0,
      "test_iid_frame_drift_mean": 0.33904652768906424,
      "test_iid_frame_drift_std": 0.03929453013439823,
      "frame_drift_excess_vs_test_iid": 0.9977556782002481,
      "frame_drift_z_vs_test_iid": 25.391719273961396,
      "test_iid_pca_drift_mean": 0.2376898834314615,
      "test_iid_pca_drift_std": 0.15650304310422036,
      "pca_drift_excess_vs_test_iid": -0.21930814920831115,
      "pca_drift_z_vs_test_iid": -1.4013027788914338
    },
    {
      "split": "goal_other_side",
      "n": 3515,
      "dim": 2,
      "pca_residual": 9.261592099604416,
      "pca_drift": 0.08345707988815633,
      "pca_residual_ratio": 1.011379005976501,
      "pca_drift_to_residual_ratio": 0.08251810586822966,
      "frame_residual": 188.31423011500382,
      "frame_drift": 0.220030009960042,
      "frame_residual_ratio": 1.0014184653428533,
      "frame_drift_to_residual_ratio": 0.21971834709927293,
      "state_to_latent_r2": 0.020968274855845515,
      "latent_to_state_r2": 0.9911065701053905,
      "orthogonality_error": NaN,
      "orthogonal_recovery_error": NaN,
      "reference_overlap_n": 0,
      "reference_overlap_ratio": 0.0,
      "test_iid_frame_drift_mean": 0.33904652768906424,
      "test_iid_frame_drift_std": 0.03929453013439823,
      "frame_drift_excess_vs_test_iid": -0.11901651772902225,
      "frame_drift_z_vs_test_iid": -3.0288316801072264,
      "test_iid_pca_drift_mean": 0.2376898834314615,
      "test_iid_pca_drift_std": 0.15650304310422036,
      "pca_drift_excess_vs_test_iid": -0.15423280354330515,
      "pca_drift_z_vs_test_iid": -0.9854939589871816
    },
    {
      "split": "left_room",
      "n": 1650,
      "dim": 2,
      "pca_residual": 15.698187781493921,
      "pca_drift": 0.1377556752099444,
      "pca_residual_ratio": 1.7142643924858139,
      "pca_drift_to_residual_ratio": 0.08035847668171407,
      "frame_residual": 204.24170896465264,
      "frame_drift": 0.6727363017918067,
      "frame_residual_ratio": 1.086117701383886,
      "frame_drift_to_residual_ratio": 0.6193953941953202,
      "state_to_latent_r2": 0.06264847045727517,
      "latent_to_state_r2": 0.99917171829883,
      "orthogonality_error": NaN,
      "orthogonal_recovery_error": NaN,
      "reference_overlap_n": 0,
      "reference_overlap_ratio": 0.0,
      "test_iid_frame_drift_mean": 0.33904652768906424,
      "test_iid_frame_drift_std": 0.03929453013439823,
      "frame_drift_excess_vs_test_iid": 0.3336897741027424,
      "frame_drift_z_vs_test_iid": 8.492015884982935,
      "test_iid_pca_drift_mean": 0.2376898834314615,
      "test_iid_pca_drift_std": 0.15650304310422036,
      "pca_drift_excess_vs_test_iid": -0.0999342082215171,
      "pca_drift_z_vs_test_iid": -0.6385448246800491
    },
    {
      "split": "near_wall",
      "n": 1365,
      "dim": 2,
      "pca_residual": 18.594740550101417,
      "pca_drift": 0.13538744542768297,
      "pca_residual_ratio": 2.030572067059158,
      "pca_drift_to_residual_ratio": 0.06667453355826743,
      "frame_residual": 200.2742515077342,
      "frame_drift": 0.5879591575407437,
      "frame_residual_ratio": 1.0650195339464388,
      "frame_drift_to_residual_ratio": 0.5520642005142422,
      "state_to_latent_r2": 0.07495812694719273,
      "latent_to_state_r2": 0.9987110980288336,
      "orthogonality_error": NaN,
      "orthogonal_recovery_error": NaN,
      "reference_overlap_n": 0,
      "reference_overlap_ratio": 0.0,
      "test_iid_frame_drift_mean": 0.33904652768906424,
      "test_iid_frame_drift_std": 0.03929453013439823,
      "frame_drift_excess_vs_test_iid": 0.24891262985167945,
      "frame_drift_z_vs_test_iid": 6.3345363589790855,
      "test_iid_pca_drift_mean": 0.2376898834314615,
      "test_iid_pca_drift_std": 0.15650304310422036,
      "pca_drift_excess_vs_test_iid": -0.10230243800377853,
      "pca_drift_z_vs_test_iid": -0.6536769891113133
    },
    {
      "split": "right_room",
      "n": 1650,
      "dim": 2,
      "pca_residual": 6.83926039883976,
      "pca_drift": 1.4142135623730947,
      "pca_residual_ratio": 0.7468569452641355,
      "pca_drift_to_residual_ratio": 1.8935534727752268,
      "frame_residual": 200.27633157975086,
      "frame_drift": 0.7334657099154256,
      "frame_residual_ratio": 1.0650305953650339,
      "frame_drift_to_residual_ratio": 0.6886804126630233,
      "state_to_latent_r2": 0.053671692655333114,
      "latent_to_state_r2": 0.99866974929408,
      "orthogonality_error": NaN,
      "orthogonal_recovery_error": NaN,
      "reference_overlap_n": 0,
      "reference_overlap_ratio": 0.0,
      "test_iid_frame_drift_mean": 0.33904652768906424,
      "test_iid_frame_drift_std": 0.03929453013439823,
      "frame_drift_excess_vs_test_iid": 0.39441918222636135,
      "frame_drift_z_vs_test_iid": 10.037508550612527,
      "test_iid_pca_drift_mean": 0.2376898834314615,
      "test_iid_pca_drift_std": 0.15650304310422036,
      "pca_drift_excess_vs_test_iid": 1.1765236789416331,
      "pca_drift_z_vs_test_iid": 7.51757701063123
    },
    {
      "split": "test_all",
      "n": 5000,
      "dim": 2,
      "pca_residual": 8.758226019181986,
      "pca_drift": 0.18299492207154763,
      "pca_residual_ratio": 0.956410715364602,
      "pca_drift_to_residual_ratio": 0.19133508139502092,
      "frame_residual": 188.40578093269315,
      "frame_drift": 0.20658141327594404,
      "frame_residual_ratio": 1.0019053147928143,
      "frame_drift_to_residual_ratio": 0.20618855916385387,
      "state_to_latent_r2": 0.019663076011512737,
      "latent_to_state_r2": 0.9913130032332622,
      "orthogonality_error": NaN,
      "orthogonal_recovery_error": NaN,
      "reference_overlap_n": 0,
      "reference_overlap_ratio": 0.0,
      "test_iid_frame_drift_mean": 0.33904652768906424,
      "test_iid_frame_drift_std": 0.03929453013439823,
      "frame_drift_excess_vs_test_iid": -0.1324651144131202,
      "frame_drift_z_vs_test_iid": -3.3710827933730614,
      "test_iid_pca_drift_mean": 0.2376898834314615,
      "test_iid_pca_drift_std": 0.15650304310422036,
      "pca_drift_excess_vs_test_iid": -0.05469496135991386,
      "pca_drift_z_vs_test_iid": -0.3494817753999918
    }
  ]
}
Wrote encoder train-global drift results to experiments/real_gauge_drift/results/tworoom_encoder_train_global_5k_b20_seed_2
real 171.71
user 476.37
sys 52.77
