{
  "metadata": {
    "reference_split": "reference",
    "reference_pca_residual": 13.570592407080802,
    "reference_frame_residual": 184.42829881872058,
    "align_dim": 2,
    "latent_dim": 192,
    "state_dim": 2,
    "state_dims_kept": [
      0,
      1
    ],
    "state_mean": [
      112.05642653199342,
      73.54853382477394
    ],
    "state_std": [
      15.690124420272234,
      16.382118576141906
    ],
    "latent_mean_shape": [
      1,
      192
    ],
    "latent_std_shape": [
      1,
      192
    ],
    "latent_pca_basis_shape": [
      192,
      2
    ],
    "state_pca_basis_shape": [
      2,
      2
    ],
    "r2_mode": "holdout"
  },
  "metrics": [
    {
      "split": "common",
      "n": 3327,
      "dim": 2,
      "pca_residual": 12.878897103658929,
      "pca_drift": 0.02072622661846315,
      "pca_residual_ratio": 0.949029837263264,
      "pca_drift_to_residual_ratio": 0.021839383552165165,
      "frame_residual": 183.90732491863628,
      "frame_drift": 0.13709325352199392,
      "frame_residual_ratio": 0.9971751954368057,
      "frame_drift_to_residual_ratio": 0.13748161220737515,
      "state_to_latent_r2": 0.05974385773701507,
      "latent_to_state_r2": 0.9998949471910603,
      "orthogonality_error": NaN,
      "orthogonal_recovery_error": NaN,
      "reference_overlap_n": 0,
      "reference_overlap_ratio": 0.0
    },
    {
      "split": "doorway_corridor",
      "n": 1431,
      "dim": 2,
      "pca_residual": 3.250267155195977,
      "pca_drift": 1.414213562373095,
      "pca_residual_ratio": 0.23950812593117363,
      "pca_drift_to_residual_ratio": 5.904657960430063,
      "frame_residual": 189.31520914215884,
      "frame_drift": 1.2938344902773722,
      "frame_residual_ratio": 1.0264976164435629,
      "frame_drift_to_residual_ratio": 1.2604359421298734,
      "state_to_latent_r2": 0.1729233798008647,
      "latent_to_state_r2": 0.99997614578364,
      "orthogonality_error": NaN,
      "orthogonal_recovery_error": NaN,
      "reference_overlap_n": 0,
      "reference_overlap_ratio": 0.0
    },
    {
      "split": "goal_other_side",
      "n": 11630,
      "dim": 2,
      "pca_residual": 16.770261898979363,
      "pca_drift": 0.9192472754236208,
      "pca_residual_ratio": 1.2357796473371212,
      "pca_drift_to_residual_ratio": 0.7438601836530375,
      "frame_residual": 262.47682038476535,
      "frame_drift": 1.4117181297250219,
      "frame_residual_ratio": 1.4231916797256765,
      "frame_drift_to_residual_ratio": 0.9919381555098339,
      "state_to_latent_r2": 0.029824963243115787,
      "latent_to_state_r2": 0.9927603127742239,
      "orthogonality_error": NaN,
      "orthogonal_recovery_error": NaN,
      "reference_overlap_n": 0,
      "reference_overlap_ratio": 0.0
    },
    {
      "split": "iid_nonoverlap",
      "n": 3327,
      "dim": 2,
      "pca_residual": 12.878897103658929,
      "pca_drift": 0.02072622661846315,
      "pca_residual_ratio": 0.949029837263264,
      "pca_drift_to_residual_ratio": 0.021839383552165165,
      "frame_residual": 183.90732491863628,
      "frame_drift": 0.13709325352199392,
      "frame_residual_ratio": 0.9971751954368057,
      "frame_drift_to_residual_ratio": 0.13748161220737515,
      "state_to_latent_r2": 0.05746531863569038,
      "latent_to_state_r2": 0.9998823953912969,
      "orthogonality_error": NaN,
      "orthogonal_recovery_error": NaN,
      "reference_overlap_n": 0,
      "reference_overlap_ratio": 0.0
    },
    {
      "split": "left_room",
      "n": 6191,
      "dim": 2,
      "pca_residual": 14.531389873251554,
      "pca_drift": 0.7660786006053544,
      "pca_residual_ratio": 1.0707999649056117,
      "pca_drift_to_residual_ratio": 0.7154264341726672,
      "frame_residual": 270.77277089681553,
      "frame_drift": 1.4201215271213619,
      "frame_residual_ratio": 1.4681736622369637,
      "frame_drift_to_residual_ratio": 0.9672708097464743,
      "state_to_latent_r2": 0.0719858827287998,
      "latent_to_state_r2": 0.9993932991373548,
      "orthogonality_error": NaN,
      "orthogonal_recovery_error": NaN,
      "reference_overlap_n": 0,
      "reference_overlap_ratio": 0.0
    },
    {
      "split": "near_wall",
      "n": 5468,
      "dim": 2,
      "pca_residual": 26.21473870599135,
      "pca_drift": 1.4142135623730947,
      "pca_residual_ratio": 1.9317313437482075,
      "pca_drift_to_residual_ratio": 0.7320963999208675,
      "frame_residual": 271.1741653958678,
      "frame_drift": 1.4983036083873866,
      "frame_residual_ratio": 1.4703500879895366,
      "frame_drift_to_residual_ratio": 1.0190114725908934,
      "state_to_latent_r2": 0.0879514327388854,
      "latent_to_state_r2": 0.9989533034239311,
      "orthogonality_error": NaN,
      "orthogonal_recovery_error": NaN,
      "reference_overlap_n": 0,
      "reference_overlap_ratio": 0.0
    },
    {
      "split": "reference",
      "n": 3328,
      "dim": 2,
      "pca_residual": 13.570592407080802,
      "pca_drift": 0.0,
      "pca_residual_ratio": 0.9999999999999263,
      "pca_drift_to_residual_ratio": 0.0,
      "frame_residual": 184.42829881872058,
      "frame_drift": 0.0,
      "frame_residual_ratio": 0.9999999999999946,
      "frame_drift_to_residual_ratio": 0.0,
      "state_to_latent_r2": 0.05664980555457544,
      "latent_to_state_r2": 0.9998792346710617,
      "orthogonality_error": NaN,
      "orthogonal_recovery_error": NaN,
      "reference_overlap_n": 3328,
      "reference_overlap_ratio": 1.0
    },
    {
      "split": "right_room",
      "n": 6103,
      "dim": 2,
      "pca_residual": 16.519222387093627,
      "pca_drift": 1.4142135623730954,
      "pca_residual_ratio": 1.2172808593435527,
      "pca_drift_to_residual_ratio": 1.1617808261066238,
      "frame_residual": 266.00852446227276,
      "frame_drift": 1.419048617846353,
      "frame_residual_ratio": 1.4423411491949947,
      "frame_drift_to_residual_ratio": 0.9838508862049553,
      "state_to_latent_r2": 0.07156476671590528,
      "latent_to_state_r2": 0.9993258924430415,
      "orthogonality_error": NaN,
      "orthogonal_recovery_error": NaN,
      "reference_overlap_n": 0,
      "reference_overlap_ratio": 0.0
    }
  ]
}
Wrote results to experiments/real_gauge_drift/results/tworoom_resample_check/sample_seed_2/analysis_seed_1
