{
  "metrics": [
    {
      "split": "common",
      "n": 1662,
      "dim": 2,
      "pca_residual": 1.125074251260547,
      "pca_drift": 1.902059604897725,
      "pca_residual_ratio": 0.12195199613439837,
      "pca_drift_to_residual_ratio": 15.596789434967059,
      "frame_residual": 149.84531301452614,
      "frame_drift": 1.2887030126572103,
      "frame_residual_ratio": 0.7965980753347399,
      "frame_drift_to_residual_ratio": 1.617758129925263,
      "state_to_latent_r2": 0.05478753461375674,
      "latent_to_state_r2": 0.9998721776603834,
      "orthogonality_error": NaN,
      "orthogonal_recovery_error": NaN,
      "reference_overlap_n": 0,
      "reference_overlap_ratio": 0.0,
      "test_iid_frame_drift_mean": 0.3315750053636175,
      "test_iid_frame_drift_std": 0.02396933212255385,
      "frame_drift_excess_vs_test_iid": 0.9571280072935928,
      "frame_drift_z_vs_test_iid": 39.93135905330694,
      "test_iid_pca_drift_mean": 0.18807722008857625,
      "test_iid_pca_drift_std": 0.30651450596915664,
      "pca_drift_excess_vs_test_iid": 1.7139823848091487,
      "pca_drift_z_vs_test_iid": 5.591847535516079
    },
    {
      "split": "doorway_corridor",
      "n": 504,
      "dim": 2,
      "pca_residual": 0.8915273339924836,
      "pca_drift": 1.4142135623730947,
      "pca_residual_ratio": 0.09663676674401415,
      "pca_drift_to_residual_ratio": 14.634322008150786,
      "frame_residual": 138.83545341579895,
      "frame_drift": 1.3344825457442016,
      "frame_residual_ratio": 0.7380681634568718,
      "frame_drift_to_residual_ratio": 1.808074933746106,
      "state_to_latent_r2": 0.16076787982811358,
      "latent_to_state_r2": 0.9999167142325401,
      "orthogonality_error": NaN,
      "orthogonal_recovery_error": NaN,
      "reference_overlap_n": 0,
      "reference_overlap_ratio": 0.0,
      "test_iid_frame_drift_mean": 0.3315750053636175,
      "test_iid_frame_drift_std": 0.02396933212255385,
      "frame_drift_excess_vs_test_iid": 1.002907540380584,
      "frame_drift_z_vs_test_iid": 41.84128014960671,
      "test_iid_pca_drift_mean": 0.18807722008857625,
      "test_iid_pca_drift_std": 0.30651450596915664,
      "pca_drift_excess_vs_test_iid": 1.2261363422845184,
      "pca_drift_z_vs_test_iid": 4.000255512879053
    },
    {
      "split": "goal_other_side",
      "n": 3433,
      "dim": 2,
      "pca_residual": 9.385910028759023,
      "pca_drift": 0.08119542441943205,
      "pca_residual_ratio": 1.0173821525668847,
      "pca_drift_to_residual_ratio": 0.07980818634816211,
      "frame_residual": 187.44527069238725,
      "frame_drift": 0.29225139908174375,
      "frame_residual_ratio": 0.9964845670526908,
      "frame_drift_to_residual_ratio": 0.293282413741584,
      "state_to_latent_r2": 0.022849439585442277,
      "latent_to_state_r2": 0.989467910886582,
      "orthogonality_error": NaN,
      "orthogonal_recovery_error": NaN,
      "reference_overlap_n": 0,
      "reference_overlap_ratio": 0.0,
      "test_iid_frame_drift_mean": 0.3315750053636175,
      "test_iid_frame_drift_std": 0.02396933212255385,
      "frame_drift_excess_vs_test_iid": -0.03932360628187376,
      "frame_drift_z_vs_test_iid": -1.6405799744095408,
      "test_iid_pca_drift_mean": 0.18807722008857625,
      "test_iid_pca_drift_std": 0.30651450596915664,
      "pca_drift_excess_vs_test_iid": -0.1068817956691442,
      "pca_drift_z_vs_test_iid": -0.3487006115121697
    },
    {
      "split": "left_room",
      "n": 1652,
      "dim": 2,
      "pca_residual": 14.12025944564345,
      "pca_drift": 0.1523637987858759,
      "pca_residual_ratio": 1.530560159387231,
      "pca_drift_to_residual_ratio": 0.0995477360698949,
      "frame_residual": 201.70825203371163,
      "frame_drift": 0.7089079762252806,
      "frame_residual_ratio": 1.0723085168076818,
      "frame_drift_to_residual_ratio": 0.6611044910237917,
      "state_to_latent_r2": 0.05221373972939303,
      "latent_to_state_r2": 0.9984840902399411,
      "orthogonality_error": NaN,
      "orthogonal_recovery_error": NaN,
      "reference_overlap_n": 0,
      "reference_overlap_ratio": 0.0,
      "test_iid_frame_drift_mean": 0.3315750053636175,
      "test_iid_frame_drift_std": 0.02396933212255385,
      "frame_drift_excess_vs_test_iid": 0.37733297086166306,
      "frame_drift_z_vs_test_iid": 15.742323103398897,
      "test_iid_pca_drift_mean": 0.18807722008857625,
      "test_iid_pca_drift_std": 0.30651450596915664,
      "pca_drift_excess_vs_test_iid": -0.03571342130270036,
      "pca_drift_z_vs_test_iid": -0.11651462037551186
    },
    {
      "split": "near_wall",
      "n": 1357,
      "dim": 2,
      "pca_residual": 18.74793537979775,
      "pca_drift": 0.010905694307610025,
      "pca_residual_ratio": 2.0321753345642684,
      "pca_drift_to_residual_ratio": 0.005366512486454825,
      "frame_residual": 199.28424497832592,
      "frame_drift": 0.6487332975961406,
      "frame_residual_ratio": 1.0594221654359115,
      "frame_drift_to_residual_ratio": 0.6123463513986414,
      "state_to_latent_r2": 0.07740348968339739,
      "latent_to_state_r2": 0.9981053737491374,
      "orthogonality_error": NaN,
      "orthogonal_recovery_error": NaN,
      "reference_overlap_n": 0,
      "reference_overlap_ratio": 0.0,
      "test_iid_frame_drift_mean": 0.3315750053636175,
      "test_iid_frame_drift_std": 0.02396933212255385,
      "frame_drift_excess_vs_test_iid": 0.3171582922325231,
      "frame_drift_z_vs_test_iid": 13.231836857100514,
      "test_iid_pca_drift_mean": 0.18807722008857625,
      "test_iid_pca_drift_std": 0.30651450596915664,
      "pca_drift_excess_vs_test_iid": -0.17717152578096623,
      "pca_drift_z_vs_test_iid": -0.5780200360181854
    },
    {
      "split": "right_room",
      "n": 1686,
      "dim": 2,
      "pca_residual": 8.656375601672009,
      "pca_drift": 0.3338143018472142,
      "pca_residual_ratio": 0.9383045454379818,
      "pca_drift_to_residual_ratio": 0.35576327906526406,
      "frame_residual": 199.9876547299615,
      "frame_drift": 0.7020630348388399,
      "frame_residual_ratio": 1.0631615873974796,
      "frame_drift_to_residual_ratio": 0.660354026293185,
      "state_to_latent_r2": 0.06235495718805961,
      "latent_to_state_r2": 0.9971766003859371,
      "orthogonality_error": NaN,
      "orthogonal_recovery_error": NaN,
      "reference_overlap_n": 0,
      "reference_overlap_ratio": 0.0,
      "test_iid_frame_drift_mean": 0.3315750053636175,
      "test_iid_frame_drift_std": 0.02396933212255385,
      "frame_drift_excess_vs_test_iid": 0.3704880294752224,
      "frame_drift_z_vs_test_iid": 15.456752301878133,
      "test_iid_pca_drift_mean": 0.18807722008857625,
      "test_iid_pca_drift_std": 0.30651450596915664,
      "pca_drift_excess_vs_test_iid": 0.14573708175863798,
      "pca_drift_z_vs_test_iid": 0.47546552910232404
    },
    {
      "split": "test_all",
      "n": 5000,
      "dim": 2,
      "pca_residual": 8.5458926940776,
      "pca_drift": 0.00809329069404882,
      "pca_residual_ratio": 0.9263287926334228,
      "pca_drift_to_residual_ratio": 0.008736952536077381,
      "frame_residual": 187.3981715281674,
      "frame_drift": 0.21123364090875857,
      "frame_residual_ratio": 0.9962341814863184,
      "frame_drift_to_residual_ratio": 0.21203211537411748,
      "state_to_latent_r2": 0.020379646686436326,
      "latent_to_state_r2": 0.990178891039722,
      "orthogonality_error": NaN,
      "orthogonal_recovery_error": NaN,
      "reference_overlap_n": 0,
      "reference_overlap_ratio": 0.0,
      "test_iid_frame_drift_mean": 0.3315750053636175,
      "test_iid_frame_drift_std": 0.02396933212255385,
      "frame_drift_excess_vs_test_iid": -0.12034136445485893,
      "frame_drift_z_vs_test_iid": -5.020639033016843,
      "test_iid_pca_drift_mean": 0.18807722008857625,
      "test_iid_pca_drift_std": 0.30651450596915664,
      "pca_drift_excess_vs_test_iid": -0.17998392939452743,
      "pca_drift_z_vs_test_iid": -0.587195469998576
    }
  ]
}
Wrote encoder train-global drift results to experiments/real_gauge_drift/results/tworoom_encoder_train_global_5k_b20_seed_0
real 171.87
user 475.44
sys 51.35
