[cmd] /data/sicong/weitao/le-wm/.venv/bin/python /data/sicong/weitao/LAP-Latent-Space-Auto-Partitioned-Fine-Tuning-for-World-Models/experiments/control_matrix/train_predictors.py --dataset-name pusht --latent-cache /data/sicong/weitao/LAP-Latent-Space-Auto-Partitioned-Fine-Tuning-for-World-Models/experiments/control_matrix/assets/formal_region_risk/pusht_formal_v1/train_latent_cache.npz --pretrained-model /data/sicong/weitao/.stable_worldmodel/pusht/lewm_object.ckpt --partition-dir /data/sicong/weitao/LAP-Latent-Space-Auto-Partitioned-Fine-Tuning-for-World-Models/experiments/control_matrix/assets/formal_region_risk/pusht_formal_v1/partition/forced_spectral_negative_control --out-dir /data/sicong/weitao/LAP-Latent-Space-Auto-Partitioned-Fine-Tuning-for-World-Models/experiments/control_matrix/assets/formal_region_risk/pusht_formal_v1/training/forced_spectral_negative_control/train0 --train-seed 0 --epochs 50 --split-manifest /data/sicong/weitao/LAP-Latent-Space-Auto-Partitioned-Fine-Tuning-for-World-Models/experiments/control_matrix/assets/formal_region_risk/pusht_formal_v1/split_manifest.json --training-role forced_spectral_negative_control --device cuda
  [train] epoch 1/50  train_loss=0.017086  eval_loss=0.004717
  [train] epoch 2/50  train_loss=0.003451  eval_loss=0.003021
  [train] epoch 3/50  train_loss=0.002901  eval_loss=0.002650
  [train] epoch 4/50  train_loss=0.002624  eval_loss=0.002463
  [train] epoch 5/50  train_loss=0.002443  eval_loss=0.002304
  [train] epoch 6/50  train_loss=0.002308  eval_loss=0.002304
  [train] epoch 7/50  train_loss=0.002206  eval_loss=0.002158
  [train] epoch 8/50  train_loss=0.002123  eval_loss=0.002096
  [train] epoch 9/50  train_loss=0.002048  eval_loss=0.001992
  [train] epoch 10/50  train_loss=0.001987  eval_loss=0.001911
  [train] epoch 11/50  train_loss=0.001934  eval_loss=0.001858
  [train] epoch 12/50  train_loss=0.001883  eval_loss=0.001837
  [train] epoch 13/50  train_loss=0.001847  eval_loss=0.001824
  [train] epoch 14/50  train_loss=0.001806  eval_loss=0.001831
  [train] epoch 15/50  train_loss=0.001763  eval_loss=0.001781
  [train] epoch 16/50  train_loss=0.001732  eval_loss=0.001680
  [train] epoch 17/50  train_loss=0.001703  eval_loss=0.001634
  [train] epoch 18/50  train_loss=0.001674  eval_loss=0.001617
  [train] epoch 19/50  train_loss=0.001647  eval_loss=0.001581
  [train] epoch 20/50  train_loss=0.001618  eval_loss=0.001640
  [train] epoch 21/50  train_loss=0.001594  eval_loss=0.001577
  [train] epoch 22/50  train_loss=0.001573  eval_loss=0.001561
  [train] epoch 23/50  train_loss=0.001547  eval_loss=0.001513
  [train] epoch 24/50  train_loss=0.001529  eval_loss=0.001516
  [train] epoch 25/50  train_loss=0.001508  eval_loss=0.001455
  [train] epoch 26/50  train_loss=0.001492  eval_loss=0.001491
  [train] epoch 27/50  train_loss=0.001468  eval_loss=0.001411
  [train] epoch 28/50  train_loss=0.001451  eval_loss=0.001396
  [train] epoch 29/50  train_loss=0.001436  eval_loss=0.001400
  [train] epoch 30/50  train_loss=0.001419  eval_loss=0.001360
  [train] epoch 31/50  train_loss=0.001401  eval_loss=0.001383
  [train] epoch 32/50  train_loss=0.001390  eval_loss=0.001365
  [train] epoch 33/50  train_loss=0.001383  eval_loss=0.001345
  [train] epoch 34/50  train_loss=0.001362  eval_loss=0.001346
  [train] epoch 35/50  train_loss=0.001349  eval_loss=0.001300
  [train] epoch 36/50  train_loss=0.001332  eval_loss=0.001287
  [train] epoch 37/50  train_loss=0.001321  eval_loss=0.001347
  [train] epoch 38/50  train_loss=0.001311  eval_loss=0.001274
  [train] epoch 39/50  train_loss=0.001298  eval_loss=0.001259
  [train] epoch 40/50  train_loss=0.001286  eval_loss=0.001255
  [train] epoch 41/50  train_loss=0.001277  eval_loss=0.001272
  [train] epoch 42/50  train_loss=0.001267  eval_loss=0.001236
  [train] epoch 43/50  train_loss=0.001252  eval_loss=0.001220
  [train] epoch 44/50  train_loss=0.001244  eval_loss=0.001211
  [train] epoch 45/50  train_loss=0.001229  eval_loss=0.001190
  [train] epoch 46/50  train_loss=0.001224  eval_loss=0.001239
  [train] epoch 47/50  train_loss=0.001212  eval_loss=0.001180
  [train] epoch 48/50  train_loss=0.001202  eval_loss=0.001168
  [train] epoch 49/50  train_loss=0.001194  eval_loss=0.001172
  [train] epoch 50/50  train_loss=0.001189  eval_loss=0.001179
  [best] epoch 48  eval_loss=0.001168 (selected over 50 epochs)
  [train] epoch 1/50  train_loss=0.017515  eval_loss=0.005342
  [train] epoch 2/50  train_loss=0.003998  eval_loss=0.003580
  [train] epoch 3/50  train_loss=0.003371  eval_loss=0.003114
  [train] epoch 4/50  train_loss=0.003024  eval_loss=0.002861
  [train] epoch 5/50  train_loss=0.002803  eval_loss=0.002716
  [train] epoch 6/50  train_loss=0.002642  eval_loss=0.002489
  [train] epoch 7/50  train_loss=0.002506  eval_loss=0.002371
  [train] epoch 8/50  train_loss=0.002399  eval_loss=0.002339
  [train] epoch 9/50  train_loss=0.002313  eval_loss=0.002241
  [train] epoch 10/50  train_loss=0.002234  eval_loss=0.002173
  [train] epoch 11/50  train_loss=0.002164  eval_loss=0.002085
  [train] epoch 12/50  train_loss=0.002109  eval_loss=0.002027
  [train] epoch 13/50  train_loss=0.002049  eval_loss=0.001955
  [train] epoch 14/50  train_loss=0.001998  eval_loss=0.001902
  [train] epoch 15/50  train_loss=0.001952  eval_loss=0.001891
  [train] epoch 16/50  train_loss=0.001911  eval_loss=0.001860
  [train] epoch 17/50  train_loss=0.001870  eval_loss=0.001801
  [train] epoch 18/50  train_loss=0.001838  eval_loss=0.001786
  [train] epoch 19/50  train_loss=0.001796  eval_loss=0.001725
  [train] epoch 20/50  train_loss=0.001768  eval_loss=0.001698
  [train] epoch 21/50  train_loss=0.001738  eval_loss=0.001700
  [train] epoch 22/50  train_loss=0.001707  eval_loss=0.001702
  [train] epoch 23/50  train_loss=0.001684  eval_loss=0.001658
  [train] epoch 24/50  train_loss=0.001658  eval_loss=0.001618
  [train] epoch 25/50  train_loss=0.001634  eval_loss=0.001593
  [train] epoch 26/50  train_loss=0.001614  eval_loss=0.001567
  [train] epoch 27/50  train_loss=0.001588  eval_loss=0.001585
  [train] epoch 28/50  train_loss=0.001570  eval_loss=0.001528
  [train] epoch 29/50  train_loss=0.001543  eval_loss=0.001499
  [train] epoch 30/50  train_loss=0.001525  eval_loss=0.001546
  [train] epoch 31/50  train_loss=0.001511  eval_loss=0.001464
  [train] epoch 32/50  train_loss=0.001498  eval_loss=0.001460
  [train] epoch 33/50  train_loss=0.001474  eval_loss=0.001452
  [train] epoch 34/50  train_loss=0.001458  eval_loss=0.001449
  [train] epoch 35/50  train_loss=0.001443  eval_loss=0.001397
  [train] epoch 36/50  train_loss=0.001435  eval_loss=0.001463
  [train] epoch 37/50  train_loss=0.001418  eval_loss=0.001412
  [train] epoch 38/50  train_loss=0.001396  eval_loss=0.001365
  [train] epoch 39/50  train_loss=0.001387  eval_loss=0.001347
  [train] epoch 40/50  train_loss=0.001370  eval_loss=0.001340
  [train] epoch 41/50  train_loss=0.001354  eval_loss=0.001318
  [train] epoch 42/50  train_loss=0.001343  eval_loss=0.001291
  [train] epoch 43/50  train_loss=0.001335  eval_loss=0.001306
  [train] epoch 44/50  train_loss=0.001320  eval_loss=0.001280
  [train] epoch 45/50  train_loss=0.001306  eval_loss=0.001275
  [train] epoch 46/50  train_loss=0.001299  eval_loss=0.001299
  [train] epoch 47/50  train_loss=0.001287  eval_loss=0.001267
  [train] epoch 48/50  train_loss=0.001282  eval_loss=0.001311
  [train] epoch 49/50  train_loss=0.001268  eval_loss=0.001253
  [train] epoch 50/50  train_loss=0.001249  eval_loss=0.001230
  [best] epoch 50  eval_loss=0.001230 (selected over 50 epochs)
  [train] epoch 1/50  train_loss=0.017258  eval_loss=0.004958
  [train] epoch 2/50  train_loss=0.003695  eval_loss=0.003259
  [train] epoch 3/50  train_loss=0.003120  eval_loss=0.002856
  [train] epoch 4/50  train_loss=0.002819  eval_loss=0.002648
  [train] epoch 5/50  train_loss=0.002608  eval_loss=0.002501
  [train] epoch 6/50  train_loss=0.002465  eval_loss=0.002405
  [train] epoch 7/50  train_loss=0.002362  eval_loss=0.002236
  [train] epoch 8/50  train_loss=0.002251  eval_loss=0.002223
  [train] epoch 9/50  train_loss=0.002177  eval_loss=0.002137
  [train] epoch 10/50  train_loss=0.002111  eval_loss=0.002011
  [train] epoch 11/50  train_loss=0.002041  eval_loss=0.002040
  [train] epoch 12/50  train_loss=0.001991  eval_loss=0.001912
  [train] epoch 13/50  train_loss=0.001942  eval_loss=0.001879
  [train] epoch 14/50  train_loss=0.001907  eval_loss=0.001863
  [train] epoch 15/50  train_loss=0.001867  eval_loss=0.001819
  [train] epoch 16/50  train_loss=0.001828  eval_loss=0.001731
  [train] epoch 17/50  train_loss=0.001792  eval_loss=0.001734
  [train] epoch 18/50  train_loss=0.001765  eval_loss=0.001686
  [train] epoch 19/50  train_loss=0.001728  eval_loss=0.001711
  [train] epoch 20/50  train_loss=0.001712  eval_loss=0.001706
  [train] epoch 21/50  train_loss=0.001668  eval_loss=0.001604
  [train] epoch 22/50  train_loss=0.001652  eval_loss=0.001593
  [train] epoch 23/50  train_loss=0.001624  eval_loss=0.001593
  [train] epoch 24/50  train_loss=0.001600  eval_loss=0.001545
  [train] epoch 25/50  train_loss=0.001579  eval_loss=0.001538
  [train] epoch 26/50  train_loss=0.001558  eval_loss=0.001485
  [train] epoch 27/50  train_loss=0.001535  eval_loss=0.001621
  [train] epoch 28/50  train_loss=0.001520  eval_loss=0.001482
  [train] epoch 29/50  train_loss=0.001503  eval_loss=0.001463
  [train] epoch 30/50  train_loss=0.001480  eval_loss=0.001431
  [train] epoch 31/50  train_loss=0.001467  eval_loss=0.001432
  [train] epoch 32/50  train_loss=0.001448  eval_loss=0.001443
  [train] epoch 33/50  train_loss=0.001442  eval_loss=0.001413
  [train] epoch 34/50  train_loss=0.001413  eval_loss=0.001364
  [train] epoch 35/50  train_loss=0.001412  eval_loss=0.001360
  [train] epoch 36/50  train_loss=0.001395  eval_loss=0.001362
  [train] epoch 37/50  train_loss=0.001374  eval_loss=0.001348
  [train] epoch 38/50  train_loss=0.001366  eval_loss=0.001326
  [train] epoch 39/50  train_loss=0.001348  eval_loss=0.001333
  [train] epoch 40/50  train_loss=0.001337  eval_loss=0.001326
  [train] epoch 41/50  train_loss=0.001333  eval_loss=0.001286
  [train] epoch 42/50  train_loss=0.001313  eval_loss=0.001320
  [train] epoch 43/50  train_loss=0.001299  eval_loss=0.001266
  [train] epoch 44/50  train_loss=0.001287  eval_loss=0.001248
  [train] epoch 45/50  train_loss=0.001282  eval_loss=0.001242
  [train] epoch 46/50  train_loss=0.001262  eval_loss=0.001234
  [train] epoch 47/50  train_loss=0.001254  eval_loss=0.001244
  [train] epoch 48/50  train_loss=0.001237  eval_loss=0.001251
  [train] epoch 49/50  train_loss=0.001233  eval_loss=0.001205
  [train] epoch 50/50  train_loss=0.001222  eval_loss=0.001188
  [best] epoch 50  eval_loss=0.001188 (selected over 50 epochs)
[done] dataset=pusht train_seed=0 regions=3 -> /data/sicong/weitao/LAP-Latent-Space-Auto-Partitioned-Fine-Tuning-for-World-Models/experiments/control_matrix/assets/formal_region_risk/pusht_formal_v1/training/forced_spectral_negative_control/train0
[done] phase=train-one work_root=/data/sicong/weitao/LAP-Latent-Space-Auto-Partitioned-Fine-Tuning-for-World-Models/experiments/control_matrix/assets/formal_region_risk/pusht_formal_v1
