[cmd] /data/sicong/weitao/le-wm/.venv/bin/python /data/sicong/weitao/LAP-Latent-Space-Auto-Partitioned-Fine-Tuning-for-World-Models/experiments/control_matrix/train_predictors.py --dataset-name pusht --latent-cache /data/sicong/weitao/LAP-Latent-Space-Auto-Partitioned-Fine-Tuning-for-World-Models/experiments/control_matrix/assets/formal_region_risk/pusht_formal_v1/train_latent_cache.npz --pretrained-model /data/sicong/weitao/.stable_worldmodel/pusht/lewm_object.ckpt --partition-dir /data/sicong/weitao/LAP-Latent-Space-Auto-Partitioned-Fine-Tuning-for-World-Models/experiments/control_matrix/assets/formal_region_risk/pusht_formal_v1/partition/forced_spectral_negative_control --out-dir /data/sicong/weitao/LAP-Latent-Space-Auto-Partitioned-Fine-Tuning-for-World-Models/experiments/control_matrix/assets/formal_region_risk/pusht_formal_v1/training/forced_spectral_negative_control/train625 --train-seed 625 --epochs 50 --split-manifest /data/sicong/weitao/LAP-Latent-Space-Auto-Partitioned-Fine-Tuning-for-World-Models/experiments/control_matrix/assets/formal_region_risk/pusht_formal_v1/split_manifest.json --training-role forced_spectral_negative_control --device cuda
  [train] epoch 1/50  train_loss=0.017117  eval_loss=0.004617
  [train] epoch 2/50  train_loss=0.003450  eval_loss=0.003067
  [train] epoch 3/50  train_loss=0.002907  eval_loss=0.002731
  [train] epoch 4/50  train_loss=0.002621  eval_loss=0.002451
  [train] epoch 5/50  train_loss=0.002447  eval_loss=0.002376
  [train] epoch 6/50  train_loss=0.002304  eval_loss=0.002249
  [train] epoch 7/50  train_loss=0.002208  eval_loss=0.002098
  [train] epoch 8/50  train_loss=0.002126  eval_loss=0.002040
  [train] epoch 9/50  train_loss=0.002049  eval_loss=0.001964
  [train] epoch 10/50  train_loss=0.001991  eval_loss=0.001914
  [train] epoch 11/50  train_loss=0.001932  eval_loss=0.001918
  [train] epoch 12/50  train_loss=0.001886  eval_loss=0.001813
  [train] epoch 13/50  train_loss=0.001837  eval_loss=0.001775
  [train] epoch 14/50  train_loss=0.001809  eval_loss=0.001794
  [train] epoch 15/50  train_loss=0.001762  eval_loss=0.001695
  [train] epoch 16/50  train_loss=0.001729  eval_loss=0.001708
  [train] epoch 17/50  train_loss=0.001698  eval_loss=0.001653
  [train] epoch 18/50  train_loss=0.001671  eval_loss=0.001628
  [train] epoch 19/50  train_loss=0.001644  eval_loss=0.001584
  [train] epoch 20/50  train_loss=0.001621  eval_loss=0.001573
  [train] epoch 21/50  train_loss=0.001597  eval_loss=0.001563
  [train] epoch 22/50  train_loss=0.001567  eval_loss=0.001534
  [train] epoch 23/50  train_loss=0.001548  eval_loss=0.001504
  [train] epoch 24/50  train_loss=0.001525  eval_loss=0.001488
  [train] epoch 25/50  train_loss=0.001506  eval_loss=0.001466
  [train] epoch 26/50  train_loss=0.001490  eval_loss=0.001459
  [train] epoch 27/50  train_loss=0.001470  eval_loss=0.001409
  [train] epoch 28/50  train_loss=0.001449  eval_loss=0.001423
  [train] epoch 29/50  train_loss=0.001439  eval_loss=0.001450
  [train] epoch 30/50  train_loss=0.001421  eval_loss=0.001417
  [train] epoch 31/50  train_loss=0.001402  eval_loss=0.001382
  [train] epoch 32/50  train_loss=0.001393  eval_loss=0.001384
  [train] epoch 33/50  train_loss=0.001371  eval_loss=0.001334
  [train] epoch 34/50  train_loss=0.001363  eval_loss=0.001343
  [train] epoch 35/50  train_loss=0.001349  eval_loss=0.001328
  [train] epoch 36/50  train_loss=0.001335  eval_loss=0.001279
  [train] epoch 37/50  train_loss=0.001318  eval_loss=0.001292
  [train] epoch 38/50  train_loss=0.001310  eval_loss=0.001281
  [train] epoch 39/50  train_loss=0.001297  eval_loss=0.001275
  [train] epoch 40/50  train_loss=0.001286  eval_loss=0.001267
  [train] epoch 41/50  train_loss=0.001273  eval_loss=0.001264
  [train] epoch 42/50  train_loss=0.001262  eval_loss=0.001225
  [train] epoch 43/50  train_loss=0.001252  eval_loss=0.001220
  [train] epoch 44/50  train_loss=0.001243  eval_loss=0.001211
  [train] epoch 45/50  train_loss=0.001233  eval_loss=0.001356
  [train] epoch 46/50  train_loss=0.001224  eval_loss=0.001191
  [train] epoch 47/50  train_loss=0.001219  eval_loss=0.001189
  [train] epoch 48/50  train_loss=0.001205  eval_loss=0.001180
  [train] epoch 49/50  train_loss=0.001197  eval_loss=0.001181
  [train] epoch 50/50  train_loss=0.001185  eval_loss=0.001172
  [best] epoch 50  eval_loss=0.001172 (selected over 50 epochs)
  [train] epoch 1/50  train_loss=0.017531  eval_loss=0.005234
  [train] epoch 2/50  train_loss=0.003999  eval_loss=0.003575
  [train] epoch 3/50  train_loss=0.003371  eval_loss=0.003106
  [train] epoch 4/50  train_loss=0.003025  eval_loss=0.002864
  [train] epoch 5/50  train_loss=0.002807  eval_loss=0.002669
  [train] epoch 6/50  train_loss=0.002631  eval_loss=0.002535
  [train] epoch 7/50  train_loss=0.002507  eval_loss=0.002417
  [train] epoch 8/50  train_loss=0.002403  eval_loss=0.002292
  [train] epoch 9/50  train_loss=0.002304  eval_loss=0.002224
  [train] epoch 10/50  train_loss=0.002238  eval_loss=0.002202
  [train] epoch 11/50  train_loss=0.002161  eval_loss=0.002138
  [train] epoch 12/50  train_loss=0.002102  eval_loss=0.002052
  [train] epoch 13/50  train_loss=0.002049  eval_loss=0.001996
  [train] epoch 14/50  train_loss=0.002003  eval_loss=0.001937
  [train] epoch 15/50  train_loss=0.001950  eval_loss=0.001953
  [train] epoch 16/50  train_loss=0.001906  eval_loss=0.001842
  [train] epoch 17/50  train_loss=0.001876  eval_loss=0.001810
  [train] epoch 18/50  train_loss=0.001838  eval_loss=0.001781
  [train] epoch 19/50  train_loss=0.001799  eval_loss=0.001767
  [train] epoch 20/50  train_loss=0.001768  eval_loss=0.001736
  [train] epoch 21/50  train_loss=0.001743  eval_loss=0.001688
  [train] epoch 22/50  train_loss=0.001709  eval_loss=0.001641
  [train] epoch 23/50  train_loss=0.001683  eval_loss=0.001617
  [train] epoch 24/50  train_loss=0.001655  eval_loss=0.001619
  [train] epoch 25/50  train_loss=0.001633  eval_loss=0.001598
  [train] epoch 26/50  train_loss=0.001611  eval_loss=0.001615
  [train] epoch 27/50  train_loss=0.001589  eval_loss=0.001530
  [train] epoch 28/50  train_loss=0.001574  eval_loss=0.001524
  [train] epoch 29/50  train_loss=0.001549  eval_loss=0.001496
  [train] epoch 30/50  train_loss=0.001527  eval_loss=0.001529
  [train] epoch 31/50  train_loss=0.001513  eval_loss=0.001488
  [train] epoch 32/50  train_loss=0.001491  eval_loss=0.001458
  [train] epoch 33/50  train_loss=0.001477  eval_loss=0.001409
  [train] epoch 34/50  train_loss=0.001457  eval_loss=0.001435
  [train] epoch 35/50  train_loss=0.001446  eval_loss=0.001404
  [train] epoch 36/50  train_loss=0.001430  eval_loss=0.001434
  [train] epoch 37/50  train_loss=0.001412  eval_loss=0.001401
  [train] epoch 38/50  train_loss=0.001399  eval_loss=0.001347
  [train] epoch 39/50  train_loss=0.001386  eval_loss=0.001338
  [train] epoch 40/50  train_loss=0.001371  eval_loss=0.001332
  [train] epoch 41/50  train_loss=0.001360  eval_loss=0.001325
  [train] epoch 42/50  train_loss=0.001349  eval_loss=0.001342
  [train] epoch 43/50  train_loss=0.001330  eval_loss=0.001366
  [train] epoch 44/50  train_loss=0.001321  eval_loss=0.001306
  [train] epoch 45/50  train_loss=0.001309  eval_loss=0.001305
  [train] epoch 46/50  train_loss=0.001293  eval_loss=0.001253
  [train] epoch 47/50  train_loss=0.001284  eval_loss=0.001293
  [train] epoch 48/50  train_loss=0.001273  eval_loss=0.001280
  [train] epoch 49/50  train_loss=0.001267  eval_loss=0.001227
  [train] epoch 50/50  train_loss=0.001252  eval_loss=0.001225
  [best] epoch 50  eval_loss=0.001225 (selected over 50 epochs)
  [train] epoch 1/50  train_loss=0.017186  eval_loss=0.004780
  [train] epoch 2/50  train_loss=0.003692  eval_loss=0.003314
  [train] epoch 3/50  train_loss=0.003123  eval_loss=0.002854
  [train] epoch 4/50  train_loss=0.002809  eval_loss=0.002618
  [train] epoch 5/50  train_loss=0.002611  eval_loss=0.002491
  [train] epoch 6/50  train_loss=0.002467  eval_loss=0.002343
  [train] epoch 7/50  train_loss=0.002348  eval_loss=0.002292
  [train] epoch 8/50  train_loss=0.002256  eval_loss=0.002159
  [train] epoch 9/50  train_loss=0.002174  eval_loss=0.002097
  [train] epoch 10/50  train_loss=0.002100  eval_loss=0.002081
  [train] epoch 11/50  train_loss=0.002046  eval_loss=0.001964
  [train] epoch 12/50  train_loss=0.001998  eval_loss=0.001924
  [train] epoch 13/50  train_loss=0.001944  eval_loss=0.001853
  [train] epoch 14/50  train_loss=0.001901  eval_loss=0.001801
  [train] epoch 15/50  train_loss=0.001858  eval_loss=0.001789
  [train] epoch 16/50  train_loss=0.001838  eval_loss=0.001770
  [train] epoch 17/50  train_loss=0.001794  eval_loss=0.001746
  [train] epoch 18/50  train_loss=0.001759  eval_loss=0.001736
  [train] epoch 19/50  train_loss=0.001726  eval_loss=0.001679
  [train] epoch 20/50  train_loss=0.001703  eval_loss=0.001638
  [train] epoch 21/50  train_loss=0.001676  eval_loss=0.001643
  [train] epoch 22/50  train_loss=0.001646  eval_loss=0.001579
  [train] epoch 23/50  train_loss=0.001623  eval_loss=0.001595
  [train] epoch 24/50  train_loss=0.001601  eval_loss=0.001547
  [train] epoch 25/50  train_loss=0.001581  eval_loss=0.001522
  [train] epoch 26/50  train_loss=0.001559  eval_loss=0.001501
  [train] epoch 27/50  train_loss=0.001537  eval_loss=0.001484
  [train] epoch 28/50  train_loss=0.001523  eval_loss=0.001477
  [train] epoch 29/50  train_loss=0.001500  eval_loss=0.001483
  [train] epoch 30/50  train_loss=0.001490  eval_loss=0.001423
  [train] epoch 31/50  train_loss=0.001473  eval_loss=0.001421
  [train] epoch 32/50  train_loss=0.001446  eval_loss=0.001420
  [train] epoch 33/50  train_loss=0.001436  eval_loss=0.001429
  [train] epoch 34/50  train_loss=0.001417  eval_loss=0.001414
  [train] epoch 35/50  train_loss=0.001404  eval_loss=0.001373
  [train] epoch 36/50  train_loss=0.001384  eval_loss=0.001351
  [train] epoch 37/50  train_loss=0.001379  eval_loss=0.001354
  [train] epoch 38/50  train_loss=0.001362  eval_loss=0.001316
  [train] epoch 39/50  train_loss=0.001351  eval_loss=0.001316
  [train] epoch 40/50  train_loss=0.001330  eval_loss=0.001310
  [train] epoch 41/50  train_loss=0.001324  eval_loss=0.001276
  [train] epoch 42/50  train_loss=0.001323  eval_loss=0.001279
  [train] epoch 43/50  train_loss=0.001298  eval_loss=0.001266
  [train] epoch 44/50  train_loss=0.001290  eval_loss=0.001277
  [train] epoch 45/50  train_loss=0.001280  eval_loss=0.001254
  [train] epoch 46/50  train_loss=0.001262  eval_loss=0.001224
  [train] epoch 47/50  train_loss=0.001254  eval_loss=0.001279
  [train] epoch 48/50  train_loss=0.001243  eval_loss=0.001199
  [train] epoch 49/50  train_loss=0.001236  eval_loss=0.001217
  [train] epoch 50/50  train_loss=0.001221  eval_loss=0.001202
  [best] epoch 48  eval_loss=0.001199 (selected over 50 epochs)
[done] dataset=pusht train_seed=625 regions=3 -> /data/sicong/weitao/LAP-Latent-Space-Auto-Partitioned-Fine-Tuning-for-World-Models/experiments/control_matrix/assets/formal_region_risk/pusht_formal_v1/training/forced_spectral_negative_control/train625
[done] phase=train-one work_root=/data/sicong/weitao/LAP-Latent-Space-Auto-Partitioned-Fine-Tuning-for-World-Models/experiments/control_matrix/assets/formal_region_risk/pusht_formal_v1
