[cmd] /data/sicong/weitao/le-wm/.venv/bin/python /data/sicong/weitao/LAP-Latent-Space-Auto-Partitioned-Fine-Tuning-for-World-Models/experiments/control_matrix/train_predictors.py --dataset-name pusht --latent-cache /data/sicong/weitao/LAP-Latent-Space-Auto-Partitioned-Fine-Tuning-for-World-Models/experiments/control_matrix/assets/formal_region_risk/pusht_formal_v1/train_latent_cache.npz --pretrained-model /data/sicong/weitao/.stable_worldmodel/pusht/lewm_object.ckpt --partition-dir /data/sicong/weitao/LAP-Latent-Space-Auto-Partitioned-Fine-Tuning-for-World-Models/experiments/control_matrix/assets/formal_region_risk/pusht_formal_v1/partition/forced_spectral_negative_control --out-dir /data/sicong/weitao/LAP-Latent-Space-Auto-Partitioned-Fine-Tuning-for-World-Models/experiments/control_matrix/assets/formal_region_risk/pusht_formal_v1/training/forced_spectral_negative_control/train42 --train-seed 42 --epochs 50 --split-manifest /data/sicong/weitao/LAP-Latent-Space-Auto-Partitioned-Fine-Tuning-for-World-Models/experiments/control_matrix/assets/formal_region_risk/pusht_formal_v1/split_manifest.json --training-role forced_spectral_negative_control --device cuda
  [train] epoch 1/50  train_loss=0.017092  eval_loss=0.004720
  [train] epoch 2/50  train_loss=0.003452  eval_loss=0.003051
  [train] epoch 3/50  train_loss=0.002903  eval_loss=0.002778
  [train] epoch 4/50  train_loss=0.002629  eval_loss=0.002484
  [train] epoch 5/50  train_loss=0.002433  eval_loss=0.002355
  [train] epoch 6/50  train_loss=0.002309  eval_loss=0.002264
  [train] epoch 7/50  train_loss=0.002206  eval_loss=0.002152
  [train] epoch 8/50  train_loss=0.002121  eval_loss=0.002199
  [train] epoch 9/50  train_loss=0.002056  eval_loss=0.001981
  [train] epoch 10/50  train_loss=0.001986  eval_loss=0.001932
  [train] epoch 11/50  train_loss=0.001934  eval_loss=0.001893
  [train] epoch 12/50  train_loss=0.001881  eval_loss=0.001838
  [train] epoch 13/50  train_loss=0.001840  eval_loss=0.001790
  [train] epoch 14/50  train_loss=0.001805  eval_loss=0.001789
  [train] epoch 15/50  train_loss=0.001767  eval_loss=0.001714
  [train] epoch 16/50  train_loss=0.001729  eval_loss=0.001701
  [train] epoch 17/50  train_loss=0.001703  eval_loss=0.001644
  [train] epoch 18/50  train_loss=0.001673  eval_loss=0.001633
  [train] epoch 19/50  train_loss=0.001640  eval_loss=0.001595
  [train] epoch 20/50  train_loss=0.001621  eval_loss=0.001650
  [train] epoch 21/50  train_loss=0.001593  eval_loss=0.001589
  [train] epoch 22/50  train_loss=0.001576  eval_loss=0.001551
  [train] epoch 23/50  train_loss=0.001552  eval_loss=0.001515
  [train] epoch 24/50  train_loss=0.001532  eval_loss=0.001503
  [train] epoch 25/50  train_loss=0.001513  eval_loss=0.001466
  [train] epoch 26/50  train_loss=0.001489  eval_loss=0.001461
  [train] epoch 27/50  train_loss=0.001475  eval_loss=0.001455
  [train] epoch 28/50  train_loss=0.001454  eval_loss=0.001492
  [train] epoch 29/50  train_loss=0.001442  eval_loss=0.001388
  [train] epoch 30/50  train_loss=0.001423  eval_loss=0.001368
  [train] epoch 31/50  train_loss=0.001405  eval_loss=0.001364
  [train] epoch 32/50  train_loss=0.001391  eval_loss=0.001377
  [train] epoch 33/50  train_loss=0.001372  eval_loss=0.001354
  [train] epoch 34/50  train_loss=0.001363  eval_loss=0.001383
  [train] epoch 35/50  train_loss=0.001349  eval_loss=0.001304
  [train] epoch 36/50  train_loss=0.001334  eval_loss=0.001302
  [train] epoch 37/50  train_loss=0.001327  eval_loss=0.001295
  [train] epoch 38/50  train_loss=0.001312  eval_loss=0.001279
  [train] epoch 39/50  train_loss=0.001299  eval_loss=0.001258
  [train] epoch 40/50  train_loss=0.001289  eval_loss=0.001260
  [train] epoch 41/50  train_loss=0.001279  eval_loss=0.001260
  [train] epoch 42/50  train_loss=0.001263  eval_loss=0.001247
  [train] epoch 43/50  train_loss=0.001255  eval_loss=0.001216
  [train] epoch 44/50  train_loss=0.001248  eval_loss=0.001217
  [train] epoch 45/50  train_loss=0.001233  eval_loss=0.001223
  [train] epoch 46/50  train_loss=0.001223  eval_loss=0.001211
  [train] epoch 47/50  train_loss=0.001214  eval_loss=0.001194
  [train] epoch 48/50  train_loss=0.001204  eval_loss=0.001176
  [train] epoch 49/50  train_loss=0.001195  eval_loss=0.001178
  [train] epoch 50/50  train_loss=0.001189  eval_loss=0.001159
  [best] epoch 50  eval_loss=0.001159 (selected over 50 epochs)
  [train] epoch 1/50  train_loss=0.017520  eval_loss=0.005269
  [train] epoch 2/50  train_loss=0.003997  eval_loss=0.003568
  [train] epoch 3/50  train_loss=0.003370  eval_loss=0.003057
  [train] epoch 4/50  train_loss=0.003024  eval_loss=0.002809
  [train] epoch 5/50  train_loss=0.002805  eval_loss=0.002731
  [train] epoch 6/50  train_loss=0.002635  eval_loss=0.002551
  [train] epoch 7/50  train_loss=0.002514  eval_loss=0.002383
  [train] epoch 8/50  train_loss=0.002412  eval_loss=0.002313
  [train] epoch 9/50  train_loss=0.002314  eval_loss=0.002252
  [train] epoch 10/50  train_loss=0.002238  eval_loss=0.002173
  [train] epoch 11/50  train_loss=0.002162  eval_loss=0.002088
  [train] epoch 12/50  train_loss=0.002098  eval_loss=0.002013
  [train] epoch 13/50  train_loss=0.002054  eval_loss=0.002017
  [train] epoch 14/50  train_loss=0.002003  eval_loss=0.001969
  [train] epoch 15/50  train_loss=0.001953  eval_loss=0.001885
  [train] epoch 16/50  train_loss=0.001909  eval_loss=0.001916
  [train] epoch 17/50  train_loss=0.001873  eval_loss=0.001817
  [train] epoch 18/50  train_loss=0.001833  eval_loss=0.001764
  [train] epoch 19/50  train_loss=0.001803  eval_loss=0.001744
  [train] epoch 20/50  train_loss=0.001766  eval_loss=0.001763
  [train] epoch 21/50  train_loss=0.001735  eval_loss=0.001677
  [train] epoch 22/50  train_loss=0.001711  eval_loss=0.001663
  [train] epoch 23/50  train_loss=0.001680  eval_loss=0.001633
  [train] epoch 24/50  train_loss=0.001656  eval_loss=0.001639
  [train] epoch 25/50  train_loss=0.001637  eval_loss=0.001578
  [train] epoch 26/50  train_loss=0.001606  eval_loss=0.001537
  [train] epoch 27/50  train_loss=0.001592  eval_loss=0.001539
  [train] epoch 28/50  train_loss=0.001569  eval_loss=0.001522
  [train] epoch 29/50  train_loss=0.001548  eval_loss=0.001487
  [train] epoch 30/50  train_loss=0.001529  eval_loss=0.001525
  [train] epoch 31/50  train_loss=0.001508  eval_loss=0.001467
  [train] epoch 32/50  train_loss=0.001490  eval_loss=0.001434
  [train] epoch 33/50  train_loss=0.001477  eval_loss=0.001458
  [train] epoch 34/50  train_loss=0.001453  eval_loss=0.001417
  [train] epoch 35/50  train_loss=0.001442  eval_loss=0.001414
  [train] epoch 36/50  train_loss=0.001429  eval_loss=0.001378
  [train] epoch 37/50  train_loss=0.001412  eval_loss=0.001368
  [train] epoch 38/50  train_loss=0.001394  eval_loss=0.001352
  [train] epoch 39/50  train_loss=0.001387  eval_loss=0.001321
  [train] epoch 40/50  train_loss=0.001368  eval_loss=0.001330
  [train] epoch 41/50  train_loss=0.001359  eval_loss=0.001361
  [train] epoch 42/50  train_loss=0.001339  eval_loss=0.001307
  [train] epoch 43/50  train_loss=0.001331  eval_loss=0.001295
  [train] epoch 44/50  train_loss=0.001321  eval_loss=0.001291
  [train] epoch 45/50  train_loss=0.001306  eval_loss=0.001256
  [train] epoch 46/50  train_loss=0.001309  eval_loss=0.001286
  [train] epoch 47/50  train_loss=0.001290  eval_loss=0.001263
  [train] epoch 48/50  train_loss=0.001279  eval_loss=0.001234
  [train] epoch 49/50  train_loss=0.001257  eval_loss=0.001234
  [train] epoch 50/50  train_loss=0.001258  eval_loss=0.001216
  [best] epoch 50  eval_loss=0.001216 (selected over 50 epochs)
  [train] epoch 1/50  train_loss=0.017257  eval_loss=0.004839
  [train] epoch 2/50  train_loss=0.003694  eval_loss=0.003276
  [train] epoch 3/50  train_loss=0.003135  eval_loss=0.002943
  [train] epoch 4/50  train_loss=0.002805  eval_loss=0.002621
  [train] epoch 5/50  train_loss=0.002616  eval_loss=0.002547
  [train] epoch 6/50  train_loss=0.002457  eval_loss=0.002331
  [train] epoch 7/50  train_loss=0.002347  eval_loss=0.002284
  [train] epoch 8/50  train_loss=0.002248  eval_loss=0.002136
  [train] epoch 9/50  train_loss=0.002176  eval_loss=0.002106
  [train] epoch 10/50  train_loss=0.002104  eval_loss=0.002008
  [train] epoch 11/50  train_loss=0.002048  eval_loss=0.001949
  [train] epoch 12/50  train_loss=0.001987  eval_loss=0.001985
  [train] epoch 13/50  train_loss=0.001953  eval_loss=0.001881
  [train] epoch 14/50  train_loss=0.001900  eval_loss=0.001838
  [train] epoch 15/50  train_loss=0.001869  eval_loss=0.001817
  [train] epoch 16/50  train_loss=0.001825  eval_loss=0.001758
  [train] epoch 17/50  train_loss=0.001795  eval_loss=0.001753
  [train] epoch 18/50  train_loss=0.001752  eval_loss=0.001679
  [train] epoch 19/50  train_loss=0.001721  eval_loss=0.001665
  [train] epoch 20/50  train_loss=0.001701  eval_loss=0.001736
  [train] epoch 21/50  train_loss=0.001682  eval_loss=0.001634
  [train] epoch 22/50  train_loss=0.001655  eval_loss=0.001590
  [train] epoch 23/50  train_loss=0.001616  eval_loss=0.001577
  [train] epoch 24/50  train_loss=0.001597  eval_loss=0.001553
  [train] epoch 25/50  train_loss=0.001576  eval_loss=0.001526
  [train] epoch 26/50  train_loss=0.001556  eval_loss=0.001555
  [train] epoch 27/50  train_loss=0.001537  eval_loss=0.001537
  [train] epoch 28/50  train_loss=0.001522  eval_loss=0.001476
  [train] epoch 29/50  train_loss=0.001504  eval_loss=0.001486
  [train] epoch 30/50  train_loss=0.001479  eval_loss=0.001452
  [train] epoch 31/50  train_loss=0.001466  eval_loss=0.001408
  [train] epoch 32/50  train_loss=0.001448  eval_loss=0.001423
  [train] epoch 33/50  train_loss=0.001437  eval_loss=0.001459
  [train] epoch 34/50  train_loss=0.001420  eval_loss=0.001359
  [train] epoch 35/50  train_loss=0.001399  eval_loss=0.001359
  [train] epoch 36/50  train_loss=0.001387  eval_loss=0.001336
  [train] epoch 37/50  train_loss=0.001381  eval_loss=0.001333
  [train] epoch 38/50  train_loss=0.001364  eval_loss=0.001308
  [train] epoch 39/50  train_loss=0.001346  eval_loss=0.001328
  [train] epoch 40/50  train_loss=0.001336  eval_loss=0.001303
  [train] epoch 41/50  train_loss=0.001320  eval_loss=0.001267
  [train] epoch 42/50  train_loss=0.001307  eval_loss=0.001324
  [train] epoch 43/50  train_loss=0.001295  eval_loss=0.001260
  [train] epoch 44/50  train_loss=0.001288  eval_loss=0.001266
  [train] epoch 45/50  train_loss=0.001272  eval_loss=0.001255
  [train] epoch 46/50  train_loss=0.001260  eval_loss=0.001235
  [train] epoch 47/50  train_loss=0.001253  eval_loss=0.001211
  [train] epoch 48/50  train_loss=0.001242  eval_loss=0.001237
  [train] epoch 49/50  train_loss=0.001234  eval_loss=0.001221
  [train] epoch 50/50  train_loss=0.001222  eval_loss=0.001195
  [best] epoch 50  eval_loss=0.001195 (selected over 50 epochs)
[done] dataset=pusht train_seed=42 regions=3 -> /data/sicong/weitao/LAP-Latent-Space-Auto-Partitioned-Fine-Tuning-for-World-Models/experiments/control_matrix/assets/formal_region_risk/pusht_formal_v1/training/forced_spectral_negative_control/train42
[done] phase=train-one work_root=/data/sicong/weitao/LAP-Latent-Space-Auto-Partitioned-Fine-Tuning-for-World-Models/experiments/control_matrix/assets/formal_region_risk/pusht_formal_v1
