{
  "metadata": {
    "reference_split": "reference",
    "reference_pca_residual": 14.721301483178815,
    "reference_frame_residual": 184.42706903018575,
    "align_dim": 2,
    "latent_dim": 192,
    "state_dim": 2,
    "state_dims_kept": [
      0,
      1
    ],
    "state_mean": [
      111.44067266271537,
      73.10534054686356
    ],
    "state_std": [
      15.651018854510468,
      16.39268201306018
    ],
    "latent_mean_shape": [
      1,
      192
    ],
    "latent_std_shape": [
      1,
      192
    ],
    "latent_pca_basis_shape": [
      192,
      2
    ],
    "state_pca_basis_shape": [
      2,
      2
    ],
    "r2_mode": "holdout"
  },
  "metrics": [
    {
      "split": "common",
      "n": 3307,
      "dim": 2,
      "pca_residual": 14.190165792314627,
      "pca_drift": 0.012307008466343123,
      "pca_residual_ratio": 0.9639206023005472,
      "pca_drift_to_residual_ratio": 0.012767657872399196,
      "frame_residual": 186.32053869216907,
      "frame_drift": 0.13402513887333292,
      "frame_residual_ratio": 1.010266766543215,
      "frame_drift_to_residual_ratio": 0.1326631176157443,
      "state_to_latent_r2": 0.056557924616996824,
      "latent_to_state_r2": 0.9998858093284695,
      "orthogonality_error": NaN,
      "orthogonal_recovery_error": NaN,
      "reference_overlap_n": 0,
      "reference_overlap_ratio": 0.0
    },
    {
      "split": "doorway_corridor",
      "n": 1426,
      "dim": 2,
      "pca_residual": 4.694476207555363,
      "pca_drift": 0.7710206705025561,
      "pca_residual_ratio": 0.3188900256488295,
      "pca_drift_to_residual_ratio": 2.4178262362749705,
      "frame_residual": 190.00222579626347,
      "frame_drift": 1.2970336247521006,
      "frame_residual_ratio": 1.0302296013019878,
      "frame_drift_to_residual_ratio": 1.2589753032835311,
      "state_to_latent_r2": 0.17976974824228198,
      "latent_to_state_r2": 0.9999795908213457,
      "orthogonality_error": NaN,
      "orthogonal_recovery_error": NaN,
      "reference_overlap_n": 0,
      "reference_overlap_ratio": 0.0
    },
    {
      "split": "goal_other_side",
      "n": 11626,
      "dim": 2,
      "pca_residual": 16.721552651516326,
      "pca_drift": 1.1935440275550597,
      "pca_residual_ratio": 1.1358746147969285,
      "pca_drift_to_residual_ratio": 1.0507709319372283,
      "frame_residual": 263.72726474872115,
      "frame_drift": 1.4088626668624669,
      "frame_residual_ratio": 1.4299813261444538,
      "frame_drift_to_residual_ratio": 0.9852315139387778,
      "state_to_latent_r2": 0.029617208860424404,
      "latent_to_state_r2": 0.9925452836594775,
      "orthogonality_error": NaN,
      "orthogonal_recovery_error": NaN,
      "reference_overlap_n": 0,
      "reference_overlap_ratio": 0.0
    },
    {
      "split": "iid_nonoverlap",
      "n": 3307,
      "dim": 2,
      "pca_residual": 14.190165792314627,
      "pca_drift": 0.012307008466343123,
      "pca_residual_ratio": 0.9639206023005472,
      "pca_drift_to_residual_ratio": 0.012767657872399196,
      "frame_residual": 186.32053869216907,
      "frame_drift": 0.13402513887333292,
      "frame_residual_ratio": 1.010266766543215,
      "frame_drift_to_residual_ratio": 0.1326631176157443,
      "state_to_latent_r2": 0.05736595132086175,
      "latent_to_state_r2": 0.9998800458129101,
      "orthogonality_error": NaN,
      "orthogonal_recovery_error": NaN,
      "reference_overlap_n": 0,
      "reference_overlap_ratio": 0.0
    },
    {
      "split": "left_room",
      "n": 6119,
      "dim": 2,
      "pca_residual": 16.334101358636257,
      "pca_drift": 1.006017972603443,
      "pca_residual_ratio": 1.1095555224719218,
      "pca_drift_to_residual_ratio": 0.9066855621260669,
      "frame_residual": 272.1657503102856,
      "frame_drift": 1.429380993630985,
      "frame_residual_ratio": 1.4757364617974704,
      "frame_drift_to_residual_ratio": 0.9685882477207397,
      "state_to_latent_r2": 0.07107210759451399,
      "latent_to_state_r2": 0.9993375561550121,
      "orthogonality_error": NaN,
      "orthogonal_recovery_error": NaN,
      "reference_overlap_n": 0,
      "reference_overlap_ratio": 0.0
    },
    {
      "split": "near_wall",
      "n": 5479,
      "dim": 2,
      "pca_residual": 25.430416660740462,
      "pca_drift": 1.659525051884516,
      "pca_residual_ratio": 1.7274570926895703,
      "pca_drift_to_residual_ratio": 0.9606751211978017,
      "frame_residual": 271.9871093120478,
      "frame_drift": 1.4958777501850846,
      "frame_residual_ratio": 1.4747678350162867,
      "frame_drift_to_residual_ratio": 1.014314059926287,
      "state_to_latent_r2": 0.08428841009155008,
      "latent_to_state_r2": 0.9988867462081963,
      "orthogonality_error": NaN,
      "orthogonal_recovery_error": NaN,
      "reference_overlap_n": 0,
      "reference_overlap_ratio": 0.0
    },
    {
      "split": "reference",
      "n": 3306,
      "dim": 2,
      "pca_residual": 14.721301483178815,
      "pca_drift": 0.0,
      "pca_residual_ratio": 0.999999999999932,
      "pca_drift_to_residual_ratio": 0.0,
      "frame_residual": 184.42706903018575,
      "frame_drift": 0.0,
      "frame_residual_ratio": 0.9999999999999946,
      "frame_drift_to_residual_ratio": 0.0,
      "state_to_latent_r2": 0.05701752414114625,
      "latent_to_state_r2": 0.9998850808659547,
      "orthogonality_error": NaN,
      "orthogonal_recovery_error": NaN,
      "reference_overlap_n": 3306,
      "reference_overlap_ratio": 1.0
    },
    {
      "split": "right_room",
      "n": 6120,
      "dim": 2,
      "pca_residual": 16.310948123011045,
      "pca_drift": 1.4142135623730956,
      "pca_residual_ratio": 1.107982751501117,
      "pca_drift_to_residual_ratio": 1.2763859008236498,
      "frame_residual": 267.36644895484216,
      "frame_drift": 1.401782873269242,
      "frame_residual_ratio": 1.4497137017943935,
      "frame_drift_to_residual_ratio": 0.966937728141224,
      "state_to_latent_r2": 0.06920683316710974,
      "latent_to_state_r2": 0.9988930415338754,
      "orthogonality_error": NaN,
      "orthogonal_recovery_error": NaN,
      "reference_overlap_n": 0,
      "reference_overlap_ratio": 0.0
    }
  ]
}
Wrote results to experiments/real_gauge_drift/results/tworoom_resample_check/sample_seed_1/analysis_seed_1
