{
  "metadata": {
    "reference_split": "reference",
    "reference_pca_residual": 14.565702607896045,
    "reference_frame_residual": 184.43296629734488,
    "align_dim": 2,
    "latent_dim": 192,
    "state_dim": 2,
    "state_dims_kept": [
      0,
      1
    ],
    "state_mean": [
      111.27653422647005,
      73.17052972612422
    ],
    "state_std": [
      15.612798156724178,
      16.443324048120175
    ],
    "latent_mean_shape": [
      1,
      192
    ],
    "latent_std_shape": [
      1,
      192
    ],
    "latent_pca_basis_shape": [
      192,
      2
    ],
    "state_pca_basis_shape": [
      2,
      2
    ],
    "r2_mode": "holdout"
  },
  "metrics": [
    {
      "split": "common",
      "n": 3307,
      "dim": 2,
      "pca_residual": 13.73229614601377,
      "pca_drift": 0.06495522929380756,
      "pca_residual_ratio": 0.942782954978675,
      "pca_drift_to_residual_ratio": 0.06889733098240824,
      "frame_residual": 184.56501045589337,
      "frame_drift": 0.1173482966443728,
      "frame_residual_ratio": 1.0007159466184294,
      "frame_drift_to_residual_ratio": 0.1172643416353993,
      "state_to_latent_r2": 0.05883821673906242,
      "latent_to_state_r2": 0.9998886016093285,
      "orthogonality_error": NaN,
      "orthogonal_recovery_error": NaN,
      "reference_overlap_n": 0,
      "reference_overlap_ratio": 0.0
    },
    {
      "split": "doorway_corridor",
      "n": 1435,
      "dim": 2,
      "pca_residual": 3.9346709506287905,
      "pca_drift": 1.0737344272126281,
      "pca_residual_ratio": 0.2701325886260743,
      "pca_drift_to_residual_ratio": 3.974842253094272,
      "frame_residual": 188.92116322177293,
      "frame_drift": 1.2981822303402457,
      "frame_residual_ratio": 1.0243351121794089,
      "frame_drift_to_residual_ratio": 1.267341336739813,
      "state_to_latent_r2": 0.17607816742538074,
      "latent_to_state_r2": 0.9999757295806133,
      "orthogonality_error": NaN,
      "orthogonal_recovery_error": NaN,
      "reference_overlap_n": 0,
      "reference_overlap_ratio": 0.0
    },
    {
      "split": "goal_other_side",
      "n": 11589,
      "dim": 2,
      "pca_residual": 16.77061267011606,
      "pca_drift": 1.11565654004372,
      "pca_residual_ratio": 1.1513768419948094,
      "pca_drift_to_residual_ratio": 0.9689760114593138,
      "frame_residual": 262.5521896272265,
      "frame_drift": 1.4102918800798618,
      "frame_residual_ratio": 1.423564316608862,
      "frame_drift_to_residual_ratio": 0.9906766161703127,
      "state_to_latent_r2": 0.02921914090674871,
      "latent_to_state_r2": 0.9924405707857296,
      "orthogonality_error": NaN,
      "orthogonal_recovery_error": NaN,
      "reference_overlap_n": 0,
      "reference_overlap_ratio": 0.0
    },
    {
      "split": "iid_nonoverlap",
      "n": 3307,
      "dim": 2,
      "pca_residual": 13.73229614601377,
      "pca_drift": 0.06495522929380756,
      "pca_residual_ratio": 0.942782954978675,
      "pca_drift_to_residual_ratio": 0.06889733098240824,
      "frame_residual": 184.56501045589337,
      "frame_drift": 0.1173482966443728,
      "frame_residual_ratio": 1.0007159466184294,
      "frame_drift_to_residual_ratio": 0.1172643416353993,
      "state_to_latent_r2": 0.05793980659860787,
      "latent_to_state_r2": 0.9998871665400945,
      "orthogonality_error": NaN,
      "orthogonal_recovery_error": NaN,
      "reference_overlap_n": 0,
      "reference_overlap_ratio": 0.0
    },
    {
      "split": "left_room",
      "n": 6097,
      "dim": 2,
      "pca_residual": 17.47863400172612,
      "pca_drift": 0.93990623935277,
      "pca_residual_ratio": 1.1999856424536486,
      "pca_drift_to_residual_ratio": 0.7832645709244742,
      "frame_residual": 270.84090974810965,
      "frame_drift": 1.4295738856249054,
      "frame_residual_ratio": 1.4685059573973096,
      "frame_drift_to_residual_ratio": 0.9734886524788918,
      "state_to_latent_r2": 0.07085404198196155,
      "latent_to_state_r2": 0.9992117379115408,
      "orthogonality_error": NaN,
      "orthogonal_recovery_error": NaN,
      "reference_overlap_n": 0,
      "reference_overlap_ratio": 0.0
    },
    {
      "split": "near_wall",
      "n": 5479,
      "dim": 2,
      "pca_residual": 25.544994933027215,
      "pca_drift": 1.6993219673612745,
      "pca_residual_ratio": 1.7537770487760447,
      "pca_drift_to_residual_ratio": 0.968949826630618,
      "frame_residual": 270.600589199817,
      "frame_drift": 1.4976629989598198,
      "frame_residual_ratio": 1.467202933577234,
      "frame_drift_to_residual_ratio": 1.0207606355497798,
      "state_to_latent_r2": 0.08600994622840041,
      "latent_to_state_r2": 0.9987877472122144,
      "orthogonality_error": NaN,
      "orthogonal_recovery_error": NaN,
      "reference_overlap_n": 0,
      "reference_overlap_ratio": 0.0
    },
    {
      "split": "reference",
      "n": 3306,
      "dim": 2,
      "pca_residual": 14.565702607896045,
      "pca_drift": 0.0,
      "pca_residual_ratio": 0.9999999999999314,
      "pca_drift_to_residual_ratio": 0.0,
      "frame_residual": 184.43296629734488,
      "frame_drift": 0.0,
      "frame_residual_ratio": 0.9999999999999946,
      "frame_drift_to_residual_ratio": 0.0,
      "state_to_latent_r2": 0.055786485663203655,
      "latent_to_state_r2": 0.9998769731332473,
      "orthogonality_error": NaN,
      "orthogonal_recovery_error": NaN,
      "reference_overlap_n": 3306,
      "reference_overlap_ratio": 1.0
    },
    {
      "split": "right_room",
      "n": 6126,
      "dim": 2,
      "pca_residual": 16.327589383904076,
      "pca_drift": 1.4142135623730954,
      "pca_residual_ratio": 1.120961331110234,
      "pca_drift_to_residual_ratio": 1.2616078031622677,
      "frame_residual": 266.17564577587973,
      "frame_drift": 1.4051484039843922,
      "frame_residual_ratio": 1.4432107834059718,
      "frame_drift_to_residual_ratio": 0.9736265971262172,
      "state_to_latent_r2": 0.06983764663324876,
      "latent_to_state_r2": 0.9988437860969596,
      "orthogonality_error": NaN,
      "orthogonal_recovery_error": NaN,
      "reference_overlap_n": 0,
      "reference_overlap_ratio": 0.0
    }
  ]
}
Wrote results to experiments/real_gauge_drift/results/tworoom_resample_check/sample_seed_1/analysis_seed_0
