completed tworoom K=4
completed pusht K=4
completed reacher K=4
completed cube K=4
partition_method  num_clusters                               metric    criterion_scope direction  threshold                     threshold_source  correct  covered  total  accuracy  full_grid_accuracy
             gmm             4          jacobian_log_scale_distance partition_specific     lower   0.012508 K4_excluding_pusht_balanced_accuracy        4        4      4      1.00                1.00
             gmm             4    pairwise_uniformity_min_over_mean partition_specific    higher   0.799149 K4_excluding_pusht_balanced_accuracy        4        4      4      1.00                1.00
             gmm             4              check2_prominence_ratio    task_graph_only    higher   0.212826 K4_excluding_pusht_balanced_accuracy        3        4      4      0.75                0.75
             gmm             4                     eigengap_after_k    task_graph_only    higher   0.000601 K4_excluding_pusht_balanced_accuracy        3        4      4      0.75                0.75
             gmm             4              jacobian_bures_distance partition_specific    higher   0.508948                 predeclared_existing        3        4      4      0.75                0.75
             gmm             4             jacobian_cosine_distance partition_specific     lower   0.826504 K4_excluding_pusht_balanced_accuracy        3        4      4      0.75                0.75
             gmm             4                           knn_purity partition_specific     lower   0.962114 K4_excluding_pusht_balanced_accuracy        3        4      4      0.75                0.75
             gmm             4             margin_radius_ratio_mean partition_specific     lower   6.271207 K4_excluding_pusht_balanced_accuracy        3        4      4      0.75                0.75
             gmm             4           normalized_cluster_entropy partition_specific     lower   0.997115 K4_excluding_pusht_balanced_accuracy        3        4      4      0.75                0.75
             gmm             4               curvature_tail_mean_d8 partition_specific    higher   0.000349 K4_excluding_pusht_balanced_accuracy        2        4      4      0.50                0.50
             gmm             4                 flow_persistence_h10 partition_specific     lower   0.809559 K4_excluding_pusht_balanced_accuracy        2        4      4      0.50                0.50
             gmm             4           response_boundary_spearman partition_specific     lower   0.038095 K4_excluding_pusht_balanced_accuracy        2        4      4      0.50                0.50
             gmm             4           response_centroid_spearman partition_specific    higher   0.142857 K4_excluding_pusht_balanced_accuracy        2        4      4      0.50                0.50
             gmm             4        action_residual_velocity_eta2 partition_specific    higher   0.000134 K4_excluding_pusht_balanced_accuracy        1        4      4      0.25                0.25
             gmm             4 boundary_min_jacobian_bures_distance partition_specific     lower   0.601035 K4_excluding_pusht_balanced_accuracy        1        4      4      0.25                0.25
             gmm             4      check1_retained_safety_fraction    task_graph_only     lower   0.861531 K4_excluding_pusht_balanced_accuracy        1        4      4      0.25                0.25
             gmm             4   jacobian_subspace_chordal_distance partition_specific    higher   0.867596 K4_excluding_pusht_balanced_accuracy        1        4      4      0.25                0.25
             gmm             4                 latent_velocity_eta2 partition_specific    higher   0.000132 K4_excluding_pusht_balanced_accuracy        1        4      4      0.25                0.25
             gmm             4               mean_pairwise_response partition_specific    higher   0.016279 K4_excluding_pusht_balanced_accuracy        1        4      4      0.25                0.25
             gmm             4            minimum_pairwise_response partition_specific    higher   0.013325 K4_excluding_pusht_balanced_accuracy        1        4      4      0.25                0.25
             gmm             4             prototype_distance_ratio partition_specific     lower   1.079324 K4_excluding_pusht_balanced_accuracy        1        4      4      0.25                0.25
             gmm             4             tangent_contrast_mean_d8 partition_specific     lower   0.469426 K4_excluding_pusht_balanced_accuracy        1        4      4      0.25                0.25
{
  "schema_version": 1,
  "analysis_name": "LeWM frozen 22-criterion partition-method transfer",
  "repository_commit": "17414055d96f2378cdae09265fc6592a646bfff5",
  "partition_method": "gmm",
  "num_clusters": 4,
  "tasks": [
    "tworoom",
    "pusht",
    "reacher",
    "cube"
  ],
  "partition_seeds": [
    0,
    1,
    2
  ],
  "criterion_count": 22,
  "partition_specific_criterion_count": 19,
  "task_graph_only_criteria": [
    "check1_retained_safety_fraction",
    "check2_prominence_ratio",
    "eigengap_after_k"
  ],
  "threshold_refitted": false,
  "policies_csv": "/data/sicong/weitao/LAP-Latent-Space-Auto-Partitioned-Fine-Tuning-for-World-Models/experiments/control_matrix/assets/lewm_layer2_22_criteria/layer1_frozen_policies.csv",
  "policies_sha256": "0253b94efef268837d21c3e72a905b07f51bd00f4010c2161519bc369b632d7c",
  "outcomes_csv": "/data/sicong/weitao/LAP-Latent-Space-Auto-Partitioned-Fine-Tuning-for-World-Models/experiments/control_matrix/assets/lewm_k4_gmm/long_comparison.csv",
  "outcomes_sha256": "c998f25ebbe1460bfa47b1041b1059bfea8382b33e1e3d4cdbcfaa379aed21d9",
  "audit_dir": "/data/sicong/weitao/LAP-Latent-Space-Auto-Partitioned-Fine-Tuning-for-World-Models/experiments/control_matrix/assets/lewm_k4_geometry_screen/audit_cache",
  "ridge": 1e-08,
  "bures_reproduction_max_absolute_error": 0.0,
  "files": {
    "bures_reproduction_check.csv": "8b665565ec74e398c5ede5d76c44086f3ced9130c82f56b842f60ab7ec4c1de6",
    "criterion_predictions.csv": "82b0c51d21a703c5b0e4289d7c358f08cff6ec4703efe69791e63e88dbd77b4d",
    "criterion_provenance.csv": "dce9a5964263861900438e2f789591f794694a75de104e1f275e07b0446b1d0b",
    "criterion_scores_by_seed.csv": "71c170394612f8dbb783d13453f808dfa94b042a55bc5a3a3f177e71d5650d88",
    "criterion_scores_by_task.csv": "6c8373e6167de277e7289dd0e88b03525945564a67886df5fe4d24da2f5134d9",
    "criterion_selection_accuracy.csv": "f82b0b30bae5e0946dbe8f01610fe8e505e28eb2981e4507bfe9e2b9ed207e03"
  }
}
