{
  "model_family": "subjepa",
  "implementation_backend": "jepa_object",
  "task_name": "pusht",
  "dataset_name": "pusht",
  "dataset": "/home/sicong/weitao/datasets/lewm/pusht_expert_train.h5",
  "checkpoint": "/data/sicong/weitao/.stable_worldmodel/pusht/subjepa_object.ckpt",
  "eval_config_name": "pusht",
  "eval_config": null,
  "eval_dataset_name": "pusht_expert_train",
  "work_root": "experiments/pusht/subjepa/matrix",
  "cache_dir": "/data/sicong/weitao/.stableworldmodel/subjepa/pusht",
  "paired_start_root": null,
  "paired_start_root_short": null,
  "paired_start_root_long": null,
  "phase": "train_global",
  "frameskip": 5,
  "history_size": 3,
  "num_preds": 1,
  "img_size": 224,
  "short_goal_offset": 25,
  "long_goal_offset": 50,
  "eval_budget": 50,
  "num_eval": 50,
  "max_train_starts": 0,
  "dry_run": false,
  "task_spec_path": "/data/sicong/weitao/LAP-Latent-Space-Automatic-Partitioning-for-Efficient-Post-Training-of-World-Models/configs/experiments/tasks/pusht.json",
  "train_seeds": "625",
  "partition_seeds": "0,1,2",
  "eval_seeds": "0,1,2,3,4",
  "methods": "kmeanspp,spectral",
  "skip_joint": true,
  "python": "/data/sicong/weitao/LAP-Latent-Space-Automatic-Partitioning-for-Efficient-Post-Training-of-World-Models/.venv/bin/python",
  "cpu_threads": 4,
  "gpu_id": "",
  "sources": {
    "model_family": "cli",
    "dataset_name": "task_spec",
    "task_name": "task_spec",
    "eval_config_name": "cli",
    "eval_dataset_name": "task_spec",
    "work_root": "cli",
    "cache_dir": "cli",
    "phase": "cli",
    "skip_joint": "env",
    "frameskip": "task_spec",
    "short_goal_offset": "task_spec",
    "long_goal_offset": "task_spec",
    "eval_budget": "task_spec",
    "train_seeds": "cli",
    "partition_seeds": "default",
    "eval_seeds": "default",
    "methods": "cli",
    "python": "cli",
    "cpu_threads": "cli",
    "gpu_id": "default"
  }
}
[jepa-matrix] model_family=subjepa phase=train_global work_root=experiments/pusht/subjepa/matrix
[jepa-matrix] resolved_config=experiments/pusht/subjepa/matrix/manifests/resolved_config.json
  [train] epoch 1/50  train_loss=0.015324  eval_loss=0.003689
  [train] epoch 2/50  train_loss=0.002552  eval_loss=0.002193
  [train] epoch 3/50  train_loss=0.002094  eval_loss=0.001948
  [train] epoch 4/50  train_loss=0.001882  eval_loss=0.001763
  [train] epoch 5/50  train_loss=0.001747  eval_loss=0.001704
  [train] epoch 6/50  train_loss=0.001651  eval_loss=0.001606
  [train] epoch 7/50  train_loss=0.001572  eval_loss=0.001511
  [train] epoch 8/50  train_loss=0.001510  eval_loss=0.001432
  [train] epoch 9/50  train_loss=0.001462  eval_loss=0.001420
  [train] epoch 10/50  train_loss=0.001411  eval_loss=0.001365
  [train] epoch 11/50  train_loss=0.001379  eval_loss=0.001302
  [train] epoch 12/50  train_loss=0.001344  eval_loss=0.001351
  [train] epoch 13/50  train_loss=0.001313  eval_loss=0.001278
  [train] epoch 14/50  train_loss=0.001287  eval_loss=0.001257
  [train] epoch 15/50  train_loss=0.001260  eval_loss=0.001213
  [train] epoch 16/50  train_loss=0.001242  eval_loss=0.001200
  [train] epoch 17/50  train_loss=0.001216  eval_loss=0.001176
  [train] epoch 18/50  train_loss=0.001201  eval_loss=0.001156
  [train] epoch 19/50  train_loss=0.001183  eval_loss=0.001162
  [train] epoch 20/50  train_loss=0.001165  eval_loss=0.001152
  [train] epoch 21/50  train_loss=0.001149  eval_loss=0.001125
  [train] epoch 22/50  train_loss=0.001133  eval_loss=0.001096
  [train] epoch 23/50  train_loss=0.001122  eval_loss=0.001090
  [train] epoch 24/50  train_loss=0.001107  eval_loss=0.001098
  [train] epoch 25/50  train_loss=0.001097  eval_loss=0.001078
  [train] epoch 26/50  train_loss=0.001085  eval_loss=0.001058
  [train] epoch 27/50  train_loss=0.001074  eval_loss=0.001043
  [train] epoch 28/50  train_loss=0.001065  eval_loss=0.001031
  [train] epoch 29/50  train_loss=0.001055  eval_loss=0.001024
  [train] epoch 30/50  train_loss=0.001044  eval_loss=0.001028
  [train] epoch 31/50  train_loss=0.001037  eval_loss=0.001007
  [train] epoch 32/50  train_loss=0.001026  eval_loss=0.001043
  [train] epoch 33/50  train_loss=0.001017  eval_loss=0.001013
  [train] epoch 34/50  train_loss=0.001008  eval_loss=0.001012
  [train] epoch 35/50  train_loss=0.000998  eval_loss=0.000993
  [train] epoch 36/50  train_loss=0.000995  eval_loss=0.000975
  [train] epoch 37/50  train_loss=0.000990  eval_loss=0.000971
  [train] epoch 38/50  train_loss=0.000980  eval_loss=0.000959
  [train] epoch 39/50  train_loss=0.000974  eval_loss=0.000996
  [train] epoch 40/50  train_loss=0.000965  eval_loss=0.000953
  [train] epoch 41/50  train_loss=0.000959  eval_loss=0.000941
  [train] epoch 42/50  train_loss=0.000955  eval_loss=0.000966
  [train] epoch 43/50  train_loss=0.000947  eval_loss=0.000935
  [train] epoch 44/50  train_loss=0.000940  eval_loss=0.000946
  [train] epoch 45/50  train_loss=0.000936  eval_loss=0.000925
  [train] epoch 46/50  train_loss=0.000929  eval_loss=0.000925
  [train] epoch 47/50  train_loss=0.000924  eval_loss=0.000924
  [train] epoch 48/50  train_loss=0.000922  eval_loss=0.000897
  [train] epoch 49/50  train_loss=0.000912  eval_loss=0.000897
  [train] epoch 50/50  train_loss=0.000908  eval_loss=0.000884
  [best] epoch 50  eval_loss=0.000884 (selected over 50 epochs)
[done] dataset=pusht train_seed=625 regions=1 -> experiments/pusht/subjepa/matrix/training/global/train625
