{
  "model_family": "subjepa",
  "implementation_backend": "jepa_object",
  "task_name": "pusht",
  "dataset_name": "pusht",
  "dataset": "/home/sicong/weitao/datasets/lewm/pusht_expert_train.h5",
  "checkpoint": "/data/sicong/weitao/.stable_worldmodel/pusht/subjepa_object.ckpt",
  "eval_config_name": "pusht",
  "eval_config": null,
  "eval_dataset_name": "pusht_expert_train",
  "work_root": "experiments/pusht/subjepa/matrix",
  "cache_dir": "/data/sicong/weitao/.stableworldmodel/subjepa/pusht",
  "paired_start_root": null,
  "paired_start_root_short": null,
  "paired_start_root_long": null,
  "phase": "train_global",
  "frameskip": 5,
  "history_size": 3,
  "num_preds": 1,
  "img_size": 224,
  "short_goal_offset": 25,
  "long_goal_offset": 50,
  "eval_budget": 50,
  "num_eval": 50,
  "max_train_starts": 0,
  "dry_run": false,
  "task_spec_path": "/data/sicong/weitao/LAP-Latent-Space-Automatic-Partitioning-for-Efficient-Post-Training-of-World-Models/configs/experiments/tasks/pusht.json",
  "train_seeds": "0",
  "partition_seeds": "0,1,2",
  "eval_seeds": "0,1,2,3,4",
  "methods": "kmeanspp,spectral",
  "skip_joint": true,
  "python": "/data/sicong/weitao/LAP-Latent-Space-Automatic-Partitioning-for-Efficient-Post-Training-of-World-Models/.venv/bin/python",
  "cpu_threads": 4,
  "gpu_id": "",
  "sources": {
    "model_family": "cli",
    "dataset_name": "task_spec",
    "task_name": "task_spec",
    "eval_config_name": "cli",
    "eval_dataset_name": "task_spec",
    "work_root": "cli",
    "cache_dir": "cli",
    "phase": "cli",
    "skip_joint": "env",
    "frameskip": "task_spec",
    "short_goal_offset": "task_spec",
    "long_goal_offset": "task_spec",
    "eval_budget": "task_spec",
    "train_seeds": "cli",
    "partition_seeds": "default",
    "eval_seeds": "default",
    "methods": "cli",
    "python": "cli",
    "cpu_threads": "cli",
    "gpu_id": "default"
  }
}
[jepa-matrix] model_family=subjepa phase=train_global work_root=experiments/pusht/subjepa/matrix
[jepa-matrix] resolved_config=experiments/pusht/subjepa/matrix/manifests/resolved_config.json
  [train] epoch 1/50  train_loss=0.015313  eval_loss=0.003565
  [train] epoch 2/50  train_loss=0.002554  eval_loss=0.002193
  [train] epoch 3/50  train_loss=0.002098  eval_loss=0.001884
  [train] epoch 4/50  train_loss=0.001882  eval_loss=0.001761
  [train] epoch 5/50  train_loss=0.001743  eval_loss=0.001675
  [train] epoch 6/50  train_loss=0.001645  eval_loss=0.001577
  [train] epoch 7/50  train_loss=0.001577  eval_loss=0.001545
  [train] epoch 8/50  train_loss=0.001512  eval_loss=0.001451
  [train] epoch 9/50  train_loss=0.001461  eval_loss=0.001441
  [train] epoch 10/50  train_loss=0.001417  eval_loss=0.001401
  [train] epoch 11/50  train_loss=0.001376  eval_loss=0.001327
  [train] epoch 12/50  train_loss=0.001343  eval_loss=0.001292
  [train] epoch 13/50  train_loss=0.001312  eval_loss=0.001281
  [train] epoch 14/50  train_loss=0.001288  eval_loss=0.001258
  [train] epoch 15/50  train_loss=0.001264  eval_loss=0.001221
  [train] epoch 16/50  train_loss=0.001237  eval_loss=0.001219
  [train] epoch 17/50  train_loss=0.001216  eval_loss=0.001208
  [train] epoch 18/50  train_loss=0.001199  eval_loss=0.001198
  [train] epoch 19/50  train_loss=0.001183  eval_loss=0.001146
  [train] epoch 20/50  train_loss=0.001165  eval_loss=0.001130
  [train] epoch 21/50  train_loss=0.001151  eval_loss=0.001154
  [train] epoch 22/50  train_loss=0.001140  eval_loss=0.001109
  [train] epoch 23/50  train_loss=0.001123  eval_loss=0.001181
  [train] epoch 24/50  train_loss=0.001110  eval_loss=0.001076
  [train] epoch 25/50  train_loss=0.001097  eval_loss=0.001063
  [train] epoch 26/50  train_loss=0.001087  eval_loss=0.001051
  [train] epoch 27/50  train_loss=0.001073  eval_loss=0.001036
  [train] epoch 28/50  train_loss=0.001064  eval_loss=0.001043
  [train] epoch 29/50  train_loss=0.001052  eval_loss=0.001044
  [train] epoch 30/50  train_loss=0.001042  eval_loss=0.001013
  [train] epoch 31/50  train_loss=0.001039  eval_loss=0.001004
  [train] epoch 32/50  train_loss=0.001025  eval_loss=0.001037
  [train] epoch 33/50  train_loss=0.001018  eval_loss=0.000995
  [train] epoch 34/50  train_loss=0.001009  eval_loss=0.000981
  [train] epoch 35/50  train_loss=0.001002  eval_loss=0.000974
  [train] epoch 36/50  train_loss=0.000998  eval_loss=0.000973
  [train] epoch 37/50  train_loss=0.000986  eval_loss=0.000961
  [train] epoch 38/50  train_loss=0.000978  eval_loss=0.001038
  [train] epoch 39/50  train_loss=0.000973  eval_loss=0.000984
  [train] epoch 40/50  train_loss=0.000965  eval_loss=0.000955
  [train] epoch 41/50  train_loss=0.000958  eval_loss=0.000962
  [train] epoch 42/50  train_loss=0.000956  eval_loss=0.000920
  [train] epoch 43/50  train_loss=0.000947  eval_loss=0.000939
  [train] epoch 44/50  train_loss=0.000941  eval_loss=0.000941
  [train] epoch 45/50  train_loss=0.000936  eval_loss=0.000922
  [train] epoch 46/50  train_loss=0.000930  eval_loss=0.000932
  [train] epoch 47/50  train_loss=0.000924  eval_loss=0.000916
  [train] epoch 48/50  train_loss=0.000919  eval_loss=0.000908
  [train] epoch 49/50  train_loss=0.000913  eval_loss=0.000897
  [train] epoch 50/50  train_loss=0.000910  eval_loss=0.000894
  [best] epoch 50  eval_loss=0.000894 (selected over 50 epochs)
[done] dataset=pusht train_seed=0 regions=1 -> experiments/pusht/subjepa/matrix/training/global/train0
