{
  "model_family": "subjepa",
  "implementation_backend": "jepa_object",
  "task_name": "pusht",
  "dataset_name": "pusht",
  "dataset": "/home/sicong/weitao/datasets/lewm/pusht_expert_train.h5",
  "checkpoint": "/data/sicong/weitao/.stable_worldmodel/pusht/subjepa_object.ckpt",
  "eval_config_name": "pusht",
  "eval_config": null,
  "eval_dataset_name": "pusht_expert_train",
  "work_root": "experiments/pusht/subjepa/matrix",
  "cache_dir": "/data/sicong/weitao/.stableworldmodel/subjepa/pusht",
  "paired_start_root": null,
  "paired_start_root_short": null,
  "paired_start_root_long": null,
  "phase": "train_global",
  "frameskip": 5,
  "history_size": 3,
  "num_preds": 1,
  "img_size": 224,
  "short_goal_offset": 25,
  "long_goal_offset": 50,
  "eval_budget": 50,
  "num_eval": 50,
  "max_train_starts": 0,
  "dry_run": false,
  "task_spec_path": "/data/sicong/weitao/LAP-Latent-Space-Automatic-Partitioning-for-Efficient-Post-Training-of-World-Models/configs/experiments/tasks/pusht.json",
  "train_seeds": "42",
  "partition_seeds": "0,1,2",
  "eval_seeds": "0,1,2,3,4",
  "methods": "kmeanspp,spectral",
  "skip_joint": true,
  "python": "/data/sicong/weitao/LAP-Latent-Space-Automatic-Partitioning-for-Efficient-Post-Training-of-World-Models/.venv/bin/python",
  "cpu_threads": 4,
  "gpu_id": "",
  "sources": {
    "model_family": "cli",
    "dataset_name": "task_spec",
    "task_name": "task_spec",
    "eval_config_name": "cli",
    "eval_dataset_name": "task_spec",
    "work_root": "cli",
    "cache_dir": "cli",
    "phase": "cli",
    "skip_joint": "env",
    "frameskip": "task_spec",
    "short_goal_offset": "task_spec",
    "long_goal_offset": "task_spec",
    "eval_budget": "task_spec",
    "train_seeds": "cli",
    "partition_seeds": "default",
    "eval_seeds": "default",
    "methods": "cli",
    "python": "cli",
    "cpu_threads": "cli",
    "gpu_id": "default"
  }
}
[jepa-matrix] model_family=subjepa phase=train_global work_root=experiments/pusht/subjepa/matrix
[jepa-matrix] resolved_config=experiments/pusht/subjepa/matrix/manifests/resolved_config.json
  [train] epoch 1/50  train_loss=0.015336  eval_loss=0.003693
  [train] epoch 2/50  train_loss=0.002553  eval_loss=0.002208
  [train] epoch 3/50  train_loss=0.002097  eval_loss=0.001889
  [train] epoch 4/50  train_loss=0.001881  eval_loss=0.001757
  [train] epoch 5/50  train_loss=0.001749  eval_loss=0.001736
  [train] epoch 6/50  train_loss=0.001648  eval_loss=0.001582
  [train] epoch 7/50  train_loss=0.001571  eval_loss=0.001560
  [train] epoch 8/50  train_loss=0.001511  eval_loss=0.001463
  [train] epoch 9/50  train_loss=0.001460  eval_loss=0.001429
  [train] epoch 10/50  train_loss=0.001416  eval_loss=0.001386
  [train] epoch 11/50  train_loss=0.001377  eval_loss=0.001338
  [train] epoch 12/50  train_loss=0.001344  eval_loss=0.001325
  [train] epoch 13/50  train_loss=0.001311  eval_loss=0.001291
  [train] epoch 14/50  train_loss=0.001287  eval_loss=0.001268
  [train] epoch 15/50  train_loss=0.001260  eval_loss=0.001232
  [train] epoch 16/50  train_loss=0.001237  eval_loss=0.001224
  [train] epoch 17/50  train_loss=0.001219  eval_loss=0.001186
  [train] epoch 18/50  train_loss=0.001203  eval_loss=0.001173
  [train] epoch 19/50  train_loss=0.001183  eval_loss=0.001193
  [train] epoch 20/50  train_loss=0.001168  eval_loss=0.001132
  [train] epoch 21/50  train_loss=0.001151  eval_loss=0.001124
  [train] epoch 22/50  train_loss=0.001133  eval_loss=0.001121
  [train] epoch 23/50  train_loss=0.001122  eval_loss=0.001090
  [train] epoch 24/50  train_loss=0.001110  eval_loss=0.001099
  [train] epoch 25/50  train_loss=0.001095  eval_loss=0.001093
  [train] epoch 26/50  train_loss=0.001085  eval_loss=0.001103
  [train] epoch 27/50  train_loss=0.001074  eval_loss=0.001056
  [train] epoch 28/50  train_loss=0.001063  eval_loss=0.001037
  [train] epoch 29/50  train_loss=0.001053  eval_loss=0.001027
  [train] epoch 30/50  train_loss=0.001045  eval_loss=0.001019
  [train] epoch 31/50  train_loss=0.001034  eval_loss=0.001025
  [train] epoch 32/50  train_loss=0.001029  eval_loss=0.001015
  [train] epoch 33/50  train_loss=0.001018  eval_loss=0.000998
  [train] epoch 34/50  train_loss=0.001008  eval_loss=0.000998
  [train] epoch 35/50  train_loss=0.001002  eval_loss=0.000981
  [train] epoch 36/50  train_loss=0.000994  eval_loss=0.000961
  [train] epoch 37/50  train_loss=0.000986  eval_loss=0.000959
  [train] epoch 38/50  train_loss=0.000982  eval_loss=0.000971
  [train] epoch 39/50  train_loss=0.000973  eval_loss=0.000947
  [train] epoch 40/50  train_loss=0.000965  eval_loss=0.000956
  [train] epoch 41/50  train_loss=0.000961  eval_loss=0.000954
  [train] epoch 42/50  train_loss=0.000955  eval_loss=0.000933
  [train] epoch 43/50  train_loss=0.000950  eval_loss=0.000951
  [train] epoch 44/50  train_loss=0.000941  eval_loss=0.000916
  [train] epoch 45/50  train_loss=0.000936  eval_loss=0.000905
  [train] epoch 46/50  train_loss=0.000929  eval_loss=0.000916
  [train] epoch 47/50  train_loss=0.000926  eval_loss=0.000903
  [train] epoch 48/50  train_loss=0.000918  eval_loss=0.000925
  [train] epoch 49/50  train_loss=0.000914  eval_loss=0.000878
  [train] epoch 50/50  train_loss=0.000909  eval_loss=0.000895
  [best] epoch 49  eval_loss=0.000878 (selected over 50 epochs)
[done] dataset=pusht train_seed=42 regions=1 -> experiments/pusht/subjepa/matrix/training/global/train42
