{
  "model_family": "subjepa",
  "implementation_backend": "jepa_object",
  "task_name": "pusht",
  "dataset_name": "pusht",
  "dataset": "/home/sicong/weitao/datasets/lewm/pusht_expert_train.h5",
  "checkpoint": "/data/sicong/weitao/.stable_worldmodel/pusht/subjepa_object.ckpt",
  "eval_config_name": "pusht",
  "eval_config": null,
  "eval_dataset_name": "pusht_expert_train",
  "work_root": "experiments/pusht/subjepa/matrix",
  "cache_dir": "/data/sicong/weitao/.stableworldmodel/subjepa/pusht",
  "paired_start_root": null,
  "paired_start_root_short": null,
  "paired_start_root_long": null,
  "phase": "train_regions",
  "frameskip": 5,
  "history_size": 3,
  "num_preds": 1,
  "img_size": 224,
  "short_goal_offset": 25,
  "long_goal_offset": 50,
  "eval_budget": 50,
  "num_eval": 50,
  "max_train_starts": 0,
  "dry_run": false,
  "task_spec_path": "/data/sicong/weitao/LAP-Latent-Space-Automatic-Partitioning-for-Efficient-Post-Training-of-World-Models/configs/experiments/tasks/pusht.json",
  "train_seeds": "625",
  "partition_seeds": "0",
  "eval_seeds": "0,1,2,3,4",
  "methods": "kmeanspp",
  "skip_joint": true,
  "python": "/data/sicong/weitao/LAP-Latent-Space-Automatic-Partitioning-for-Efficient-Post-Training-of-World-Models/.venv/bin/python",
  "cpu_threads": 4,
  "gpu_id": "",
  "sources": {
    "model_family": "cli",
    "dataset_name": "task_spec",
    "task_name": "task_spec",
    "eval_config_name": "cli",
    "eval_dataset_name": "task_spec",
    "work_root": "cli",
    "cache_dir": "cli",
    "phase": "cli",
    "skip_joint": "env",
    "frameskip": "task_spec",
    "short_goal_offset": "task_spec",
    "long_goal_offset": "task_spec",
    "eval_budget": "task_spec",
    "train_seeds": "cli",
    "partition_seeds": "cli",
    "eval_seeds": "default",
    "methods": "cli",
    "python": "cli",
    "cpu_threads": "cli",
    "gpu_id": "default"
  }
}
[jepa-matrix] model_family=subjepa phase=train_regions work_root=experiments/pusht/subjepa/matrix
[jepa-matrix] resolved_config=experiments/pusht/subjepa/matrix/manifests/resolved_config.json
  [train] epoch 1/50  train_loss=0.015371  eval_loss=0.003502
  [train] epoch 2/50  train_loss=0.002478  eval_loss=0.002254
  [train] epoch 3/50  train_loss=0.002075  eval_loss=0.001923
  [train] epoch 4/50  train_loss=0.001856  eval_loss=0.001835
  [train] epoch 5/50  train_loss=0.001710  eval_loss=0.001596
  [train] epoch 6/50  train_loss=0.001608  eval_loss=0.001526
  [train] epoch 7/50  train_loss=0.001532  eval_loss=0.001543
  [train] epoch 8/50  train_loss=0.001486  eval_loss=0.001448
  [train] epoch 9/50  train_loss=0.001414  eval_loss=0.001349
  [train] epoch 10/50  train_loss=0.001367  eval_loss=0.001327
  [train] epoch 11/50  train_loss=0.001329  eval_loss=0.001284
  [train] epoch 12/50  train_loss=0.001292  eval_loss=0.001289
  [train] epoch 13/50  train_loss=0.001261  eval_loss=0.001231
  [train] epoch 14/50  train_loss=0.001232  eval_loss=0.001176
  [train] epoch 15/50  train_loss=0.001207  eval_loss=0.001169
  [train] epoch 16/50  train_loss=0.001184  eval_loss=0.001167
  [train] epoch 17/50  train_loss=0.001162  eval_loss=0.001139
  [train] epoch 18/50  train_loss=0.001141  eval_loss=0.001089
  [train] epoch 19/50  train_loss=0.001121  eval_loss=0.001082
  [train] epoch 20/50  train_loss=0.001106  eval_loss=0.001073
  [train] epoch 21/50  train_loss=0.001092  eval_loss=0.001053
  [train] epoch 22/50  train_loss=0.001075  eval_loss=0.001041
  [train] epoch 23/50  train_loss=0.001063  eval_loss=0.001036
  [train] epoch 24/50  train_loss=0.001044  eval_loss=0.001013
  [train] epoch 25/50  train_loss=0.001036  eval_loss=0.001007
  [train] epoch 26/50  train_loss=0.001018  eval_loss=0.001011
  [train] epoch 27/50  train_loss=0.001009  eval_loss=0.001005
  [train] epoch 28/50  train_loss=0.001000  eval_loss=0.000973
  [train] epoch 29/50  train_loss=0.000990  eval_loss=0.000954
  [train] epoch 30/50  train_loss=0.000973  eval_loss=0.000936
  [train] epoch 31/50  train_loss=0.000967  eval_loss=0.000930
  [train] epoch 32/50  train_loss=0.000963  eval_loss=0.000925
  [train] epoch 33/50  train_loss=0.000948  eval_loss=0.000908
  [train] epoch 34/50  train_loss=0.000941  eval_loss=0.000902
  [train] epoch 35/50  train_loss=0.000933  eval_loss=0.000916
  [train] epoch 36/50  train_loss=0.000924  eval_loss=0.000897
  [train] epoch 37/50  train_loss=0.000914  eval_loss=0.000892
  [train] epoch 38/50  train_loss=0.000907  eval_loss=0.000884
  [train] epoch 39/50  train_loss=0.000904  eval_loss=0.000857
  [train] epoch 40/50  train_loss=0.000893  eval_loss=0.000881
  [train] epoch 41/50  train_loss=0.000896  eval_loss=0.000849
  [train] epoch 42/50  train_loss=0.000879  eval_loss=0.000883
  [train] epoch 43/50  train_loss=0.000877  eval_loss=0.000864
  [train] epoch 44/50  train_loss=0.000870  eval_loss=0.000867
  [train] epoch 45/50  train_loss=0.000867  eval_loss=0.000848
  [train] epoch 46/50  train_loss=0.000854  eval_loss=0.000840
  [train] epoch 47/50  train_loss=0.000851  eval_loss=0.000822
  [train] epoch 48/50  train_loss=0.000843  eval_loss=0.000873
  [train] epoch 49/50  train_loss=0.000838  eval_loss=0.000807
  [train] epoch 50/50  train_loss=0.000835  eval_loss=0.000815
  [best] epoch 49  eval_loss=0.000807 (selected over 50 epochs)
  [train] epoch 1/50  train_loss=0.015756  eval_loss=0.003716
  [train] epoch 2/50  train_loss=0.002533  eval_loss=0.002178
  [train] epoch 3/50  train_loss=0.002118  eval_loss=0.001935
  [train] epoch 4/50  train_loss=0.001901  eval_loss=0.001897
  [train] epoch 5/50  train_loss=0.001766  eval_loss=0.001651
  [train] epoch 6/50  train_loss=0.001669  eval_loss=0.001596
  [train] epoch 7/50  train_loss=0.001579  eval_loss=0.001572
  [train] epoch 8/50  train_loss=0.001514  eval_loss=0.001521
  [train] epoch 9/50  train_loss=0.001468  eval_loss=0.001386
  [train] epoch 10/50  train_loss=0.001423  eval_loss=0.001390
  [train] epoch 11/50  train_loss=0.001386  eval_loss=0.001377
  [train] epoch 12/50  train_loss=0.001352  eval_loss=0.001305
  [train] epoch 13/50  train_loss=0.001321  eval_loss=0.001272
  [train] epoch 14/50  train_loss=0.001288  eval_loss=0.001228
  [train] epoch 15/50  train_loss=0.001271  eval_loss=0.001234
  [train] epoch 16/50  train_loss=0.001239  eval_loss=0.001201
  [train] epoch 17/50  train_loss=0.001214  eval_loss=0.001187
  [train] epoch 18/50  train_loss=0.001197  eval_loss=0.001153
  [train] epoch 19/50  train_loss=0.001183  eval_loss=0.001151
  [train] epoch 20/50  train_loss=0.001161  eval_loss=0.001153
  [train] epoch 21/50  train_loss=0.001146  eval_loss=0.001199
  [train] epoch 22/50  train_loss=0.001141  eval_loss=0.001102
  [train] epoch 23/50  train_loss=0.001118  eval_loss=0.001096
  [train] epoch 24/50  train_loss=0.001106  eval_loss=0.001053
  [train] epoch 25/50  train_loss=0.001095  eval_loss=0.001051
  [train] epoch 26/50  train_loss=0.001079  eval_loss=0.001044
  [train] epoch 27/50  train_loss=0.001076  eval_loss=0.001080
  [train] epoch 28/50  train_loss=0.001055  eval_loss=0.001034
  [train] epoch 29/50  train_loss=0.001051  eval_loss=0.001008
  [train] epoch 30/50  train_loss=0.001040  eval_loss=0.001004
  [train] epoch 31/50  train_loss=0.001029  eval_loss=0.000983
  [train] epoch 32/50  train_loss=0.001018  eval_loss=0.000979
  [train] epoch 33/50  train_loss=0.001007  eval_loss=0.001000
  [train] epoch 34/50  train_loss=0.001003  eval_loss=0.001013
  [train] epoch 35/50  train_loss=0.000997  eval_loss=0.000977
  [train] epoch 36/50  train_loss=0.000979  eval_loss=0.000938
  [train] epoch 37/50  train_loss=0.000980  eval_loss=0.000935
  [train] epoch 38/50  train_loss=0.000962  eval_loss=0.000935
  [train] epoch 39/50  train_loss=0.000964  eval_loss=0.000936
  [train] epoch 40/50  train_loss=0.000958  eval_loss=0.000931
  [train] epoch 41/50  train_loss=0.000949  eval_loss=0.000960
  [train] epoch 42/50  train_loss=0.000941  eval_loss=0.001055
  [train] epoch 43/50  train_loss=0.000938  eval_loss=0.000931
  [train] epoch 44/50  train_loss=0.000930  eval_loss=0.000997
  [train] epoch 45/50  train_loss=0.000927  eval_loss=0.000922
  [train] epoch 46/50  train_loss=0.000919  eval_loss=0.000877
  [train] epoch 47/50  train_loss=0.000914  eval_loss=0.000901
  [train] epoch 48/50  train_loss=0.000908  eval_loss=0.000895
  [train] epoch 49/50  train_loss=0.000900  eval_loss=0.000883
  [train] epoch 50/50  train_loss=0.000895  eval_loss=0.001124
  [best] epoch 46  eval_loss=0.000877 (selected over 50 epochs)
  [train] epoch 1/50  train_loss=0.015250  eval_loss=0.003368
  [train] epoch 2/50  train_loss=0.002401  eval_loss=0.002129
  [train] epoch 3/50  train_loss=0.002012  eval_loss=0.001862
  [train] epoch 4/50  train_loss=0.001798  eval_loss=0.001693
  [train] epoch 5/50  train_loss=0.001670  eval_loss=0.001587
  [train] epoch 6/50  train_loss=0.001561  eval_loss=0.001467
  [train] epoch 7/50  train_loss=0.001490  eval_loss=0.001392
  [train] epoch 8/50  train_loss=0.001420  eval_loss=0.001347
  [train] epoch 9/50  train_loss=0.001370  eval_loss=0.001333
  [train] epoch 10/50  train_loss=0.001326  eval_loss=0.001249
  [train] epoch 11/50  train_loss=0.001292  eval_loss=0.001220
  [train] epoch 12/50  train_loss=0.001264  eval_loss=0.001233
  [train] epoch 13/50  train_loss=0.001219  eval_loss=0.001302
  [train] epoch 14/50  train_loss=0.001199  eval_loss=0.001177
  [train] epoch 15/50  train_loss=0.001169  eval_loss=0.001146
  [train] epoch 16/50  train_loss=0.001154  eval_loss=0.001098
  [train] epoch 17/50  train_loss=0.001122  eval_loss=0.001084
  [train] epoch 18/50  train_loss=0.001109  eval_loss=0.001191
  [train] epoch 19/50  train_loss=0.001091  eval_loss=0.001107
  [train] epoch 20/50  train_loss=0.001073  eval_loss=0.001088
  [train] epoch 21/50  train_loss=0.001059  eval_loss=0.001036
  [train] epoch 22/50  train_loss=0.001049  eval_loss=0.001013
  [train] epoch 23/50  train_loss=0.001035  eval_loss=0.000988
  [train] epoch 24/50  train_loss=0.001014  eval_loss=0.000977
  [train] epoch 25/50  train_loss=0.001006  eval_loss=0.000948
  [train] epoch 26/50  train_loss=0.000995  eval_loss=0.000933
  [train] epoch 27/50  train_loss=0.000976  eval_loss=0.000962
  [train] epoch 28/50  train_loss=0.000971  eval_loss=0.000937
  [train] epoch 29/50  train_loss=0.000959  eval_loss=0.000928
  [train] epoch 30/50  train_loss=0.000948  eval_loss=0.000936
  [train] epoch 31/50  train_loss=0.000945  eval_loss=0.000970
  [train] epoch 32/50  train_loss=0.000929  eval_loss=0.000916
  [train] epoch 33/50  train_loss=0.000920  eval_loss=0.000903
  [train] epoch 34/50  train_loss=0.000912  eval_loss=0.000888
  [train] epoch 35/50  train_loss=0.000900  eval_loss=0.000888
  [train] epoch 36/50  train_loss=0.000894  eval_loss=0.000885
  [train] epoch 37/50  train_loss=0.000884  eval_loss=0.000863
  [train] epoch 38/50  train_loss=0.000877  eval_loss=0.000868
  [train] epoch 39/50  train_loss=0.000873  eval_loss=0.000862
  [train] epoch 40/50  train_loss=0.000863  eval_loss=0.000868
  [train] epoch 41/50  train_loss=0.000857  eval_loss=0.000848
  [train] epoch 42/50  train_loss=0.000850  eval_loss=0.000858
  [train] epoch 43/50  train_loss=0.000839  eval_loss=0.000839
  [train] epoch 44/50  train_loss=0.000840  eval_loss=0.000830
  [train] epoch 45/50  train_loss=0.000830  eval_loss=0.000793
  [train] epoch 46/50  train_loss=0.000827  eval_loss=0.000804
  [train] epoch 47/50  train_loss=0.000824  eval_loss=0.000817
  [train] epoch 48/50  train_loss=0.000817  eval_loss=0.000796
  [train] epoch 49/50  train_loss=0.000805  eval_loss=0.000797
  [train] epoch 50/50  train_loss=0.000812  eval_loss=0.000773
  [best] epoch 50  eval_loss=0.000773 (selected over 50 epochs)
[done] dataset=pusht train_seed=625 regions=3 -> experiments/pusht/subjepa/matrix/training/kmeanspp/partition0_train625
