{
  "model_family": "subjepa",
  "implementation_backend": "jepa_object",
  "task_name": "pusht",
  "dataset_name": "pusht",
  "dataset": "/home/sicong/weitao/datasets/lewm/pusht_expert_train.h5",
  "checkpoint": "/data/sicong/weitao/.stable_worldmodel/pusht/subjepa_object.ckpt",
  "eval_config_name": "pusht",
  "eval_config": null,
  "eval_dataset_name": "pusht_expert_train",
  "work_root": "experiments/pusht/subjepa/matrix",
  "cache_dir": "/data/sicong/weitao/.stableworldmodel/subjepa/pusht",
  "paired_start_root": null,
  "paired_start_root_short": null,
  "paired_start_root_long": null,
  "phase": "train_regions",
  "frameskip": 5,
  "history_size": 3,
  "num_preds": 1,
  "img_size": 224,
  "short_goal_offset": 25,
  "long_goal_offset": 50,
  "eval_budget": 50,
  "num_eval": 50,
  "max_train_starts": 0,
  "dry_run": false,
  "task_spec_path": "/data/sicong/weitao/LAP-Latent-Space-Automatic-Partitioning-for-Efficient-Post-Training-of-World-Models/configs/experiments/tasks/pusht.json",
  "train_seeds": "625",
  "partition_seeds": "2",
  "eval_seeds": "0,1,2,3,4",
  "methods": "kmeanspp",
  "skip_joint": true,
  "python": "/data/sicong/weitao/LAP-Latent-Space-Automatic-Partitioning-for-Efficient-Post-Training-of-World-Models/.venv/bin/python",
  "cpu_threads": 4,
  "gpu_id": "",
  "sources": {
    "model_family": "cli",
    "dataset_name": "task_spec",
    "task_name": "task_spec",
    "eval_config_name": "cli",
    "eval_dataset_name": "task_spec",
    "work_root": "cli",
    "cache_dir": "cli",
    "phase": "cli",
    "skip_joint": "env",
    "frameskip": "task_spec",
    "short_goal_offset": "task_spec",
    "long_goal_offset": "task_spec",
    "eval_budget": "task_spec",
    "train_seeds": "cli",
    "partition_seeds": "cli",
    "eval_seeds": "default",
    "methods": "cli",
    "python": "cli",
    "cpu_threads": "cli",
    "gpu_id": "default"
  }
}
[jepa-matrix] model_family=subjepa phase=train_regions work_root=experiments/pusht/subjepa/matrix
[jepa-matrix] resolved_config=experiments/pusht/subjepa/matrix/manifests/resolved_config.json
  [train] epoch 1/50  train_loss=0.015465  eval_loss=0.003572
  [train] epoch 2/50  train_loss=0.002457  eval_loss=0.002213
  [train] epoch 3/50  train_loss=0.002065  eval_loss=0.001859
  [train] epoch 4/50  train_loss=0.001840  eval_loss=0.001749
  [train] epoch 5/50  train_loss=0.001691  eval_loss=0.001605
  [train] epoch 6/50  train_loss=0.001594  eval_loss=0.001472
  [train] epoch 7/50  train_loss=0.001511  eval_loss=0.001453
  [train] epoch 8/50  train_loss=0.001454  eval_loss=0.001406
  [train] epoch 9/50  train_loss=0.001402  eval_loss=0.001366
  [train] epoch 10/50  train_loss=0.001354  eval_loss=0.001317
  [train] epoch 11/50  train_loss=0.001308  eval_loss=0.001245
  [train] epoch 12/50  train_loss=0.001276  eval_loss=0.001227
  [train] epoch 13/50  train_loss=0.001247  eval_loss=0.001247
  [train] epoch 14/50  train_loss=0.001221  eval_loss=0.001258
  [train] epoch 15/50  train_loss=0.001194  eval_loss=0.001147
  [train] epoch 16/50  train_loss=0.001167  eval_loss=0.001146
  [train] epoch 17/50  train_loss=0.001151  eval_loss=0.001176
  [train] epoch 18/50  train_loss=0.001138  eval_loss=0.001114
  [train] epoch 19/50  train_loss=0.001116  eval_loss=0.001070
  [train] epoch 20/50  train_loss=0.001094  eval_loss=0.001057
  [train] epoch 21/50  train_loss=0.001080  eval_loss=0.001069
  [train] epoch 22/50  train_loss=0.001060  eval_loss=0.001041
  [train] epoch 23/50  train_loss=0.001051  eval_loss=0.001023
  [train] epoch 24/50  train_loss=0.001041  eval_loss=0.001005
  [train] epoch 25/50  train_loss=0.001023  eval_loss=0.001013
  [train] epoch 26/50  train_loss=0.001010  eval_loss=0.000988
  [train] epoch 27/50  train_loss=0.000997  eval_loss=0.001047
  [train] epoch 28/50  train_loss=0.000990  eval_loss=0.000971
  [train] epoch 29/50  train_loss=0.000975  eval_loss=0.000948
  [train] epoch 30/50  train_loss=0.000966  eval_loss=0.000943
  [train] epoch 31/50  train_loss=0.000963  eval_loss=0.000943
  [train] epoch 32/50  train_loss=0.000948  eval_loss=0.000914
  [train] epoch 33/50  train_loss=0.000941  eval_loss=0.000906
  [train] epoch 34/50  train_loss=0.000933  eval_loss=0.000910
  [train] epoch 35/50  train_loss=0.000923  eval_loss=0.000939
  [train] epoch 36/50  train_loss=0.000924  eval_loss=0.000905
  [train] epoch 37/50  train_loss=0.000907  eval_loss=0.000888
  [train] epoch 38/50  train_loss=0.000906  eval_loss=0.000879
  [train] epoch 39/50  train_loss=0.000894  eval_loss=0.000893
  [train] epoch 40/50  train_loss=0.000892  eval_loss=0.000856
  [train] epoch 41/50  train_loss=0.000879  eval_loss=0.000857
  [train] epoch 42/50  train_loss=0.000879  eval_loss=0.000857
  [train] epoch 43/50  train_loss=0.000868  eval_loss=0.000879
  [train] epoch 44/50  train_loss=0.000862  eval_loss=0.000838
  [train] epoch 45/50  train_loss=0.000859  eval_loss=0.000872
  [train] epoch 46/50  train_loss=0.000852  eval_loss=0.000816
  [train] epoch 47/50  train_loss=0.000844  eval_loss=0.000832
  [train] epoch 48/50  train_loss=0.000837  eval_loss=0.000839
  [train] epoch 49/50  train_loss=0.000831  eval_loss=0.000840
  [train] epoch 50/50  train_loss=0.000827  eval_loss=0.000806
  [best] epoch 50  eval_loss=0.000806 (selected over 50 epochs)
  [train] epoch 1/50  train_loss=0.015704  eval_loss=0.003601
  [train] epoch 2/50  train_loss=0.002489  eval_loss=0.002308
  [train] epoch 3/50  train_loss=0.002089  eval_loss=0.002006
  [train] epoch 4/50  train_loss=0.001863  eval_loss=0.001727
  [train] epoch 5/50  train_loss=0.001737  eval_loss=0.001671
  [train] epoch 6/50  train_loss=0.001642  eval_loss=0.001600
  [train] epoch 7/50  train_loss=0.001559  eval_loss=0.001491
  [train] epoch 8/50  train_loss=0.001485  eval_loss=0.001462
  [train] epoch 9/50  train_loss=0.001452  eval_loss=0.001388
  [train] epoch 10/50  train_loss=0.001407  eval_loss=0.001393
  [train] epoch 11/50  train_loss=0.001365  eval_loss=0.001338
  [train] epoch 12/50  train_loss=0.001337  eval_loss=0.001303
  [train] epoch 13/50  train_loss=0.001299  eval_loss=0.001264
  [train] epoch 14/50  train_loss=0.001271  eval_loss=0.001211
  [train] epoch 15/50  train_loss=0.001252  eval_loss=0.001194
  [train] epoch 16/50  train_loss=0.001231  eval_loss=0.001215
  [train] epoch 17/50  train_loss=0.001201  eval_loss=0.001216
  [train] epoch 18/50  train_loss=0.001185  eval_loss=0.001159
  [train] epoch 19/50  train_loss=0.001165  eval_loss=0.001184
  [train] epoch 20/50  train_loss=0.001156  eval_loss=0.001156
  [train] epoch 21/50  train_loss=0.001124  eval_loss=0.001093
  [train] epoch 22/50  train_loss=0.001114  eval_loss=0.001170
  [train] epoch 23/50  train_loss=0.001112  eval_loss=0.001046
  [train] epoch 24/50  train_loss=0.001095  eval_loss=0.001074
  [train] epoch 25/50  train_loss=0.001074  eval_loss=0.001045
  [train] epoch 26/50  train_loss=0.001067  eval_loss=0.001060
  [train] epoch 27/50  train_loss=0.001057  eval_loss=0.001050
  [train] epoch 28/50  train_loss=0.001043  eval_loss=0.001020
  [train] epoch 29/50  train_loss=0.001034  eval_loss=0.001021
  [train] epoch 30/50  train_loss=0.001024  eval_loss=0.001021
  [train] epoch 31/50  train_loss=0.001013  eval_loss=0.000986
  [train] epoch 32/50  train_loss=0.001006  eval_loss=0.000977
  [train] epoch 33/50  train_loss=0.000999  eval_loss=0.001006
  [train] epoch 34/50  train_loss=0.000985  eval_loss=0.000953
  [train] epoch 35/50  train_loss=0.000981  eval_loss=0.000967
  [train] epoch 36/50  train_loss=0.000977  eval_loss=0.000962
  [train] epoch 37/50  train_loss=0.000967  eval_loss=0.000927
  [train] epoch 38/50  train_loss=0.000958  eval_loss=0.000947
  [train] epoch 39/50  train_loss=0.000950  eval_loss=0.000946
  [train] epoch 40/50  train_loss=0.000953  eval_loss=0.000919
  [train] epoch 41/50  train_loss=0.000947  eval_loss=0.000919
  [train] epoch 42/50  train_loss=0.000936  eval_loss=0.000915
  [train] epoch 43/50  train_loss=0.000930  eval_loss=0.000927
  [train] epoch 44/50  train_loss=0.000918  eval_loss=0.000907
  [train] epoch 45/50  train_loss=0.000909  eval_loss=0.000902
  [train] epoch 46/50  train_loss=0.000904  eval_loss=0.000878
  [train] epoch 47/50  train_loss=0.000898  eval_loss=0.000870
  [train] epoch 48/50  train_loss=0.000893  eval_loss=0.000871
  [train] epoch 49/50  train_loss=0.000888  eval_loss=0.000859
  [train] epoch 50/50  train_loss=0.000885  eval_loss=0.000871
  [best] epoch 49  eval_loss=0.000859 (selected over 50 epochs)
  [train] epoch 1/50  train_loss=0.015219  eval_loss=0.003420
  [train] epoch 2/50  train_loss=0.002453  eval_loss=0.002192
  [train] epoch 3/50  train_loss=0.002049  eval_loss=0.001861
  [train] epoch 4/50  train_loss=0.001832  eval_loss=0.001676
  [train] epoch 5/50  train_loss=0.001696  eval_loss=0.001723
  [train] epoch 6/50  train_loss=0.001585  eval_loss=0.001571
  [train] epoch 7/50  train_loss=0.001515  eval_loss=0.001495
  [train] epoch 8/50  train_loss=0.001447  eval_loss=0.001430
  [train] epoch 9/50  train_loss=0.001404  eval_loss=0.001322
  [train] epoch 10/50  train_loss=0.001345  eval_loss=0.001353
  [train] epoch 11/50  train_loss=0.001308  eval_loss=0.001291
  [train] epoch 12/50  train_loss=0.001272  eval_loss=0.001239
  [train] epoch 13/50  train_loss=0.001250  eval_loss=0.001225
  [train] epoch 14/50  train_loss=0.001218  eval_loss=0.001181
  [train] epoch 15/50  train_loss=0.001191  eval_loss=0.001169
  [train] epoch 16/50  train_loss=0.001163  eval_loss=0.001102
  [train] epoch 17/50  train_loss=0.001148  eval_loss=0.001180
  [train] epoch 18/50  train_loss=0.001129  eval_loss=0.001094
  [train] epoch 19/50  train_loss=0.001109  eval_loss=0.001098
  [train] epoch 20/50  train_loss=0.001085  eval_loss=0.001127
  [train] epoch 21/50  train_loss=0.001072  eval_loss=0.001044
  [train] epoch 22/50  train_loss=0.001059  eval_loss=0.001041
  [train] epoch 23/50  train_loss=0.001043  eval_loss=0.000976
  [train] epoch 24/50  train_loss=0.001028  eval_loss=0.000994
  [train] epoch 25/50  train_loss=0.001014  eval_loss=0.000992
  [train] epoch 26/50  train_loss=0.001008  eval_loss=0.000986
  [train] epoch 27/50  train_loss=0.000993  eval_loss=0.000952
  [train] epoch 28/50  train_loss=0.000981  eval_loss=0.000961
  [train] epoch 29/50  train_loss=0.000970  eval_loss=0.000937
  [train] epoch 30/50  train_loss=0.000956  eval_loss=0.000928
  [train] epoch 31/50  train_loss=0.000952  eval_loss=0.000936
  [train] epoch 32/50  train_loss=0.000936  eval_loss=0.000947
  [train] epoch 33/50  train_loss=0.000932  eval_loss=0.000900
  [train] epoch 34/50  train_loss=0.000920  eval_loss=0.000918
  [train] epoch 35/50  train_loss=0.000919  eval_loss=0.000940
  [train] epoch 36/50  train_loss=0.000902  eval_loss=0.000881
  [train] epoch 37/50  train_loss=0.000904  eval_loss=0.000954
  [train] epoch 38/50  train_loss=0.000887  eval_loss=0.000868
  [train] epoch 39/50  train_loss=0.000876  eval_loss=0.000866
  [train] epoch 40/50  train_loss=0.000879  eval_loss=0.000866
  [train] epoch 41/50  train_loss=0.000867  eval_loss=0.000865
  [train] epoch 42/50  train_loss=0.000854  eval_loss=0.000852
  [train] epoch 43/50  train_loss=0.000856  eval_loss=0.000847
  [train] epoch 44/50  train_loss=0.000847  eval_loss=0.000826
  [train] epoch 45/50  train_loss=0.000838  eval_loss=0.000808
  [train] epoch 46/50  train_loss=0.000831  eval_loss=0.000818
  [train] epoch 47/50  train_loss=0.000831  eval_loss=0.000795
  [train] epoch 48/50  train_loss=0.000828  eval_loss=0.000805
  [train] epoch 49/50  train_loss=0.000813  eval_loss=0.000795
  [train] epoch 50/50  train_loss=0.000810  eval_loss=0.000800
  [best] epoch 47  eval_loss=0.000795 (selected over 50 epochs)
[done] dataset=pusht train_seed=625 regions=3 -> experiments/pusht/subjepa/matrix/training/kmeanspp/partition2_train625
