{
  "model_family": "subjepa",
  "implementation_backend": "jepa_object",
  "task_name": "pusht",
  "dataset_name": "pusht",
  "dataset": "/home/sicong/weitao/datasets/lewm/pusht_expert_train.h5",
  "checkpoint": "/data/sicong/weitao/.stable_worldmodel/pusht/subjepa_object.ckpt",
  "eval_config_name": "pusht",
  "eval_config": null,
  "eval_dataset_name": "pusht_expert_train",
  "work_root": "experiments/pusht/subjepa/matrix",
  "cache_dir": "/data/sicong/weitao/.stableworldmodel/subjepa/pusht",
  "paired_start_root": null,
  "paired_start_root_short": null,
  "paired_start_root_long": null,
  "phase": "train_regions",
  "frameskip": 5,
  "history_size": 3,
  "num_preds": 1,
  "img_size": 224,
  "short_goal_offset": 25,
  "long_goal_offset": 50,
  "eval_budget": 50,
  "num_eval": 50,
  "max_train_starts": 0,
  "dry_run": false,
  "task_spec_path": "/data/sicong/weitao/LAP-Latent-Space-Automatic-Partitioning-for-Efficient-Post-Training-of-World-Models/configs/experiments/tasks/pusht.json",
  "train_seeds": "42",
  "partition_seeds": "0",
  "eval_seeds": "0,1,2,3,4",
  "methods": "kmeanspp",
  "skip_joint": true,
  "python": "/data/sicong/weitao/LAP-Latent-Space-Automatic-Partitioning-for-Efficient-Post-Training-of-World-Models/.venv/bin/python",
  "cpu_threads": 4,
  "gpu_id": "",
  "sources": {
    "model_family": "cli",
    "dataset_name": "task_spec",
    "task_name": "task_spec",
    "eval_config_name": "cli",
    "eval_dataset_name": "task_spec",
    "work_root": "cli",
    "cache_dir": "cli",
    "phase": "cli",
    "skip_joint": "env",
    "frameskip": "task_spec",
    "short_goal_offset": "task_spec",
    "long_goal_offset": "task_spec",
    "eval_budget": "task_spec",
    "train_seeds": "cli",
    "partition_seeds": "cli",
    "eval_seeds": "default",
    "methods": "cli",
    "python": "cli",
    "cpu_threads": "cli",
    "gpu_id": "default"
  }
}
[jepa-matrix] model_family=subjepa phase=train_regions work_root=experiments/pusht/subjepa/matrix
[jepa-matrix] resolved_config=experiments/pusht/subjepa/matrix/manifests/resolved_config.json
  [train] epoch 1/50  train_loss=0.015354  eval_loss=0.003606
  [train] epoch 2/50  train_loss=0.002482  eval_loss=0.002211
  [train] epoch 3/50  train_loss=0.002087  eval_loss=0.001956
  [train] epoch 4/50  train_loss=0.001861  eval_loss=0.001761
  [train] epoch 5/50  train_loss=0.001721  eval_loss=0.001646
  [train] epoch 6/50  train_loss=0.001610  eval_loss=0.001589
  [train] epoch 7/50  train_loss=0.001533  eval_loss=0.001456
  [train] epoch 8/50  train_loss=0.001464  eval_loss=0.001396
  [train] epoch 9/50  train_loss=0.001423  eval_loss=0.001364
  [train] epoch 10/50  train_loss=0.001367  eval_loss=0.001315
  [train] epoch 11/50  train_loss=0.001326  eval_loss=0.001292
  [train] epoch 12/50  train_loss=0.001295  eval_loss=0.001253
  [train] epoch 13/50  train_loss=0.001263  eval_loss=0.001236
  [train] epoch 14/50  train_loss=0.001234  eval_loss=0.001258
  [train] epoch 15/50  train_loss=0.001205  eval_loss=0.001173
  [train] epoch 16/50  train_loss=0.001187  eval_loss=0.001167
  [train] epoch 17/50  train_loss=0.001162  eval_loss=0.001116
  [train] epoch 18/50  train_loss=0.001146  eval_loss=0.001142
  [train] epoch 19/50  train_loss=0.001123  eval_loss=0.001085
  [train] epoch 20/50  train_loss=0.001111  eval_loss=0.001081
  [train] epoch 21/50  train_loss=0.001087  eval_loss=0.001042
  [train] epoch 22/50  train_loss=0.001078  eval_loss=0.001092
  [train] epoch 23/50  train_loss=0.001061  eval_loss=0.001069
  [train] epoch 24/50  train_loss=0.001047  eval_loss=0.001022
  [train] epoch 25/50  train_loss=0.001038  eval_loss=0.001005
  [train] epoch 26/50  train_loss=0.001019  eval_loss=0.000985
  [train] epoch 27/50  train_loss=0.001008  eval_loss=0.000999
  [train] epoch 28/50  train_loss=0.001000  eval_loss=0.000970
  [train] epoch 29/50  train_loss=0.000985  eval_loss=0.000968
  [train] epoch 30/50  train_loss=0.000977  eval_loss=0.000970
  [train] epoch 31/50  train_loss=0.000973  eval_loss=0.000932
  [train] epoch 32/50  train_loss=0.000958  eval_loss=0.000936
  [train] epoch 33/50  train_loss=0.000950  eval_loss=0.000926
  [train] epoch 34/50  train_loss=0.000938  eval_loss=0.000917
  [train] epoch 35/50  train_loss=0.000932  eval_loss=0.000909
  [train] epoch 36/50  train_loss=0.000923  eval_loss=0.000888
  [train] epoch 37/50  train_loss=0.000923  eval_loss=0.000926
  [train] epoch 38/50  train_loss=0.000909  eval_loss=0.000909
  [train] epoch 39/50  train_loss=0.000904  eval_loss=0.000884
  [train] epoch 40/50  train_loss=0.000893  eval_loss=0.000863
  [train] epoch 41/50  train_loss=0.000887  eval_loss=0.000867
  [train] epoch 42/50  train_loss=0.000885  eval_loss=0.000878
  [train] epoch 43/50  train_loss=0.000873  eval_loss=0.000848
  [train] epoch 44/50  train_loss=0.000868  eval_loss=0.000873
  [train] epoch 45/50  train_loss=0.000866  eval_loss=0.000843
  [train] epoch 46/50  train_loss=0.000860  eval_loss=0.000854
  [train] epoch 47/50  train_loss=0.000852  eval_loss=0.000849
  [train] epoch 48/50  train_loss=0.000843  eval_loss=0.000815
  [train] epoch 49/50  train_loss=0.000839  eval_loss=0.000820
  [train] epoch 50/50  train_loss=0.000833  eval_loss=0.000817
  [best] epoch 48  eval_loss=0.000815 (selected over 50 epochs)
  [train] epoch 1/50  train_loss=0.015768  eval_loss=0.003793
  [train] epoch 2/50  train_loss=0.002537  eval_loss=0.002202
  [train] epoch 3/50  train_loss=0.002116  eval_loss=0.002006
  [train] epoch 4/50  train_loss=0.001905  eval_loss=0.001815
  [train] epoch 5/50  train_loss=0.001763  eval_loss=0.001746
  [train] epoch 6/50  train_loss=0.001657  eval_loss=0.001599
  [train] epoch 7/50  train_loss=0.001576  eval_loss=0.001531
  [train] epoch 8/50  train_loss=0.001523  eval_loss=0.001438
  [train] epoch 9/50  train_loss=0.001467  eval_loss=0.001425
  [train] epoch 10/50  train_loss=0.001427  eval_loss=0.001444
  [train] epoch 11/50  train_loss=0.001390  eval_loss=0.001463
  [train] epoch 12/50  train_loss=0.001350  eval_loss=0.001398
  [train] epoch 13/50  train_loss=0.001310  eval_loss=0.001259
  [train] epoch 14/50  train_loss=0.001300  eval_loss=0.001234
  [train] epoch 15/50  train_loss=0.001261  eval_loss=0.001240
  [train] epoch 16/50  train_loss=0.001242  eval_loss=0.001263
  [train] epoch 17/50  train_loss=0.001224  eval_loss=0.001352
  [train] epoch 18/50  train_loss=0.001202  eval_loss=0.001175
  [train] epoch 19/50  train_loss=0.001179  eval_loss=0.001141
  [train] epoch 20/50  train_loss=0.001163  eval_loss=0.001127
  [train] epoch 21/50  train_loss=0.001153  eval_loss=0.001116
  [train] epoch 22/50  train_loss=0.001144  eval_loss=0.001111
  [train] epoch 23/50  train_loss=0.001121  eval_loss=0.001090
  [train] epoch 24/50  train_loss=0.001103  eval_loss=0.001071
  [train] epoch 25/50  train_loss=0.001097  eval_loss=0.001079
  [train] epoch 26/50  train_loss=0.001082  eval_loss=0.001094
  [train] epoch 27/50  train_loss=0.001069  eval_loss=0.001036
  [train] epoch 28/50  train_loss=0.001066  eval_loss=0.001052
  [train] epoch 29/50  train_loss=0.001047  eval_loss=0.001030
  [train] epoch 30/50  train_loss=0.001039  eval_loss=0.001003
  [train] epoch 31/50  train_loss=0.001030  eval_loss=0.000993
  [train] epoch 32/50  train_loss=0.001019  eval_loss=0.000995
  [train] epoch 33/50  train_loss=0.001011  eval_loss=0.001006
  [train] epoch 34/50  train_loss=0.001006  eval_loss=0.000973
  [train] epoch 35/50  train_loss=0.001000  eval_loss=0.000974
  [train] epoch 36/50  train_loss=0.000993  eval_loss=0.000989
  [train] epoch 37/50  train_loss=0.000987  eval_loss=0.001004
  [train] epoch 38/50  train_loss=0.000976  eval_loss=0.000944
  [train] epoch 39/50  train_loss=0.000961  eval_loss=0.000944
  [train] epoch 40/50  train_loss=0.000954  eval_loss=0.000915
  [train] epoch 41/50  train_loss=0.000951  eval_loss=0.000908
  [train] epoch 42/50  train_loss=0.000942  eval_loss=0.000904
  [train] epoch 43/50  train_loss=0.000933  eval_loss=0.000915
  [train] epoch 44/50  train_loss=0.000938  eval_loss=0.000912
  [train] epoch 45/50  train_loss=0.000921  eval_loss=0.000897
  [train] epoch 46/50  train_loss=0.000923  eval_loss=0.000890
  [train] epoch 47/50  train_loss=0.000912  eval_loss=0.000888
  [train] epoch 48/50  train_loss=0.000916  eval_loss=0.000879
  [train] epoch 49/50  train_loss=0.000902  eval_loss=0.000922
  [train] epoch 50/50  train_loss=0.000895  eval_loss=0.000868
  [best] epoch 50  eval_loss=0.000868 (selected over 50 epochs)
  [train] epoch 1/50  train_loss=0.015244  eval_loss=0.003471
  [train] epoch 2/50  train_loss=0.002404  eval_loss=0.002172
  [train] epoch 3/50  train_loss=0.002018  eval_loss=0.001893
  [train] epoch 4/50  train_loss=0.001797  eval_loss=0.001668
  [train] epoch 5/50  train_loss=0.001663  eval_loss=0.001537
  [train] epoch 6/50  train_loss=0.001569  eval_loss=0.001502
  [train] epoch 7/50  train_loss=0.001488  eval_loss=0.001430
  [train] epoch 8/50  train_loss=0.001428  eval_loss=0.001381
  [train] epoch 9/50  train_loss=0.001374  eval_loss=0.001317
  [train] epoch 10/50  train_loss=0.001325  eval_loss=0.001296
  [train] epoch 11/50  train_loss=0.001290  eval_loss=0.001292
  [train] epoch 12/50  train_loss=0.001254  eval_loss=0.001206
  [train] epoch 13/50  train_loss=0.001226  eval_loss=0.001189
  [train] epoch 14/50  train_loss=0.001201  eval_loss=0.001162
  [train] epoch 15/50  train_loss=0.001167  eval_loss=0.001167
  [train] epoch 16/50  train_loss=0.001154  eval_loss=0.001132
  [train] epoch 17/50  train_loss=0.001131  eval_loss=0.001075
  [train] epoch 18/50  train_loss=0.001107  eval_loss=0.001096
  [train] epoch 19/50  train_loss=0.001087  eval_loss=0.001062
  [train] epoch 20/50  train_loss=0.001077  eval_loss=0.001029
  [train] epoch 21/50  train_loss=0.001049  eval_loss=0.001024
  [train] epoch 22/50  train_loss=0.001043  eval_loss=0.001004
  [train] epoch 23/50  train_loss=0.001026  eval_loss=0.000997
  [train] epoch 24/50  train_loss=0.001014  eval_loss=0.000977
  [train] epoch 25/50  train_loss=0.001007  eval_loss=0.000975
  [train] epoch 26/50  train_loss=0.000987  eval_loss=0.000984
  [train] epoch 27/50  train_loss=0.000978  eval_loss=0.000945
  [train] epoch 28/50  train_loss=0.000971  eval_loss=0.000993
  [train] epoch 29/50  train_loss=0.000955  eval_loss=0.000992
  [train] epoch 30/50  train_loss=0.000941  eval_loss=0.000897
  [train] epoch 31/50  train_loss=0.000944  eval_loss=0.000904
  [train] epoch 32/50  train_loss=0.000924  eval_loss=0.000909
  [train] epoch 33/50  train_loss=0.000921  eval_loss=0.000885
  [train] epoch 34/50  train_loss=0.000908  eval_loss=0.000882
  [train] epoch 35/50  train_loss=0.000899  eval_loss=0.000890
  [train] epoch 36/50  train_loss=0.000897  eval_loss=0.000856
  [train] epoch 37/50  train_loss=0.000882  eval_loss=0.000864
  [train] epoch 38/50  train_loss=0.000879  eval_loss=0.000877
  [train] epoch 39/50  train_loss=0.000869  eval_loss=0.000851
  [train] epoch 40/50  train_loss=0.000866  eval_loss=0.000838
  [train] epoch 41/50  train_loss=0.000859  eval_loss=0.000852
  [train] epoch 42/50  train_loss=0.000851  eval_loss=0.000830
  [train] epoch 43/50  train_loss=0.000860  eval_loss=0.000828
  [train] epoch 44/50  train_loss=0.000831  eval_loss=0.000809
  [train] epoch 45/50  train_loss=0.000835  eval_loss=0.000797
  [train] epoch 46/50  train_loss=0.000821  eval_loss=0.000797
  [train] epoch 47/50  train_loss=0.000825  eval_loss=0.000790
  [train] epoch 48/50  train_loss=0.000817  eval_loss=0.000815
  [train] epoch 49/50  train_loss=0.000812  eval_loss=0.000790
  [train] epoch 50/50  train_loss=0.000803  eval_loss=0.000788
  [best] epoch 50  eval_loss=0.000788 (selected over 50 epochs)
[done] dataset=pusht train_seed=42 regions=3 -> experiments/pusht/subjepa/matrix/training/kmeanspp/partition0_train42
