{
  "model_family": "subjepa",
  "implementation_backend": "jepa_object",
  "task_name": "pusht",
  "dataset_name": "pusht",
  "dataset": "/home/sicong/weitao/datasets/lewm/pusht_expert_train.h5",
  "checkpoint": "/data/sicong/weitao/.stable_worldmodel/pusht/subjepa_object.ckpt",
  "eval_config_name": "pusht",
  "eval_config": null,
  "eval_dataset_name": "pusht_expert_train",
  "work_root": "experiments/pusht/subjepa/matrix",
  "cache_dir": "/data/sicong/weitao/.stableworldmodel/subjepa/pusht",
  "paired_start_root": null,
  "paired_start_root_short": null,
  "paired_start_root_long": null,
  "phase": "train_regions",
  "frameskip": 5,
  "history_size": 3,
  "num_preds": 1,
  "img_size": 224,
  "short_goal_offset": 25,
  "long_goal_offset": 50,
  "eval_budget": 50,
  "num_eval": 50,
  "max_train_starts": 0,
  "dry_run": false,
  "task_spec_path": "/data/sicong/weitao/LAP-Latent-Space-Automatic-Partitioning-for-Efficient-Post-Training-of-World-Models/configs/experiments/tasks/pusht.json",
  "train_seeds": "42",
  "partition_seeds": "2",
  "eval_seeds": "0,1,2,3,4",
  "methods": "kmeanspp",
  "skip_joint": true,
  "python": "/data/sicong/weitao/LAP-Latent-Space-Automatic-Partitioning-for-Efficient-Post-Training-of-World-Models/.venv/bin/python",
  "cpu_threads": 4,
  "gpu_id": "",
  "sources": {
    "model_family": "cli",
    "dataset_name": "task_spec",
    "task_name": "task_spec",
    "eval_config_name": "cli",
    "eval_dataset_name": "task_spec",
    "work_root": "cli",
    "cache_dir": "cli",
    "phase": "cli",
    "skip_joint": "env",
    "frameskip": "task_spec",
    "short_goal_offset": "task_spec",
    "long_goal_offset": "task_spec",
    "eval_budget": "task_spec",
    "train_seeds": "cli",
    "partition_seeds": "cli",
    "eval_seeds": "default",
    "methods": "cli",
    "python": "cli",
    "cpu_threads": "cli",
    "gpu_id": "default"
  }
}
[jepa-matrix] model_family=subjepa phase=train_regions work_root=experiments/pusht/subjepa/matrix
[jepa-matrix] resolved_config=experiments/pusht/subjepa/matrix/manifests/resolved_config.json
  [train] epoch 1/50  train_loss=0.015497  eval_loss=0.003631
  [train] epoch 2/50  train_loss=0.002469  eval_loss=0.002210
  [train] epoch 3/50  train_loss=0.002066  eval_loss=0.001859
  [train] epoch 4/50  train_loss=0.001838  eval_loss=0.001739
  [train] epoch 5/50  train_loss=0.001695  eval_loss=0.001644
  [train] epoch 6/50  train_loss=0.001598  eval_loss=0.001491
  [train] epoch 7/50  train_loss=0.001507  eval_loss=0.001408
  [train] epoch 8/50  train_loss=0.001456  eval_loss=0.001408
  [train] epoch 9/50  train_loss=0.001398  eval_loss=0.001315
  [train] epoch 10/50  train_loss=0.001353  eval_loss=0.001305
  [train] epoch 11/50  train_loss=0.001315  eval_loss=0.001299
  [train] epoch 12/50  train_loss=0.001277  eval_loss=0.001257
  [train] epoch 13/50  train_loss=0.001246  eval_loss=0.001215
  [train] epoch 14/50  train_loss=0.001217  eval_loss=0.001193
  [train] epoch 15/50  train_loss=0.001195  eval_loss=0.001176
  [train] epoch 16/50  train_loss=0.001171  eval_loss=0.001146
  [train] epoch 17/50  train_loss=0.001154  eval_loss=0.001127
  [train] epoch 18/50  train_loss=0.001131  eval_loss=0.001089
  [train] epoch 19/50  train_loss=0.001115  eval_loss=0.001078
  [train] epoch 20/50  train_loss=0.001099  eval_loss=0.001084
  [train] epoch 21/50  train_loss=0.001081  eval_loss=0.001044
  [train] epoch 22/50  train_loss=0.001062  eval_loss=0.001023
  [train] epoch 23/50  train_loss=0.001053  eval_loss=0.001038
  [train] epoch 24/50  train_loss=0.001040  eval_loss=0.001027
  [train] epoch 25/50  train_loss=0.001023  eval_loss=0.000975
  [train] epoch 26/50  train_loss=0.001009  eval_loss=0.000996
  [train] epoch 27/50  train_loss=0.001003  eval_loss=0.000979
  [train] epoch 28/50  train_loss=0.000988  eval_loss=0.000964
  [train] epoch 29/50  train_loss=0.000975  eval_loss=0.000947
  [train] epoch 30/50  train_loss=0.000970  eval_loss=0.000940
  [train] epoch 31/50  train_loss=0.000967  eval_loss=0.000928
  [train] epoch 32/50  train_loss=0.000951  eval_loss=0.000928
  [train] epoch 33/50  train_loss=0.000942  eval_loss=0.000996
  [train] epoch 34/50  train_loss=0.000934  eval_loss=0.000966
  [train] epoch 35/50  train_loss=0.000926  eval_loss=0.000898
  [train] epoch 36/50  train_loss=0.000916  eval_loss=0.000907
  [train] epoch 37/50  train_loss=0.000908  eval_loss=0.000894
  [train] epoch 38/50  train_loss=0.000902  eval_loss=0.000900
  [train] epoch 39/50  train_loss=0.000896  eval_loss=0.000877
  [train] epoch 40/50  train_loss=0.000889  eval_loss=0.000855
  [train] epoch 41/50  train_loss=0.000886  eval_loss=0.000853
  [train] epoch 42/50  train_loss=0.000872  eval_loss=0.000875
  [train] epoch 43/50  train_loss=0.000871  eval_loss=0.000836
  [train] epoch 44/50  train_loss=0.000861  eval_loss=0.000877
  [train] epoch 45/50  train_loss=0.000856  eval_loss=0.000844
  [train] epoch 46/50  train_loss=0.000849  eval_loss=0.000891
  [train] epoch 47/50  train_loss=0.000844  eval_loss=0.000852
  [train] epoch 48/50  train_loss=0.000840  eval_loss=0.000821
  [train] epoch 49/50  train_loss=0.000833  eval_loss=0.000820
  [train] epoch 50/50  train_loss=0.000827  eval_loss=0.000806
  [best] epoch 50  eval_loss=0.000806 (selected over 50 epochs)
  [train] epoch 1/50  train_loss=0.015716  eval_loss=0.003624
  [train] epoch 2/50  train_loss=0.002499  eval_loss=0.002122
  [train] epoch 3/50  train_loss=0.002078  eval_loss=0.001964
  [train] epoch 4/50  train_loss=0.001867  eval_loss=0.001715
  [train] epoch 5/50  train_loss=0.001737  eval_loss=0.001675
  [train] epoch 6/50  train_loss=0.001635  eval_loss=0.001598
  [train] epoch 7/50  train_loss=0.001562  eval_loss=0.001481
  [train] epoch 8/50  train_loss=0.001495  eval_loss=0.001452
  [train] epoch 9/50  train_loss=0.001445  eval_loss=0.001387
  [train] epoch 10/50  train_loss=0.001395  eval_loss=0.001396
  [train] epoch 11/50  train_loss=0.001365  eval_loss=0.001319
  [train] epoch 12/50  train_loss=0.001338  eval_loss=0.001290
  [train] epoch 13/50  train_loss=0.001308  eval_loss=0.001260
  [train] epoch 14/50  train_loss=0.001270  eval_loss=0.001242
  [train] epoch 15/50  train_loss=0.001248  eval_loss=0.001219
  [train] epoch 16/50  train_loss=0.001228  eval_loss=0.001189
  [train] epoch 17/50  train_loss=0.001199  eval_loss=0.001162
  [train] epoch 18/50  train_loss=0.001192  eval_loss=0.001159
  [train] epoch 19/50  train_loss=0.001168  eval_loss=0.001176
  [train] epoch 20/50  train_loss=0.001153  eval_loss=0.001168
  [train] epoch 21/50  train_loss=0.001139  eval_loss=0.001105
  [train] epoch 22/50  train_loss=0.001122  eval_loss=0.001137
  [train] epoch 23/50  train_loss=0.001104  eval_loss=0.001055
  [train] epoch 24/50  train_loss=0.001094  eval_loss=0.001059
  [train] epoch 25/50  train_loss=0.001078  eval_loss=0.001063
  [train] epoch 26/50  train_loss=0.001066  eval_loss=0.001106
  [train] epoch 27/50  train_loss=0.001054  eval_loss=0.001041
  [train] epoch 28/50  train_loss=0.001046  eval_loss=0.001010
  [train] epoch 29/50  train_loss=0.001033  eval_loss=0.001010
  [train] epoch 30/50  train_loss=0.001028  eval_loss=0.001004
  [train] epoch 31/50  train_loss=0.001012  eval_loss=0.000994
  [train] epoch 32/50  train_loss=0.001006  eval_loss=0.001073
  [train] epoch 33/50  train_loss=0.001006  eval_loss=0.000971
  [train] epoch 34/50  train_loss=0.000989  eval_loss=0.001024
  [train] epoch 35/50  train_loss=0.000977  eval_loss=0.000983
  [train] epoch 36/50  train_loss=0.000978  eval_loss=0.000946
  [train] epoch 37/50  train_loss=0.000961  eval_loss=0.000976
  [train] epoch 38/50  train_loss=0.000957  eval_loss=0.000935
  [train] epoch 39/50  train_loss=0.000959  eval_loss=0.000911
  [train] epoch 40/50  train_loss=0.000949  eval_loss=0.000914
  [train] epoch 41/50  train_loss=0.000939  eval_loss=0.000937
  [train] epoch 42/50  train_loss=0.000936  eval_loss=0.000918
  [train] epoch 43/50  train_loss=0.000931  eval_loss=0.000917
  [train] epoch 44/50  train_loss=0.000923  eval_loss=0.000927
  [train] epoch 45/50  train_loss=0.000912  eval_loss=0.000916
  [train] epoch 46/50  train_loss=0.000903  eval_loss=0.000891
  [train] epoch 47/50  train_loss=0.000905  eval_loss=0.000949
  [train] epoch 48/50  train_loss=0.000893  eval_loss=0.000883
  [train] epoch 49/50  train_loss=0.000889  eval_loss=0.000921
  [train] epoch 50/50  train_loss=0.000888  eval_loss=0.000877
  [best] epoch 50  eval_loss=0.000877 (selected over 50 epochs)
  [train] epoch 1/50  train_loss=0.015220  eval_loss=0.003585
  [train] epoch 2/50  train_loss=0.002452  eval_loss=0.002132
  [train] epoch 3/50  train_loss=0.002048  eval_loss=0.001889
  [train] epoch 4/50  train_loss=0.001831  eval_loss=0.001697
  [train] epoch 5/50  train_loss=0.001692  eval_loss=0.001622
  [train] epoch 6/50  train_loss=0.001584  eval_loss=0.001514
  [train] epoch 7/50  train_loss=0.001513  eval_loss=0.001529
  [train] epoch 8/50  train_loss=0.001444  eval_loss=0.001384
  [train] epoch 9/50  train_loss=0.001395  eval_loss=0.001326
  [train] epoch 10/50  train_loss=0.001348  eval_loss=0.001296
  [train] epoch 11/50  train_loss=0.001308  eval_loss=0.001261
  [train] epoch 12/50  train_loss=0.001277  eval_loss=0.001252
  [train] epoch 13/50  train_loss=0.001242  eval_loss=0.001219
  [train] epoch 14/50  train_loss=0.001219  eval_loss=0.001204
  [train] epoch 15/50  train_loss=0.001193  eval_loss=0.001176
  [train] epoch 16/50  train_loss=0.001173  eval_loss=0.001142
  [train] epoch 17/50  train_loss=0.001150  eval_loss=0.001135
  [train] epoch 18/50  train_loss=0.001129  eval_loss=0.001170
  [train] epoch 19/50  train_loss=0.001115  eval_loss=0.001083
  [train] epoch 20/50  train_loss=0.001092  eval_loss=0.001078
  [train] epoch 21/50  train_loss=0.001068  eval_loss=0.001076
  [train] epoch 22/50  train_loss=0.001058  eval_loss=0.001070
  [train] epoch 23/50  train_loss=0.001042  eval_loss=0.001033
  [train] epoch 24/50  train_loss=0.001031  eval_loss=0.001006
  [train] epoch 25/50  train_loss=0.001016  eval_loss=0.000972
  [train] epoch 26/50  train_loss=0.001001  eval_loss=0.000993
  [train] epoch 27/50  train_loss=0.000988  eval_loss=0.000995
  [train] epoch 28/50  train_loss=0.000979  eval_loss=0.001016
  [train] epoch 29/50  train_loss=0.000971  eval_loss=0.000978
  [train] epoch 30/50  train_loss=0.000972  eval_loss=0.000931
  [train] epoch 31/50  train_loss=0.000949  eval_loss=0.000998
  [train] epoch 32/50  train_loss=0.000945  eval_loss=0.000982
  [train] epoch 33/50  train_loss=0.000932  eval_loss=0.000982
  [train] epoch 34/50  train_loss=0.000926  eval_loss=0.000925
  [train] epoch 35/50  train_loss=0.000908  eval_loss=0.000921
  [train] epoch 36/50  train_loss=0.000904  eval_loss=0.000881
  [train] epoch 37/50  train_loss=0.000893  eval_loss=0.000905
  [train] epoch 38/50  train_loss=0.000890  eval_loss=0.000900
  [train] epoch 39/50  train_loss=0.000881  eval_loss=0.000838
  [train] epoch 40/50  train_loss=0.000878  eval_loss=0.000840
  [train] epoch 41/50  train_loss=0.000869  eval_loss=0.000832
  [train] epoch 42/50  train_loss=0.000866  eval_loss=0.000831
  [train] epoch 43/50  train_loss=0.000853  eval_loss=0.000848
  [train] epoch 44/50  train_loss=0.000851  eval_loss=0.000822
  [train] epoch 45/50  train_loss=0.000835  eval_loss=0.000815
  [train] epoch 46/50  train_loss=0.000837  eval_loss=0.000834
  [train] epoch 47/50  train_loss=0.000829  eval_loss=0.000812
  [train] epoch 48/50  train_loss=0.000821  eval_loss=0.000791
  [train] epoch 49/50  train_loss=0.000821  eval_loss=0.000820
  [train] epoch 50/50  train_loss=0.000808  eval_loss=0.000806
  [best] epoch 48  eval_loss=0.000791 (selected over 50 epochs)
[done] dataset=pusht train_seed=42 regions=3 -> experiments/pusht/subjepa/matrix/training/kmeanspp/partition2_train42
