{
  "model_family": "subjepa",
  "implementation_backend": "jepa_object",
  "task_name": "pusht",
  "dataset_name": "pusht",
  "dataset": "/home/sicong/weitao/datasets/lewm/pusht_expert_train.h5",
  "checkpoint": "/data/sicong/weitao/.stable_worldmodel/pusht/subjepa_object.ckpt",
  "eval_config_name": "pusht",
  "eval_config": null,
  "eval_dataset_name": "pusht_expert_train",
  "work_root": "experiments/pusht/subjepa/matrix",
  "cache_dir": "/data/sicong/weitao/.stableworldmodel/subjepa/pusht",
  "paired_start_root": null,
  "paired_start_root_short": null,
  "paired_start_root_long": null,
  "phase": "train_regions",
  "frameskip": 5,
  "history_size": 3,
  "num_preds": 1,
  "img_size": 224,
  "short_goal_offset": 25,
  "long_goal_offset": 50,
  "eval_budget": 50,
  "num_eval": 50,
  "max_train_starts": 0,
  "dry_run": false,
  "task_spec_path": "/data/sicong/weitao/LAP-Latent-Space-Automatic-Partitioning-for-Efficient-Post-Training-of-World-Models/configs/experiments/tasks/pusht.json",
  "train_seeds": "0",
  "partition_seeds": "0",
  "eval_seeds": "0,1,2,3,4",
  "methods": "kmeanspp",
  "skip_joint": true,
  "python": "/data/sicong/weitao/LAP-Latent-Space-Automatic-Partitioning-for-Efficient-Post-Training-of-World-Models/.venv/bin/python",
  "cpu_threads": 4,
  "gpu_id": "",
  "sources": {
    "model_family": "cli",
    "dataset_name": "task_spec",
    "task_name": "task_spec",
    "eval_config_name": "cli",
    "eval_dataset_name": "task_spec",
    "work_root": "cli",
    "cache_dir": "cli",
    "phase": "cli",
    "skip_joint": "env",
    "frameskip": "task_spec",
    "short_goal_offset": "task_spec",
    "long_goal_offset": "task_spec",
    "eval_budget": "task_spec",
    "train_seeds": "cli",
    "partition_seeds": "cli",
    "eval_seeds": "default",
    "methods": "cli",
    "python": "cli",
    "cpu_threads": "cli",
    "gpu_id": "default"
  }
}
[jepa-matrix] model_family=subjepa phase=train_regions work_root=experiments/pusht/subjepa/matrix
[jepa-matrix] resolved_config=experiments/pusht/subjepa/matrix/manifests/resolved_config.json
  [train] epoch 1/50  train_loss=0.015372  eval_loss=0.003597
  [train] epoch 2/50  train_loss=0.002472  eval_loss=0.002239
  [train] epoch 3/50  train_loss=0.002078  eval_loss=0.001936
  [train] epoch 4/50  train_loss=0.001862  eval_loss=0.001765
  [train] epoch 5/50  train_loss=0.001720  eval_loss=0.001684
  [train] epoch 6/50  train_loss=0.001613  eval_loss=0.001513
  [train] epoch 7/50  train_loss=0.001529  eval_loss=0.001477
  [train] epoch 8/50  train_loss=0.001464  eval_loss=0.001397
  [train] epoch 9/50  train_loss=0.001412  eval_loss=0.001339
  [train] epoch 10/50  train_loss=0.001369  eval_loss=0.001306
  [train] epoch 11/50  train_loss=0.001326  eval_loss=0.001296
  [train] epoch 12/50  train_loss=0.001301  eval_loss=0.001235
  [train] epoch 13/50  train_loss=0.001259  eval_loss=0.001234
  [train] epoch 14/50  train_loss=0.001234  eval_loss=0.001167
  [train] epoch 15/50  train_loss=0.001205  eval_loss=0.001172
  [train] epoch 16/50  train_loss=0.001187  eval_loss=0.001242
  [train] epoch 17/50  train_loss=0.001162  eval_loss=0.001150
  [train] epoch 18/50  train_loss=0.001144  eval_loss=0.001119
  [train] epoch 19/50  train_loss=0.001121  eval_loss=0.001128
  [train] epoch 20/50  train_loss=0.001104  eval_loss=0.001085
  [train] epoch 21/50  train_loss=0.001093  eval_loss=0.001088
  [train] epoch 22/50  train_loss=0.001076  eval_loss=0.001057
  [train] epoch 23/50  train_loss=0.001061  eval_loss=0.001027
  [train] epoch 24/50  train_loss=0.001047  eval_loss=0.001085
  [train] epoch 25/50  train_loss=0.001031  eval_loss=0.000981
  [train] epoch 26/50  train_loss=0.001024  eval_loss=0.001031
  [train] epoch 27/50  train_loss=0.001008  eval_loss=0.000999
  [train] epoch 28/50  train_loss=0.000999  eval_loss=0.001014
  [train] epoch 29/50  train_loss=0.000990  eval_loss=0.000992
  [train] epoch 30/50  train_loss=0.000981  eval_loss=0.000928
  [train] epoch 31/50  train_loss=0.000968  eval_loss=0.000936
  [train] epoch 32/50  train_loss=0.000956  eval_loss=0.000922
  [train] epoch 33/50  train_loss=0.000950  eval_loss=0.000955
  [train] epoch 34/50  train_loss=0.000944  eval_loss=0.000910
  [train] epoch 35/50  train_loss=0.000938  eval_loss=0.000901
  [train] epoch 36/50  train_loss=0.000926  eval_loss=0.000914
  [train] epoch 37/50  train_loss=0.000918  eval_loss=0.000881
  [train] epoch 38/50  train_loss=0.000910  eval_loss=0.000897
  [train] epoch 39/50  train_loss=0.000903  eval_loss=0.000872
  [train] epoch 40/50  train_loss=0.000896  eval_loss=0.000881
  [train] epoch 41/50  train_loss=0.000887  eval_loss=0.000865
  [train] epoch 42/50  train_loss=0.000884  eval_loss=0.000856
  [train] epoch 43/50  train_loss=0.000881  eval_loss=0.000843
  [train] epoch 44/50  train_loss=0.000868  eval_loss=0.000835
  [train] epoch 45/50  train_loss=0.000859  eval_loss=0.000837
  [train] epoch 46/50  train_loss=0.000854  eval_loss=0.000843
  [train] epoch 47/50  train_loss=0.000851  eval_loss=0.000846
  [train] epoch 48/50  train_loss=0.000849  eval_loss=0.000841
  [train] epoch 49/50  train_loss=0.000839  eval_loss=0.000837
  [train] epoch 50/50  train_loss=0.000837  eval_loss=0.000821
  [best] epoch 50  eval_loss=0.000821 (selected over 50 epochs)
  [train] epoch 1/50  train_loss=0.015799  eval_loss=0.003561
  [train] epoch 2/50  train_loss=0.002538  eval_loss=0.002234
  [train] epoch 3/50  train_loss=0.002124  eval_loss=0.001943
  [train] epoch 4/50  train_loss=0.001899  eval_loss=0.001797
  [train] epoch 5/50  train_loss=0.001760  eval_loss=0.001619
  [train] epoch 6/50  train_loss=0.001662  eval_loss=0.001613
  [train] epoch 7/50  train_loss=0.001581  eval_loss=0.001522
  [train] epoch 8/50  train_loss=0.001526  eval_loss=0.001450
  [train] epoch 9/50  train_loss=0.001468  eval_loss=0.001480
  [train] epoch 10/50  train_loss=0.001422  eval_loss=0.001394
  [train] epoch 11/50  train_loss=0.001400  eval_loss=0.001347
  [train] epoch 12/50  train_loss=0.001353  eval_loss=0.001276
  [train] epoch 13/50  train_loss=0.001313  eval_loss=0.001295
  [train] epoch 14/50  train_loss=0.001290  eval_loss=0.001272
  [train] epoch 15/50  train_loss=0.001265  eval_loss=0.001195
  [train] epoch 16/50  train_loss=0.001240  eval_loss=0.001183
  [train] epoch 17/50  train_loss=0.001223  eval_loss=0.001215
  [train] epoch 18/50  train_loss=0.001206  eval_loss=0.001231
  [train] epoch 19/50  train_loss=0.001182  eval_loss=0.001133
  [train] epoch 20/50  train_loss=0.001168  eval_loss=0.001130
  [train] epoch 21/50  train_loss=0.001150  eval_loss=0.001117
  [train] epoch 22/50  train_loss=0.001134  eval_loss=0.001119
  [train] epoch 23/50  train_loss=0.001119  eval_loss=0.001091
  [train] epoch 24/50  train_loss=0.001108  eval_loss=0.001074
  [train] epoch 25/50  train_loss=0.001096  eval_loss=0.001065
  [train] epoch 26/50  train_loss=0.001081  eval_loss=0.001063
  [train] epoch 27/50  train_loss=0.001079  eval_loss=0.001019
  [train] epoch 28/50  train_loss=0.001057  eval_loss=0.001083
  [train] epoch 29/50  train_loss=0.001049  eval_loss=0.001073
  [train] epoch 30/50  train_loss=0.001038  eval_loss=0.001003
  [train] epoch 31/50  train_loss=0.001029  eval_loss=0.000993
  [train] epoch 32/50  train_loss=0.001013  eval_loss=0.000985
  [train] epoch 33/50  train_loss=0.001013  eval_loss=0.000998
  [train] epoch 34/50  train_loss=0.001001  eval_loss=0.001033
  [train] epoch 35/50  train_loss=0.000999  eval_loss=0.000981
  [train] epoch 36/50  train_loss=0.000988  eval_loss=0.001071
  [train] epoch 37/50  train_loss=0.000979  eval_loss=0.000955
  [train] epoch 38/50  train_loss=0.000968  eval_loss=0.000951
  [train] epoch 39/50  train_loss=0.000963  eval_loss=0.000937
  [train] epoch 40/50  train_loss=0.000961  eval_loss=0.000938
  [train] epoch 41/50  train_loss=0.000946  eval_loss=0.000932
  [train] epoch 42/50  train_loss=0.000960  eval_loss=0.000932
  [train] epoch 43/50  train_loss=0.000941  eval_loss=0.000971
  [train] epoch 44/50  train_loss=0.000930  eval_loss=0.000923
  [train] epoch 45/50  train_loss=0.000919  eval_loss=0.000927
  [train] epoch 46/50  train_loss=0.000923  eval_loss=0.000891
  [train] epoch 47/50  train_loss=0.000911  eval_loss=0.000887
  [train] epoch 48/50  train_loss=0.000907  eval_loss=0.000919
  [train] epoch 49/50  train_loss=0.000902  eval_loss=0.000905
  [train] epoch 50/50  train_loss=0.000893  eval_loss=0.000865
  [best] epoch 50  eval_loss=0.000865 (selected over 50 epochs)
  [train] epoch 1/50  train_loss=0.015238  eval_loss=0.003436
  [train] epoch 2/50  train_loss=0.002402  eval_loss=0.002102
  [train] epoch 3/50  train_loss=0.002009  eval_loss=0.001884
  [train] epoch 4/50  train_loss=0.001801  eval_loss=0.001694
  [train] epoch 5/50  train_loss=0.001663  eval_loss=0.001638
  [train] epoch 6/50  train_loss=0.001565  eval_loss=0.001454
  [train] epoch 7/50  train_loss=0.001491  eval_loss=0.001422
  [train] epoch 8/50  train_loss=0.001420  eval_loss=0.001382
  [train] epoch 9/50  train_loss=0.001373  eval_loss=0.001343
  [train] epoch 10/50  train_loss=0.001323  eval_loss=0.001339
  [train] epoch 11/50  train_loss=0.001286  eval_loss=0.001268
  [train] epoch 12/50  train_loss=0.001255  eval_loss=0.001198
  [train] epoch 13/50  train_loss=0.001233  eval_loss=0.001168
  [train] epoch 14/50  train_loss=0.001190  eval_loss=0.001157
  [train] epoch 15/50  train_loss=0.001173  eval_loss=0.001147
  [train] epoch 16/50  train_loss=0.001148  eval_loss=0.001094
  [train] epoch 17/50  train_loss=0.001124  eval_loss=0.001084
  [train] epoch 18/50  train_loss=0.001117  eval_loss=0.001035
  [train] epoch 19/50  train_loss=0.001090  eval_loss=0.001073
  [train] epoch 20/50  train_loss=0.001071  eval_loss=0.001022
  [train] epoch 21/50  train_loss=0.001061  eval_loss=0.001039
  [train] epoch 22/50  train_loss=0.001040  eval_loss=0.001039
  [train] epoch 23/50  train_loss=0.001037  eval_loss=0.000989
  [train] epoch 24/50  train_loss=0.001019  eval_loss=0.001009
  [train] epoch 25/50  train_loss=0.001003  eval_loss=0.001015
  [train] epoch 26/50  train_loss=0.000993  eval_loss=0.000965
  [train] epoch 27/50  train_loss=0.000984  eval_loss=0.000947
  [train] epoch 28/50  train_loss=0.000963  eval_loss=0.000994
  [train] epoch 29/50  train_loss=0.000957  eval_loss=0.000928
  [train] epoch 30/50  train_loss=0.000951  eval_loss=0.000920
  [train] epoch 31/50  train_loss=0.000931  eval_loss=0.000903
  [train] epoch 32/50  train_loss=0.000927  eval_loss=0.000886
  [train] epoch 33/50  train_loss=0.000924  eval_loss=0.000888
  [train] epoch 34/50  train_loss=0.000913  eval_loss=0.000890
  [train] epoch 35/50  train_loss=0.000899  eval_loss=0.000878
  [train] epoch 36/50  train_loss=0.000896  eval_loss=0.000861
  [train] epoch 37/50  train_loss=0.000885  eval_loss=0.000859
  [train] epoch 38/50  train_loss=0.000884  eval_loss=0.000844
  [train] epoch 39/50  train_loss=0.000869  eval_loss=0.000835
  [train] epoch 40/50  train_loss=0.000865  eval_loss=0.000837
  [train] epoch 41/50  train_loss=0.000862  eval_loss=0.000853
  [train] epoch 42/50  train_loss=0.000857  eval_loss=0.000821
  [train] epoch 43/50  train_loss=0.000840  eval_loss=0.000814
  [train] epoch 44/50  train_loss=0.000839  eval_loss=0.000863
  [train] epoch 45/50  train_loss=0.000838  eval_loss=0.000795
  [train] epoch 46/50  train_loss=0.000824  eval_loss=0.000817
  [train] epoch 47/50  train_loss=0.000824  eval_loss=0.000797
  [train] epoch 48/50  train_loss=0.000813  eval_loss=0.000785
  [train] epoch 49/50  train_loss=0.000808  eval_loss=0.000788
  [train] epoch 50/50  train_loss=0.000809  eval_loss=0.000786
  [best] epoch 48  eval_loss=0.000785 (selected over 50 epochs)
[done] dataset=pusht train_seed=0 regions=3 -> experiments/pusht/subjepa/matrix/training/kmeanspp/partition0_train0
