{
  "model_family": "subjepa",
  "implementation_backend": "jepa_object",
  "task_name": "pusht",
  "dataset_name": "pusht",
  "dataset": "/home/sicong/weitao/datasets/lewm/pusht_expert_train.h5",
  "checkpoint": "/data/sicong/weitao/.stable_worldmodel/pusht/subjepa_object.ckpt",
  "eval_config_name": "pusht",
  "eval_config": null,
  "eval_dataset_name": "pusht_expert_train",
  "work_root": "experiments/pusht/subjepa/matrix",
  "cache_dir": "/data/sicong/weitao/.stableworldmodel/subjepa/pusht",
  "paired_start_root": null,
  "paired_start_root_short": null,
  "paired_start_root_long": null,
  "phase": "train_regions",
  "frameskip": 5,
  "history_size": 3,
  "num_preds": 1,
  "img_size": 224,
  "short_goal_offset": 25,
  "long_goal_offset": 50,
  "eval_budget": 50,
  "num_eval": 50,
  "max_train_starts": 0,
  "dry_run": false,
  "task_spec_path": "/data/sicong/weitao/LAP-Latent-Space-Automatic-Partitioning-for-Efficient-Post-Training-of-World-Models/configs/experiments/tasks/pusht.json",
  "train_seeds": "42",
  "partition_seeds": "2",
  "eval_seeds": "0,1,2,3,4",
  "methods": "spectral",
  "skip_joint": true,
  "python": "/data/sicong/weitao/LAP-Latent-Space-Automatic-Partitioning-for-Efficient-Post-Training-of-World-Models/.venv/bin/python",
  "cpu_threads": 4,
  "gpu_id": "",
  "sources": {
    "model_family": "cli",
    "dataset_name": "task_spec",
    "task_name": "task_spec",
    "eval_config_name": "cli",
    "eval_dataset_name": "task_spec",
    "work_root": "cli",
    "cache_dir": "cli",
    "phase": "cli",
    "skip_joint": "env",
    "frameskip": "task_spec",
    "short_goal_offset": "task_spec",
    "long_goal_offset": "task_spec",
    "eval_budget": "task_spec",
    "train_seeds": "cli",
    "partition_seeds": "cli",
    "eval_seeds": "default",
    "methods": "cli",
    "python": "cli",
    "cpu_threads": "cli",
    "gpu_id": "default"
  }
}
[jepa-matrix] model_family=subjepa phase=train_regions work_root=experiments/pusht/subjepa/matrix
[jepa-matrix] resolved_config=experiments/pusht/subjepa/matrix/manifests/resolved_config.json
  [train] epoch 1/50  train_loss=0.015799  eval_loss=0.003554
  [train] epoch 2/50  train_loss=0.002365  eval_loss=0.002029
  [train] epoch 3/50  train_loss=0.001938  eval_loss=0.001757
  [train] epoch 4/50  train_loss=0.001728  eval_loss=0.001644
  [train] epoch 5/50  train_loss=0.001581  eval_loss=0.001506
  [train] epoch 6/50  train_loss=0.001483  eval_loss=0.001374
  [train] epoch 7/50  train_loss=0.001400  eval_loss=0.001409
  [train] epoch 8/50  train_loss=0.001350  eval_loss=0.001265
  [train] epoch 9/50  train_loss=0.001297  eval_loss=0.001271
  [train] epoch 10/50  train_loss=0.001263  eval_loss=0.001221
  [train] epoch 11/50  train_loss=0.001216  eval_loss=0.001190
  [train] epoch 12/50  train_loss=0.001199  eval_loss=0.001130
  [train] epoch 13/50  train_loss=0.001158  eval_loss=0.001110
  [train] epoch 14/50  train_loss=0.001134  eval_loss=0.001114
  [train] epoch 15/50  train_loss=0.001111  eval_loss=0.001145
  [train] epoch 16/50  train_loss=0.001097  eval_loss=0.001084
  [train] epoch 17/50  train_loss=0.001077  eval_loss=0.001026
  [train] epoch 18/50  train_loss=0.001056  eval_loss=0.001015
  [train] epoch 19/50  train_loss=0.001036  eval_loss=0.000989
  [train] epoch 20/50  train_loss=0.001027  eval_loss=0.000979
  [train] epoch 21/50  train_loss=0.001011  eval_loss=0.000977
  [train] epoch 22/50  train_loss=0.001000  eval_loss=0.000938
  [train] epoch 23/50  train_loss=0.000986  eval_loss=0.000971
  [train] epoch 24/50  train_loss=0.000968  eval_loss=0.000967
  [train] epoch 25/50  train_loss=0.000958  eval_loss=0.000942
  [train] epoch 26/50  train_loss=0.000950  eval_loss=0.000911
  [train] epoch 27/50  train_loss=0.000934  eval_loss=0.000902
  [train] epoch 28/50  train_loss=0.000930  eval_loss=0.000897
  [train] epoch 29/50  train_loss=0.000912  eval_loss=0.000878
  [train] epoch 30/50  train_loss=0.000903  eval_loss=0.000898
  [train] epoch 31/50  train_loss=0.000902  eval_loss=0.000875
  [train] epoch 32/50  train_loss=0.000888  eval_loss=0.000867
  [train] epoch 33/50  train_loss=0.000878  eval_loss=0.000861
  [train] epoch 34/50  train_loss=0.000874  eval_loss=0.000865
  [train] epoch 35/50  train_loss=0.000864  eval_loss=0.000849
  [train] epoch 36/50  train_loss=0.000861  eval_loss=0.000837
  [train] epoch 37/50  train_loss=0.000854  eval_loss=0.000833
  [train] epoch 38/50  train_loss=0.000849  eval_loss=0.000834
  [train] epoch 39/50  train_loss=0.000837  eval_loss=0.000842
  [train] epoch 40/50  train_loss=0.000830  eval_loss=0.000817
  [train] epoch 41/50  train_loss=0.000825  eval_loss=0.000823
  [train] epoch 42/50  train_loss=0.000819  eval_loss=0.000795
  [train] epoch 43/50  train_loss=0.000815  eval_loss=0.000814
  [train] epoch 44/50  train_loss=0.000809  eval_loss=0.000777
  [train] epoch 45/50  train_loss=0.000800  eval_loss=0.000786
  [train] epoch 46/50  train_loss=0.000795  eval_loss=0.000775
  [train] epoch 47/50  train_loss=0.000798  eval_loss=0.000800
  [train] epoch 48/50  train_loss=0.000786  eval_loss=0.000763
  [train] epoch 49/50  train_loss=0.000785  eval_loss=0.000753
  [train] epoch 50/50  train_loss=0.000779  eval_loss=0.000762
  [best] epoch 49  eval_loss=0.000753 (selected over 50 epochs)
  [train] epoch 1/50  train_loss=0.015631  eval_loss=0.003384
  [train] epoch 2/50  train_loss=0.002361  eval_loss=0.002013
  [train] epoch 3/50  train_loss=0.001945  eval_loss=0.001807
  [train] epoch 4/50  train_loss=0.001736  eval_loss=0.001632
  [train] epoch 5/50  train_loss=0.001606  eval_loss=0.001550
  [train] epoch 6/50  train_loss=0.001501  eval_loss=0.001451
  [train] epoch 7/50  train_loss=0.001436  eval_loss=0.001392
  [train] epoch 8/50  train_loss=0.001380  eval_loss=0.001297
  [train] epoch 9/50  train_loss=0.001328  eval_loss=0.001271
  [train] epoch 10/50  train_loss=0.001295  eval_loss=0.001269
  [train] epoch 11/50  train_loss=0.001246  eval_loss=0.001246
  [train] epoch 12/50  train_loss=0.001224  eval_loss=0.001166
  [train] epoch 13/50  train_loss=0.001187  eval_loss=0.001231
  [train] epoch 14/50  train_loss=0.001169  eval_loss=0.001150
  [train] epoch 15/50  train_loss=0.001151  eval_loss=0.001101
  [train] epoch 16/50  train_loss=0.001126  eval_loss=0.001171
  [train] epoch 17/50  train_loss=0.001101  eval_loss=0.001075
  [train] epoch 18/50  train_loss=0.001085  eval_loss=0.001046
  [train] epoch 19/50  train_loss=0.001068  eval_loss=0.001057
  [train] epoch 20/50  train_loss=0.001051  eval_loss=0.001011
  [train] epoch 21/50  train_loss=0.001040  eval_loss=0.001070
  [train] epoch 22/50  train_loss=0.001026  eval_loss=0.001007
  [train] epoch 23/50  train_loss=0.001009  eval_loss=0.000989
  [train] epoch 24/50  train_loss=0.001001  eval_loss=0.001001
  [train] epoch 25/50  train_loss=0.000988  eval_loss=0.000962
  [train] epoch 26/50  train_loss=0.000979  eval_loss=0.001037
  [train] epoch 27/50  train_loss=0.000968  eval_loss=0.000950
  [train] epoch 28/50  train_loss=0.000953  eval_loss=0.000946
  [train] epoch 29/50  train_loss=0.000950  eval_loss=0.000920
  [train] epoch 30/50  train_loss=0.000935  eval_loss=0.000912
  [train] epoch 31/50  train_loss=0.000928  eval_loss=0.000902
  [train] epoch 32/50  train_loss=0.000916  eval_loss=0.000891
  [train] epoch 33/50  train_loss=0.000913  eval_loss=0.000902
  [train] epoch 34/50  train_loss=0.000906  eval_loss=0.000883
  [train] epoch 35/50  train_loss=0.000900  eval_loss=0.000880
  [train] epoch 36/50  train_loss=0.000886  eval_loss=0.000854
  [train] epoch 37/50  train_loss=0.000885  eval_loss=0.000867
  [train] epoch 38/50  train_loss=0.000876  eval_loss=0.000865
  [train] epoch 39/50  train_loss=0.000867  eval_loss=0.000867
  [train] epoch 40/50  train_loss=0.000869  eval_loss=0.000835
  [train] epoch 41/50  train_loss=0.000860  eval_loss=0.000872
  [train] epoch 42/50  train_loss=0.000851  eval_loss=0.000843
  [train] epoch 43/50  train_loss=0.000844  eval_loss=0.000857
  [train] epoch 44/50  train_loss=0.000838  eval_loss=0.000832
  [train] epoch 45/50  train_loss=0.000831  eval_loss=0.000847
  [train] epoch 46/50  train_loss=0.000828  eval_loss=0.000827
  [train] epoch 47/50  train_loss=0.000818  eval_loss=0.000796
  [train] epoch 48/50  train_loss=0.000813  eval_loss=0.000796
  [train] epoch 49/50  train_loss=0.000809  eval_loss=0.000784
  [train] epoch 50/50  train_loss=0.000803  eval_loss=0.000780
  [best] epoch 50  eval_loss=0.000780 (selected over 50 epochs)
  [train] epoch 1/50  train_loss=0.015905  eval_loss=0.003841
  [train] epoch 2/50  train_loss=0.002654  eval_loss=0.002297
  [train] epoch 3/50  train_loss=0.002180  eval_loss=0.001993
  [train] epoch 4/50  train_loss=0.001941  eval_loss=0.001834
  [train] epoch 5/50  train_loss=0.001781  eval_loss=0.001683
  [train] epoch 6/50  train_loss=0.001686  eval_loss=0.001775
  [train] epoch 7/50  train_loss=0.001589  eval_loss=0.001484
  [train] epoch 8/50  train_loss=0.001521  eval_loss=0.001463
  [train] epoch 9/50  train_loss=0.001463  eval_loss=0.001413
  [train] epoch 10/50  train_loss=0.001417  eval_loss=0.001453
  [train] epoch 11/50  train_loss=0.001377  eval_loss=0.001339
  [train] epoch 12/50  train_loss=0.001333  eval_loss=0.001326
  [train] epoch 13/50  train_loss=0.001299  eval_loss=0.001246
  [train] epoch 14/50  train_loss=0.001277  eval_loss=0.001209
  [train] epoch 15/50  train_loss=0.001245  eval_loss=0.001189
  [train] epoch 16/50  train_loss=0.001220  eval_loss=0.001177
  [train] epoch 17/50  train_loss=0.001201  eval_loss=0.001226
  [train] epoch 18/50  train_loss=0.001173  eval_loss=0.001135
  [train] epoch 19/50  train_loss=0.001161  eval_loss=0.001136
  [train] epoch 20/50  train_loss=0.001135  eval_loss=0.001104
  [train] epoch 21/50  train_loss=0.001117  eval_loss=0.001064
  [train] epoch 22/50  train_loss=0.001101  eval_loss=0.001133
  [train] epoch 23/50  train_loss=0.001090  eval_loss=0.001071
  [train] epoch 24/50  train_loss=0.001070  eval_loss=0.001012
  [train] epoch 25/50  train_loss=0.001058  eval_loss=0.001104
  [train] epoch 26/50  train_loss=0.001050  eval_loss=0.001080
  [train] epoch 27/50  train_loss=0.001027  eval_loss=0.001038
  [train] epoch 28/50  train_loss=0.001020  eval_loss=0.000994
  [train] epoch 29/50  train_loss=0.001004  eval_loss=0.000973
  [train] epoch 30/50  train_loss=0.001004  eval_loss=0.001025
  [train] epoch 31/50  train_loss=0.000986  eval_loss=0.000938
  [train] epoch 32/50  train_loss=0.000978  eval_loss=0.000935
  [train] epoch 33/50  train_loss=0.000963  eval_loss=0.000925
  [train] epoch 34/50  train_loss=0.000955  eval_loss=0.000926
  [train] epoch 35/50  train_loss=0.000946  eval_loss=0.000969
  [train] epoch 36/50  train_loss=0.000945  eval_loss=0.000877
  [train] epoch 37/50  train_loss=0.000935  eval_loss=0.000889
  [train] epoch 38/50  train_loss=0.000920  eval_loss=0.000909
  [train] epoch 39/50  train_loss=0.000909  eval_loss=0.000898
  [train] epoch 40/50  train_loss=0.000902  eval_loss=0.000882
  [train] epoch 41/50  train_loss=0.000903  eval_loss=0.000875
  [train] epoch 42/50  train_loss=0.000889  eval_loss=0.000867
  [train] epoch 43/50  train_loss=0.000885  eval_loss=0.000850
  [train] epoch 44/50  train_loss=0.000879  eval_loss=0.000859
  [train] epoch 45/50  train_loss=0.000874  eval_loss=0.000878
  [train] epoch 46/50  train_loss=0.000872  eval_loss=0.000835
  [train] epoch 47/50  train_loss=0.000859  eval_loss=0.000867
  [train] epoch 48/50  train_loss=0.000849  eval_loss=0.000823
  [train] epoch 49/50  train_loss=0.000846  eval_loss=0.000818
  [train] epoch 50/50  train_loss=0.000843  eval_loss=0.000808
  [best] epoch 50  eval_loss=0.000808 (selected over 50 epochs)
[done] dataset=pusht train_seed=42 regions=3 -> experiments/pusht/subjepa/matrix/training/spectral/partition2_train42
