{
  "model_family": "subjepa",
  "implementation_backend": "jepa_object",
  "task_name": "pusht",
  "dataset_name": "pusht",
  "dataset": "/home/sicong/weitao/datasets/lewm/pusht_expert_train.h5",
  "checkpoint": "/data/sicong/weitao/.stable_worldmodel/pusht/subjepa_object.ckpt",
  "eval_config_name": "pusht",
  "eval_config": null,
  "eval_dataset_name": "pusht_expert_train",
  "work_root": "experiments/pusht/subjepa/matrix",
  "cache_dir": "/data/sicong/weitao/.stableworldmodel/subjepa/pusht",
  "paired_start_root": null,
  "paired_start_root_short": null,
  "paired_start_root_long": null,
  "phase": "train_regions",
  "frameskip": 5,
  "history_size": 3,
  "num_preds": 1,
  "img_size": 224,
  "short_goal_offset": 25,
  "long_goal_offset": 50,
  "eval_budget": 50,
  "num_eval": 50,
  "max_train_starts": 0,
  "dry_run": false,
  "task_spec_path": "/data/sicong/weitao/LAP-Latent-Space-Automatic-Partitioning-for-Efficient-Post-Training-of-World-Models/configs/experiments/tasks/pusht.json",
  "train_seeds": "0",
  "partition_seeds": "1",
  "eval_seeds": "0,1,2,3,4",
  "methods": "spectral",
  "skip_joint": true,
  "python": "/data/sicong/weitao/LAP-Latent-Space-Automatic-Partitioning-for-Efficient-Post-Training-of-World-Models/.venv/bin/python",
  "cpu_threads": 4,
  "gpu_id": "",
  "sources": {
    "model_family": "cli",
    "dataset_name": "task_spec",
    "task_name": "task_spec",
    "eval_config_name": "cli",
    "eval_dataset_name": "task_spec",
    "work_root": "cli",
    "cache_dir": "cli",
    "phase": "cli",
    "skip_joint": "env",
    "frameskip": "task_spec",
    "short_goal_offset": "task_spec",
    "long_goal_offset": "task_spec",
    "eval_budget": "task_spec",
    "train_seeds": "cli",
    "partition_seeds": "cli",
    "eval_seeds": "default",
    "methods": "cli",
    "python": "cli",
    "cpu_threads": "cli",
    "gpu_id": "default"
  }
}
[jepa-matrix] model_family=subjepa phase=train_regions work_root=experiments/pusht/subjepa/matrix
[jepa-matrix] resolved_config=experiments/pusht/subjepa/matrix/manifests/resolved_config.json
  [train] epoch 1/50  train_loss=0.015842  eval_loss=0.003688
  [train] epoch 2/50  train_loss=0.002652  eval_loss=0.002311
  [train] epoch 3/50  train_loss=0.002193  eval_loss=0.002061
  [train] epoch 4/50  train_loss=0.001951  eval_loss=0.001803
  [train] epoch 5/50  train_loss=0.001793  eval_loss=0.001690
  [train] epoch 6/50  train_loss=0.001672  eval_loss=0.001647
  [train] epoch 7/50  train_loss=0.001590  eval_loss=0.001504
  [train] epoch 8/50  train_loss=0.001524  eval_loss=0.001460
  [train] epoch 9/50  train_loss=0.001462  eval_loss=0.001398
  [train] epoch 10/50  train_loss=0.001409  eval_loss=0.001332
  [train] epoch 11/50  train_loss=0.001369  eval_loss=0.001314
  [train] epoch 12/50  train_loss=0.001335  eval_loss=0.001313
  [train] epoch 13/50  train_loss=0.001297  eval_loss=0.001369
  [train] epoch 14/50  train_loss=0.001272  eval_loss=0.001312
  [train] epoch 15/50  train_loss=0.001242  eval_loss=0.001189
  [train] epoch 16/50  train_loss=0.001208  eval_loss=0.001196
  [train] epoch 17/50  train_loss=0.001184  eval_loss=0.001171
  [train] epoch 18/50  train_loss=0.001170  eval_loss=0.001141
  [train] epoch 19/50  train_loss=0.001144  eval_loss=0.001208
  [train] epoch 20/50  train_loss=0.001129  eval_loss=0.001135
  [train] epoch 21/50  train_loss=0.001118  eval_loss=0.001096
  [train] epoch 22/50  train_loss=0.001092  eval_loss=0.001052
  [train] epoch 23/50  train_loss=0.001078  eval_loss=0.001067
  [train] epoch 24/50  train_loss=0.001064  eval_loss=0.001067
  [train] epoch 25/50  train_loss=0.001056  eval_loss=0.001034
  [train] epoch 26/50  train_loss=0.001039  eval_loss=0.000996
  [train] epoch 27/50  train_loss=0.001022  eval_loss=0.000990
  [train] epoch 28/50  train_loss=0.001012  eval_loss=0.000996
  [train] epoch 29/50  train_loss=0.001000  eval_loss=0.000958
  [train] epoch 30/50  train_loss=0.000986  eval_loss=0.000971
  [train] epoch 31/50  train_loss=0.000985  eval_loss=0.000971
  [train] epoch 32/50  train_loss=0.000968  eval_loss=0.000930
  [train] epoch 33/50  train_loss=0.000955  eval_loss=0.000919
  [train] epoch 34/50  train_loss=0.000948  eval_loss=0.000924
  [train] epoch 35/50  train_loss=0.000940  eval_loss=0.000901
  [train] epoch 36/50  train_loss=0.000930  eval_loss=0.000906
  [train] epoch 37/50  train_loss=0.000923  eval_loss=0.000885
  [train] epoch 38/50  train_loss=0.000912  eval_loss=0.000901
  [train] epoch 39/50  train_loss=0.000908  eval_loss=0.000911
  [train] epoch 40/50  train_loss=0.000901  eval_loss=0.000854
  [train] epoch 41/50  train_loss=0.000891  eval_loss=0.000843
  [train] epoch 42/50  train_loss=0.000881  eval_loss=0.000864
  [train] epoch 43/50  train_loss=0.000885  eval_loss=0.000860
  [train] epoch 44/50  train_loss=0.000873  eval_loss=0.000873
  [train] epoch 45/50  train_loss=0.000864  eval_loss=0.000870
  [train] epoch 46/50  train_loss=0.000859  eval_loss=0.000849
  [train] epoch 47/50  train_loss=0.000853  eval_loss=0.000841
  [train] epoch 48/50  train_loss=0.000845  eval_loss=0.000858
  [train] epoch 49/50  train_loss=0.000839  eval_loss=0.000809
  [train] epoch 50/50  train_loss=0.000837  eval_loss=0.000851
  [best] epoch 49  eval_loss=0.000809 (selected over 50 epochs)
  [train] epoch 1/50  train_loss=0.015828  eval_loss=0.003334
  [train] epoch 2/50  train_loss=0.002365  eval_loss=0.002046
  [train] epoch 3/50  train_loss=0.001940  eval_loss=0.001785
  [train] epoch 4/50  train_loss=0.001725  eval_loss=0.001688
  [train] epoch 5/50  train_loss=0.001585  eval_loss=0.001512
  [train] epoch 6/50  train_loss=0.001476  eval_loss=0.001388
  [train] epoch 7/50  train_loss=0.001420  eval_loss=0.001313
  [train] epoch 8/50  train_loss=0.001344  eval_loss=0.001285
  [train] epoch 9/50  train_loss=0.001303  eval_loss=0.001239
  [train] epoch 10/50  train_loss=0.001257  eval_loss=0.001178
  [train] epoch 11/50  train_loss=0.001227  eval_loss=0.001214
  [train] epoch 12/50  train_loss=0.001191  eval_loss=0.001150
  [train] epoch 13/50  train_loss=0.001157  eval_loss=0.001159
  [train] epoch 14/50  train_loss=0.001134  eval_loss=0.001122
  [train] epoch 15/50  train_loss=0.001111  eval_loss=0.001094
  [train] epoch 16/50  train_loss=0.001094  eval_loss=0.001047
  [train] epoch 17/50  train_loss=0.001065  eval_loss=0.001039
  [train] epoch 18/50  train_loss=0.001046  eval_loss=0.001075
  [train] epoch 19/50  train_loss=0.001033  eval_loss=0.001011
  [train] epoch 20/50  train_loss=0.001023  eval_loss=0.000991
  [train] epoch 21/50  train_loss=0.001007  eval_loss=0.000975
  [train] epoch 22/50  train_loss=0.000989  eval_loss=0.000968
  [train] epoch 23/50  train_loss=0.000980  eval_loss=0.000938
  [train] epoch 24/50  train_loss=0.000966  eval_loss=0.000946
  [train] epoch 25/50  train_loss=0.000953  eval_loss=0.000943
  [train] epoch 26/50  train_loss=0.000945  eval_loss=0.000925
  [train] epoch 27/50  train_loss=0.000927  eval_loss=0.000921
  [train] epoch 28/50  train_loss=0.000920  eval_loss=0.000885
  [train] epoch 29/50  train_loss=0.000913  eval_loss=0.000897
  [train] epoch 30/50  train_loss=0.000898  eval_loss=0.000877
  [train] epoch 31/50  train_loss=0.000893  eval_loss=0.000884
  [train] epoch 32/50  train_loss=0.000889  eval_loss=0.000880
  [train] epoch 33/50  train_loss=0.000896  eval_loss=0.000846
  [train] epoch 34/50  train_loss=0.000879  eval_loss=0.000873
  [train] epoch 35/50  train_loss=0.000873  eval_loss=0.000836
  [train] epoch 36/50  train_loss=0.000859  eval_loss=0.000833
  [train] epoch 37/50  train_loss=0.000853  eval_loss=0.000818
  [train] epoch 38/50  train_loss=0.000844  eval_loss=0.000809
  [train] epoch 39/50  train_loss=0.000836  eval_loss=0.000812
  [train] epoch 40/50  train_loss=0.000834  eval_loss=0.000805
  [train] epoch 41/50  train_loss=0.000820  eval_loss=0.000813
  [train] epoch 42/50  train_loss=0.000820  eval_loss=0.000781
  [train] epoch 43/50  train_loss=0.000808  eval_loss=0.000812
  [train] epoch 44/50  train_loss=0.000805  eval_loss=0.000788
  [train] epoch 45/50  train_loss=0.000803  eval_loss=0.000798
  [train] epoch 46/50  train_loss=0.000800  eval_loss=0.000781
  [train] epoch 47/50  train_loss=0.000790  eval_loss=0.000765
  [train] epoch 48/50  train_loss=0.000787  eval_loss=0.000756
  [train] epoch 49/50  train_loss=0.000779  eval_loss=0.000807
  [train] epoch 50/50  train_loss=0.000774  eval_loss=0.000760
  [best] epoch 48  eval_loss=0.000756 (selected over 50 epochs)
  [train] epoch 1/50  train_loss=0.015616  eval_loss=0.003566
  [train] epoch 2/50  train_loss=0.002367  eval_loss=0.002076
  [train] epoch 3/50  train_loss=0.001940  eval_loss=0.001867
  [train] epoch 4/50  train_loss=0.001731  eval_loss=0.001651
  [train] epoch 5/50  train_loss=0.001602  eval_loss=0.001546
  [train] epoch 6/50  train_loss=0.001513  eval_loss=0.001440
  [train] epoch 7/50  train_loss=0.001445  eval_loss=0.001369
  [train] epoch 8/50  train_loss=0.001386  eval_loss=0.001337
  [train] epoch 9/50  train_loss=0.001338  eval_loss=0.001290
  [train] epoch 10/50  train_loss=0.001295  eval_loss=0.001241
  [train] epoch 11/50  train_loss=0.001263  eval_loss=0.001244
  [train] epoch 12/50  train_loss=0.001231  eval_loss=0.001177
  [train] epoch 13/50  train_loss=0.001209  eval_loss=0.001160
  [train] epoch 14/50  train_loss=0.001185  eval_loss=0.001153
  [train] epoch 15/50  train_loss=0.001162  eval_loss=0.001152
  [train] epoch 16/50  train_loss=0.001136  eval_loss=0.001094
  [train] epoch 17/50  train_loss=0.001115  eval_loss=0.001085
  [train] epoch 18/50  train_loss=0.001096  eval_loss=0.001089
  [train] epoch 19/50  train_loss=0.001081  eval_loss=0.001085
  [train] epoch 20/50  train_loss=0.001067  eval_loss=0.001084
  [train] epoch 21/50  train_loss=0.001050  eval_loss=0.001040
  [train] epoch 22/50  train_loss=0.001043  eval_loss=0.000987
  [train] epoch 23/50  train_loss=0.001025  eval_loss=0.000996
  [train] epoch 24/50  train_loss=0.001012  eval_loss=0.001020
  [train] epoch 25/50  train_loss=0.000996  eval_loss=0.001059
  [train] epoch 26/50  train_loss=0.000985  eval_loss=0.000969
  [train] epoch 27/50  train_loss=0.000982  eval_loss=0.000959
  [train] epoch 28/50  train_loss=0.000968  eval_loss=0.000937
  [train] epoch 29/50  train_loss=0.000959  eval_loss=0.000962
  [train] epoch 30/50  train_loss=0.000950  eval_loss=0.000920
  [train] epoch 31/50  train_loss=0.000941  eval_loss=0.000905
  [train] epoch 32/50  train_loss=0.000935  eval_loss=0.000909
  [train] epoch 33/50  train_loss=0.000927  eval_loss=0.000894
  [train] epoch 34/50  train_loss=0.000917  eval_loss=0.000892
  [train] epoch 35/50  train_loss=0.000908  eval_loss=0.000928
  [train] epoch 36/50  train_loss=0.000904  eval_loss=0.000868
  [train] epoch 37/50  train_loss=0.000891  eval_loss=0.000901
  [train] epoch 38/50  train_loss=0.000885  eval_loss=0.000899
  [train] epoch 39/50  train_loss=0.000879  eval_loss=0.000889
  [train] epoch 40/50  train_loss=0.000874  eval_loss=0.000863
  [train] epoch 41/50  train_loss=0.000871  eval_loss=0.000848
  [train] epoch 42/50  train_loss=0.000860  eval_loss=0.000842
  [train] epoch 43/50  train_loss=0.000858  eval_loss=0.000822
  [train] epoch 44/50  train_loss=0.000849  eval_loss=0.000840
  [train] epoch 45/50  train_loss=0.000843  eval_loss=0.000829
  [train] epoch 46/50  train_loss=0.000839  eval_loss=0.000850
  [train] epoch 47/50  train_loss=0.000832  eval_loss=0.000838
  [train] epoch 48/50  train_loss=0.000828  eval_loss=0.000814
  [train] epoch 49/50  train_loss=0.000819  eval_loss=0.000797
  [train] epoch 50/50  train_loss=0.000819  eval_loss=0.000810
  [best] epoch 49  eval_loss=0.000797 (selected over 50 epochs)
[done] dataset=pusht train_seed=0 regions=3 -> experiments/pusht/subjepa/matrix/training/spectral/partition1_train0
