{
  "model_family": "subjepa",
  "implementation_backend": "jepa_object",
  "task_name": "pusht",
  "dataset_name": "pusht",
  "dataset": "/home/sicong/weitao/datasets/lewm/pusht_expert_train.h5",
  "checkpoint": "/data/sicong/weitao/.stable_worldmodel/pusht/subjepa_object.ckpt",
  "eval_config_name": "pusht",
  "eval_config": null,
  "eval_dataset_name": "pusht_expert_train",
  "work_root": "experiments/pusht/subjepa/matrix",
  "cache_dir": "/data/sicong/weitao/.stableworldmodel/subjepa/pusht",
  "paired_start_root": null,
  "paired_start_root_short": null,
  "paired_start_root_long": null,
  "phase": "train_regions",
  "frameskip": 5,
  "history_size": 3,
  "num_preds": 1,
  "img_size": 224,
  "short_goal_offset": 25,
  "long_goal_offset": 50,
  "eval_budget": 50,
  "num_eval": 50,
  "max_train_starts": 0,
  "dry_run": false,
  "task_spec_path": "/data/sicong/weitao/LAP-Latent-Space-Automatic-Partitioning-for-Efficient-Post-Training-of-World-Models/configs/experiments/tasks/pusht.json",
  "train_seeds": "42",
  "partition_seeds": "0",
  "eval_seeds": "0,1,2,3,4",
  "methods": "spectral",
  "skip_joint": true,
  "python": "/data/sicong/weitao/LAP-Latent-Space-Automatic-Partitioning-for-Efficient-Post-Training-of-World-Models/.venv/bin/python",
  "cpu_threads": 4,
  "gpu_id": "",
  "sources": {
    "model_family": "cli",
    "dataset_name": "task_spec",
    "task_name": "task_spec",
    "eval_config_name": "cli",
    "eval_dataset_name": "task_spec",
    "work_root": "cli",
    "cache_dir": "cli",
    "phase": "cli",
    "skip_joint": "env",
    "frameskip": "task_spec",
    "short_goal_offset": "task_spec",
    "long_goal_offset": "task_spec",
    "eval_budget": "task_spec",
    "train_seeds": "cli",
    "partition_seeds": "cli",
    "eval_seeds": "default",
    "methods": "cli",
    "python": "cli",
    "cpu_threads": "cli",
    "gpu_id": "default"
  }
}
[jepa-matrix] model_family=subjepa phase=train_regions work_root=experiments/pusht/subjepa/matrix
[jepa-matrix] resolved_config=experiments/pusht/subjepa/matrix/manifests/resolved_config.json
  [train] epoch 1/50  train_loss=0.015622  eval_loss=0.003415
  [train] epoch 2/50  train_loss=0.002305  eval_loss=0.002068
  [train] epoch 3/50  train_loss=0.001888  eval_loss=0.001704
  [train] epoch 4/50  train_loss=0.001674  eval_loss=0.001583
  [train] epoch 5/50  train_loss=0.001546  eval_loss=0.001461
  [train] epoch 6/50  train_loss=0.001447  eval_loss=0.001363
  [train] epoch 7/50  train_loss=0.001375  eval_loss=0.001335
  [train] epoch 8/50  train_loss=0.001319  eval_loss=0.001254
  [train] epoch 9/50  train_loss=0.001274  eval_loss=0.001224
  [train] epoch 10/50  train_loss=0.001241  eval_loss=0.001209
  [train] epoch 11/50  train_loss=0.001198  eval_loss=0.001138
  [train] epoch 12/50  train_loss=0.001168  eval_loss=0.001096
  [train] epoch 13/50  train_loss=0.001144  eval_loss=0.001088
  [train] epoch 14/50  train_loss=0.001115  eval_loss=0.001080
  [train] epoch 15/50  train_loss=0.001093  eval_loss=0.001055
  [train] epoch 16/50  train_loss=0.001073  eval_loss=0.001041
  [train] epoch 17/50  train_loss=0.001056  eval_loss=0.001045
  [train] epoch 18/50  train_loss=0.001038  eval_loss=0.001023
  [train] epoch 19/50  train_loss=0.001019  eval_loss=0.000981
  [train] epoch 20/50  train_loss=0.001004  eval_loss=0.001063
  [train] epoch 21/50  train_loss=0.000990  eval_loss=0.001013
  [train] epoch 22/50  train_loss=0.000976  eval_loss=0.000921
  [train] epoch 23/50  train_loss=0.000966  eval_loss=0.000956
  [train] epoch 24/50  train_loss=0.000952  eval_loss=0.000925
  [train] epoch 25/50  train_loss=0.000943  eval_loss=0.000901
  [train] epoch 26/50  train_loss=0.000929  eval_loss=0.000937
  [train] epoch 27/50  train_loss=0.000921  eval_loss=0.000891
  [train] epoch 28/50  train_loss=0.000912  eval_loss=0.000887
  [train] epoch 29/50  train_loss=0.000901  eval_loss=0.000917
  [train] epoch 30/50  train_loss=0.000892  eval_loss=0.000859
  [train] epoch 31/50  train_loss=0.000884  eval_loss=0.000895
  [train] epoch 32/50  train_loss=0.000876  eval_loss=0.000849
  [train] epoch 33/50  train_loss=0.000870  eval_loss=0.000841
  [train] epoch 34/50  train_loss=0.000863  eval_loss=0.000839
  [train] epoch 35/50  train_loss=0.000853  eval_loss=0.000860
  [train] epoch 36/50  train_loss=0.000853  eval_loss=0.000819
  [train] epoch 37/50  train_loss=0.000848  eval_loss=0.000854
  [train] epoch 38/50  train_loss=0.000837  eval_loss=0.000843
  [train] epoch 39/50  train_loss=0.000831  eval_loss=0.000802
  [train] epoch 40/50  train_loss=0.000823  eval_loss=0.000794
  [train] epoch 41/50  train_loss=0.000819  eval_loss=0.000799
  [train] epoch 42/50  train_loss=0.000810  eval_loss=0.000795
  [train] epoch 43/50  train_loss=0.000807  eval_loss=0.000791
  [train] epoch 44/50  train_loss=0.000797  eval_loss=0.000833
  [train] epoch 45/50  train_loss=0.000794  eval_loss=0.000806
  [train] epoch 46/50  train_loss=0.000791  eval_loss=0.000772
  [train] epoch 47/50  train_loss=0.000780  eval_loss=0.000777
  [train] epoch 48/50  train_loss=0.000778  eval_loss=0.000758
  [train] epoch 49/50  train_loss=0.000775  eval_loss=0.000749
  [train] epoch 50/50  train_loss=0.000778  eval_loss=0.000745
  [best] epoch 50  eval_loss=0.000745 (selected over 50 epochs)
  [train] epoch 1/50  train_loss=0.015693  eval_loss=0.003523
  [train] epoch 2/50  train_loss=0.002534  eval_loss=0.002274
  [train] epoch 3/50  train_loss=0.002092  eval_loss=0.001960
  [train] epoch 4/50  train_loss=0.001863  eval_loss=0.001737
  [train] epoch 5/50  train_loss=0.001734  eval_loss=0.001794
  [train] epoch 6/50  train_loss=0.001628  eval_loss=0.001553
  [train] epoch 7/50  train_loss=0.001560  eval_loss=0.001521
  [train] epoch 8/50  train_loss=0.001493  eval_loss=0.001489
  [train] epoch 9/50  train_loss=0.001442  eval_loss=0.001433
  [train] epoch 10/50  train_loss=0.001396  eval_loss=0.001331
  [train] epoch 11/50  train_loss=0.001361  eval_loss=0.001301
  [train] epoch 12/50  train_loss=0.001325  eval_loss=0.001267
  [train] epoch 13/50  train_loss=0.001296  eval_loss=0.001308
  [train] epoch 14/50  train_loss=0.001266  eval_loss=0.001321
  [train] epoch 15/50  train_loss=0.001243  eval_loss=0.001219
  [train] epoch 16/50  train_loss=0.001216  eval_loss=0.001167
  [train] epoch 17/50  train_loss=0.001203  eval_loss=0.001185
  [train] epoch 18/50  train_loss=0.001180  eval_loss=0.001172
  [train] epoch 19/50  train_loss=0.001159  eval_loss=0.001143
  [train] epoch 20/50  train_loss=0.001144  eval_loss=0.001141
  [train] epoch 21/50  train_loss=0.001132  eval_loss=0.001088
  [train] epoch 22/50  train_loss=0.001112  eval_loss=0.001069
  [train] epoch 23/50  train_loss=0.001095  eval_loss=0.001094
  [train] epoch 24/50  train_loss=0.001088  eval_loss=0.001032
  [train] epoch 25/50  train_loss=0.001074  eval_loss=0.001051
  [train] epoch 26/50  train_loss=0.001060  eval_loss=0.001070
  [train] epoch 27/50  train_loss=0.001048  eval_loss=0.001045
  [train] epoch 28/50  train_loss=0.001038  eval_loss=0.001001
  [train] epoch 29/50  train_loss=0.001027  eval_loss=0.000979
  [train] epoch 30/50  train_loss=0.001012  eval_loss=0.000991
  [train] epoch 31/50  train_loss=0.001004  eval_loss=0.000990
  [train] epoch 32/50  train_loss=0.000997  eval_loss=0.000968
  [train] epoch 33/50  train_loss=0.000994  eval_loss=0.000948
  [train] epoch 34/50  train_loss=0.000977  eval_loss=0.000954
  [train] epoch 35/50  train_loss=0.000970  eval_loss=0.000954
  [train] epoch 36/50  train_loss=0.000962  eval_loss=0.000943
  [train] epoch 37/50  train_loss=0.000955  eval_loss=0.000918
  [train] epoch 38/50  train_loss=0.000946  eval_loss=0.000928
  [train] epoch 39/50  train_loss=0.000938  eval_loss=0.000897
  [train] epoch 40/50  train_loss=0.000935  eval_loss=0.000947
  [train] epoch 41/50  train_loss=0.000928  eval_loss=0.000901
  [train] epoch 42/50  train_loss=0.000917  eval_loss=0.000883
  [train] epoch 43/50  train_loss=0.000912  eval_loss=0.000880
  [train] epoch 44/50  train_loss=0.000909  eval_loss=0.000866
  [train] epoch 45/50  train_loss=0.000896  eval_loss=0.000927
  [train] epoch 46/50  train_loss=0.000897  eval_loss=0.000879
  [train] epoch 47/50  train_loss=0.000888  eval_loss=0.000879
  [train] epoch 48/50  train_loss=0.000890  eval_loss=0.000854
  [train] epoch 49/50  train_loss=0.000873  eval_loss=0.000844
  [train] epoch 50/50  train_loss=0.000873  eval_loss=0.000854
  [best] epoch 49  eval_loss=0.000844 (selected over 50 epochs)
  [train] epoch 1/50  train_loss=0.016014  eval_loss=0.003595
  [train] epoch 2/50  train_loss=0.002555  eval_loss=0.002233
  [train] epoch 3/50  train_loss=0.002113  eval_loss=0.001993
  [train] epoch 4/50  train_loss=0.001873  eval_loss=0.001853
  [train] epoch 5/50  train_loss=0.001721  eval_loss=0.001586
  [train] epoch 6/50  train_loss=0.001601  eval_loss=0.001633
  [train] epoch 7/50  train_loss=0.001528  eval_loss=0.001470
  [train] epoch 8/50  train_loss=0.001454  eval_loss=0.001443
  [train] epoch 9/50  train_loss=0.001387  eval_loss=0.001320
  [train] epoch 10/50  train_loss=0.001348  eval_loss=0.001303
  [train] epoch 11/50  train_loss=0.001298  eval_loss=0.001258
  [train] epoch 12/50  train_loss=0.001262  eval_loss=0.001234
  [train] epoch 13/50  train_loss=0.001235  eval_loss=0.001185
  [train] epoch 14/50  train_loss=0.001199  eval_loss=0.001151
  [train] epoch 15/50  train_loss=0.001166  eval_loss=0.001127
  [train] epoch 16/50  train_loss=0.001154  eval_loss=0.001093
  [train] epoch 17/50  train_loss=0.001114  eval_loss=0.001078
  [train] epoch 18/50  train_loss=0.001108  eval_loss=0.001168
  [train] epoch 19/50  train_loss=0.001077  eval_loss=0.001029
  [train] epoch 20/50  train_loss=0.001067  eval_loss=0.001057
  [train] epoch 21/50  train_loss=0.001051  eval_loss=0.001016
  [train] epoch 22/50  train_loss=0.001035  eval_loss=0.001031
  [train] epoch 23/50  train_loss=0.001011  eval_loss=0.000978
  [train] epoch 24/50  train_loss=0.000996  eval_loss=0.000968
  [train] epoch 25/50  train_loss=0.000984  eval_loss=0.000949
  [train] epoch 26/50  train_loss=0.000971  eval_loss=0.000947
  [train] epoch 27/50  train_loss=0.000965  eval_loss=0.000942
  [train] epoch 28/50  train_loss=0.000946  eval_loss=0.000918
  [train] epoch 29/50  train_loss=0.000931  eval_loss=0.000915
  [train] epoch 30/50  train_loss=0.000924  eval_loss=0.000923
  [train] epoch 31/50  train_loss=0.000913  eval_loss=0.000858
  [train] epoch 32/50  train_loss=0.000903  eval_loss=0.000887
  [train] epoch 33/50  train_loss=0.000894  eval_loss=0.000877
  [train] epoch 34/50  train_loss=0.000882  eval_loss=0.000845
  [train] epoch 35/50  train_loss=0.000876  eval_loss=0.000918
  [train] epoch 36/50  train_loss=0.000870  eval_loss=0.000838
  [train] epoch 37/50  train_loss=0.000858  eval_loss=0.000840
  [train] epoch 38/50  train_loss=0.000850  eval_loss=0.000878
  [train] epoch 39/50  train_loss=0.000843  eval_loss=0.000819
  [train] epoch 40/50  train_loss=0.000842  eval_loss=0.000797
  [train] epoch 41/50  train_loss=0.000832  eval_loss=0.000810
  [train] epoch 42/50  train_loss=0.000821  eval_loss=0.000781
  [train] epoch 43/50  train_loss=0.000817  eval_loss=0.000784
  [train] epoch 44/50  train_loss=0.000808  eval_loss=0.000823
  [train] epoch 45/50  train_loss=0.000802  eval_loss=0.000779
  [train] epoch 46/50  train_loss=0.000794  eval_loss=0.000774
  [train] epoch 47/50  train_loss=0.000791  eval_loss=0.000754
  [train] epoch 48/50  train_loss=0.000783  eval_loss=0.000753
  [train] epoch 49/50  train_loss=0.000782  eval_loss=0.000780
  [train] epoch 50/50  train_loss=0.000771  eval_loss=0.000747
  [best] epoch 50  eval_loss=0.000747 (selected over 50 epochs)
[done] dataset=pusht train_seed=42 regions=3 -> experiments/pusht/subjepa/matrix/training/spectral/partition0_train42
