[data] 693728 train transitions, cluster source=experiments/real_gauge_drift/results/latent_random_voronoi_k3/random_voronoi_k3_seed1, route_label_offset_steps=0
  cluster0: 225377 transitions
  cluster1: 232431 transitions
  cluster2: 235920 transitions
  [cache] loaded merged embeddings from experiments/real_gauge_drift/results/tworoom_latent_random_voronoi_k3_seed1_trainseed625/P_train_global_merged_embeddings.npz
[train] cluster0: 225377 transitions, 50 epochs
  [train] epoch 1/50  train_loss=0.018797  eval_loss=0.006856
  [train] epoch 2/50  train_loss=0.005430  eval_loss=0.005134
  [train] epoch 3/50  train_loss=0.004987  eval_loss=0.004434
  [train] epoch 4/50  train_loss=0.004620  eval_loss=0.004024
  [train] epoch 5/50  train_loss=0.004246  eval_loss=0.004614
  [train] epoch 6/50  train_loss=0.004038  eval_loss=0.003623
  [train] epoch 7/50  train_loss=0.003684  eval_loss=0.003066
  [train] epoch 8/50  train_loss=0.003505  eval_loss=0.003444
  [train] epoch 9/50  train_loss=0.003329  eval_loss=0.003182
  [train] epoch 10/50  train_loss=0.003169  eval_loss=0.002850
  [train] epoch 11/50  train_loss=0.002950  eval_loss=0.002438
  [train] epoch 12/50  train_loss=0.002862  eval_loss=0.002541
  [train] epoch 13/50  train_loss=0.002713  eval_loss=0.002669
  [train] epoch 14/50  train_loss=0.002712  eval_loss=0.002507
  [train] epoch 15/50  train_loss=0.002503  eval_loss=0.002318
  [train] epoch 16/50  train_loss=0.002371  eval_loss=0.002348
  [train] epoch 17/50  train_loss=0.002309  eval_loss=0.001824
  [train] epoch 18/50  train_loss=0.002249  eval_loss=0.002073
  [train] epoch 19/50  train_loss=0.002165  eval_loss=0.002047
  [train] epoch 20/50  train_loss=0.002091  eval_loss=0.001967
  [train] epoch 21/50  train_loss=0.002049  eval_loss=0.001761
  [train] epoch 22/50  train_loss=0.001903  eval_loss=0.001993
  [train] epoch 23/50  train_loss=0.001945  eval_loss=0.001940
  [train] epoch 24/50  train_loss=0.001819  eval_loss=0.002017
  [train] epoch 25/50  train_loss=0.001760  eval_loss=0.001619
  [train] epoch 26/50  train_loss=0.001789  eval_loss=0.001858
  [train] epoch 27/50  train_loss=0.001725  eval_loss=0.001651
  [train] epoch 28/50  train_loss=0.001509  eval_loss=0.001468
  [train] epoch 29/50  train_loss=0.001696  eval_loss=0.001514
  [train] epoch 30/50  train_loss=0.001618  eval_loss=0.001371
  [train] epoch 31/50  train_loss=0.001434  eval_loss=0.001431
  [train] epoch 32/50  train_loss=0.001524  eval_loss=0.002029
  [train] epoch 33/50  train_loss=0.001445  eval_loss=0.001366
  [train] epoch 34/50  train_loss=0.001386  eval_loss=0.001178
  [train] epoch 35/50  train_loss=0.001416  eval_loss=0.001681
  [train] epoch 36/50  train_loss=0.001414  eval_loss=0.001870
  [train] epoch 37/50  train_loss=0.001416  eval_loss=0.001323
  [train] epoch 38/50  train_loss=0.001268  eval_loss=0.002053
  [train] epoch 39/50  train_loss=0.001311  eval_loss=0.001350
  [train] epoch 40/50  train_loss=0.001278  eval_loss=0.000976
  [train] epoch 41/50  train_loss=0.001217  eval_loss=0.001096
  [train] epoch 42/50  train_loss=0.001171  eval_loss=0.001450
  [train] epoch 43/50  train_loss=0.001295  eval_loss=0.001224
  [train] epoch 44/50  train_loss=0.001081  eval_loss=0.001840
  [train] epoch 45/50  train_loss=0.001290  eval_loss=0.000894
  [train] epoch 46/50  train_loss=0.001061  eval_loss=0.000914
  [train] epoch 47/50  train_loss=0.001115  eval_loss=0.001192
  [train] epoch 48/50  train_loss=0.001133  eval_loss=0.000741
  [train] epoch 49/50  train_loss=0.001042  eval_loss=0.000938
  [train] epoch 50/50  train_loss=0.001210  eval_loss=0.001281
  [best] epoch 48  eval_loss=0.000741 (selected over 50 epochs)
[train] cluster1: 232431 transitions, 50 epochs
  [train] epoch 1/50  train_loss=0.020206  eval_loss=0.007955
  [train] epoch 2/50  train_loss=0.006760  eval_loss=0.005894
  [train] epoch 3/50  train_loss=0.006181  eval_loss=0.005364
  [train] epoch 4/50  train_loss=0.005615  eval_loss=0.005088
  [train] epoch 5/50  train_loss=0.005263  eval_loss=0.004682
  [train] epoch 6/50  train_loss=0.004854  eval_loss=0.004353
  [train] epoch 7/50  train_loss=0.004527  eval_loss=0.004033
  [train] epoch 8/50  train_loss=0.004260  eval_loss=0.003970
  [train] epoch 9/50  train_loss=0.003988  eval_loss=0.004085
  [train] epoch 10/50  train_loss=0.003859  eval_loss=0.003312
  [train] epoch 11/50  train_loss=0.003634  eval_loss=0.003453
  [train] epoch 12/50  train_loss=0.003430  eval_loss=0.003426
  [train] epoch 13/50  train_loss=0.003359  eval_loss=0.003323
  [train] epoch 14/50  train_loss=0.003157  eval_loss=0.002789
  [train] epoch 15/50  train_loss=0.003028  eval_loss=0.003917
  [train] epoch 16/50  train_loss=0.002867  eval_loss=0.003003
  [train] epoch 17/50  train_loss=0.002877  eval_loss=0.003071
  [train] epoch 18/50  train_loss=0.002594  eval_loss=0.002417
  [train] epoch 19/50  train_loss=0.002592  eval_loss=0.002368
  [train] epoch 20/50  train_loss=0.002500  eval_loss=0.002078
  [train] epoch 21/50  train_loss=0.002409  eval_loss=0.002440
  [train] epoch 22/50  train_loss=0.002401  eval_loss=0.002317
  [train] epoch 23/50  train_loss=0.002261  eval_loss=0.001951
  [train] epoch 24/50  train_loss=0.002201  eval_loss=0.002103
  [train] epoch 25/50  train_loss=0.002187  eval_loss=0.001819
  [train] epoch 26/50  train_loss=0.002080  eval_loss=0.001769
  [train] epoch 27/50  train_loss=0.001942  eval_loss=0.002353
  [train] epoch 28/50  train_loss=0.001982  eval_loss=0.002114
  [train] epoch 29/50  train_loss=0.001928  eval_loss=0.001742
  [train] epoch 30/50  train_loss=0.001857  eval_loss=0.002328
  [train] epoch 31/50  train_loss=0.001866  eval_loss=0.001761
  [train] epoch 32/50  train_loss=0.001748  eval_loss=0.001801
  [train] epoch 33/50  train_loss=0.001735  eval_loss=0.001621
  [train] epoch 34/50  train_loss=0.001718  eval_loss=0.001806
  [train] epoch 35/50  train_loss=0.001629  eval_loss=0.001922
  [train] epoch 36/50  train_loss=0.001639  eval_loss=0.001660
  [train] epoch 37/50  train_loss=0.001616  eval_loss=0.002061
  [train] epoch 38/50  train_loss=0.001446  eval_loss=0.001257
  [train] epoch 39/50  train_loss=0.001622  eval_loss=0.001543
  [train] epoch 40/50  train_loss=0.001563  eval_loss=0.002313
  [train] epoch 41/50  train_loss=0.001517  eval_loss=0.001294
  [train] epoch 42/50  train_loss=0.001465  eval_loss=0.001506
  [train] epoch 43/50  train_loss=0.001414  eval_loss=0.001564
  [train] epoch 44/50  train_loss=0.001502  eval_loss=0.001576
  [train] epoch 45/50  train_loss=0.001285  eval_loss=0.001442
  [train] epoch 46/50  train_loss=0.001275  eval_loss=0.001067
  [train] epoch 47/50  train_loss=0.001368  eval_loss=0.001820
  [train] epoch 48/50  train_loss=0.001237  eval_loss=0.001560
  [train] epoch 49/50  train_loss=0.001373  eval_loss=0.000995
  [train] epoch 50/50  train_loss=0.001243  eval_loss=0.000963
  [best] epoch 50  eval_loss=0.000963 (selected over 50 epochs)
[train] cluster2: 235920 transitions, 50 epochs
  [train] epoch 1/50  train_loss=0.019707  eval_loss=0.007663
  [train] epoch 2/50  train_loss=0.006378  eval_loss=0.005581
  [train] epoch 3/50  train_loss=0.005855  eval_loss=0.005585
  [train] epoch 4/50  train_loss=0.005316  eval_loss=0.005081
  [train] epoch 5/50  train_loss=0.004886  eval_loss=0.004196
  [train] epoch 6/50  train_loss=0.004604  eval_loss=0.004463
  [train] epoch 7/50  train_loss=0.004256  eval_loss=0.004268
  [train] epoch 8/50  train_loss=0.004011  eval_loss=0.003441
  [train] epoch 9/50  train_loss=0.003761  eval_loss=0.003719
  [train] epoch 10/50  train_loss=0.003636  eval_loss=0.003413
  [train] epoch 11/50  train_loss=0.003336  eval_loss=0.002959
  [train] epoch 12/50  train_loss=0.003238  eval_loss=0.003526
  [train] epoch 13/50  train_loss=0.003082  eval_loss=0.002694
  [train] epoch 14/50  train_loss=0.003024  eval_loss=0.002477
  [train] epoch 15/50  train_loss=0.002844  eval_loss=0.002742
  [train] epoch 16/50  train_loss=0.002742  eval_loss=0.002806
  [train] epoch 17/50  train_loss=0.002539  eval_loss=0.002786
  [train] epoch 18/50  train_loss=0.002594  eval_loss=0.002131
  [train] epoch 19/50  train_loss=0.002502  eval_loss=0.002400
  [train] epoch 20/50  train_loss=0.002233  eval_loss=0.002252
  [train] epoch 21/50  train_loss=0.002259  eval_loss=0.002244
  [train] epoch 22/50  train_loss=0.002298  eval_loss=0.002136
  [train] epoch 23/50  train_loss=0.002124  eval_loss=0.002586
  [train] epoch 24/50  train_loss=0.002022  eval_loss=0.001943
  [train] epoch 25/50  train_loss=0.002082  eval_loss=0.001832
  [train] epoch 26/50  train_loss=0.002001  eval_loss=0.001616
  [train] epoch 27/50  train_loss=0.001809  eval_loss=0.001543
  [train] epoch 28/50  train_loss=0.001913  eval_loss=0.002260
  [train] epoch 29/50  train_loss=0.001829  eval_loss=0.001548
  [train] epoch 30/50  train_loss=0.001741  eval_loss=0.001915
  [train] epoch 31/50  train_loss=0.001797  eval_loss=0.001621
  [train] epoch 32/50  train_loss=0.001729  eval_loss=0.001848
  [train] epoch 33/50  train_loss=0.001579  eval_loss=0.001890
  [train] epoch 34/50  train_loss=0.001645  eval_loss=0.001450
  [train] epoch 35/50  train_loss=0.001613  eval_loss=0.001510
  [train] epoch 36/50  train_loss=0.001539  eval_loss=0.001330
  [train] epoch 37/50  train_loss=0.001492  eval_loss=0.001798
  [train] epoch 38/50  train_loss=0.001499  eval_loss=0.001215
  [train] epoch 39/50  train_loss=0.001401  eval_loss=0.002071
  [train] epoch 40/50  train_loss=0.001553  eval_loss=0.001157
  [train] epoch 41/50  train_loss=0.001464  eval_loss=0.001389
  [train] epoch 42/50  train_loss=0.001341  eval_loss=0.001412
  [train] epoch 43/50  train_loss=0.001267  eval_loss=0.001056
  [train] epoch 44/50  train_loss=0.001247  eval_loss=0.001866
  [train] epoch 45/50  train_loss=0.001403  eval_loss=0.001808
  [train] epoch 46/50  train_loss=0.001326  eval_loss=0.001289
  [train] epoch 47/50  train_loss=0.001175  eval_loss=0.000963
  [train] epoch 48/50  train_loss=0.001258  eval_loss=0.001984
  [train] epoch 49/50  train_loss=0.001265  eval_loss=0.001582
  [train] epoch 50/50  train_loss=0.001229  eval_loss=0.001046
  [best] epoch 47  eval_loss=0.000963 (selected over 50 epochs)
[done] manifest -> experiments/real_gauge_drift/results/tworoom_latent_random_voronoi_k3_seed1_trainseed625/manifest.json
real 5084.89
user 4915.79
sys 85.58
