==== GPU=0 REGION=common EPOCHS=30 SEED=625 WORK_DIR=/data/sicong/weitao/le-wm/experiments/real_gauge_drift/results/tworoom_geometry_train_region_predictors_trainseed625/_work/common_30ep_seed625 started at Tue Jul 14 03:14:41 PM UTC 2026 ====
[split] TwoRoom regions from fixed task geometry (wall_center=112, wall_width=10)
[train] common: 297211 train∩region transitions
  [cache] loaded embeddings from /data/sicong/weitao/le-wm/experiments/real_gauge_drift/results/tworoom_geometry_train_region_predictors_trainseed625/_work/common_30ep_seed625/P_train_common_embeddings.npz
  [train] epoch 1/30  train_loss=0.016085  eval_loss=0.004040
  [train] epoch 2/30  train_loss=0.002516  eval_loss=0.002550
  [train] epoch 3/30  train_loss=0.002309  eval_loss=0.002036
  [train] epoch 4/30  train_loss=0.002065  eval_loss=0.001838
  [train] epoch 5/30  train_loss=0.001875  eval_loss=0.002013
  [train] epoch 6/30  train_loss=0.001761  eval_loss=0.001479
  [train] epoch 7/30  train_loss=0.001627  eval_loss=0.001464
  [train] epoch 8/30  train_loss=0.001518  eval_loss=0.001361
  [train] epoch 9/30  train_loss=0.001448  eval_loss=0.001208
  [train] epoch 10/30  train_loss=0.001373  eval_loss=0.001531
  [train] epoch 11/30  train_loss=0.001271  eval_loss=0.001236
  [train] epoch 12/30  train_loss=0.001227  eval_loss=0.001222
  [train] epoch 13/30  train_loss=0.001234  eval_loss=0.000940
  [train] epoch 14/30  train_loss=0.001160  eval_loss=0.001005
  [train] epoch 15/30  train_loss=0.001105  eval_loss=0.001219
  [train] epoch 16/30  train_loss=0.001107  eval_loss=0.001040
  [train] epoch 17/30  train_loss=0.001022  eval_loss=0.001092
  [train] epoch 18/30  train_loss=0.000959  eval_loss=0.001053
  [train] epoch 19/30  train_loss=0.000951  eval_loss=0.001488
  [train] epoch 20/30  train_loss=0.000935  eval_loss=0.000948
  [train] epoch 21/30  train_loss=0.000858  eval_loss=0.000858
  [train] epoch 22/30  train_loss=0.000912  eval_loss=0.001065
  [train] epoch 23/30  train_loss=0.000836  eval_loss=0.000830
  [train] epoch 24/30  train_loss=0.000752  eval_loss=0.001171
  [train] epoch 25/30  train_loss=0.000838  eval_loss=0.000620
  [train] epoch 26/30  train_loss=0.000799  eval_loss=0.000934
  [train] epoch 27/30  train_loss=0.000791  eval_loss=0.001105
  [train] epoch 28/30  train_loss=0.000716  eval_loss=0.000666
  [train] epoch 29/30  train_loss=0.000742  eval_loss=0.000757
  [train] epoch 30/30  train_loss=0.000709  eval_loss=0.000629
  saved /data/sicong/weitao/le-wm/experiments/real_gauge_drift/results/tworoom_geometry_train_region_predictors_trainseed625/_work/common_30ep_seed625/P_train_common_object.ckpt  best_epoch=30  best_eval_loss=0.000629
Wrote manifest to /data/sicong/weitao/le-wm/experiments/real_gauge_drift/results/tworoom_geometry_train_region_predictors_trainseed625/_work/common_30ep_seed625/manifest.json
real 1446.38
user 1180.49
sys 5.09
==== GPU=0 REGION=common finished at Tue Jul 14 03:38:48 PM UTC 2026 ====
