==== GPU=3 REGION=left_room EPOCHS=50 SEED=625 WORK_DIR=/data/sicong/weitao/le-wm/experiments/real_gauge_drift/results/tworoom_geometry_train_region_predictors_trainseed625/_work/left_room_50ep_seed625 started at Tue Jul 14 03:14:41 PM UTC 2026 ====
[split] TwoRoom regions from fixed task geometry (wall_center=112, wall_width=10)
[train] left_room: 330243 train∩region transitions
  [cache] loaded embeddings from /data/sicong/weitao/le-wm/experiments/real_gauge_drift/results/tworoom_geometry_train_region_predictors_trainseed625/_work/left_room_50ep_seed625/P_train_left_room_embeddings.npz
  [train] epoch 1/50  train_loss=0.019242  eval_loss=0.006729
  [train] epoch 2/50  train_loss=0.005230  eval_loss=0.004535
  [train] epoch 3/50  train_loss=0.004619  eval_loss=0.004342
  [train] epoch 4/50  train_loss=0.004102  eval_loss=0.003807
  [train] epoch 5/50  train_loss=0.003679  eval_loss=0.003620
  [train] epoch 6/50  train_loss=0.003364  eval_loss=0.002823
  [train] epoch 7/50  train_loss=0.003091  eval_loss=0.002684
  [train] epoch 8/50  train_loss=0.002823  eval_loss=0.002553
  [train] epoch 9/50  train_loss=0.002672  eval_loss=0.002457
  [train] epoch 10/50  train_loss=0.002486  eval_loss=0.002203
  [train] epoch 11/50  train_loss=0.002363  eval_loss=0.001997
  [train] epoch 12/50  train_loss=0.002268  eval_loss=0.002053
  [train] epoch 13/50  train_loss=0.002101  eval_loss=0.001780
  [train] epoch 14/50  train_loss=0.002029  eval_loss=0.002234
  [train] epoch 15/50  train_loss=0.001883  eval_loss=0.002029
  [train] epoch 16/50  train_loss=0.001834  eval_loss=0.001625
  [train] epoch 17/50  train_loss=0.001736  eval_loss=0.001382
  [train] epoch 18/50  train_loss=0.001658  eval_loss=0.001636
  [train] epoch 19/50  train_loss=0.001598  eval_loss=0.001230
  [train] epoch 20/50  train_loss=0.001537  eval_loss=0.001601
  [checkpoint] saved /data/sicong/weitao/le-wm/experiments/real_gauge_drift/results/tworoom_geometry_train_region_predictors_trainseed625/_work/left_room_50ep_seed625/P_train_left_room_epoch20_object.ckpt
  [train] epoch 21/50  train_loss=0.001578  eval_loss=0.001624
  [train] epoch 22/50  train_loss=0.001393  eval_loss=0.001325
  [train] epoch 23/50  train_loss=0.001470  eval_loss=0.001247
  [train] epoch 24/50  train_loss=0.001299  eval_loss=0.001406
  [train] epoch 25/50  train_loss=0.001370  eval_loss=0.002023
  [train] epoch 26/50  train_loss=0.001278  eval_loss=0.001045
  [train] epoch 27/50  train_loss=0.001281  eval_loss=0.001584
  [train] epoch 28/50  train_loss=0.001219  eval_loss=0.001289
  [train] epoch 29/50  train_loss=0.001149  eval_loss=0.001040
  [train] epoch 30/50  train_loss=0.001182  eval_loss=0.001047
  [checkpoint] saved /data/sicong/weitao/le-wm/experiments/real_gauge_drift/results/tworoom_geometry_train_region_predictors_trainseed625/_work/left_room_50ep_seed625/P_train_left_room_epoch30_object.ckpt
  [train] epoch 31/50  train_loss=0.001087  eval_loss=0.000842
  [train] epoch 32/50  train_loss=0.001228  eval_loss=0.001104
  [train] epoch 33/50  train_loss=0.000995  eval_loss=0.001408
  [train] epoch 34/50  train_loss=0.001073  eval_loss=0.000859
  [train] epoch 35/50  train_loss=0.000898  eval_loss=0.000895
  [train] epoch 36/50  train_loss=0.001026  eval_loss=0.000796
  [train] epoch 37/50  train_loss=0.001017  eval_loss=0.000788
  [train] epoch 38/50  train_loss=0.000914  eval_loss=0.000723
  [train] epoch 39/50  train_loss=0.000985  eval_loss=0.000829
  [train] epoch 40/50  train_loss=0.000866  eval_loss=0.001015
  [checkpoint] saved /data/sicong/weitao/le-wm/experiments/real_gauge_drift/results/tworoom_geometry_train_region_predictors_trainseed625/_work/left_room_50ep_seed625/P_train_left_room_epoch40_object.ckpt
  [train] epoch 41/50  train_loss=0.000991  eval_loss=0.000854
  [train] epoch 42/50  train_loss=0.000870  eval_loss=0.000728
  [train] epoch 43/50  train_loss=0.000936  eval_loss=0.001034
  [train] epoch 44/50  train_loss=0.000860  eval_loss=0.000814
  [train] epoch 45/50  train_loss=0.000877  eval_loss=0.000711
  [train] epoch 46/50  train_loss=0.000770  eval_loss=0.000796
  [train] epoch 47/50  train_loss=0.000815  eval_loss=0.000790
  [train] epoch 48/50  train_loss=0.000808  eval_loss=0.000730
  [train] epoch 49/50  train_loss=0.000725  eval_loss=0.000785
  [train] epoch 50/50  train_loss=0.000884  eval_loss=0.000720
  [checkpoint] saved /data/sicong/weitao/le-wm/experiments/real_gauge_drift/results/tworoom_geometry_train_region_predictors_trainseed625/_work/left_room_50ep_seed625/P_train_left_room_epoch50_object.ckpt
  [best] epoch 45  eval_loss=0.000711 (selected over 50 epochs)
  saved /data/sicong/weitao/le-wm/experiments/real_gauge_drift/results/tworoom_geometry_train_region_predictors_trainseed625/_work/left_room_50ep_seed625/P_train_left_room_object.ckpt  best_epoch=45  best_eval_loss=0.000711
Wrote manifest to /data/sicong/weitao/le-wm/experiments/real_gauge_drift/results/tworoom_geometry_train_region_predictors_trainseed625/_work/left_room_50ep_seed625/manifest.json
real 2466.75
user 2192.39
sys 6.41
==== GPU=3 REGION=left_room finished at Tue Jul 14 03:55:48 PM UTC 2026 ====
