13:22:25 | INFO  | __init__.py | JAX version 0.6.2 available.
13:22:28 | INFO  | atomic_chec~| [atomic_save] installed crash-safe checkpoint plugin (write to sibling .tmp + fsync + atomic rename)
13:22:28 | INFO  | __init__.py | Cached 'action' from '/data/sicong/weitao/datasets/lewm/pusht_expert_train.h5'
13:22:28 | INFO  | __init__.py | Cached 'proprio' from '/data/sicong/weitao/datasets/lewm/pusht_expert_train.h5'
/data/sicong/weitao/le-wm/.venv/lib/python3.10/site-packages/lance/__init__.py:320: UserWarning: lance is not fork-safe. If you are using multiprocessing, use spawn or forkserver instead.
  warnings.warn(
/data/sicong/anaconda3/lib/python3.10/multiprocessing/popen_fork.py:66: RuntimeWarning: lancedb fork support is experimental: the internal async runtime has been reset in the forked child, but a small chance of deadlock remains if other state was mid-operation at fork time. The 'forkserver' or 'spawn' multiprocessing start method is likely a safer alternative.
  self.pid = os.fork()
/data/sicong/anaconda3/lib/python3.10/multiprocessing/popen_fork.py:66: RuntimeWarning: lancedb fork support is experimental: the internal async runtime has been reset in the forked child, but a small chance of deadlock remains if other state was mid-operation at fork time. The 'forkserver' or 'spawn' multiprocessing start method is likely a safer alternative.
  self.pid = os.fork()
/data/sicong/anaconda3/lib/python3.10/multiprocessing/popen_fork.py:66: RuntimeWarning: lancedb fork support is experimental: the internal async runtime has been reset in the forked child, but a small chance of deadlock remains if other state was mid-operation at fork time. The 'forkserver' or 'spawn' multiprocessing start method is likely a safer alternative.
  self.pid = os.fork()
/data/sicong/anaconda3/lib/python3.10/multiprocessing/popen_fork.py:66: RuntimeWarning: lancedb fork support is experimental: the internal async runtime has been reset in the forked child, but a small chance of deadlock remains if other state was mid-operation at fork time. The 'forkserver' or 'spawn' multiprocessing start method is likely a safer alternative.
  self.pid = os.fork()
[train] epoch=1/3 batch=1/13933 pred=0.010610 sigreg=0.880537 total=0.089859 grad_norm=0.3385
[train] epoch=1/3 batch=100/13933 pred=0.012259 sigreg=0.907447 total=0.093929 grad_norm=0.3375
[train] epoch=1/3 batch=200/13933 pred=0.012091 sigreg=0.908417 total=0.093849 grad_norm=0.3231
[train] epoch=1/3 batch=300/13933 pred=0.011956 sigreg=0.907129 total=0.093598 grad_norm=0.3417
[train] epoch=1/3 batch=400/13933 pred=0.011805 sigreg=0.906033 total=0.093348 grad_norm=0.3651
[train] epoch=1/3 batch=500/13933 pred=0.011774 sigreg=0.905453 total=0.093265 grad_norm=0.3314
[train] epoch=1/3 batch=600/13933 pred=0.011745 sigreg=0.905756 total=0.093263 grad_norm=0.3476
[train] epoch=1/3 batch=700/13933 pred=0.011767 sigreg=0.906272 total=0.093332 grad_norm=0.3249
[train] epoch=1/3 batch=800/13933 pred=0.011751 sigreg=0.905244 total=0.093223 grad_norm=0.3384
[train] epoch=1/3 batch=900/13933 pred=0.011733 sigreg=0.905030 total=0.093186 grad_norm=0.3477
[train] epoch=1/3 batch=1000/13933 pred=0.011725 sigreg=0.904867 total=0.093163 grad_norm=0.3578
[train] epoch=1/3 batch=1100/13933 pred=0.011705 sigreg=0.904987 total=0.093154 grad_norm=0.3429
[train] epoch=1/3 batch=1200/13933 pred=0.011699 sigreg=0.904532 total=0.093107 grad_norm=0.4159
[train] epoch=1/3 batch=1300/13933 pred=0.011692 sigreg=0.904882 total=0.093132 grad_norm=0.3320
[train] epoch=1/3 batch=1400/13933 pred=0.011700 sigreg=0.904894 total=0.093140 grad_norm=0.3584
[train] epoch=1/3 batch=1500/13933 pred=0.011679 sigreg=0.904683 total=0.093101 grad_norm=0.3211
[train] epoch=1/3 batch=1600/13933 pred=0.011680 sigreg=0.904343 total=0.093070 grad_norm=0.3223
[train] epoch=1/3 batch=1700/13933 pred=0.011656 sigreg=0.904373 total=0.093049 grad_norm=0.3556
[train] epoch=1/3 batch=1800/13933 pred=0.011666 sigreg=0.904842 total=0.093102 grad_norm=0.3853
[train] epoch=1/3 batch=1900/13933 pred=0.011663 sigreg=0.904850 total=0.093100 grad_norm=0.3168
[train] epoch=1/3 batch=2000/13933 pred=0.011660 sigreg=0.904663 total=0.093079 grad_norm=0.3356
[train] epoch=1/3 batch=2100/13933 pred=0.011649 sigreg=0.904405 total=0.093045 grad_norm=0.3293
[train] epoch=1/3 batch=2200/13933 pred=0.011641 sigreg=0.904063 total=0.093006 grad_norm=0.3456
[train] epoch=1/3 batch=2300/13933 pred=0.011633 sigreg=0.904058 total=0.092998 grad_norm=0.3534
[train] epoch=1/3 batch=2400/13933 pred=0.011623 sigreg=0.904158 total=0.092997 grad_norm=0.3440
[train] epoch=1/3 batch=2500/13933 pred=0.011599 sigreg=0.903926 total=0.092952 grad_norm=0.3307
[train] epoch=1/3 batch=2600/13933 pred=0.011580 sigreg=0.903825 total=0.092925 grad_norm=0.4418
[train] epoch=1/3 batch=2700/13933 pred=0.011578 sigreg=0.903762 total=0.092917 grad_norm=0.3391
[train] epoch=1/3 batch=2800/13933 pred=0.011575 sigreg=0.903782 total=0.092916 grad_norm=0.3779
[train] epoch=1/3 batch=2900/13933 pred=0.011569 sigreg=0.903760 total=0.092907 grad_norm=0.3011
[train] epoch=1/3 batch=3000/13933 pred=0.011559 sigreg=0.903622 total=0.092885 grad_norm=0.3205
[train] epoch=1/3 batch=3100/13933 pred=0.011551 sigreg=0.903520 total=0.092868 grad_norm=0.3503
[train] epoch=1/3 batch=3200/13933 pred=0.011549 sigreg=0.903533 total=0.092867 grad_norm=0.3680
[train] epoch=1/3 batch=3300/13933 pred=0.011543 sigreg=0.903316 total=0.092842 grad_norm=0.3266
[train] epoch=1/3 batch=3400/13933 pred=0.011546 sigreg=0.903275 total=0.092841 grad_norm=0.3453
[train] epoch=1/3 batch=3500/13933 pred=0.011538 sigreg=0.903068 total=0.092814 grad_norm=0.3543
[train] epoch=1/3 batch=3600/13933 pred=0.011540 sigreg=0.902811 total=0.092793 grad_norm=0.4236
[train] epoch=1/3 batch=3700/13933 pred=0.011534 sigreg=0.902798 total=0.092785 grad_norm=0.3228
[train] epoch=1/3 batch=3800/13933 pred=0.011529 sigreg=0.902460 total=0.092751 grad_norm=0.3677
[train] epoch=1/3 batch=3900/13933 pred=0.011523 sigreg=0.902408 total=0.092740 grad_norm=0.3500
[train] epoch=1/3 batch=4000/13933 pred=0.011524 sigreg=0.902189 total=0.092721 grad_norm=0.3409
[train] epoch=1/3 batch=4100/13933 pred=0.011512 sigreg=0.902021 total=0.092694 grad_norm=0.3253
[train] epoch=1/3 batch=4200/13933 pred=0.011504 sigreg=0.901814 total=0.092667 grad_norm=0.3741
[train] epoch=1/3 batch=4300/13933 pred=0.011503 sigreg=0.901724 total=0.092658 grad_norm=0.3156
[train] epoch=1/3 batch=4400/13933 pred=0.011499 sigreg=0.901724 total=0.092654 grad_norm=0.3579
[train] epoch=1/3 batch=4500/13933 pred=0.011488 sigreg=0.901650 total=0.092637 grad_norm=0.4004
[train] epoch=1/3 batch=4600/13933 pred=0.011476 sigreg=0.901485 total=0.092609 grad_norm=0.3504
[train] epoch=1/3 batch=4700/13933 pred=0.011479 sigreg=0.901336 total=0.092599 grad_norm=0.4226
[train] epoch=1/3 batch=4800/13933 pred=0.011473 sigreg=0.901310 total=0.092591 grad_norm=0.3578
[train] epoch=1/3 batch=4900/13933 pred=0.011465 sigreg=0.901231 total=0.092576 grad_norm=0.3516
[train] epoch=1/3 batch=5000/13933 pred=0.011462 sigreg=0.901120 total=0.092563 grad_norm=0.3073
[train] epoch=1/3 batch=5100/13933 pred=0.011458 sigreg=0.900989 total=0.092547 grad_norm=0.3246
[train] epoch=1/3 batch=5200/13933 pred=0.011454 sigreg=0.900911 total=0.092537 grad_norm=0.3233
[train] epoch=1/3 batch=5300/13933 pred=0.011448 sigreg=0.900797 total=0.092519 grad_norm=0.3521
[train] epoch=1/3 batch=5400/13933 pred=0.011442 sigreg=0.900609 total=0.092497 grad_norm=0.3322
[train] epoch=1/3 batch=5500/13933 pred=0.011434 sigreg=0.900478 total=0.092477 grad_norm=0.3296
[train] epoch=1/3 batch=5600/13933 pred=0.011429 sigreg=0.900248 total=0.092451 grad_norm=0.3582
[train] epoch=1/3 batch=5700/13933 pred=0.011423 sigreg=0.900088 total=0.092431 grad_norm=0.3686
[train] epoch=1/3 batch=5800/13933 pred=0.011417 sigreg=0.899926 total=0.092411 grad_norm=0.3353
[train] epoch=1/3 batch=5900/13933 pred=0.011409 sigreg=0.899811 total=0.092392 grad_norm=0.3356
[train] epoch=1/3 batch=6000/13933 pred=0.011406 sigreg=0.899684 total=0.092378 grad_norm=0.3234
[train] epoch=1/3 batch=6100/13933 pred=0.011403 sigreg=0.899667 total=0.092373 grad_norm=0.3374
[train] epoch=1/3 batch=6200/13933 pred=0.011396 sigreg=0.899554 total=0.092356 grad_norm=0.3032
[train] epoch=1/3 batch=6300/13933 pred=0.011388 sigreg=0.899476 total=0.092340 grad_norm=0.3430
[train] epoch=1/3 batch=6400/13933 pred=0.011381 sigreg=0.899320 total=0.092320 grad_norm=0.3438
[train] epoch=1/3 batch=6500/13933 pred=0.011375 sigreg=0.899174 total=0.092300 grad_norm=0.3325
[train] epoch=1/3 batch=6600/13933 pred=0.011369 sigreg=0.899140 total=0.092291 grad_norm=0.3488
[train] epoch=1/3 batch=6700/13933 pred=0.011364 sigreg=0.899008 total=0.092274 grad_norm=0.3235
[train] epoch=1/3 batch=6800/13933 pred=0.011355 sigreg=0.898908 total=0.092256 grad_norm=0.3260
[train] epoch=1/3 batch=6900/13933 pred=0.011347 sigreg=0.898811 total=0.092240 grad_norm=0.3361
[train] epoch=1/3 batch=7000/13933 pred=0.011341 sigreg=0.898661 total=0.092220 grad_norm=0.3435
[train] epoch=1/3 batch=7100/13933 pred=0.011337 sigreg=0.898602 total=0.092212 grad_norm=0.3508
[train] epoch=1/3 batch=7200/13933 pred=0.011331 sigreg=0.898542 total=0.092200 grad_norm=0.3653
[train] epoch=1/3 batch=7300/13933 pred=0.011328 sigreg=0.898460 total=0.092189 grad_norm=0.3736
[train] epoch=1/3 batch=7400/13933 pred=0.011323 sigreg=0.898332 total=0.092173 grad_norm=0.2995
[train] epoch=1/3 batch=7500/13933 pred=0.011318 sigreg=0.898174 total=0.092153 grad_norm=0.3186
[train] epoch=1/3 batch=7600/13933 pred=0.011310 sigreg=0.898043 total=0.092133 grad_norm=0.3286
[train] epoch=1/3 batch=7700/13933 pred=0.011305 sigreg=0.897978 total=0.092123 grad_norm=0.3748
[train] epoch=1/3 batch=7800/13933 pred=0.011305 sigreg=0.897871 total=0.092114 grad_norm=0.3195
[train] epoch=1/3 batch=7900/13933 pred=0.011300 sigreg=0.897760 total=0.092098 grad_norm=0.3140
[train] epoch=1/3 batch=8000/13933 pred=0.011294 sigreg=0.897707 total=0.092088 grad_norm=0.3591
[train] epoch=1/3 batch=8100/13933 pred=0.011289 sigreg=0.897643 total=0.092077 grad_norm=0.3241
[train] epoch=1/3 batch=8200/13933 pred=0.011284 sigreg=0.897575 total=0.092066 grad_norm=0.3428
[train] epoch=1/3 batch=8300/13933 pred=0.011278 sigreg=0.897460 total=0.092050 grad_norm=0.3273
[train] epoch=1/3 batch=8400/13933 pred=0.011273 sigreg=0.897386 total=0.092038 grad_norm=0.3249
[train] epoch=1/3 batch=8500/13933 pred=0.011264 sigreg=0.897256 total=0.092017 grad_norm=0.3058
[train] epoch=1/3 batch=8600/13933 pred=0.011258 sigreg=0.897119 total=0.091999 grad_norm=0.3326
[train] epoch=1/3 batch=8700/13933 pred=0.011251 sigreg=0.897035 total=0.091985 grad_norm=0.3254
[train] epoch=1/3 batch=8800/13933 pred=0.011247 sigreg=0.896987 total=0.091976 grad_norm=0.3623
[train] epoch=1/3 batch=8900/13933 pred=0.011245 sigreg=0.896988 total=0.091974 grad_norm=0.3547
[train] epoch=1/3 batch=9000/13933 pred=0.011238 sigreg=0.896874 total=0.091957 grad_norm=0.3217
[train] epoch=1/3 batch=9100/13933 pred=0.011235 sigreg=0.896718 total=0.091939 grad_norm=0.3447
[train] epoch=1/3 batch=9200/13933 pred=0.011229 sigreg=0.896660 total=0.091928 grad_norm=0.3231
[train] epoch=1/3 batch=9300/13933 pred=0.011221 sigreg=0.896509 total=0.091907 grad_norm=0.3448
[train] epoch=1/3 batch=9400/13933 pred=0.011214 sigreg=0.896365 total=0.091887 grad_norm=0.3081
[train] epoch=1/3 batch=9500/13933 pred=0.011211 sigreg=0.896274 total=0.091876 grad_norm=0.3362
[train] epoch=1/3 batch=9600/13933 pred=0.011208 sigreg=0.896164 total=0.091863 grad_norm=0.3201
[train] epoch=1/3 batch=9700/13933 pred=0.011205 sigreg=0.896089 total=0.091853 grad_norm=0.3132
[train] epoch=1/3 batch=9800/13933 pred=0.011199 sigreg=0.895971 total=0.091837 grad_norm=0.3298
[train] epoch=1/3 batch=9900/13933 pred=0.011193 sigreg=0.895844 total=0.091819 grad_norm=0.3003
[train] epoch=1/3 batch=10000/13933 pred=0.011189 sigreg=0.895808 total=0.091811 grad_norm=0.3227
[train] epoch=1/3 batch=10100/13933 pred=0.011184 sigreg=0.895678 total=0.091795 grad_norm=0.3283
[train] epoch=1/3 batch=10200/13933 pred=0.011176 sigreg=0.895584 total=0.091779 grad_norm=0.3555
[train] epoch=1/3 batch=10300/13933 pred=0.011170 sigreg=0.895513 total=0.091766 grad_norm=0.2845
[train] epoch=1/3 batch=10400/13933 pred=0.011168 sigreg=0.895447 total=0.091758 grad_norm=0.3686
[train] epoch=1/3 batch=10500/13933 pred=0.011167 sigreg=0.895434 total=0.091756 grad_norm=0.3381
[train] epoch=1/3 batch=10600/13933 pred=0.011164 sigreg=0.895328 total=0.091744 grad_norm=0.3276
[train] epoch=1/3 batch=10700/13933 pred=0.011158 sigreg=0.895276 total=0.091733 grad_norm=0.3665
[train] epoch=1/3 batch=10800/13933 pred=0.011153 sigreg=0.895216 total=0.091722 grad_norm=0.3374
[train] epoch=1/3 batch=10900/13933 pred=0.011148 sigreg=0.895188 total=0.091715 grad_norm=0.3426
[train] epoch=1/3 batch=11000/13933 pred=0.011141 sigreg=0.895092 total=0.091700 grad_norm=0.3338
[train] epoch=1/3 batch=11100/13933 pred=0.011138 sigreg=0.894975 total=0.091686 grad_norm=0.3420
[train] epoch=1/3 batch=11200/13933 pred=0.011134 sigreg=0.894835 total=0.091669 grad_norm=0.3156
[train] epoch=1/3 batch=11300/13933 pred=0.011129 sigreg=0.894749 total=0.091656 grad_norm=0.3545
[train] epoch=1/3 batch=11400/13933 pred=0.011122 sigreg=0.894625 total=0.091638 grad_norm=0.3250
[train] epoch=1/3 batch=11500/13933 pred=0.011117 sigreg=0.894517 total=0.091623 grad_norm=0.3430
[train] epoch=1/3 batch=11600/13933 pred=0.011113 sigreg=0.894439 total=0.091613 grad_norm=0.2787
[train] epoch=1/3 batch=11700/13933 pred=0.011107 sigreg=0.894371 total=0.091601 grad_norm=0.3455
[train] epoch=1/3 batch=11800/13933 pred=0.011103 sigreg=0.894249 total=0.091586 grad_norm=0.3493
[train] epoch=1/3 batch=11900/13933 pred=0.011099 sigreg=0.894163 total=0.091573 grad_norm=0.3450
[train] epoch=1/3 batch=12000/13933 pred=0.011093 sigreg=0.894072 total=0.091559 grad_norm=0.3089
[train] epoch=1/3 batch=12100/13933 pred=0.011088 sigreg=0.893942 total=0.091543 grad_norm=0.3273
[train] epoch=1/3 batch=12200/13933 pred=0.011084 sigreg=0.893853 total=0.091531 grad_norm=0.3700
[train] epoch=1/3 batch=12300/13933 pred=0.011079 sigreg=0.893744 total=0.091516 grad_norm=0.3247
[train] epoch=1/3 batch=12400/13933 pred=0.011076 sigreg=0.893681 total=0.091508 grad_norm=0.3525
[train] epoch=1/3 batch=12500/13933 pred=0.011073 sigreg=0.893628 total=0.091499 grad_norm=0.3554
[train] epoch=1/3 batch=12600/13933 pred=0.011069 sigreg=0.893562 total=0.091490 grad_norm=0.3137
[train] epoch=1/3 batch=12700/13933 pred=0.011064 sigreg=0.893466 total=0.091476 grad_norm=0.3301
[train] epoch=1/3 batch=12800/13933 pred=0.011059 sigreg=0.893357 total=0.091462 grad_norm=0.3033
[train] epoch=1/3 batch=12900/13933 pred=0.011056 sigreg=0.893271 total=0.091451 grad_norm=0.3476
[train] epoch=1/3 batch=13000/13933 pred=0.011050 sigreg=0.893220 total=0.091440 grad_norm=0.3423
[train] epoch=1/3 batch=13100/13933 pred=0.011046 sigreg=0.893136 total=0.091428 grad_norm=0.2916
[train] epoch=1/3 batch=13200/13933 pred=0.011042 sigreg=0.893029 total=0.091414 grad_norm=0.3151
[train] epoch=1/3 batch=13300/13933 pred=0.011036 sigreg=0.892935 total=0.091400 grad_norm=0.2969
[train] epoch=1/3 batch=13400/13933 pred=0.011032 sigreg=0.892800 total=0.091384 grad_norm=0.3379
[train] epoch=1/3 batch=13500/13933 pred=0.011030 sigreg=0.892721 total=0.091375 grad_norm=0.3248
[train] epoch=1/3 batch=13600/13933 pred=0.011024 sigreg=0.892600 total=0.091358 grad_norm=0.3225
[train] epoch=1/3 batch=13700/13933 pred=0.011020 sigreg=0.892512 total=0.091346 grad_norm=0.3304
[train] epoch=1/3 batch=13800/13933 pred=0.011016 sigreg=0.892445 total=0.091337 grad_norm=0.3052
[train] epoch=1/3 batch=13900/13933 pred=0.011013 sigreg=0.892344 total=0.091324 grad_norm=0.3268
[train] epoch=2/3 batch=67/13933 pred=0.010201 sigreg=0.879431 total=0.089350 grad_norm=0.3049
[train] epoch=2/3 batch=167/13933 pred=0.010233 sigreg=0.878003 total=0.089253 grad_norm=0.3168
[train] epoch=2/3 batch=267/13933 pred=0.010251 sigreg=0.875723 total=0.089066 grad_norm=0.3314
[train] epoch=2/3 batch=367/13933 pred=0.010282 sigreg=0.875419 total=0.089069 grad_norm=0.3196
[train] epoch=2/3 batch=467/13933 pred=0.010239 sigreg=0.876768 total=0.089149 grad_norm=0.2972
[train] epoch=2/3 batch=567/13933 pred=0.010279 sigreg=0.877973 total=0.089297 grad_norm=0.3125
[train] epoch=2/3 batch=667/13933 pred=0.010267 sigreg=0.878453 total=0.089328 grad_norm=0.3188
[train] epoch=2/3 batch=767/13933 pred=0.010290 sigreg=0.877891 total=0.089301 grad_norm=0.3616
[train] epoch=2/3 batch=867/13933 pred=0.010286 sigreg=0.877259 total=0.089240 grad_norm=0.3013
[train] epoch=2/3 batch=967/13933 pred=0.010288 sigreg=0.877401 total=0.089254 grad_norm=0.2960
[train] epoch=2/3 batch=1067/13933 pred=0.010282 sigreg=0.877420 total=0.089250 grad_norm=0.3181
[train] epoch=2/3 batch=1167/13933 pred=0.010271 sigreg=0.877459 total=0.089242 grad_norm=0.3264
[train] epoch=2/3 batch=1267/13933 pred=0.010283 sigreg=0.877527 total=0.089261 grad_norm=0.3602
[train] epoch=2/3 batch=1367/13933 pred=0.010291 sigreg=0.877357 total=0.089253 grad_norm=0.3002
[train] epoch=2/3 batch=1467/13933 pred=0.010274 sigreg=0.877549 total=0.089253 grad_norm=0.3005
[train] epoch=2/3 batch=1567/13933 pred=0.010256 sigreg=0.877344 total=0.089217 grad_norm=0.3390
[train] epoch=2/3 batch=1667/13933 pred=0.010258 sigreg=0.877391 total=0.089224 grad_norm=0.3177
[train] epoch=2/3 batch=1767/13933 pred=0.010265 sigreg=0.876966 total=0.089192 grad_norm=0.2941
[train] epoch=2/3 batch=1867/13933 pred=0.010253 sigreg=0.876625 total=0.089150 grad_norm=0.3107
[train] epoch=2/3 batch=1967/13933 pred=0.010255 sigreg=0.876565 total=0.089146 grad_norm=0.3331
[train] epoch=2/3 batch=2067/13933 pred=0.010253 sigreg=0.876532 total=0.089141 grad_norm=0.3238
[train] epoch=2/3 batch=2167/13933 pred=0.010250 sigreg=0.876517 total=0.089136 grad_norm=0.3164
[train] epoch=2/3 batch=2267/13933 pred=0.010251 sigreg=0.876488 total=0.089135 grad_norm=0.3109
[train] epoch=2/3 batch=2367/13933 pred=0.010266 sigreg=0.876685 total=0.089167 grad_norm=0.3170
[train] epoch=2/3 batch=2467/13933 pred=0.010266 sigreg=0.876637 total=0.089163 grad_norm=0.3276
[train] epoch=2/3 batch=2567/13933 pred=0.010269 sigreg=0.876626 total=0.089165 grad_norm=0.3571
[train] epoch=2/3 batch=2667/13933 pred=0.010268 sigreg=0.876447 total=0.089149 grad_norm=0.3276
[train] epoch=2/3 batch=2767/13933 pred=0.010279 sigreg=0.876428 total=0.089158 grad_norm=0.2885
[train] epoch=2/3 batch=2867/13933 pred=0.010272 sigreg=0.876455 total=0.089153 grad_norm=0.3583
[train] epoch=2/3 batch=2967/13933 pred=0.010276 sigreg=0.876336 total=0.089146 grad_norm=0.3220
[train] epoch=2/3 batch=3067/13933 pred=0.010276 sigreg=0.876257 total=0.089139 grad_norm=0.2958
[train] epoch=2/3 batch=3167/13933 pred=0.010286 sigreg=0.876137 total=0.089139 grad_norm=0.3330
[train] epoch=2/3 batch=3267/13933 pred=0.010280 sigreg=0.876140 total=0.089133 grad_norm=0.3079
[train] epoch=2/3 batch=3367/13933 pred=0.010281 sigreg=0.875946 total=0.089117 grad_norm=0.2865
[train] epoch=2/3 batch=3467/13933 pred=0.010282 sigreg=0.875894 total=0.089112 grad_norm=0.3291
[train] epoch=2/3 batch=3567/13933 pred=0.010274 sigreg=0.875798 total=0.089096 grad_norm=0.3259
[train] epoch=2/3 batch=3667/13933 pred=0.010272 sigreg=0.875786 total=0.089093 grad_norm=0.3208
[train] epoch=2/3 batch=3767/13933 pred=0.010270 sigreg=0.875674 total=0.089081 grad_norm=0.3233
[train] epoch=2/3 batch=3867/13933 pred=0.010264 sigreg=0.875615 total=0.089070 grad_norm=0.3278
[train] epoch=2/3 batch=3967/13933 pred=0.010256 sigreg=0.875451 total=0.089047 grad_norm=0.3002
[train] epoch=2/3 batch=4067/13933 pred=0.010256 sigreg=0.875368 total=0.089039 grad_norm=0.3299
[train] epoch=2/3 batch=4167/13933 pred=0.010255 sigreg=0.875267 total=0.089029 grad_norm=0.3079
[train] epoch=2/3 batch=4267/13933 pred=0.010251 sigreg=0.875232 total=0.089022 grad_norm=0.3006
[train] epoch=2/3 batch=4367/13933 pred=0.010248 sigreg=0.875113 total=0.089008 grad_norm=0.2935
[train] epoch=2/3 batch=4467/13933 pred=0.010245 sigreg=0.875097 total=0.089004 grad_norm=0.3588
[train] epoch=2/3 batch=4567/13933 pred=0.010244 sigreg=0.875079 total=0.089001 grad_norm=0.3040
[train] epoch=2/3 batch=4667/13933 pred=0.010245 sigreg=0.874880 total=0.088984 grad_norm=0.2985
[train] epoch=2/3 batch=4767/13933 pred=0.010244 sigreg=0.874758 total=0.088972 grad_norm=0.3196
[train] epoch=2/3 batch=4867/13933 pred=0.010236 sigreg=0.874614 total=0.088952 grad_norm=0.3065
[train] epoch=2/3 batch=4967/13933 pred=0.010236 sigreg=0.874624 total=0.088953 grad_norm=0.3087
[train] epoch=2/3 batch=5067/13933 pred=0.010233 sigreg=0.874548 total=0.088943 grad_norm=0.3258
[train] epoch=2/3 batch=5167/13933 pred=0.010233 sigreg=0.874532 total=0.088941 grad_norm=0.2978
[train] epoch=2/3 batch=5267/13933 pred=0.010222 sigreg=0.874369 total=0.088915 grad_norm=0.3039
[train] epoch=2/3 batch=5367/13933 pred=0.010219 sigreg=0.874348 total=0.088911 grad_norm=0.2868
[train] epoch=2/3 batch=5467/13933 pred=0.010214 sigreg=0.874273 total=0.088899 grad_norm=0.2965
[train] epoch=2/3 batch=5567/13933 pred=0.010212 sigreg=0.874223 total=0.088892 grad_norm=0.2890
[train] epoch=2/3 batch=5667/13933 pred=0.010211 sigreg=0.874226 total=0.088891 grad_norm=0.3222
[train] epoch=2/3 batch=5767/13933 pred=0.010208 sigreg=0.874126 total=0.088879 grad_norm=0.3325
[train] epoch=2/3 batch=5867/13933 pred=0.010201 sigreg=0.874012 total=0.088862 grad_norm=0.2818
[train] epoch=2/3 batch=5967/13933 pred=0.010203 sigreg=0.873911 total=0.088855 grad_norm=0.3191
[train] epoch=2/3 batch=6067/13933 pred=0.010202 sigreg=0.873846 total=0.088849 grad_norm=0.3314
[train] epoch=2/3 batch=6167/13933 pred=0.010201 sigreg=0.873774 total=0.088841 grad_norm=0.2967
[train] epoch=2/3 batch=6267/13933 pred=0.010196 sigreg=0.873728 total=0.088831 grad_norm=0.3079
[train] epoch=2/3 batch=6367/13933 pred=0.010191 sigreg=0.873627 total=0.088817 grad_norm=0.2920
[train] epoch=2/3 batch=6467/13933 pred=0.010187 sigreg=0.873551 total=0.088806 grad_norm=0.3101
[train] epoch=2/3 batch=6567/13933 pred=0.010179 sigreg=0.873357 total=0.088781 grad_norm=0.3290
[train] epoch=2/3 batch=6667/13933 pred=0.010177 sigreg=0.873261 total=0.088771 grad_norm=0.3079
[train] epoch=2/3 batch=6767/13933 pred=0.010170 sigreg=0.873072 total=0.088747 grad_norm=0.3157
[train] epoch=2/3 batch=6867/13933 pred=0.010167 sigreg=0.872909 total=0.088729 grad_norm=0.2737
[train] epoch=2/3 batch=6967/13933 pred=0.010161 sigreg=0.872888 total=0.088721 grad_norm=0.3145
[train] epoch=2/3 batch=7067/13933 pred=0.010158 sigreg=0.872746 total=0.088705 grad_norm=0.3784
[train] epoch=2/3 batch=7167/13933 pred=0.010155 sigreg=0.872685 total=0.088697 grad_norm=0.2974
[train] epoch=2/3 batch=7267/13933 pred=0.010151 sigreg=0.872566 total=0.088682 grad_norm=0.3050
[train] epoch=2/3 batch=7367/13933 pred=0.010148 sigreg=0.872514 total=0.088674 grad_norm=0.2912
[train] epoch=2/3 batch=7467/13933 pred=0.010146 sigreg=0.872444 total=0.088666 grad_norm=0.3118
[train] epoch=2/3 batch=7567/13933 pred=0.010145 sigreg=0.872452 total=0.088666 grad_norm=0.2953
[train] epoch=2/3 batch=7667/13933 pred=0.010142 sigreg=0.872408 total=0.088659 grad_norm=0.3254
[train] epoch=2/3 batch=7767/13933 pred=0.010143 sigreg=0.872404 total=0.088660 grad_norm=0.3184
[train] epoch=2/3 batch=7867/13933 pred=0.010141 sigreg=0.872289 total=0.088647 grad_norm=0.3132
[train] epoch=2/3 batch=7967/13933 pred=0.010135 sigreg=0.872132 total=0.088627 grad_norm=0.3547
[train] epoch=2/3 batch=8067/13933 pred=0.010130 sigreg=0.872133 total=0.088622 grad_norm=0.3164
[train] epoch=2/3 batch=8167/13933 pred=0.010124 sigreg=0.872080 total=0.088612 grad_norm=0.3393
[train] epoch=2/3 batch=8267/13933 pred=0.010121 sigreg=0.871995 total=0.088600 grad_norm=0.2934
[train] epoch=2/3 batch=8367/13933 pred=0.010121 sigreg=0.871929 total=0.088594 grad_norm=0.3200
[train] epoch=2/3 batch=8467/13933 pred=0.010118 sigreg=0.871855 total=0.088585 grad_norm=0.3142
[train] epoch=2/3 batch=8567/13933 pred=0.010115 sigreg=0.871793 total=0.088576 grad_norm=0.2960
[train] epoch=2/3 batch=8667/13933 pred=0.010111 sigreg=0.871644 total=0.088559 grad_norm=0.2793
[train] epoch=2/3 batch=8767/13933 pred=0.010107 sigreg=0.871569 total=0.088549 grad_norm=0.3191
[train] epoch=2/3 batch=8867/13933 pred=0.010105 sigreg=0.871387 total=0.088530 grad_norm=0.2895
[train] epoch=2/3 batch=8967/13933 pred=0.010106 sigreg=0.871341 total=0.088527 grad_norm=0.3530
[train] epoch=2/3 batch=9067/13933 pred=0.010106 sigreg=0.871364 total=0.088529 grad_norm=0.3021
[train] epoch=2/3 batch=9167/13933 pred=0.010107 sigreg=0.871328 total=0.088527 grad_norm=0.3047
[train] epoch=2/3 batch=9267/13933 pred=0.010106 sigreg=0.871300 total=0.088523 grad_norm=0.2748
[train] epoch=2/3 batch=9367/13933 pred=0.010102 sigreg=0.871192 total=0.088509 grad_norm=0.3096
[train] epoch=2/3 batch=9467/13933 pred=0.010099 sigreg=0.871133 total=0.088501 grad_norm=0.3041
[train] epoch=2/3 batch=9567/13933 pred=0.010094 sigreg=0.871040 total=0.088487 grad_norm=0.3144
[train] epoch=2/3 batch=9667/13933 pred=0.010092 sigreg=0.870945 total=0.088477 grad_norm=0.2933
[train] epoch=2/3 batch=9767/13933 pred=0.010092 sigreg=0.870887 total=0.088472 grad_norm=0.2910
[train] epoch=2/3 batch=9867/13933 pred=0.010092 sigreg=0.870864 total=0.088469 grad_norm=0.3458
[train] epoch=2/3 batch=9967/13933 pred=0.010090 sigreg=0.870826 total=0.088465 grad_norm=0.3040
[train] epoch=2/3 batch=10067/13933 pred=0.010086 sigreg=0.870717 total=0.088451 grad_norm=0.2883
[train] epoch=2/3 batch=10167/13933 pred=0.010083 sigreg=0.870637 total=0.088441 grad_norm=0.3527
[train] epoch=2/3 batch=10267/13933 pred=0.010082 sigreg=0.870612 total=0.088438 grad_norm=0.3091
[train] epoch=2/3 batch=10367/13933 pred=0.010079 sigreg=0.870504 total=0.088425 grad_norm=0.2767
[train] epoch=2/3 batch=10467/13933 pred=0.010078 sigreg=0.870436 total=0.088418 grad_norm=0.3000
[train] epoch=2/3 batch=10567/13933 pred=0.010076 sigreg=0.870388 total=0.088411 grad_norm=0.3082
[train] epoch=2/3 batch=10667/13933 pred=0.010076 sigreg=0.870325 total=0.088405 grad_norm=0.2995
[train] epoch=2/3 batch=10767/13933 pred=0.010074 sigreg=0.870245 total=0.088396 grad_norm=0.2940
[train] epoch=2/3 batch=10867/13933 pred=0.010071 sigreg=0.870118 total=0.088382 grad_norm=0.2833
[train] epoch=2/3 batch=10967/13933 pred=0.010070 sigreg=0.870082 total=0.088378 grad_norm=0.3113
[train] epoch=2/3 batch=11067/13933 pred=0.010069 sigreg=0.870099 total=0.088378 grad_norm=0.2981
[train] epoch=2/3 batch=11167/13933 pred=0.010068 sigreg=0.870073 total=0.088375 grad_norm=0.3279
[train] epoch=2/3 batch=11267/13933 pred=0.010065 sigreg=0.869998 total=0.088365 grad_norm=0.3003
[train] epoch=2/3 batch=11367/13933 pred=0.010064 sigreg=0.869891 total=0.088354 grad_norm=0.3895
[train] epoch=2/3 batch=11467/13933 pred=0.010063 sigreg=0.869848 total=0.088349 grad_norm=0.2995
[train] epoch=2/3 batch=11567/13933 pred=0.010058 sigreg=0.869820 total=0.088341 grad_norm=0.2954
[train] epoch=2/3 batch=11667/13933 pred=0.010056 sigreg=0.869744 total=0.088333 grad_norm=0.3111
[train] epoch=2/3 batch=11767/13933 pred=0.010056 sigreg=0.869655 total=0.088325 grad_norm=0.2894
[train] epoch=2/3 batch=11867/13933 pred=0.010053 sigreg=0.869651 total=0.088321 grad_norm=0.2823
[train] epoch=2/3 batch=11967/13933 pred=0.010051 sigreg=0.869619 total=0.088317 grad_norm=0.2845
[train] epoch=2/3 batch=12067/13933 pred=0.010048 sigreg=0.869535 total=0.088306 grad_norm=0.3155
[train] epoch=2/3 batch=12167/13933 pred=0.010046 sigreg=0.869459 total=0.088297 grad_norm=0.4593
[train] epoch=2/3 batch=12267/13933 pred=0.010042 sigreg=0.869421 total=0.088290 grad_norm=0.3425
[train] epoch=2/3 batch=12367/13933 pred=0.010039 sigreg=0.869347 total=0.088281 grad_norm=0.2706
[train] epoch=2/3 batch=12467/13933 pred=0.010035 sigreg=0.869280 total=0.088270 grad_norm=0.2824
[train] epoch=2/3 batch=12567/13933 pred=0.010032 sigreg=0.869223 total=0.088262 grad_norm=0.2872
[train] epoch=2/3 batch=12667/13933 pred=0.010029 sigreg=0.869117 total=0.088249 grad_norm=0.2922
[train] epoch=2/3 batch=12767/13933 pred=0.010024 sigreg=0.869030 total=0.088237 grad_norm=0.3158
[train] epoch=2/3 batch=12867/13933 pred=0.010020 sigreg=0.868927 total=0.088224 grad_norm=0.2984
[train] epoch=2/3 batch=12967/13933 pred=0.010017 sigreg=0.868827 total=0.088212 grad_norm=0.3100
[train] epoch=2/3 batch=13067/13933 pred=0.010013 sigreg=0.868789 total=0.088204 grad_norm=0.2879
[train] epoch=2/3 batch=13167/13933 pred=0.010008 sigreg=0.868683 total=0.088190 grad_norm=0.2881
[train] epoch=2/3 batch=13267/13933 pred=0.010008 sigreg=0.868606 total=0.088183 grad_norm=0.3181
[train] epoch=2/3 batch=13367/13933 pred=0.010006 sigreg=0.868548 total=0.088176 grad_norm=0.2737
[train] epoch=2/3 batch=13467/13933 pred=0.010002 sigreg=0.868483 total=0.088165 grad_norm=0.3349
[train] epoch=2/3 batch=13567/13933 pred=0.009998 sigreg=0.868398 total=0.088154 grad_norm=0.3077
[train] epoch=2/3 batch=13667/13933 pred=0.009994 sigreg=0.868276 total=0.088139 grad_norm=0.2921
[train] epoch=2/3 batch=13767/13933 pred=0.009991 sigreg=0.868208 total=0.088130 grad_norm=0.2904
[train] epoch=2/3 batch=13867/13933 pred=0.009988 sigreg=0.868129 total=0.088120 grad_norm=0.3645
[train] epoch=3/3 batch=34/13933 pred=0.009764 sigreg=0.856714 total=0.086869 grad_norm=0.2941
[train] epoch=3/3 batch=134/13933 pred=0.009391 sigreg=0.856260 total=0.086454 grad_norm=0.2880
[train] epoch=3/3 batch=234/13933 pred=0.009406 sigreg=0.856977 total=0.086534 grad_norm=0.2746
[train] epoch=3/3 batch=334/13933 pred=0.009454 sigreg=0.856780 total=0.086564 grad_norm=0.2857
[train] epoch=3/3 batch=434/13933 pred=0.009489 sigreg=0.857366 total=0.086652 grad_norm=0.2985
[train] epoch=3/3 batch=534/13933 pred=0.009569 sigreg=0.858502 total=0.086834 grad_norm=0.2978
[train] epoch=3/3 batch=634/13933 pred=0.009563 sigreg=0.857520 total=0.086740 grad_norm=0.2854
[train] epoch=3/3 batch=734/13933 pred=0.009541 sigreg=0.857568 total=0.086722 grad_norm=0.3144
[train] epoch=3/3 batch=834/13933 pred=0.009534 sigreg=0.857616 total=0.086719 grad_norm=0.2610
[train] epoch=3/3 batch=934/13933 pred=0.009510 sigreg=0.856748 total=0.086618 grad_norm=0.2709
[train] epoch=3/3 batch=1034/13933 pred=0.009490 sigreg=0.856797 total=0.086602 grad_norm=0.2944
[train] epoch=3/3 batch=1134/13933 pred=0.009495 sigreg=0.856505 total=0.086581 grad_norm=0.2980
[train] epoch=3/3 batch=1234/13933 pred=0.009493 sigreg=0.856491 total=0.086578 grad_norm=0.3003
[train] epoch=3/3 batch=1334/13933 pred=0.009502 sigreg=0.856720 total=0.086607 grad_norm=0.3093
[train] epoch=3/3 batch=1434/13933 pred=0.009501 sigreg=0.856461 total=0.086583 grad_norm=0.2871
[train] epoch=3/3 batch=1534/13933 pred=0.009494 sigreg=0.856809 total=0.086607 grad_norm=0.3022
[train] epoch=3/3 batch=1634/13933 pred=0.009487 sigreg=0.856821 total=0.086601 grad_norm=0.2943
[train] epoch=3/3 batch=1734/13933 pred=0.009488 sigreg=0.856921 total=0.086611 grad_norm=0.3013
[train] epoch=3/3 batch=1834/13933 pred=0.009480 sigreg=0.856979 total=0.086608 grad_norm=0.3013
[train] epoch=3/3 batch=1934/13933 pred=0.009491 sigreg=0.857023 total=0.086623 grad_norm=0.2793
[train] epoch=3/3 batch=2034/13933 pred=0.009488 sigreg=0.856948 total=0.086613 grad_norm=0.3348
[train] epoch=3/3 batch=2134/13933 pred=0.009476 sigreg=0.856860 total=0.086594 grad_norm=0.2981
[train] epoch=3/3 batch=2234/13933 pred=0.009489 sigreg=0.856878 total=0.086608 grad_norm=0.3631
[train] epoch=3/3 batch=2334/13933 pred=0.009491 sigreg=0.857000 total=0.086621 grad_norm=0.2840
[train] epoch=3/3 batch=2434/13933 pred=0.009484 sigreg=0.856906 total=0.086605 grad_norm=0.2962
[train] epoch=3/3 batch=2534/13933 pred=0.009471 sigreg=0.856979 total=0.086599 grad_norm=0.3138
[train] epoch=3/3 batch=2634/13933 pred=0.009472 sigreg=0.856975 total=0.086600 grad_norm=0.3147
[train] epoch=3/3 batch=2734/13933 pred=0.009473 sigreg=0.856974 total=0.086601 grad_norm=0.2834
[train] epoch=3/3 batch=2834/13933 pred=0.009471 sigreg=0.856986 total=0.086600 grad_norm=0.2842
[train] epoch=3/3 batch=2934/13933 pred=0.009476 sigreg=0.857040 total=0.086609 grad_norm=0.3633
[train] epoch=3/3 batch=3034/13933 pred=0.009473 sigreg=0.857153 total=0.086617 grad_norm=0.2865
[train] epoch=3/3 batch=3134/13933 pred=0.009480 sigreg=0.857198 total=0.086628 grad_norm=0.2646
[train] epoch=3/3 batch=3234/13933 pred=0.009478 sigreg=0.857082 total=0.086615 grad_norm=0.2898
[train] epoch=3/3 batch=3334/13933 pred=0.009476 sigreg=0.857064 total=0.086612 grad_norm=0.2837
[train] epoch=3/3 batch=3434/13933 pred=0.009477 sigreg=0.857088 total=0.086615 grad_norm=0.2768
[train] epoch=3/3 batch=3534/13933 pred=0.009477 sigreg=0.857020 total=0.086609 grad_norm=0.2773
[train] epoch=3/3 batch=3634/13933 pred=0.009474 sigreg=0.856878 total=0.086593 grad_norm=0.3107
[train] epoch=3/3 batch=3734/13933 pred=0.009470 sigreg=0.856795 total=0.086581 grad_norm=0.2825
[train] epoch=3/3 batch=3834/13933 pred=0.009466 sigreg=0.856646 total=0.086564 grad_norm=0.2858
[train] epoch=3/3 batch=3934/13933 pred=0.009466 sigreg=0.856520 total=0.086553 grad_norm=0.2742
[train] epoch=3/3 batch=4034/13933 pred=0.009461 sigreg=0.856312 total=0.086529 grad_norm=0.2693
[train] epoch=3/3 batch=4134/13933 pred=0.009462 sigreg=0.856312 total=0.086530 grad_norm=0.3197
[train] epoch=3/3 batch=4234/13933 pred=0.009460 sigreg=0.856353 total=0.086532 grad_norm=0.2719
[train] epoch=3/3 batch=4334/13933 pred=0.009453 sigreg=0.856282 total=0.086519 grad_norm=0.2544
[train] epoch=3/3 batch=4434/13933 pred=0.009445 sigreg=0.856241 total=0.086507 grad_norm=0.2781
[train] epoch=3/3 batch=4534/13933 pred=0.009437 sigreg=0.856123 total=0.086488 grad_norm=0.2885
[train] epoch=3/3 batch=4634/13933 pred=0.009441 sigreg=0.856007 total=0.086481 grad_norm=0.2802
[train] epoch=3/3 batch=4734/13933 pred=0.009437 sigreg=0.855896 total=0.086468 grad_norm=0.2786
[train] epoch=3/3 batch=4834/13933 pred=0.009433 sigreg=0.855818 total=0.086457 grad_norm=0.2982
[train] epoch=3/3 batch=4934/13933 pred=0.009429 sigreg=0.855728 total=0.086445 grad_norm=0.2842
[train] epoch=3/3 batch=5034/13933 pred=0.009422 sigreg=0.855584 total=0.086424 grad_norm=0.3311
[train] epoch=3/3 batch=5134/13933 pred=0.009418 sigreg=0.855503 total=0.086414 grad_norm=0.2870
[train] epoch=3/3 batch=5234/13933 pred=0.009419 sigreg=0.855397 total=0.086405 grad_norm=0.2879
[train] epoch=3/3 batch=5334/13933 pred=0.009413 sigreg=0.855390 total=0.086398 grad_norm=0.2891
[train] epoch=3/3 batch=5434/13933 pred=0.009413 sigreg=0.855367 total=0.086397 grad_norm=0.2736
[train] epoch=3/3 batch=5534/13933 pred=0.009412 sigreg=0.855268 total=0.086386 grad_norm=0.3380
[train] epoch=3/3 batch=5634/13933 pred=0.009415 sigreg=0.855121 total=0.086376 grad_norm=0.2828
[train] epoch=3/3 batch=5734/13933 pred=0.009416 sigreg=0.855079 total=0.086373 grad_norm=0.2813
[train] epoch=3/3 batch=5834/13933 pred=0.009418 sigreg=0.855048 total=0.086373 grad_norm=0.2745
[train] epoch=3/3 batch=5934/13933 pred=0.009411 sigreg=0.854916 total=0.086354 grad_norm=0.2982
[train] epoch=3/3 batch=6034/13933 pred=0.009409 sigreg=0.854822 total=0.086343 grad_norm=0.2951
[train] epoch=3/3 batch=6134/13933 pred=0.009407 sigreg=0.854707 total=0.086330 grad_norm=0.3190
[train] epoch=3/3 batch=6234/13933 pred=0.009406 sigreg=0.854625 total=0.086322 grad_norm=0.2886
[train] epoch=3/3 batch=6334/13933 pred=0.009405 sigreg=0.854596 total=0.086318 grad_norm=0.2960
[train] epoch=3/3 batch=6434/13933 pred=0.009400 sigreg=0.854504 total=0.086306 grad_norm=0.3054
[train] epoch=3/3 batch=6534/13933 pred=0.009395 sigreg=0.854391 total=0.086290 grad_norm=0.3182
[train] epoch=3/3 batch=6634/13933 pred=0.009394 sigreg=0.854412 total=0.086291 grad_norm=0.2844
[train] epoch=3/3 batch=6734/13933 pred=0.009391 sigreg=0.854387 total=0.086286 grad_norm=0.2710
[train] epoch=3/3 batch=6834/13933 pred=0.009390 sigreg=0.854400 total=0.086286 grad_norm=0.2805
[train] epoch=3/3 batch=6934/13933 pred=0.009392 sigreg=0.854389 total=0.086287 grad_norm=0.2834
[train] epoch=3/3 batch=7034/13933 pred=0.009391 sigreg=0.854366 total=0.086284 grad_norm=0.2780
[train] epoch=3/3 batch=7134/13933 pred=0.009394 sigreg=0.854293 total=0.086281 grad_norm=0.3144
[train] epoch=3/3 batch=7234/13933 pred=0.009391 sigreg=0.854282 total=0.086276 grad_norm=0.2973
[train] epoch=3/3 batch=7334/13933 pred=0.009392 sigreg=0.854285 total=0.086278 grad_norm=0.3007
[train] epoch=3/3 batch=7434/13933 pred=0.009389 sigreg=0.854286 total=0.086274 grad_norm=0.2860
[train] epoch=3/3 batch=7534/13933 pred=0.009384 sigreg=0.854220 total=0.086264 grad_norm=0.2838
[train] epoch=3/3 batch=7634/13933 pred=0.009379 sigreg=0.854141 total=0.086252 grad_norm=0.2621
[train] epoch=3/3 batch=7734/13933 pred=0.009377 sigreg=0.854068 total=0.086244 grad_norm=0.2890
[train] epoch=3/3 batch=7834/13933 pred=0.009375 sigreg=0.854035 total=0.086239 grad_norm=0.2732
[train] epoch=3/3 batch=7934/13933 pred=0.009373 sigreg=0.853920 total=0.086226 grad_norm=0.2948
[train] epoch=3/3 batch=8034/13933 pred=0.009373 sigreg=0.853819 total=0.086216 grad_norm=0.3270
[train] epoch=3/3 batch=8134/13933 pred=0.009370 sigreg=0.853797 total=0.086211 grad_norm=0.2837
[train] epoch=3/3 batch=8234/13933 pred=0.009367 sigreg=0.853757 total=0.086205 grad_norm=0.3066
[train] epoch=3/3 batch=8334/13933 pred=0.009369 sigreg=0.853774 total=0.086208 grad_norm=0.3078
[train] epoch=3/3 batch=8434/13933 pred=0.009366 sigreg=0.853674 total=0.086196 grad_norm=0.2873
[train] epoch=3/3 batch=8534/13933 pred=0.009363 sigreg=0.853629 total=0.086189 grad_norm=0.3096
[train] epoch=3/3 batch=8634/13933 pred=0.009361 sigreg=0.853545 total=0.086180 grad_norm=0.2827
[train] epoch=3/3 batch=8734/13933 pred=0.009360 sigreg=0.853555 total=0.086180 grad_norm=0.2707
[train] epoch=3/3 batch=8834/13933 pred=0.009357 sigreg=0.853540 total=0.086175 grad_norm=0.2603
[train] epoch=3/3 batch=8934/13933 pred=0.009355 sigreg=0.853541 total=0.086174 grad_norm=0.3059
[train] epoch=3/3 batch=9034/13933 pred=0.009354 sigreg=0.853472 total=0.086166 grad_norm=0.3321
[train] epoch=3/3 batch=9134/13933 pred=0.009350 sigreg=0.853396 total=0.086156 grad_norm=0.3200
[train] epoch=3/3 batch=9234/13933 pred=0.009349 sigreg=0.853304 total=0.086147 grad_norm=0.2978
[train] epoch=3/3 batch=9334/13933 pred=0.009347 sigreg=0.853318 total=0.086146 grad_norm=0.2808
[train] epoch=3/3 batch=9434/13933 pred=0.009342 sigreg=0.853301 total=0.086139 grad_norm=0.2661
[train] epoch=3/3 batch=9534/13933 pred=0.009341 sigreg=0.853230 total=0.086132 grad_norm=0.2735
[train] epoch=3/3 batch=9634/13933 pred=0.009340 sigreg=0.853179 total=0.086126 grad_norm=0.2939
[train] epoch=3/3 batch=9734/13933 pred=0.009340 sigreg=0.853151 total=0.086124 grad_norm=0.2810
[train] epoch=3/3 batch=9834/13933 pred=0.009337 sigreg=0.853107 total=0.086117 grad_norm=0.2911
[train] epoch=3/3 batch=9934/13933 pred=0.009338 sigreg=0.853042 total=0.086112 grad_norm=0.2950
[train] epoch=3/3 batch=10034/13933 pred=0.009337 sigreg=0.852975 total=0.086105 grad_norm=0.2806
[train] epoch=3/3 batch=10134/13933 pred=0.009335 sigreg=0.852947 total=0.086100 grad_norm=0.2845
[train] epoch=3/3 batch=10234/13933 pred=0.009331 sigreg=0.852891 total=0.086091 grad_norm=0.3136
[train] epoch=3/3 batch=10334/13933 pred=0.009329 sigreg=0.852909 total=0.086091 grad_norm=0.2968
[train] epoch=3/3 batch=10434/13933 pred=0.009325 sigreg=0.852848 total=0.086082 grad_norm=0.2600
[train] epoch=3/3 batch=10534/13933 pred=0.009324 sigreg=0.852741 total=0.086071 grad_norm=0.2844
[train] epoch=3/3 batch=10634/13933 pred=0.009319 sigreg=0.852660 total=0.086059 grad_norm=0.3030
[train] epoch=3/3 batch=10734/13933 pred=0.009318 sigreg=0.852597 total=0.086052 grad_norm=0.2669
[train] epoch=3/3 batch=10834/13933 pred=0.009317 sigreg=0.852542 total=0.086045 grad_norm=0.2648
[train] epoch=3/3 batch=10934/13933 pred=0.009312 sigreg=0.852472 total=0.086035 grad_norm=0.2654
[train] epoch=3/3 batch=11034/13933 pred=0.009311 sigreg=0.852452 total=0.086032 grad_norm=0.2778
[train] epoch=3/3 batch=11134/13933 pred=0.009310 sigreg=0.852411 total=0.086027 grad_norm=0.3024
[train] epoch=3/3 batch=11234/13933 pred=0.009306 sigreg=0.852362 total=0.086019 grad_norm=0.2854
[train] epoch=3/3 batch=11334/13933 pred=0.009305 sigreg=0.852276 total=0.086010 grad_norm=0.3453
[train] epoch=3/3 batch=11434/13933 pred=0.009301 sigreg=0.852223 total=0.086002 grad_norm=0.2672
[train] epoch=3/3 batch=11534/13933 pred=0.009298 sigreg=0.852184 total=0.085995 grad_norm=0.2953
[train] epoch=3/3 batch=11634/13933 pred=0.009297 sigreg=0.852149 total=0.085990 grad_norm=0.2592
[train] epoch=3/3 batch=11734/13933 pred=0.009296 sigreg=0.852132 total=0.085988 grad_norm=0.2740
[train] epoch=3/3 batch=11834/13933 pred=0.009295 sigreg=0.852083 total=0.085983 grad_norm=0.3117
[train] epoch=3/3 batch=11934/13933 pred=0.009295 sigreg=0.852080 total=0.085982 grad_norm=0.2585
[train] epoch=3/3 batch=12034/13933 pred=0.009294 sigreg=0.852054 total=0.085979 grad_norm=0.2912
[train] epoch=3/3 batch=12134/13933 pred=0.009292 sigreg=0.852023 total=0.085974 grad_norm=0.3116
[train] epoch=3/3 batch=12234/13933 pred=0.009292 sigreg=0.852035 total=0.085975 grad_norm=0.2889
[train] epoch=3/3 batch=12334/13933 pred=0.009288 sigreg=0.851947 total=0.085963 grad_norm=0.2800
[train] epoch=3/3 batch=12434/13933 pred=0.009284 sigreg=0.851862 total=0.085951 grad_norm=0.2962
[train] epoch=3/3 batch=12534/13933 pred=0.009282 sigreg=0.851860 total=0.085949 grad_norm=0.2739
[train] epoch=3/3 batch=12634/13933 pred=0.009278 sigreg=0.851764 total=0.085937 grad_norm=0.2758
[train] epoch=3/3 batch=12734/13933 pred=0.009274 sigreg=0.851688 total=0.085926 grad_norm=0.2506
[train] epoch=3/3 batch=12834/13933 pred=0.009272 sigreg=0.851658 total=0.085922 grad_norm=0.2696
[train] epoch=3/3 batch=12934/13933 pred=0.009269 sigreg=0.851621 total=0.085915 grad_norm=0.2864
[train] epoch=3/3 batch=13034/13933 pred=0.009267 sigreg=0.851545 total=0.085906 grad_norm=0.2581
[train] epoch=3/3 batch=13134/13933 pred=0.009263 sigreg=0.851482 total=0.085897 grad_norm=0.2772
[train] epoch=3/3 batch=13234/13933 pred=0.009262 sigreg=0.851421 total=0.085889 grad_norm=0.2715
[train] epoch=3/3 batch=13334/13933 pred=0.009261 sigreg=0.851385 total=0.085886 grad_norm=0.2895
[train] epoch=3/3 batch=13434/13933 pred=0.009258 sigreg=0.851346 total=0.085879 grad_norm=0.2673
[train] epoch=3/3 batch=13534/13933 pred=0.009255 sigreg=0.851277 total=0.085870 grad_norm=0.2732
[train] epoch=3/3 batch=13634/13933 pred=0.009253 sigreg=0.851237 total=0.085864 grad_norm=0.2756
[train] epoch=3/3 batch=13734/13933 pred=0.009251 sigreg=0.851205 total=0.085859 grad_norm=0.2980
[train] epoch=3/3 batch=13834/13933 pred=0.009248 sigreg=0.851136 total=0.085850 grad_norm=0.2691
[done] checkpoint=experiments/pusht/matrix/training/joint/train0/joint_continue_object.ckpt formal_full_epoch=True training_sec=14410.9
