[data] 693728 train transitions, cluster source=experiments/real_gauge_drift/results/latent_landmark_spectral_k3/spectral_M20000_k30_P16_seed2, route_label_offset_steps=0
  cluster0: 246180 transitions
  cluster1: 231121 transitions
  cluster2: 216427 transitions
  [cache] loaded merged embeddings from experiments/real_gauge_drift/results/tworoom_latent_spectral_spectral_M20000_k30_P16_seed2_trainseed625/P_train_global_merged_embeddings.npz
[train] cluster0: 246180 transitions, 50 epochs
  [train] epoch 1/50  train_loss=0.023921  eval_loss=0.011632
  [train] epoch 2/50  train_loss=0.010010  eval_loss=0.009157
  [train] epoch 3/50  train_loss=0.008835  eval_loss=0.007786
  [train] epoch 4/50  train_loss=0.007907  eval_loss=0.006794
  [train] epoch 5/50  train_loss=0.007098  eval_loss=0.006415
  [train] epoch 6/50  train_loss=0.006538  eval_loss=0.006331
  [train] epoch 7/50  train_loss=0.005954  eval_loss=0.005748
  [train] epoch 8/50  train_loss=0.005587  eval_loss=0.005348
  [train] epoch 9/50  train_loss=0.005137  eval_loss=0.004529
  [train] epoch 10/50  train_loss=0.004765  eval_loss=0.004394
  [train] epoch 11/50  train_loss=0.004598  eval_loss=0.004412
  [train] epoch 12/50  train_loss=0.004296  eval_loss=0.004405
  [train] epoch 13/50  train_loss=0.004006  eval_loss=0.004703
  [train] epoch 14/50  train_loss=0.003812  eval_loss=0.003224
  [train] epoch 15/50  train_loss=0.003670  eval_loss=0.003152
  [train] epoch 16/50  train_loss=0.003371  eval_loss=0.002932
  [train] epoch 17/50  train_loss=0.003318  eval_loss=0.003421
  [train] epoch 18/50  train_loss=0.003113  eval_loss=0.002631
  [train] epoch 19/50  train_loss=0.003100  eval_loss=0.003300
  [train] epoch 20/50  train_loss=0.002945  eval_loss=0.002252
  [train] epoch 21/50  train_loss=0.002863  eval_loss=0.002302
  [train] epoch 22/50  train_loss=0.002567  eval_loss=0.002272
  [train] epoch 23/50  train_loss=0.002562  eval_loss=0.001993
  [train] epoch 24/50  train_loss=0.002536  eval_loss=0.002558
  [train] epoch 25/50  train_loss=0.002439  eval_loss=0.002064
  [train] epoch 26/50  train_loss=0.002283  eval_loss=0.001896
  [train] epoch 27/50  train_loss=0.002315  eval_loss=0.002114
  [train] epoch 28/50  train_loss=0.002168  eval_loss=0.001785
  [train] epoch 29/50  train_loss=0.002193  eval_loss=0.001889
  [train] epoch 30/50  train_loss=0.001968  eval_loss=0.001788
  [train] epoch 31/50  train_loss=0.002012  eval_loss=0.001709
  [train] epoch 32/50  train_loss=0.002000  eval_loss=0.001255
  [train] epoch 33/50  train_loss=0.001814  eval_loss=0.002515
  [train] epoch 34/50  train_loss=0.001940  eval_loss=0.001741
  [train] epoch 35/50  train_loss=0.001848  eval_loss=0.002225
  [train] epoch 36/50  train_loss=0.001676  eval_loss=0.001753
  [train] epoch 37/50  train_loss=0.001850  eval_loss=0.001982
  [train] epoch 38/50  train_loss=0.001616  eval_loss=0.001085
  [train] epoch 39/50  train_loss=0.001610  eval_loss=0.001418
  [train] epoch 40/50  train_loss=0.001619  eval_loss=0.001560
  [train] epoch 41/50  train_loss=0.001626  eval_loss=0.001176
  [train] epoch 42/50  train_loss=0.001781  eval_loss=0.001685
  [train] epoch 43/50  train_loss=0.001423  eval_loss=0.001737
  [train] epoch 44/50  train_loss=0.001587  eval_loss=0.001621
  [train] epoch 45/50  train_loss=0.001452  eval_loss=0.002337
  [train] epoch 46/50  train_loss=0.001539  eval_loss=0.002191
  [train] epoch 47/50  train_loss=0.001403  eval_loss=0.001909
  [train] epoch 48/50  train_loss=0.001493  eval_loss=0.000937
  [train] epoch 49/50  train_loss=0.001231  eval_loss=0.001188
  [train] epoch 50/50  train_loss=0.001331  eval_loss=0.001163
  [best] epoch 48  eval_loss=0.000937 (selected over 50 epochs)
[train] cluster1: 231121 transitions, 50 epochs
  [train] epoch 1/50  train_loss=0.018370  eval_loss=0.005023
  [train] epoch 2/50  train_loss=0.003272  eval_loss=0.002890
  [train] epoch 3/50  train_loss=0.002887  eval_loss=0.002820
  [train] epoch 4/50  train_loss=0.002562  eval_loss=0.002422
  [train] epoch 5/50  train_loss=0.002350  eval_loss=0.002095
  [train] epoch 6/50  train_loss=0.002098  eval_loss=0.001898
  [train] epoch 7/50  train_loss=0.001982  eval_loss=0.001988
  [train] epoch 8/50  train_loss=0.001822  eval_loss=0.001758
  [train] epoch 9/50  train_loss=0.001738  eval_loss=0.001673
  [train] epoch 10/50  train_loss=0.001588  eval_loss=0.001449
  [train] epoch 11/50  train_loss=0.001498  eval_loss=0.001440
  [train] epoch 12/50  train_loss=0.001498  eval_loss=0.001633
  [train] epoch 13/50  train_loss=0.001375  eval_loss=0.001269
  [train] epoch 14/50  train_loss=0.001297  eval_loss=0.001473
  [train] epoch 15/50  train_loss=0.001166  eval_loss=0.001251
  [train] epoch 16/50  train_loss=0.001280  eval_loss=0.001182
  [train] epoch 17/50  train_loss=0.001098  eval_loss=0.000878
  [train] epoch 18/50  train_loss=0.001103  eval_loss=0.000917
  [train] epoch 19/50  train_loss=0.001066  eval_loss=0.001363
  [train] epoch 20/50  train_loss=0.001061  eval_loss=0.001258
  [train] epoch 21/50  train_loss=0.000990  eval_loss=0.000985
  [train] epoch 22/50  train_loss=0.000972  eval_loss=0.000843
  [train] epoch 23/50  train_loss=0.000856  eval_loss=0.001103
  [train] epoch 24/50  train_loss=0.000952  eval_loss=0.001235
  [train] epoch 25/50  train_loss=0.000933  eval_loss=0.001076
  [train] epoch 26/50  train_loss=0.000825  eval_loss=0.000935
  [train] epoch 27/50  train_loss=0.000763  eval_loss=0.000739
  [train] epoch 28/50  train_loss=0.000869  eval_loss=0.000839
  [train] epoch 29/50  train_loss=0.000737  eval_loss=0.000728
  [train] epoch 30/50  train_loss=0.000755  eval_loss=0.000581
  [train] epoch 31/50  train_loss=0.000776  eval_loss=0.001008
  [train] epoch 32/50  train_loss=0.000791  eval_loss=0.000910
  [train] epoch 33/50  train_loss=0.000704  eval_loss=0.000702
  [train] epoch 34/50  train_loss=0.000750  eval_loss=0.000689
  [train] epoch 35/50  train_loss=0.000605  eval_loss=0.000625
  [train] epoch 36/50  train_loss=0.000679  eval_loss=0.000513
  [train] epoch 37/50  train_loss=0.000625  eval_loss=0.000515
  [train] epoch 38/50  train_loss=0.000721  eval_loss=0.000737
  [train] epoch 39/50  train_loss=0.000604  eval_loss=0.000453
  [train] epoch 40/50  train_loss=0.000651  eval_loss=0.000895
  [train] epoch 41/50  train_loss=0.000565  eval_loss=0.000684
  [train] epoch 42/50  train_loss=0.000673  eval_loss=0.000663
  [train] epoch 43/50  train_loss=0.000606  eval_loss=0.000529
  [train] epoch 44/50  train_loss=0.000601  eval_loss=0.000476
  [train] epoch 45/50  train_loss=0.000463  eval_loss=0.000532
  [train] epoch 46/50  train_loss=0.000600  eval_loss=0.000572
  [train] epoch 47/50  train_loss=0.000612  eval_loss=0.000398
  [train] epoch 48/50  train_loss=0.000563  eval_loss=0.000459
  [train] epoch 49/50  train_loss=0.000571  eval_loss=0.000902
  [train] epoch 50/50  train_loss=0.000565  eval_loss=0.000400
  [best] epoch 47  eval_loss=0.000398 (selected over 50 epochs)
[train] cluster2: 216427 transitions, 50 epochs
  [train] epoch 1/50  train_loss=0.017782  eval_loss=0.004452
  [train] epoch 2/50  train_loss=0.002976  eval_loss=0.002619
  [train] epoch 3/50  train_loss=0.002592  eval_loss=0.002253
  [train] epoch 4/50  train_loss=0.002337  eval_loss=0.002176
  [train] epoch 5/50  train_loss=0.002104  eval_loss=0.002006
  [train] epoch 6/50  train_loss=0.001929  eval_loss=0.001751
  [train] epoch 7/50  train_loss=0.001777  eval_loss=0.001979
  [train] epoch 8/50  train_loss=0.001672  eval_loss=0.001463
  [train] epoch 9/50  train_loss=0.001605  eval_loss=0.001348
  [train] epoch 10/50  train_loss=0.001439  eval_loss=0.001370
  [train] epoch 11/50  train_loss=0.001395  eval_loss=0.001178
  [train] epoch 12/50  train_loss=0.001338  eval_loss=0.001279
  [train] epoch 13/50  train_loss=0.001291  eval_loss=0.001229
  [train] epoch 14/50  train_loss=0.001206  eval_loss=0.001178
  [train] epoch 15/50  train_loss=0.001108  eval_loss=0.001261
  [train] epoch 16/50  train_loss=0.001098  eval_loss=0.000933
  [train] epoch 17/50  train_loss=0.001080  eval_loss=0.001362
  [train] epoch 18/50  train_loss=0.001020  eval_loss=0.000869
  [train] epoch 19/50  train_loss=0.001001  eval_loss=0.000833
  [train] epoch 20/50  train_loss=0.000984  eval_loss=0.001273
  [train] epoch 21/50  train_loss=0.000920  eval_loss=0.001109
  [train] epoch 22/50  train_loss=0.000898  eval_loss=0.000993
  [train] epoch 23/50  train_loss=0.000932  eval_loss=0.001018
  [train] epoch 24/50  train_loss=0.000860  eval_loss=0.000680
  [train] epoch 25/50  train_loss=0.000740  eval_loss=0.000912
  [train] epoch 26/50  train_loss=0.000793  eval_loss=0.000707
  [train] epoch 27/50  train_loss=0.000748  eval_loss=0.000670
  [train] epoch 28/50  train_loss=0.000771  eval_loss=0.000857
  [train] epoch 29/50  train_loss=0.000772  eval_loss=0.001293
  [train] epoch 30/50  train_loss=0.000729  eval_loss=0.000622
  [train] epoch 31/50  train_loss=0.000705  eval_loss=0.000609
  [train] epoch 32/50  train_loss=0.000701  eval_loss=0.000604
  [train] epoch 33/50  train_loss=0.000715  eval_loss=0.000527
  [train] epoch 34/50  train_loss=0.000572  eval_loss=0.000812
  [train] epoch 35/50  train_loss=0.000682  eval_loss=0.001114
  [train] epoch 36/50  train_loss=0.000663  eval_loss=0.000611
  [train] epoch 37/50  train_loss=0.000663  eval_loss=0.000722
  [train] epoch 38/50  train_loss=0.000568  eval_loss=0.000524
  [train] epoch 39/50  train_loss=0.000510  eval_loss=0.000525
  [train] epoch 40/50  train_loss=0.000533  eval_loss=0.000664
  [train] epoch 41/50  train_loss=0.000680  eval_loss=0.000653
  [train] epoch 42/50  train_loss=0.000619  eval_loss=0.000618
  [train] epoch 43/50  train_loss=0.000533  eval_loss=0.000496
  [train] epoch 44/50  train_loss=0.000531  eval_loss=0.000419
  [train] epoch 45/50  train_loss=0.000598  eval_loss=0.000540
  [train] epoch 46/50  train_loss=0.000540  eval_loss=0.000640
  [train] epoch 47/50  train_loss=0.000490  eval_loss=0.000457
  [train] epoch 48/50  train_loss=0.000505  eval_loss=0.000548
  [train] epoch 49/50  train_loss=0.000450  eval_loss=0.000418
  [train] epoch 50/50  train_loss=0.000457  eval_loss=0.000636
  [best] epoch 49  eval_loss=0.000418 (selected over 50 epochs)
[done] manifest -> experiments/real_gauge_drift/results/tworoom_latent_spectral_spectral_M20000_k30_P16_seed2_trainseed625/manifest.json
real 4480.02
user 4473.26
sys 18.35
