{
  "model_family": "subjepa",
  "implementation_backend": "jepa_object",
  "task_name": "reacher",
  "dataset_name": "reacher",
  "dataset": "/home/sicong/weitao/datasets/lewm/reacher.h5",
  "checkpoint": "/data/sicong/weitao/.stable_worldmodel/reacher/subjepa_object.ckpt",
  "eval_config_name": "reacher",
  "eval_config": null,
  "eval_dataset_name": "reacher",
  "work_root": "experiments/reacher/subjepa/formal",
  "cache_dir": "/data/sicong/weitao/.stableworldmodel/subjepa/reacher",
  "paired_start_root": null,
  "paired_start_root_short": null,
  "paired_start_root_long": null,
  "phase": "prepare",
  "frameskip": 5,
  "history_size": 3,
  "num_preds": 1,
  "img_size": 224,
  "short_goal_offset": 25,
  "long_goal_offset": 50,
  "eval_budget": 50,
  "num_eval": 50,
  "max_train_starts": 0,
  "dry_run": false,
  "task_spec_path": "/data/sicong/weitao/LAP-Latent-Space-Automatic-Partitioning-for-Efficient-Post-Training-of-World-Models/configs/experiments/tasks/reacher.json",
  "train_seeds": "0,42,625",
  "partition_seeds": "0,1,2",
  "eval_seeds": "0,1,2,3,4",
  "methods": "random_voronoi,kmeanspp,spectral",
  "skip_joint": true,
  "python": "/data/sicong/weitao/LAP-Latent-Space-Automatic-Partitioning-for-Efficient-Post-Training-of-World-Models/.venv/bin/python",
  "cpu_threads": 4,
  "gpu_id": "3",
  "sources": {
    "model_family": "cli",
    "dataset_name": "task_spec",
    "task_name": "task_spec",
    "eval_config_name": "cli",
    "eval_dataset_name": "task_spec",
    "work_root": "cli",
    "cache_dir": "cli",
    "phase": "cli",
    "skip_joint": "default",
    "frameskip": "task_spec",
    "short_goal_offset": "task_spec",
    "long_goal_offset": "task_spec",
    "eval_budget": "task_spec",
    "train_seeds": "default",
    "partition_seeds": "default",
    "eval_seeds": "default",
    "methods": "default",
    "python": "cli",
    "cpu_threads": "cli",
    "gpu_id": "env"
  }
}
[jepa-matrix] model_family=subjepa phase=prepare work_root=experiments/reacher/subjepa/formal
[jepa-matrix] resolved_config=experiments/reacher/subjepa/formal/manifests/resolved_config.json
[prepare-starts] common: 1674000 -> /data/sicong/weitao/LAP-Latent-Space-Automatic-Partitioning-for-Efficient-Post-Training-of-World-Models/experiments/reacher/subjepa/formal/preparation/P_train_common_starts.npy
[prepare-starts] complete; no embeddings or predictors were trained
[index] samples=1674000 frame_slots=6696000 unique_frames=1998682 encoded_keys=1998695
[batch-shape] batch=64 keys=31
[transformers] `use_return_dict` is deprecated! Use `return_dict` instead!
[frames] batch 1/1 (31/31)
[batch-shape] batch=512 keys=1998664
