completed tworoom K=2
completed tworoom K=3
completed pusht K=2
completed pusht K=3
completed reacher K=2
completed reacher K=3
completed cube K=2
completed cube K=3
                              metric  layer2_correct  layer2_covered  layer2_total  layer2_accuracy  full_grid_accuracy direction  threshold  layer1_accuracy          threshold_source
             jacobian_bures_distance               8               8             8            1.000               1.000    higher   0.508948             1.00      predeclared_existing
              curvature_tail_mean_d8               6               8             8            0.750               0.750    higher   0.000349             1.00 K4_only_balanced_accuracy
     check1_retained_safety_fraction               6               8             8            0.750               0.750    higher   0.500000             0.50      predeclared_existing
             check2_prominence_ratio               6               8             8            0.750               0.750    higher   1.000000             0.25      predeclared_existing
   pairwise_uniformity_min_over_mean               5               8             8            0.625               0.625    higher   0.799149             1.00 K4_only_balanced_accuracy
  jacobian_subspace_chordal_distance               5               8             8            0.625               0.625    higher   0.860973             1.00 K4_only_balanced_accuracy
          response_boundary_spearman               4               4             8            1.000               0.500     lower   0.447619             1.00 K4_only_balanced_accuracy
                    eigengap_after_k               4               8             8            0.500               0.500    higher   0.000601             0.75 K4_only_balanced_accuracy
            prototype_distance_ratio               4               8             8            0.500               0.500    higher   1.098366             0.75 K4_only_balanced_accuracy
            margin_radius_ratio_mean               4               8             8            0.500               0.500     lower   6.271207             0.75 K4_only_balanced_accuracy
            tangent_contrast_mean_d8               4               8             8            0.500               0.500     lower   0.470707             1.00 K4_only_balanced_accuracy
       action_residual_velocity_eta2               4               8             8            0.500               0.500    higher   0.000134             1.00 K4_only_balanced_accuracy
      affine_response_contrast_ratio               4               8             8            0.500               0.500    higher   0.006137             1.00 K4_only_balanced_accuracy
boundary_min_jacobian_bures_distance               4               8             8            0.500               0.500     lower   0.601035             1.00 K4_only_balanced_accuracy
            jacobian_cosine_distance               4               8             8            0.500               0.500     lower   0.826504             0.75 K4_only_balanced_accuracy
                          knn_purity               3               8             8            0.375               0.375     lower   0.962114             0.75 K4_only_balanced_accuracy
                flow_persistence_h10               3               8             8            0.375               0.375    higher   0.873961             0.75 K4_only_balanced_accuracy
                latent_velocity_eta2               3               8             8            0.375               0.375    higher   0.000132             1.00 K4_only_balanced_accuracy
           minimum_pairwise_response               3               8             8            0.375               0.375    higher   0.013325             1.00 K4_only_balanced_accuracy
          response_centroid_spearman               2               4             8            0.500               0.250    higher  -0.114286             0.75 K4_only_balanced_accuracy
          normalized_cluster_entropy               2               8             8            0.250               0.250     lower   0.997115             1.00 K4_only_balanced_accuracy
         jacobian_log_scale_distance               2               8             8            0.250               0.250    higher   0.017207             0.75 K4_only_balanced_accuracy
{
  "schema_version": 1,
  "analysis_name": "LeWM Layer-2 frozen 22-criterion benchmark",
  "repository_commit": "4fe3e4ad52b03b0f0b4cea24669b1f594ea9ce9f",
  "criterion_count": 22,
  "development_num_clusters": 4,
  "validation_num_clusters": [
    2,
    3
  ],
  "partition_seeds": [
    0,
    1,
    2
  ],
  "ridge": 1e-08,
  "target": "point-estimate winner of partition-seed-averaged Regional versus Global",
  "threshold_leakage_check": "Layer-2 outcomes are never passed to fit",
  "bures_layer2_correct": 8,
  "bures_layer2_total": 8,
  "bures_layer2_accuracy": 1.0,
  "files": {
    "layer1_frozen_policies.csv": "ce7e1216389da1b5a53ea47023e72a8cade8142f4dc5ebed1357ab3c21ce092b",
    "layer2_metric_scores.csv": "96a5f58911d4b615087dcdaa79e7753e1cfb49c048a0668a081b91a48fdc6465",
    "layer2_metric_scores_by_seed.csv": "8e1dad57fb555ba1308f4fd65755ffa99f0b330dd3a4d92c20c30e127d547c77",
    "layer2_predictions.csv": "1154bde319f63b213fac1a8daddca8a86e88a1f6fe441ce98838d9a15194defc",
    "layer2_selection_accuracy.csv": "a7a54c22953c7f57d1e54e7ebaca75e4dd003f21d27416f4f13fe9ec7905e59e"
  }
}
