[data] 693728 train transitions, cluster source=experiments/real_gauge_drift/results/latent_kmeanspp_multirestart_k3/labels/kmeanspp_R50_outer2.npz
  cluster0: 220111 transitions
  cluster1: 252669 transitions
  cluster2: 220948 transitions
  [embed-cache] left_room: 330243 transitions from P_train_left_room_embeddings.npz
  [embed-cache] doorway_corridor: 38552 transitions from P_train_doorway_corridor_embeddings.npz
  [embed-cache] right_room: 324933 transitions from P_train_right_room_embeddings.npz
  [embed-cache] merged 693728 train transitions from experiments/real_gauge_drift/results/tworoom_geometry_train_region_predictors
  [cache] saved merged embeddings to experiments/real_gauge_drift/results/tworoom_latent_kmeanspp_kmeanspp_R50_outer2_trainseed625/P_train_global_merged_embeddings.npz
[train] cluster0: 220111 transitions, 50 epochs
  [train] epoch 1/50  train_loss=0.019710  eval_loss=0.007325
  [train] epoch 2/50  train_loss=0.006050  eval_loss=0.005758
  [train] epoch 3/50  train_loss=0.005509  eval_loss=0.004982
  [train] epoch 4/50  train_loss=0.005107  eval_loss=0.004345
  [train] epoch 5/50  train_loss=0.004653  eval_loss=0.004118
  [train] epoch 6/50  train_loss=0.004346  eval_loss=0.003947
  [train] epoch 7/50  train_loss=0.004112  eval_loss=0.003456
  [train] epoch 8/50  train_loss=0.003789  eval_loss=0.003547
  [train] epoch 9/50  train_loss=0.003550  eval_loss=0.003143
  [train] epoch 10/50  train_loss=0.003415  eval_loss=0.003165
  [train] epoch 11/50  train_loss=0.003338  eval_loss=0.002733
  [train] epoch 12/50  train_loss=0.003079  eval_loss=0.002888
  [train] epoch 13/50  train_loss=0.002909  eval_loss=0.002658
  [train] epoch 14/50  train_loss=0.002840  eval_loss=0.002543
  [train] epoch 15/50  train_loss=0.002686  eval_loss=0.002363
  [train] epoch 16/50  train_loss=0.002590  eval_loss=0.002312
  [train] epoch 17/50  train_loss=0.002472  eval_loss=0.002199
  [train] epoch 18/50  train_loss=0.002345  eval_loss=0.002483
  [train] epoch 19/50  train_loss=0.002301  eval_loss=0.001868
  [train] epoch 20/50  train_loss=0.002238  eval_loss=0.002021
  [train] epoch 21/50  train_loss=0.002141  eval_loss=0.002306
  [train] epoch 22/50  train_loss=0.002109  eval_loss=0.001972
  [train] epoch 23/50  train_loss=0.001979  eval_loss=0.001861
  [train] epoch 24/50  train_loss=0.002000  eval_loss=0.002029
  [train] epoch 25/50  train_loss=0.001952  eval_loss=0.002037
  [train] epoch 26/50  train_loss=0.001727  eval_loss=0.001838
  [train] epoch 27/50  train_loss=0.001739  eval_loss=0.002200
  [train] epoch 28/50  train_loss=0.001857  eval_loss=0.001570
  [train] epoch 29/50  train_loss=0.001683  eval_loss=0.001897
  [train] epoch 30/50  train_loss=0.001622  eval_loss=0.001858
  [train] epoch 31/50  train_loss=0.001681  eval_loss=0.001735
  [train] epoch 32/50  train_loss=0.001629  eval_loss=0.001745
  [train] epoch 33/50  train_loss=0.001497  eval_loss=0.002474
  [train] epoch 34/50  train_loss=0.001596  eval_loss=0.001530
  [train] epoch 35/50  train_loss=0.001579  eval_loss=0.001633
  [train] epoch 36/50  train_loss=0.001409  eval_loss=0.001518
  [train] epoch 37/50  train_loss=0.001508  eval_loss=0.001502
  [train] epoch 38/50  train_loss=0.001356  eval_loss=0.001403
  [train] epoch 39/50  train_loss=0.001388  eval_loss=0.001290
  [train] epoch 40/50  train_loss=0.001440  eval_loss=0.001360
  [train] epoch 41/50  train_loss=0.001158  eval_loss=0.001251
  [train] epoch 42/50  train_loss=0.001337  eval_loss=0.001319
  [train] epoch 43/50  train_loss=0.001237  eval_loss=0.000979
  [train] epoch 44/50  train_loss=0.001357  eval_loss=0.001327
  [train] epoch 45/50  train_loss=0.001265  eval_loss=0.001087
  [train] epoch 46/50  train_loss=0.001179  eval_loss=0.001150
  [train] epoch 47/50  train_loss=0.001249  eval_loss=0.001115
  [train] epoch 48/50  train_loss=0.001195  eval_loss=0.001023
  [train] epoch 49/50  train_loss=0.001141  eval_loss=0.000861
  [train] epoch 50/50  train_loss=0.001150  eval_loss=0.000990
  [best] epoch 49  eval_loss=0.000861 (selected over 50 epochs)
[train] cluster1: 252669 transitions, 50 epochs
  [train] epoch 1/50  train_loss=0.018999  eval_loss=0.007252
  [train] epoch 2/50  train_loss=0.005585  eval_loss=0.004938
  [train] epoch 3/50  train_loss=0.005093  eval_loss=0.004831
  [train] epoch 4/50  train_loss=0.004701  eval_loss=0.004436
  [train] epoch 5/50  train_loss=0.004272  eval_loss=0.004007
  [train] epoch 6/50  train_loss=0.004029  eval_loss=0.003553
  [train] epoch 7/50  train_loss=0.003738  eval_loss=0.003332
  [train] epoch 8/50  train_loss=0.003563  eval_loss=0.003478
  [train] epoch 9/50  train_loss=0.003311  eval_loss=0.003223
  [train] epoch 10/50  train_loss=0.003086  eval_loss=0.002828
  [train] epoch 11/50  train_loss=0.003049  eval_loss=0.002885
  [train] epoch 12/50  train_loss=0.002823  eval_loss=0.002645
  [train] epoch 13/50  train_loss=0.002757  eval_loss=0.002614
  [train] epoch 14/50  train_loss=0.002593  eval_loss=0.002527
  [train] epoch 15/50  train_loss=0.002463  eval_loss=0.002484
  [train] epoch 16/50  train_loss=0.002387  eval_loss=0.002361
  [train] epoch 17/50  train_loss=0.002284  eval_loss=0.002530
  [train] epoch 18/50  train_loss=0.002256  eval_loss=0.002444
  [train] epoch 19/50  train_loss=0.002151  eval_loss=0.002118
  [train] epoch 20/50  train_loss=0.002022  eval_loss=0.001963
  [train] epoch 21/50  train_loss=0.002060  eval_loss=0.001565
  [train] epoch 22/50  train_loss=0.001916  eval_loss=0.002283
  [train] epoch 23/50  train_loss=0.001847  eval_loss=0.002131
  [train] epoch 24/50  train_loss=0.001845  eval_loss=0.001903
  [train] epoch 25/50  train_loss=0.001785  eval_loss=0.001532
  [train] epoch 26/50  train_loss=0.001696  eval_loss=0.001613
  [train] epoch 27/50  train_loss=0.001684  eval_loss=0.001442
  [train] epoch 28/50  train_loss=0.001689  eval_loss=0.001447
  [train] epoch 29/50  train_loss=0.001559  eval_loss=0.001630
  [train] epoch 30/50  train_loss=0.001584  eval_loss=0.001466
  [train] epoch 31/50  train_loss=0.001547  eval_loss=0.001366
  [train] epoch 32/50  train_loss=0.001452  eval_loss=0.001673
  [train] epoch 33/50  train_loss=0.001500  eval_loss=0.001468
  [train] epoch 34/50  train_loss=0.001391  eval_loss=0.001285
  [train] epoch 35/50  train_loss=0.001318  eval_loss=0.001339
  [train] epoch 36/50  train_loss=0.001379  eval_loss=0.001120
  [train] epoch 37/50  train_loss=0.001317  eval_loss=0.001192
  [train] epoch 38/50  train_loss=0.001373  eval_loss=0.001105
  [train] epoch 39/50  train_loss=0.001311  eval_loss=0.001404
  [train] epoch 40/50  train_loss=0.001258  eval_loss=0.001195
  [train] epoch 41/50  train_loss=0.001271  eval_loss=0.000943
  [train] epoch 42/50  train_loss=0.001141  eval_loss=0.001125
  [train] epoch 43/50  train_loss=0.001174  eval_loss=0.001094
  [train] epoch 44/50  train_loss=0.001223  eval_loss=0.001080
  [train] epoch 45/50  train_loss=0.001185  eval_loss=0.001029
  [train] epoch 46/50  train_loss=0.001192  eval_loss=0.000922
  [train] epoch 47/50  train_loss=0.001055  eval_loss=0.001848
  [train] epoch 48/50  train_loss=0.001121  eval_loss=0.000847
  [train] epoch 49/50  train_loss=0.001001  eval_loss=0.000922
  [train] epoch 50/50  train_loss=0.001150  eval_loss=0.001117
  [best] epoch 48  eval_loss=0.000847 (selected over 50 epochs)
[train] cluster2: 220948 transitions, 50 epochs
  [train] epoch 1/50  train_loss=0.019983  eval_loss=0.008432
  [train] epoch 2/50  train_loss=0.006780  eval_loss=0.005892
  [train] epoch 3/50  train_loss=0.006144  eval_loss=0.005400
  [train] epoch 4/50  train_loss=0.005552  eval_loss=0.005442
  [train] epoch 5/50  train_loss=0.005137  eval_loss=0.004644
  [train] epoch 6/50  train_loss=0.004722  eval_loss=0.004166
  [train] epoch 7/50  train_loss=0.004452  eval_loss=0.004287
  [train] epoch 8/50  train_loss=0.004145  eval_loss=0.003769
  [train] epoch 9/50  train_loss=0.003858  eval_loss=0.003482
  [train] epoch 10/50  train_loss=0.003721  eval_loss=0.003023
  [train] epoch 11/50  train_loss=0.003423  eval_loss=0.003433
  [train] epoch 12/50  train_loss=0.003367  eval_loss=0.003061
  [train] epoch 13/50  train_loss=0.003161  eval_loss=0.002506
  [train] epoch 14/50  train_loss=0.002919  eval_loss=0.003335
  [train] epoch 15/50  train_loss=0.002901  eval_loss=0.002426
  [train] epoch 16/50  train_loss=0.002738  eval_loss=0.002491
  [train] epoch 17/50  train_loss=0.002582  eval_loss=0.002123
  [train] epoch 18/50  train_loss=0.002515  eval_loss=0.003006
  [train] epoch 19/50  train_loss=0.002501  eval_loss=0.002455
  [train] epoch 20/50  train_loss=0.002317  eval_loss=0.002297
  [train] epoch 21/50  train_loss=0.002200  eval_loss=0.002030
  [train] epoch 22/50  train_loss=0.002193  eval_loss=0.002007
  [train] epoch 23/50  train_loss=0.002201  eval_loss=0.002134
  [train] epoch 24/50  train_loss=0.001893  eval_loss=0.001803
  [train] epoch 25/50  train_loss=0.001962  eval_loss=0.001814
  [train] epoch 26/50  train_loss=0.001989  eval_loss=0.001908
  [train] epoch 27/50  train_loss=0.001794  eval_loss=0.001831
  [train] epoch 28/50  train_loss=0.001842  eval_loss=0.001515
  [train] epoch 29/50  train_loss=0.001816  eval_loss=0.001487
  [train] epoch 30/50  train_loss=0.001678  eval_loss=0.001573
  [train] epoch 31/50  train_loss=0.001685  eval_loss=0.001455
  [train] epoch 32/50  train_loss=0.001550  eval_loss=0.001075
  [train] epoch 33/50  train_loss=0.001500  eval_loss=0.001389
  [train] epoch 34/50  train_loss=0.001676  eval_loss=0.001603
  [train] epoch 35/50  train_loss=0.001502  eval_loss=0.001539
  [train] epoch 36/50  train_loss=0.001443  eval_loss=0.001146
  [train] epoch 37/50  train_loss=0.001446  eval_loss=0.001712
  [train] epoch 38/50  train_loss=0.001401  eval_loss=0.001071
  [train] epoch 39/50  train_loss=0.001267  eval_loss=0.001271
  [train] epoch 40/50  train_loss=0.001464  eval_loss=0.001208
  [train] epoch 41/50  train_loss=0.001308  eval_loss=0.002188
  [train] epoch 42/50  train_loss=0.001343  eval_loss=0.001132
  [train] epoch 43/50  train_loss=0.001264  eval_loss=0.001023
  [train] epoch 44/50  train_loss=0.001169  eval_loss=0.001107
  [train] epoch 45/50  train_loss=0.001274  eval_loss=0.001345
  [train] epoch 46/50  train_loss=0.001090  eval_loss=0.001212
  [train] epoch 47/50  train_loss=0.001251  eval_loss=0.001437
  [train] epoch 48/50  train_loss=0.001048  eval_loss=0.001529
  [train] epoch 49/50  train_loss=0.001269  eval_loss=0.001339
  [train] epoch 50/50  train_loss=0.001179  eval_loss=0.001499
  [best] epoch 43  eval_loss=0.001023 (selected over 50 epochs)
[done] manifest -> experiments/real_gauge_drift/results/tworoom_latent_kmeanspp_kmeanspp_R50_outer2_trainseed625/manifest.json
real 11640.24
user 6003.83
sys 71.86
