05:57:23 | INFO  | __init__.py | JAX version 0.6.2 available.
05:57:26 | INFO  | atomic_chec~| [atomic_save] installed crash-safe checkpoint plugin (write to sibling .tmp + fsync + atomic rename)
05:57:26 | INFO  | __init__.py | Cached 'action' from '/data/sicong/weitao/datasets/lewm/tworoom.h5'
05:57:26 | INFO  | __init__.py | Cached 'proprio' from '/data/sicong/weitao/datasets/lewm/tworoom.h5'
/data/sicong/weitao/le-wm/.venv/lib/python3.10/site-packages/lance/__init__.py:320: UserWarning: lance is not fork-safe. If you are using multiprocessing, use spawn or forkserver instead.
  warnings.warn(
/data/sicong/anaconda3/lib/python3.10/multiprocessing/popen_fork.py:66: RuntimeWarning: lancedb fork support is experimental: the internal async runtime has been reset in the forked child, but a small chance of deadlock remains if other state was mid-operation at fork time. The 'forkserver' or 'spawn' multiprocessing start method is likely a safer alternative.
  self.pid = os.fork()
/data/sicong/anaconda3/lib/python3.10/multiprocessing/popen_fork.py:66: RuntimeWarning: lancedb fork support is experimental: the internal async runtime has been reset in the forked child, but a small chance of deadlock remains if other state was mid-operation at fork time. The 'forkserver' or 'spawn' multiprocessing start method is likely a safer alternative.
  self.pid = os.fork()
/data/sicong/anaconda3/lib/python3.10/multiprocessing/popen_fork.py:66: RuntimeWarning: lancedb fork support is experimental: the internal async runtime has been reset in the forked child, but a small chance of deadlock remains if other state was mid-operation at fork time. The 'forkserver' or 'spawn' multiprocessing start method is likely a safer alternative.
  self.pid = os.fork()
/data/sicong/anaconda3/lib/python3.10/multiprocessing/popen_fork.py:66: RuntimeWarning: lancedb fork support is experimental: the internal async runtime has been reset in the forked child, but a small chance of deadlock remains if other state was mid-operation at fork time. The 'forkserver' or 'spawn' multiprocessing start method is likely a safer alternative.
  self.pid = os.fork()
[train] epoch=1/1 batch=1/5138 pred=0.021246 sigreg=1.210938 total=0.130133 grad_norm=0.4959
[train] epoch=1/1 batch=100/5138 pred=0.019800 sigreg=1.222969 total=0.129893 grad_norm=0.3983
[train] epoch=1/1 batch=200/5138 pred=0.019239 sigreg=1.217461 total=0.128832 grad_norm=0.4160
[train] epoch=1/1 batch=300/5138 pred=0.018903 sigreg=1.214401 total=0.128208 grad_norm=0.3968
[train] epoch=1/1 batch=400/5138 pred=0.018796 sigreg=1.214316 total=0.128093 grad_norm=0.3885
[train] epoch=1/1 batch=500/5138 pred=0.018746 sigreg=1.216375 total=0.128230 grad_norm=0.4402
[train] epoch=1/1 batch=600/5138 pred=0.018682 sigreg=1.216797 total=0.128202 grad_norm=0.4812
[train] epoch=1/1 batch=700/5138 pred=0.018616 sigreg=1.217422 total=0.128191 grad_norm=0.4342
[train] epoch=1/1 batch=800/5138 pred=0.018559 sigreg=1.218213 total=0.128205 grad_norm=0.3856
[train] epoch=1/1 batch=900/5138 pred=0.018512 sigreg=1.217778 total=0.128118 grad_norm=0.3644
[train] epoch=1/1 batch=1000/5138 pred=0.018474 sigreg=1.216945 total=0.128007 grad_norm=0.4842
[train] epoch=1/1 batch=1100/5138 pred=0.018428 sigreg=1.217344 total=0.127996 grad_norm=0.4692
[train] epoch=1/1 batch=1200/5138 pred=0.018347 sigreg=1.217389 total=0.127918 grad_norm=0.3904
[train] epoch=1/1 batch=1300/5138 pred=0.018327 sigreg=1.217524 total=0.127908 grad_norm=0.4258
[train] epoch=1/1 batch=1400/5138 pred=0.018324 sigreg=1.216562 total=0.127818 grad_norm=0.4281
[train] epoch=1/1 batch=1500/5138 pred=0.018289 sigreg=1.216464 total=0.127773 grad_norm=0.5065
[train] epoch=1/1 batch=1600/5138 pred=0.018223 sigreg=1.216807 total=0.127740 grad_norm=0.4419
[train] epoch=1/1 batch=1700/5138 pred=0.018208 sigreg=1.216898 total=0.127731 grad_norm=0.3729
[train] epoch=1/1 batch=1800/5138 pred=0.018223 sigreg=1.216966 total=0.127750 grad_norm=0.4419
[train] epoch=1/1 batch=1900/5138 pred=0.018186 sigreg=1.217089 total=0.127726 grad_norm=0.3710
[train] epoch=1/1 batch=2000/5138 pred=0.018151 sigreg=1.216805 total=0.127666 grad_norm=0.4458
[train] epoch=1/1 batch=2100/5138 pred=0.018110 sigreg=1.216577 total=0.127605 grad_norm=0.3954
[train] epoch=1/1 batch=2200/5138 pred=0.018091 sigreg=1.216676 total=0.127595 grad_norm=0.3873
[train] epoch=1/1 batch=2300/5138 pred=0.018060 sigreg=1.216715 total=0.127568 grad_norm=0.4265
[train] epoch=1/1 batch=2400/5138 pred=0.018021 sigreg=1.216712 total=0.127529 grad_norm=0.5665
[train] epoch=1/1 batch=2500/5138 pred=0.017993 sigreg=1.216809 total=0.127509 grad_norm=0.4173
[train] epoch=1/1 batch=2600/5138 pred=0.017973 sigreg=1.216902 total=0.127498 grad_norm=0.4259
[train] epoch=1/1 batch=2700/5138 pred=0.017946 sigreg=1.216464 total=0.127431 grad_norm=0.4302
[train] epoch=1/1 batch=2800/5138 pred=0.017914 sigreg=1.216618 total=0.127413 grad_norm=0.4142
[train] epoch=1/1 batch=2900/5138 pred=0.017900 sigreg=1.216953 total=0.127429 grad_norm=0.3650
[train] epoch=1/1 batch=3000/5138 pred=0.017884 sigreg=1.217263 total=0.127440 grad_norm=0.4606
[train] epoch=1/1 batch=3100/5138 pred=0.017863 sigreg=1.217581 total=0.127449 grad_norm=0.4390
[train] epoch=1/1 batch=3200/5138 pred=0.017838 sigreg=1.217622 total=0.127428 grad_norm=0.4008
[train] epoch=1/1 batch=3300/5138 pred=0.017815 sigreg=1.217599 total=0.127404 grad_norm=0.4621
[train] epoch=1/1 batch=3400/5138 pred=0.017792 sigreg=1.217252 total=0.127349 grad_norm=0.3831
[train] epoch=1/1 batch=3500/5138 pred=0.017779 sigreg=1.217413 total=0.127352 grad_norm=0.3710
[train] epoch=1/1 batch=3600/5138 pred=0.017762 sigreg=1.217454 total=0.127338 grad_norm=0.4350
[train] epoch=1/1 batch=3700/5138 pred=0.017748 sigreg=1.217749 total=0.127351 grad_norm=0.4236
[train] epoch=1/1 batch=3800/5138 pred=0.017729 sigreg=1.217738 total=0.127330 grad_norm=0.4871
[train] epoch=1/1 batch=3900/5138 pred=0.017713 sigreg=1.217843 total=0.127324 grad_norm=0.4039
[train] epoch=1/1 batch=4000/5138 pred=0.017700 sigreg=1.217967 total=0.127322 grad_norm=0.3563
[train] epoch=1/1 batch=4100/5138 pred=0.017682 sigreg=1.217830 total=0.127292 grad_norm=0.4562
[train] epoch=1/1 batch=4200/5138 pred=0.017666 sigreg=1.217796 total=0.127273 grad_norm=0.4664
[train] epoch=1/1 batch=4300/5138 pred=0.017640 sigreg=1.217671 total=0.127236 grad_norm=0.3831
[train] epoch=1/1 batch=4400/5138 pred=0.017623 sigreg=1.217670 total=0.127219 grad_norm=0.3943
[train] epoch=1/1 batch=4500/5138 pred=0.017612 sigreg=1.217571 total=0.127199 grad_norm=0.4814
[train] epoch=1/1 batch=4600/5138 pred=0.017594 sigreg=1.217660 total=0.127190 grad_norm=0.5219
[train] epoch=1/1 batch=4700/5138 pred=0.017587 sigreg=1.217689 total=0.127185 grad_norm=0.4310
[train] epoch=1/1 batch=4800/5138 pred=0.017574 sigreg=1.217684 total=0.127172 grad_norm=0.4838
[train] epoch=1/1 batch=4900/5138 pred=0.017559 sigreg=1.217476 total=0.127138 grad_norm=0.3975
[train] epoch=1/1 batch=5000/5138 pred=0.017533 sigreg=1.217523 total=0.127116 grad_norm=0.4193
[train] epoch=1/1 batch=5100/5138 pred=0.017522 sigreg=1.217508 total=0.127104 grad_norm=0.4154
[done] checkpoint=experiments/real_gauge_drift/results/tworoom_joint_continue_1ep_trainseed42/joint_continue_object.ckpt formal_full_epoch=True training_sec=1612.0
real 1623.65
user 4814.44
sys 2563.92
