[pusht-formal] phase=prepare (full cache, work_root=experiments/pusht/subjepa/formal)
[pusht-formal] phase=prepare (full cache, work_root=experiments/pusht/subjepa/formal)
{
  "model_family": "subjepa",
  "implementation_backend": "jepa_object",
  "task_name": "pusht",
  "dataset_name": "pusht",
  "dataset": "/home/sicong/weitao/datasets/lewm/pusht_expert_train.h5",
  "checkpoint": "/data/sicong/weitao/.stable_worldmodel/pusht/subjepa_object.ckpt",
  "eval_config_name": "pusht",
  "eval_config": null,
  "eval_dataset_name": "pusht_expert_train",
  "work_root": "experiments/pusht/subjepa/formal",
  "cache_dir": "/data/sicong/weitao/.stableworldmodel/subjepa/pusht",
  "paired_start_root": null,
  "paired_start_root_short": null,
  "paired_start_root_long": null,
  "phase": "prepare",
  "frameskip": 5,
  "history_size": 3,
  "num_preds": 1,
  "img_size": 224,
  "short_goal_offset": 25,
  "long_goal_offset": 50,
  "eval_budget": 50,
  "num_eval": 50,
  "max_train_starts": 0,
  "dry_run": false,
  "task_spec_path": "/data/sicong/weitao/LAP-Latent-Space-Automatic-Partitioning-for-Efficient-Post-Training-of-World-Models/configs/experiments/tasks/pusht.json",
  "train_seeds": "0,42,625",
  "partition_seeds": "0,1,2",
  "eval_seeds": "0,1,2,3,4",
  "methods": "kmeanspp,spectral",
  "skip_joint": true,
  "python": "/data/sicong/weitao/LAP-Latent-Space-Automatic-Partitioning-for-Efficient-Post-Training-of-World-Models/.venv/bin/python",
  "cpu_threads": 4,
  "gpu_id": "0",
  "sources": {
    "model_family": "cli",
    "dataset_name": "task_spec",
    "task_name": "task_spec",
    "eval_config_name": "cli",
    "eval_dataset_name": "task_spec",
    "work_root": "cli",
    "cache_dir": "cli",
    "phase": "cli",
    "skip_joint": "cli",
    "frameskip": "task_spec",
    "short_goal_offset": "task_spec",
    "long_goal_offset": "task_spec",
    "eval_budget": "task_spec",
    "train_seeds": "default",
    "partition_seeds": "default",
    "eval_seeds": "default",
    "methods": "cli",
    "python": "cli",
    "cpu_threads": "cli",
    "gpu_id": "env"
  }
}
[jepa-matrix] model_family=subjepa phase=prepare work_root=experiments/pusht/subjepa/formal
[jepa-matrix] resolved_config=experiments/pusht/subjepa/formal/manifests/resolved_config.json
[prepare-starts] common: 492637 -> /data/sicong/weitao/LAP-Latent-Space-Automatic-Partitioning-for-Efficient-Post-Training-of-World-Models/experiments/pusht/subjepa/formal/preparation/P_train_common_starts.npy
[prepare-starts] complete; no embeddings or predictors were trained
[index] samples=1850815 frame_slots=7403260 unique_frames=2315671 encoded_keys=2315686
[batch-shape] batch=252 keys=83
[transformers] `use_return_dict` is deprecated! Use `return_dict` instead!
[frames] batch 1/1 (83/83)
[batch-shape] batch=512 keys=2315603
Terminated
