07:40:28 | INFO  | __init__.py | JAX version 0.6.2 available.
07:40:31 | INFO  | atomic_chec~| [atomic_save] installed crash-safe checkpoint plugin (write to sibling .tmp + fsync + atomic rename)
07:40:31 | INFO  | __init__.py | Cached 'action' from '/data/sicong/weitao/datasets/lewm/tworoom.h5'
07:40:31 | INFO  | __init__.py | Cached 'proprio' from '/data/sicong/weitao/datasets/lewm/tworoom.h5'
/data/sicong/weitao/le-wm/.venv/lib/python3.10/site-packages/lance/__init__.py:320: UserWarning: lance is not fork-safe. If you are using multiprocessing, use spawn or forkserver instead.
  warnings.warn(
/data/sicong/anaconda3/lib/python3.10/multiprocessing/popen_fork.py:66: RuntimeWarning: lancedb fork support is experimental: the internal async runtime has been reset in the forked child, but a small chance of deadlock remains if other state was mid-operation at fork time. The 'forkserver' or 'spawn' multiprocessing start method is likely a safer alternative.
  self.pid = os.fork()
/data/sicong/anaconda3/lib/python3.10/multiprocessing/popen_fork.py:66: RuntimeWarning: lancedb fork support is experimental: the internal async runtime has been reset in the forked child, but a small chance of deadlock remains if other state was mid-operation at fork time. The 'forkserver' or 'spawn' multiprocessing start method is likely a safer alternative.
  self.pid = os.fork()
/data/sicong/anaconda3/lib/python3.10/multiprocessing/popen_fork.py:66: RuntimeWarning: lancedb fork support is experimental: the internal async runtime has been reset in the forked child, but a small chance of deadlock remains if other state was mid-operation at fork time. The 'forkserver' or 'spawn' multiprocessing start method is likely a safer alternative.
  self.pid = os.fork()
/data/sicong/anaconda3/lib/python3.10/multiprocessing/popen_fork.py:66: RuntimeWarning: lancedb fork support is experimental: the internal async runtime has been reset in the forked child, but a small chance of deadlock remains if other state was mid-operation at fork time. The 'forkserver' or 'spawn' multiprocessing start method is likely a safer alternative.
  self.pid = os.fork()
[train] epoch=1/1 batch=1/5138 pred=0.019813 sigreg=1.222777 total=0.129863 grad_norm=0.4828
[train] epoch=1/1 batch=100/5138 pred=0.019267 sigreg=1.219322 total=0.129006 grad_norm=0.4165
[train] epoch=1/1 batch=200/5138 pred=0.018834 sigreg=1.216329 total=0.128304 grad_norm=0.4552
[train] epoch=1/1 batch=300/5138 pred=0.018609 sigreg=1.213516 total=0.127825 grad_norm=0.4346
[train] epoch=1/1 batch=400/5138 pred=0.018477 sigreg=1.213615 total=0.127702 grad_norm=0.3816
[train] epoch=1/1 batch=500/5138 pred=0.018459 sigreg=1.215954 total=0.127895 grad_norm=0.4077
[train] epoch=1/1 batch=600/5138 pred=0.018399 sigreg=1.216901 total=0.127920 grad_norm=0.4853
[train] epoch=1/1 batch=700/5138 pred=0.018308 sigreg=1.217986 total=0.127927 grad_norm=0.3929
[train] epoch=1/1 batch=800/5138 pred=0.018264 sigreg=1.218565 total=0.127935 grad_norm=0.4071
[train] epoch=1/1 batch=900/5138 pred=0.018210 sigreg=1.217967 total=0.127827 grad_norm=0.3876
[train] epoch=1/1 batch=1000/5138 pred=0.018141 sigreg=1.217638 total=0.127728 grad_norm=0.4573
[train] epoch=1/1 batch=1100/5138 pred=0.018112 sigreg=1.218205 total=0.127751 grad_norm=0.4084
[train] epoch=1/1 batch=1200/5138 pred=0.018065 sigreg=1.218195 total=0.127702 grad_norm=0.4478
[train] epoch=1/1 batch=1300/5138 pred=0.018045 sigreg=1.218019 total=0.127666 grad_norm=0.4047
[train] epoch=1/1 batch=1400/5138 pred=0.018013 sigreg=1.216957 total=0.127539 grad_norm=0.4860
[train] epoch=1/1 batch=1500/5138 pred=0.017979 sigreg=1.216662 total=0.127479 grad_norm=0.4858
[train] epoch=1/1 batch=1600/5138 pred=0.017928 sigreg=1.216827 total=0.127442 grad_norm=0.5109
[train] epoch=1/1 batch=1700/5138 pred=0.017903 sigreg=1.216792 total=0.127414 grad_norm=0.4154
[train] epoch=1/1 batch=1800/5138 pred=0.017899 sigreg=1.217121 total=0.127440 grad_norm=0.4394
[train] epoch=1/1 batch=1900/5138 pred=0.017853 sigreg=1.217236 total=0.127404 grad_norm=0.3590
[train] epoch=1/1 batch=2000/5138 pred=0.017809 sigreg=1.216886 total=0.127329 grad_norm=0.4720
[train] epoch=1/1 batch=2100/5138 pred=0.017772 sigreg=1.216605 total=0.127267 grad_norm=0.4115
[train] epoch=1/1 batch=2200/5138 pred=0.017755 sigreg=1.216572 total=0.127247 grad_norm=0.4047
[train] epoch=1/1 batch=2300/5138 pred=0.017734 sigreg=1.216729 total=0.127239 grad_norm=0.4700
[train] epoch=1/1 batch=2400/5138 pred=0.017693 sigreg=1.216588 total=0.127186 grad_norm=0.4312
[train] epoch=1/1 batch=2500/5138 pred=0.017672 sigreg=1.216786 total=0.127183 grad_norm=0.3714
[train] epoch=1/1 batch=2600/5138 pred=0.017649 sigreg=1.216974 total=0.127177 grad_norm=0.4185
[train] epoch=1/1 batch=2700/5138 pred=0.017639 sigreg=1.216526 total=0.127127 grad_norm=0.4121
[train] epoch=1/1 batch=2800/5138 pred=0.017620 sigreg=1.216551 total=0.127110 grad_norm=0.4338
[train] epoch=1/1 batch=2900/5138 pred=0.017601 sigreg=1.216943 total=0.127126 grad_norm=0.3841
[train] epoch=1/1 batch=3000/5138 pred=0.017580 sigreg=1.217340 total=0.127140 grad_norm=0.4833
[train] epoch=1/1 batch=3100/5138 pred=0.017554 sigreg=1.217669 total=0.127144 grad_norm=0.4620
[train] epoch=1/1 batch=3200/5138 pred=0.017532 sigreg=1.217794 total=0.127134 grad_norm=0.3793
[train] epoch=1/1 batch=3300/5138 pred=0.017509 sigreg=1.217817 total=0.127113 grad_norm=0.4113
[train] epoch=1/1 batch=3400/5138 pred=0.017492 sigreg=1.217553 total=0.127072 grad_norm=0.3551
[train] epoch=1/1 batch=3500/5138 pred=0.017484 sigreg=1.217638 total=0.127071 grad_norm=0.3577
[train] epoch=1/1 batch=3600/5138 pred=0.017461 sigreg=1.217697 total=0.127054 grad_norm=0.4512
[train] epoch=1/1 batch=3700/5138 pred=0.017441 sigreg=1.217985 total=0.127060 grad_norm=0.3815
[train] epoch=1/1 batch=3800/5138 pred=0.017429 sigreg=1.217978 total=0.127048 grad_norm=0.4365
[train] epoch=1/1 batch=3900/5138 pred=0.017419 sigreg=1.218169 total=0.127055 grad_norm=0.4179
[train] epoch=1/1 batch=4000/5138 pred=0.017406 sigreg=1.218210 total=0.127045 grad_norm=0.3600
[train] epoch=1/1 batch=4100/5138 pred=0.017386 sigreg=1.218104 total=0.127015 grad_norm=0.4184
[train] epoch=1/1 batch=4200/5138 pred=0.017368 sigreg=1.218099 total=0.126997 grad_norm=0.4383
[train] epoch=1/1 batch=4300/5138 pred=0.017345 sigreg=1.217894 total=0.126955 grad_norm=0.3663
[train] epoch=1/1 batch=4400/5138 pred=0.017338 sigreg=1.217896 total=0.126948 grad_norm=0.4057
[train] epoch=1/1 batch=4500/5138 pred=0.017333 sigreg=1.217797 total=0.126935 grad_norm=0.4430
[train] epoch=1/1 batch=4600/5138 pred=0.017320 sigreg=1.217885 total=0.126930 grad_norm=0.5454
[train] epoch=1/1 batch=4700/5138 pred=0.017306 sigreg=1.218037 total=0.126930 grad_norm=0.4521
[train] epoch=1/1 batch=4800/5138 pred=0.017293 sigreg=1.218047 total=0.126918 grad_norm=0.4629
[train] epoch=1/1 batch=4900/5138 pred=0.017278 sigreg=1.217779 total=0.126878 grad_norm=0.4030
[train] epoch=1/1 batch=5000/5138 pred=0.017255 sigreg=1.217771 total=0.126854 grad_norm=0.3977
[train] epoch=1/1 batch=5100/5138 pred=0.017246 sigreg=1.217680 total=0.126837 grad_norm=0.4065
[done] checkpoint=experiments/real_gauge_drift/results/tworoom_joint_continue_1ep_trainseed42/joint_continue_object.ckpt formal_full_epoch=True training_sec=1850.1
real 1861.38
user 5513.91
sys 4113.58
