==== exp5 rooms3 seed=0 started at Thu Jul  9 09:08:34 AM UTC 2026 ====
==== exp5 rooms3 seed=0 finished at Thu Jul  9 09:10:02 AM UTC 2026 ====
==== exp5 priority5 seed=0 started at Thu Jul  9 09:10:02 AM UTC 2026 ====
==== exp5 priority5 seed=0 finished at Thu Jul  9 09:11:27 AM UTC 2026 ====
==== exp5 rooms3 seed=1 started at Thu Jul  9 09:11:27 AM UTC 2026 ====
==== exp5 rooms3 seed=1 finished at Thu Jul  9 09:12:52 AM UTC 2026 ====
==== exp5 priority5 seed=1 started at Thu Jul  9 09:12:52 AM UTC 2026 ====
==== exp5 priority5 seed=1 finished at Thu Jul  9 09:14:14 AM UTC 2026 ====
==== exp5 rooms3 seed=2 started at Thu Jul  9 09:14:14 AM UTC 2026 ====
==== exp5 rooms3 seed=2 finished at Thu Jul  9 09:15:41 AM UTC 2026 ====
==== exp5 priority5 seed=2 started at Thu Jul  9 09:15:41 AM UTC 2026 ====
==== exp5 priority5 seed=2 finished at Thu Jul  9 09:17:18 AM UTC 2026 ====
==== exp5 rooms3 seed=3 started at Thu Jul  9 09:17:18 AM UTC 2026 ====
==== exp5 rooms3 seed=3 finished at Thu Jul  9 09:18:47 AM UTC 2026 ====
==== exp5 priority5 seed=3 started at Thu Jul  9 09:18:47 AM UTC 2026 ====
==== exp5 priority5 seed=3 finished at Thu Jul  9 09:20:16 AM UTC 2026 ====
==== exp5 rooms3 seed=4 started at Thu Jul  9 09:20:16 AM UTC 2026 ====
==== exp5 rooms3 seed=4 finished at Thu Jul  9 09:21:44 AM UTC 2026 ====
==== exp5 priority5 seed=4 started at Thu Jul  9 09:21:44 AM UTC 2026 ====
==== exp5 priority5 seed=4 finished at Thu Jul  9 09:23:13 AM UTC 2026 ====
==== exp5 rooms3 seed=0 started at Mon Jul 13 10:15:46 AM UTC 2026 ====
==== exp5 rooms3 seed=0 finished at Mon Jul 13 10:16:46 AM UTC 2026 ====
==== exp5 priority5 seed=0 started at Mon Jul 13 10:16:46 AM UTC 2026 ====
==== exp5 priority5 seed=0 finished at Mon Jul 13 10:17:44 AM UTC 2026 ====
==== exp5 rooms3 seed=1 started at Mon Jul 13 10:17:45 AM UTC 2026 ====
