==== baseline seed=0 started at Thu Jul  9 03:41:12 AM UTC 2026 ====
==== baseline seed=0 finished at Thu Jul  9 03:42:39 AM UTC 2026 ====
==== rooms3 seed=0 started at Thu Jul  9 03:42:39 AM UTC 2026 ====
==== rooms3 seed=0 finished at Thu Jul  9 03:44:06 AM UTC 2026 ====
==== priority5 seed=0 started at Thu Jul  9 03:44:06 AM UTC 2026 ====
==== priority5 seed=0 finished at Thu Jul  9 03:45:31 AM UTC 2026 ====
==== baseline seed=1 started at Thu Jul  9 03:45:31 AM UTC 2026 ====
==== baseline seed=1 finished at Thu Jul  9 03:46:58 AM UTC 2026 ====
==== rooms3 seed=1 started at Thu Jul  9 03:46:58 AM UTC 2026 ====
==== rooms3 seed=1 finished at Thu Jul  9 03:48:25 AM UTC 2026 ====
==== priority5 seed=1 started at Thu Jul  9 03:48:25 AM UTC 2026 ====
==== priority5 seed=1 finished at Thu Jul  9 03:49:52 AM UTC 2026 ====
==== baseline seed=2 started at Thu Jul  9 03:49:52 AM UTC 2026 ====
==== baseline seed=2 finished at Thu Jul  9 03:51:21 AM UTC 2026 ====
==== rooms3 seed=2 started at Thu Jul  9 03:51:21 AM UTC 2026 ====
==== rooms3 seed=2 finished at Thu Jul  9 03:52:48 AM UTC 2026 ====
==== priority5 seed=2 started at Thu Jul  9 03:52:48 AM UTC 2026 ====
==== priority5 seed=2 finished at Thu Jul  9 03:54:25 AM UTC 2026 ====
==== baseline seed=3 started at Thu Jul  9 03:54:25 AM UTC 2026 ====
==== baseline seed=3 finished at Thu Jul  9 03:55:52 AM UTC 2026 ====
==== rooms3 seed=3 started at Thu Jul  9 03:55:52 AM UTC 2026 ====
==== rooms3 seed=3 finished at Thu Jul  9 03:57:21 AM UTC 2026 ====
==== priority5 seed=3 started at Thu Jul  9 03:57:21 AM UTC 2026 ====
==== priority5 seed=3 finished at Thu Jul  9 03:58:51 AM UTC 2026 ====
==== baseline seed=4 started at Thu Jul  9 03:58:51 AM UTC 2026 ====
==== baseline seed=4 finished at Thu Jul  9 04:00:21 AM UTC 2026 ====
==== rooms3 seed=4 started at Thu Jul  9 04:00:21 AM UTC 2026 ====
==== rooms3 seed=4 finished at Thu Jul  9 04:01:50 AM UTC 2026 ====
==== priority5 seed=4 started at Thu Jul  9 04:01:50 AM UTC 2026 ====
==== priority5 seed=4 finished at Thu Jul  9 04:03:18 AM UTC 2026 ====
==== baseline seed=0 started at Mon Jul 13 09:49:13 AM UTC 2026 ====
==== baseline seed=0 finished at Mon Jul 13 09:50:37 AM UTC 2026 ====
==== rooms3 seed=0 started at Mon Jul 13 09:50:37 AM UTC 2026 ====
==== rooms3 seed=0 finished at Mon Jul 13 09:51:37 AM UTC 2026 ====
==== priority5 seed=0 started at Mon Jul 13 09:51:37 AM UTC 2026 ====
==== priority5 seed=0 finished at Mon Jul 13 09:52:36 AM UTC 2026 ====
==== baseline seed=1 started at Mon Jul 13 09:52:36 AM UTC 2026 ====
==== baseline seed=1 finished at Mon Jul 13 09:53:41 AM UTC 2026 ====
==== rooms3 seed=1 started at Mon Jul 13 09:53:41 AM UTC 2026 ====
==== rooms3 seed=1 finished at Mon Jul 13 09:54:42 AM UTC 2026 ====
==== priority5 seed=1 started at Mon Jul 13 09:54:42 AM UTC 2026 ====
==== priority5 seed=1 finished at Mon Jul 13 09:55:42 AM UTC 2026 ====
==== baseline seed=2 started at Mon Jul 13 09:55:42 AM UTC 2026 ====
==== baseline seed=2 finished at Mon Jul 13 09:56:52 AM UTC 2026 ====
==== rooms3 seed=2 started at Mon Jul 13 09:56:52 AM UTC 2026 ====
==== rooms3 seed=2 finished at Mon Jul 13 09:57:57 AM UTC 2026 ====
==== priority5 seed=2 started at Mon Jul 13 09:57:57 AM UTC 2026 ====
==== priority5 seed=2 finished at Mon Jul 13 09:59:01 AM UTC 2026 ====
==== baseline seed=3 started at Mon Jul 13 09:59:02 AM UTC 2026 ====
==== baseline seed=3 finished at Mon Jul 13 10:00:06 AM UTC 2026 ====
==== rooms3 seed=3 started at Mon Jul 13 10:00:07 AM UTC 2026 ====
==== rooms3 seed=3 finished at Mon Jul 13 10:01:08 AM UTC 2026 ====
==== priority5 seed=3 started at Mon Jul 13 10:01:08 AM UTC 2026 ====
==== priority5 seed=3 finished at Mon Jul 13 10:02:10 AM UTC 2026 ====
==== baseline seed=4 started at Mon Jul 13 10:02:10 AM UTC 2026 ====
==== baseline seed=4 finished at Mon Jul 13 10:03:16 AM UTC 2026 ====
==== rooms3 seed=4 started at Mon Jul 13 10:03:16 AM UTC 2026 ====
==== rooms3 seed=4 finished at Mon Jul 13 10:04:20 AM UTC 2026 ====
==== priority5 seed=4 started at Mon Jul 13 10:04:20 AM UTC 2026 ====
==== priority5 seed=4 finished at Mon Jul 13 10:05:24 AM UTC 2026 ====
