==== exp5 rooms3 seed=0 started at Thu Jul  9 09:08:34 AM UTC 2026 ====
seed=0 mode=rooms3 success_rate=96.0% (48/50)
==== exp5 rooms3 seed=0 finished at Thu Jul  9 09:10:02 AM UTC 2026 ====
==== exp5 priority5 seed=0 started at Thu Jul  9 09:10:02 AM UTC 2026 ====
seed=0 mode=priority5 success_rate=98.0% (49/50)
==== exp5 priority5 seed=0 finished at Thu Jul  9 09:11:27 AM UTC 2026 ====
==== exp5 rooms3 seed=1 started at Thu Jul  9 09:11:27 AM UTC 2026 ====
seed=1 mode=rooms3 success_rate=92.0% (46/50)
==== exp5 rooms3 seed=1 finished at Thu Jul  9 09:12:52 AM UTC 2026 ====
==== exp5 priority5 seed=1 started at Thu Jul  9 09:12:52 AM UTC 2026 ====
seed=1 mode=priority5 success_rate=92.0% (46/50)
==== exp5 priority5 seed=1 finished at Thu Jul  9 09:14:14 AM UTC 2026 ====
==== exp5 rooms3 seed=2 started at Thu Jul  9 09:14:14 AM UTC 2026 ====
seed=2 mode=rooms3 success_rate=88.0% (44/50)
==== exp5 rooms3 seed=2 finished at Thu Jul  9 09:15:41 AM UTC 2026 ====
==== exp5 priority5 seed=2 started at Thu Jul  9 09:15:41 AM UTC 2026 ====
seed=2 mode=priority5 success_rate=88.0% (44/50)
==== exp5 priority5 seed=2 finished at Thu Jul  9 09:17:18 AM UTC 2026 ====
==== exp5 rooms3 seed=3 started at Thu Jul  9 09:17:18 AM UTC 2026 ====
seed=3 mode=rooms3 success_rate=94.0% (47/50)
==== exp5 rooms3 seed=3 finished at Thu Jul  9 09:18:47 AM UTC 2026 ====
==== exp5 priority5 seed=3 started at Thu Jul  9 09:18:47 AM UTC 2026 ====
seed=3 mode=priority5 success_rate=94.0% (47/50)
==== exp5 priority5 seed=3 finished at Thu Jul  9 09:20:16 AM UTC 2026 ====
==== exp5 rooms3 seed=4 started at Thu Jul  9 09:20:16 AM UTC 2026 ====
seed=4 mode=rooms3 success_rate=88.0% (44/50)
==== exp5 rooms3 seed=4 finished at Thu Jul  9 09:21:44 AM UTC 2026 ====
==== exp5 priority5 seed=4 started at Thu Jul  9 09:21:44 AM UTC 2026 ====
seed=4 mode=priority5 success_rate=90.0% (45/50)
==== exp5 priority5 seed=4 finished at Thu Jul  9 09:23:13 AM UTC 2026 ====
=== TwoRoom success rate (5 seeds) ===
priority5  mean=92.40% ± 3.85%  per-seed: [98.0, 92.0, 88.0, 94.0, 90.0]
rooms3     mean=91.60% ± 3.58%  per-seed: [96.0, 92.0, 88.0, 94.0, 88.0]

Wrote experiments/real_gauge_drift/results/tworoom_success_rate_exp5_5seed_summary.json
==== exp5 priority5 (80ep doorway) 5-seed eval finished at Thu Jul  9 09:23:13 AM UTC 2026 ====
