==== exp6 baseline seed=0 started at Fri Jul 10 02:41:54 AM UTC 2026 ====
==== exp6 baseline seed=0 finished at Fri Jul 10 02:43:41 AM UTC 2026 ====
==== exp6 rooms3 seed=0 started at Fri Jul 10 02:43:41 AM UTC 2026 ====
==== exp6 rooms3 seed=0 finished at Fri Jul 10 02:45:30 AM UTC 2026 ====
==== exp6 priority5 seed=0 started at Fri Jul 10 02:45:30 AM UTC 2026 ====
==== exp6 priority5 seed=0 finished at Fri Jul 10 02:47:20 AM UTC 2026 ====
==== exp6 baseline seed=1 started at Fri Jul 10 02:47:20 AM UTC 2026 ====
==== exp6 baseline seed=1 finished at Fri Jul 10 02:49:13 AM UTC 2026 ====
==== exp6 rooms3 seed=1 started at Fri Jul 10 02:49:13 AM UTC 2026 ====
==== exp6 rooms3 seed=1 finished at Fri Jul 10 02:51:08 AM UTC 2026 ====
==== exp6 priority5 seed=1 started at Fri Jul 10 02:51:08 AM UTC 2026 ====
==== exp6 priority5 seed=1 finished at Fri Jul 10 02:53:02 AM UTC 2026 ====
==== exp6 baseline seed=2 started at Fri Jul 10 02:53:02 AM UTC 2026 ====
==== exp6 baseline seed=2 finished at Fri Jul 10 02:54:53 AM UTC 2026 ====
==== exp6 rooms3 seed=2 started at Fri Jul 10 02:54:53 AM UTC 2026 ====
==== exp6 rooms3 seed=2 finished at Fri Jul 10 02:56:42 AM UTC 2026 ====
==== exp6 priority5 seed=2 started at Fri Jul 10 02:56:42 AM UTC 2026 ====
==== exp6 priority5 seed=2 finished at Fri Jul 10 02:58:33 AM UTC 2026 ====
==== exp6 baseline seed=3 started at Fri Jul 10 02:58:33 AM UTC 2026 ====
==== exp6 baseline seed=3 finished at Fri Jul 10 03:00:15 AM UTC 2026 ====
==== exp6 rooms3 seed=3 started at Fri Jul 10 03:00:15 AM UTC 2026 ====
==== exp6 rooms3 seed=3 finished at Fri Jul 10 03:02:03 AM UTC 2026 ====
==== exp6 priority5 seed=3 started at Fri Jul 10 03:02:03 AM UTC 2026 ====
==== exp6 priority5 seed=3 finished at Fri Jul 10 03:03:58 AM UTC 2026 ====
==== exp6 baseline seed=4 started at Fri Jul 10 03:03:58 AM UTC 2026 ====
==== exp6 baseline seed=4 finished at Fri Jul 10 03:05:46 AM UTC 2026 ====
==== exp6 rooms3 seed=4 started at Fri Jul 10 03:05:46 AM UTC 2026 ====
==== exp6 rooms3 seed=4 finished at Fri Jul 10 03:07:36 AM UTC 2026 ====
==== exp6 priority5 seed=4 started at Fri Jul 10 03:07:36 AM UTC 2026 ====
==== exp6 priority5 seed=4 finished at Fri Jul 10 03:09:23 AM UTC 2026 ====
==== exp6 baseline seed=0 started at Mon Jul 13 10:32:07 AM UTC 2026 ====
==== exp6 baseline seed=0 finished at Mon Jul 13 10:33:31 AM UTC 2026 ====
==== exp6 rooms3 seed=0 started at Mon Jul 13 10:33:31 AM UTC 2026 ====
==== exp6 rooms3 seed=0 finished at Mon Jul 13 10:34:49 AM UTC 2026 ====
==== exp6 priority5 seed=0 started at Mon Jul 13 10:34:49 AM UTC 2026 ====
==== exp6 priority5 seed=0 finished at Mon Jul 13 10:36:05 AM UTC 2026 ====
==== exp6 baseline seed=1 started at Mon Jul 13 10:36:05 AM UTC 2026 ====
==== exp6 baseline seed=1 finished at Mon Jul 13 10:37:30 AM UTC 2026 ====
==== exp6 rooms3 seed=1 started at Mon Jul 13 10:37:30 AM UTC 2026 ====
==== exp6 rooms3 seed=1 finished at Mon Jul 13 10:38:50 AM UTC 2026 ====
==== exp6 priority5 seed=1 started at Mon Jul 13 10:38:50 AM UTC 2026 ====
==== exp6 priority5 seed=1 finished at Mon Jul 13 10:40:08 AM UTC 2026 ====
==== exp6 baseline seed=2 started at Mon Jul 13 10:40:08 AM UTC 2026 ====
==== exp6 baseline seed=2 finished at Mon Jul 13 10:41:31 AM UTC 2026 ====
==== exp6 rooms3 seed=2 started at Mon Jul 13 10:41:31 AM UTC 2026 ====
==== exp6 rooms3 seed=2 finished at Mon Jul 13 10:42:50 AM UTC 2026 ====
==== exp6 priority5 seed=2 started at Mon Jul 13 10:42:50 AM UTC 2026 ====
==== exp6 priority5 seed=2 finished at Mon Jul 13 10:44:07 AM UTC 2026 ====
==== exp6 baseline seed=3 started at Mon Jul 13 10:44:07 AM UTC 2026 ====
==== exp6 baseline seed=3 finished at Mon Jul 13 10:45:29 AM UTC 2026 ====
==== exp6 rooms3 seed=3 started at Mon Jul 13 10:45:29 AM UTC 2026 ====
==== exp6 rooms3 seed=3 finished at Mon Jul 13 10:46:46 AM UTC 2026 ====
==== exp6 priority5 seed=3 started at Mon Jul 13 10:46:46 AM UTC 2026 ====
==== exp6 priority5 seed=3 finished at Mon Jul 13 10:48:03 AM UTC 2026 ====
==== exp6 baseline seed=4 started at Mon Jul 13 10:48:03 AM UTC 2026 ====
==== exp6 baseline seed=4 finished at Mon Jul 13 10:49:25 AM UTC 2026 ====
==== exp6 rooms3 seed=4 started at Mon Jul 13 10:49:25 AM UTC 2026 ====
==== exp6 rooms3 seed=4 finished at Mon Jul 13 10:50:42 AM UTC 2026 ====
==== exp6 priority5 seed=4 started at Mon Jul 13 10:50:42 AM UTC 2026 ====
==== exp6 priority5 seed=4 finished at Mon Jul 13 10:51:59 AM UTC 2026 ====
