==== exp6 rooms3_30ep seed=0 started at Fri Jul 10 07:13:22 AM UTC 2026 ====
==== exp6 rooms3_30ep seed=0 finished at Fri Jul 10 07:15:07 AM UTC 2026 ====
==== exp6 rooms3_50ep seed=0 started at Fri Jul 10 07:15:07 AM UTC 2026 ====
==== exp6 rooms3_50ep seed=0 finished at Fri Jul 10 07:16:55 AM UTC 2026 ====
==== exp6 priority5_30ep seed=0 started at Fri Jul 10 07:16:55 AM UTC 2026 ====
==== exp6 priority5_30ep seed=0 finished at Fri Jul 10 07:18:43 AM UTC 2026 ====
==== exp6 priority5_50ep seed=0 started at Fri Jul 10 07:18:43 AM UTC 2026 ====
==== exp6 priority5_50ep seed=0 finished at Fri Jul 10 07:20:32 AM UTC 2026 ====
==== exp6 rooms3_30ep seed=1 started at Fri Jul 10 07:20:32 AM UTC 2026 ====
==== exp6 rooms3_30ep seed=1 finished at Fri Jul 10 07:22:19 AM UTC 2026 ====
==== exp6 rooms3_50ep seed=1 started at Fri Jul 10 07:22:19 AM UTC 2026 ====
==== exp6 rooms3_50ep seed=1 finished at Fri Jul 10 07:24:06 AM UTC 2026 ====
==== exp6 priority5_30ep seed=1 started at Fri Jul 10 07:24:06 AM UTC 2026 ====
==== exp6 priority5_30ep seed=1 finished at Fri Jul 10 07:25:58 AM UTC 2026 ====
==== exp6 priority5_50ep seed=1 started at Fri Jul 10 07:25:58 AM UTC 2026 ====
==== exp6 priority5_50ep seed=1 finished at Fri Jul 10 07:27:49 AM UTC 2026 ====
==== exp6 rooms3_30ep seed=2 started at Fri Jul 10 07:27:49 AM UTC 2026 ====
==== exp6 rooms3_30ep seed=2 finished at Fri Jul 10 07:29:34 AM UTC 2026 ====
==== exp6 rooms3_50ep seed=2 started at Fri Jul 10 07:29:34 AM UTC 2026 ====
==== exp6 rooms3_50ep seed=2 finished at Fri Jul 10 07:31:22 AM UTC 2026 ====
==== exp6 priority5_30ep seed=2 started at Fri Jul 10 07:31:22 AM UTC 2026 ====
==== exp6 priority5_30ep seed=2 finished at Fri Jul 10 07:33:10 AM UTC 2026 ====
==== exp6 priority5_50ep seed=2 started at Fri Jul 10 07:33:10 AM UTC 2026 ====
==== exp6 priority5_50ep seed=2 finished at Fri Jul 10 07:35:00 AM UTC 2026 ====
==== exp6 rooms3_30ep seed=3 started at Fri Jul 10 07:35:00 AM UTC 2026 ====
==== exp6 rooms3_30ep seed=3 finished at Fri Jul 10 07:36:46 AM UTC 2026 ====
==== exp6 rooms3_50ep seed=3 started at Fri Jul 10 07:36:46 AM UTC 2026 ====
==== exp6 rooms3_50ep seed=3 finished at Fri Jul 10 07:38:31 AM UTC 2026 ====
==== exp6 priority5_30ep seed=3 started at Fri Jul 10 07:38:31 AM UTC 2026 ====
==== exp6 priority5_30ep seed=3 finished at Fri Jul 10 07:40:16 AM UTC 2026 ====
==== exp6 priority5_50ep seed=3 started at Fri Jul 10 07:40:16 AM UTC 2026 ====
==== exp6 priority5_50ep seed=3 finished at Fri Jul 10 07:42:07 AM UTC 2026 ====
==== exp6 rooms3_30ep seed=4 started at Fri Jul 10 07:42:07 AM UTC 2026 ====
==== exp6 rooms3_30ep seed=4 finished at Fri Jul 10 07:43:54 AM UTC 2026 ====
==== exp6 rooms3_50ep seed=4 started at Fri Jul 10 07:43:54 AM UTC 2026 ====
==== exp6 rooms3_50ep seed=4 finished at Fri Jul 10 07:45:41 AM UTC 2026 ====
==== exp6 priority5_30ep seed=4 started at Fri Jul 10 07:45:41 AM UTC 2026 ====
==== exp6 priority5_30ep seed=4 finished at Fri Jul 10 07:47:25 AM UTC 2026 ====
==== exp6 priority5_50ep seed=4 started at Fri Jul 10 07:47:25 AM UTC 2026 ====
==== exp6 priority5_50ep seed=4 finished at Fri Jul 10 07:49:09 AM UTC 2026 ====
==== exp6 rooms3_30ep seed=0 started at Mon Jul 13 10:51:59 AM UTC 2026 ====
==== exp6 rooms3_30ep seed=0 finished at Mon Jul 13 10:53:17 AM UTC 2026 ====
==== exp6 rooms3_50ep seed=0 started at Mon Jul 13 10:53:17 AM UTC 2026 ====
==== exp6 rooms3_50ep seed=0 finished at Mon Jul 13 10:54:34 AM UTC 2026 ====
==== exp6 priority5_30ep seed=0 started at Mon Jul 13 10:54:34 AM UTC 2026 ====
==== exp6 priority5_30ep seed=0 finished at Mon Jul 13 10:55:53 AM UTC 2026 ====
==== exp6 priority5_50ep seed=0 started at Mon Jul 13 10:55:53 AM UTC 2026 ====
==== exp6 priority5_50ep seed=0 finished at Mon Jul 13 10:57:10 AM UTC 2026 ====
==== exp6 rooms3_30ep seed=1 started at Mon Jul 13 10:57:10 AM UTC 2026 ====
==== exp6 rooms3_30ep seed=1 finished at Mon Jul 13 10:58:29 AM UTC 2026 ====
==== exp6 rooms3_50ep seed=1 started at Mon Jul 13 10:58:29 AM UTC 2026 ====
==== exp6 rooms3_50ep seed=1 finished at Mon Jul 13 10:59:49 AM UTC 2026 ====
==== exp6 priority5_30ep seed=1 started at Mon Jul 13 10:59:49 AM UTC 2026 ====
==== exp6 priority5_30ep seed=1 finished at Mon Jul 13 11:01:08 AM UTC 2026 ====
==== exp6 priority5_50ep seed=1 started at Mon Jul 13 11:01:08 AM UTC 2026 ====
==== exp6 priority5_50ep seed=1 finished at Mon Jul 13 11:02:27 AM UTC 2026 ====
==== exp6 rooms3_30ep seed=2 started at Mon Jul 13 11:02:27 AM UTC 2026 ====
==== exp6 rooms3_30ep seed=2 finished at Mon Jul 13 11:03:44 AM UTC 2026 ====
==== exp6 rooms3_50ep seed=2 started at Mon Jul 13 11:03:44 AM UTC 2026 ====
==== exp6 rooms3_50ep seed=2 finished at Mon Jul 13 11:05:04 AM UTC 2026 ====
==== exp6 priority5_30ep seed=2 started at Mon Jul 13 11:05:04 AM UTC 2026 ====
==== exp6 priority5_30ep seed=2 finished at Mon Jul 13 11:06:21 AM UTC 2026 ====
==== exp6 priority5_50ep seed=2 started at Mon Jul 13 11:06:21 AM UTC 2026 ====
==== exp6 priority5_50ep seed=2 finished at Mon Jul 13 11:07:37 AM UTC 2026 ====
==== exp6 rooms3_30ep seed=3 started at Mon Jul 13 11:07:37 AM UTC 2026 ====
==== exp6 rooms3_30ep seed=3 finished at Mon Jul 13 11:08:57 AM UTC 2026 ====
==== exp6 rooms3_50ep seed=3 started at Mon Jul 13 11:08:57 AM UTC 2026 ====
==== exp6 rooms3_50ep seed=3 finished at Mon Jul 13 11:10:17 AM UTC 2026 ====
==== exp6 priority5_30ep seed=3 started at Mon Jul 13 11:10:17 AM UTC 2026 ====
==== exp6 priority5_30ep seed=3 finished at Mon Jul 13 11:11:36 AM UTC 2026 ====
==== exp6 priority5_50ep seed=3 started at Mon Jul 13 11:11:36 AM UTC 2026 ====
==== exp6 priority5_50ep seed=3 finished at Mon Jul 13 11:12:54 AM UTC 2026 ====
==== exp6 rooms3_30ep seed=4 started at Mon Jul 13 11:12:54 AM UTC 2026 ====
==== exp6 rooms3_30ep seed=4 finished at Mon Jul 13 11:14:13 AM UTC 2026 ====
==== exp6 rooms3_50ep seed=4 started at Mon Jul 13 11:14:13 AM UTC 2026 ====
==== exp6 rooms3_50ep seed=4 finished at Mon Jul 13 11:15:30 AM UTC 2026 ====
==== exp6 priority5_30ep seed=4 started at Mon Jul 13 11:15:30 AM UTC 2026 ====
==== exp6 priority5_30ep seed=4 finished at Mon Jul 13 11:16:49 AM UTC 2026 ====
==== exp6 priority5_50ep seed=4 started at Mon Jul 13 11:16:49 AM UTC 2026 ====
==== exp6 priority5_50ep seed=4 finished at Mon Jul 13 11:18:07 AM UTC 2026 ====
