==== 50ep rooms3 seed=0 started at Thu Jul  9 07:51:53 AM UTC 2026 ====
==== 50ep rooms3 seed=0 finished at Thu Jul  9 07:53:22 AM UTC 2026 ====
==== 50ep priority5 seed=0 started at Thu Jul  9 07:53:22 AM UTC 2026 ====
==== 50ep priority5 seed=0 finished at Thu Jul  9 07:54:41 AM UTC 2026 ====
==== 50ep rooms3 seed=1 started at Thu Jul  9 07:54:41 AM UTC 2026 ====
==== 50ep rooms3 seed=1 finished at Thu Jul  9 07:56:08 AM UTC 2026 ====
==== 50ep priority5 seed=1 started at Thu Jul  9 07:56:08 AM UTC 2026 ====
==== 50ep priority5 seed=1 finished at Thu Jul  9 07:57:33 AM UTC 2026 ====
==== 50ep rooms3 seed=2 started at Thu Jul  9 07:57:33 AM UTC 2026 ====
==== 50ep rooms3 seed=2 finished at Thu Jul  9 07:59:10 AM UTC 2026 ====
==== 50ep priority5 seed=2 started at Thu Jul  9 07:59:10 AM UTC 2026 ====
==== 50ep priority5 seed=2 finished at Thu Jul  9 08:00:47 AM UTC 2026 ====
==== 50ep rooms3 seed=3 started at Thu Jul  9 08:00:47 AM UTC 2026 ====
==== 50ep rooms3 seed=3 finished at Thu Jul  9 08:02:15 AM UTC 2026 ====
==== 50ep priority5 seed=3 started at Thu Jul  9 08:02:15 AM UTC 2026 ====
==== 50ep priority5 seed=3 finished at Thu Jul  9 08:03:42 AM UTC 2026 ====
==== 50ep rooms3 seed=4 started at Thu Jul  9 08:03:42 AM UTC 2026 ====
==== 50ep rooms3 seed=4 finished at Thu Jul  9 08:05:10 AM UTC 2026 ====
==== 50ep priority5 seed=4 started at Thu Jul  9 08:05:10 AM UTC 2026 ====
==== 50ep priority5 seed=4 finished at Thu Jul  9 08:06:38 AM UTC 2026 ====
==== 50ep rooms3 seed=0 started at Mon Jul 13 10:05:24 AM UTC 2026 ====
==== 50ep rooms3 seed=0 finished at Mon Jul 13 10:06:24 AM UTC 2026 ====
==== 50ep priority5 seed=0 started at Mon Jul 13 10:06:24 AM UTC 2026 ====
==== 50ep priority5 seed=0 finished at Mon Jul 13 10:07:24 AM UTC 2026 ====
==== 50ep rooms3 seed=1 started at Mon Jul 13 10:07:24 AM UTC 2026 ====
==== 50ep rooms3 seed=1 finished at Mon Jul 13 10:08:24 AM UTC 2026 ====
==== 50ep priority5 seed=1 started at Mon Jul 13 10:08:24 AM UTC 2026 ====
==== 50ep priority5 seed=1 finished at Mon Jul 13 10:09:25 AM UTC 2026 ====
==== 50ep rooms3 seed=2 started at Mon Jul 13 10:09:25 AM UTC 2026 ====
==== 50ep rooms3 seed=2 finished at Mon Jul 13 10:10:30 AM UTC 2026 ====
==== 50ep priority5 seed=2 started at Mon Jul 13 10:10:30 AM UTC 2026 ====
==== 50ep priority5 seed=2 finished at Mon Jul 13 10:11:34 AM UTC 2026 ====
==== 50ep rooms3 seed=3 started at Mon Jul 13 10:11:34 AM UTC 2026 ====
==== 50ep rooms3 seed=3 finished at Mon Jul 13 10:12:36 AM UTC 2026 ====
==== 50ep priority5 seed=3 started at Mon Jul 13 10:12:36 AM UTC 2026 ====
==== 50ep priority5 seed=3 finished at Mon Jul 13 10:13:37 AM UTC 2026 ====
==== 50ep rooms3 seed=4 started at Mon Jul 13 10:13:37 AM UTC 2026 ====
==== 50ep rooms3 seed=4 finished at Mon Jul 13 10:14:42 AM UTC 2026 ====
==== 50ep priority5 seed=4 started at Mon Jul 13 10:14:42 AM UTC 2026 ====
==== 50ep priority5 seed=4 finished at Mon Jul 13 10:15:46 AM UTC 2026 ====
