==== exp6 rooms3_30ep seed=0 started at Fri Jul 10 07:13:22 AM UTC 2026 ====
seed=0 rooms3_30ep success_rate=64.0% (32/50)
==== exp6 rooms3_30ep seed=0 finished at Fri Jul 10 07:15:07 AM UTC 2026 ====
==== exp6 rooms3_50ep seed=0 started at Fri Jul 10 07:15:07 AM UTC 2026 ====
seed=0 rooms3_50ep success_rate=57.99999999999999% (29/50)
==== exp6 rooms3_50ep seed=0 finished at Fri Jul 10 07:16:55 AM UTC 2026 ====
==== exp6 priority5_30ep seed=0 started at Fri Jul 10 07:16:55 AM UTC 2026 ====
seed=0 priority5_30ep success_rate=60.0% (30/50)
==== exp6 priority5_30ep seed=0 finished at Fri Jul 10 07:18:43 AM UTC 2026 ====
==== exp6 priority5_50ep seed=0 started at Fri Jul 10 07:18:43 AM UTC 2026 ====
seed=0 priority5_50ep success_rate=57.99999999999999% (29/50)
==== exp6 priority5_50ep seed=0 finished at Fri Jul 10 07:20:32 AM UTC 2026 ====
==== exp6 rooms3_30ep seed=1 started at Fri Jul 10 07:20:32 AM UTC 2026 ====
seed=1 rooms3_30ep success_rate=62.0% (31/50)
==== exp6 rooms3_30ep seed=1 finished at Fri Jul 10 07:22:19 AM UTC 2026 ====
==== exp6 rooms3_50ep seed=1 started at Fri Jul 10 07:22:19 AM UTC 2026 ====
seed=1 rooms3_50ep success_rate=66.0% (33/50)
==== exp6 rooms3_50ep seed=1 finished at Fri Jul 10 07:24:06 AM UTC 2026 ====
==== exp6 priority5_30ep seed=1 started at Fri Jul 10 07:24:06 AM UTC 2026 ====
seed=1 priority5_30ep success_rate=64.0% (32/50)
==== exp6 priority5_30ep seed=1 finished at Fri Jul 10 07:25:58 AM UTC 2026 ====
==== exp6 priority5_50ep seed=1 started at Fri Jul 10 07:25:58 AM UTC 2026 ====
seed=1 priority5_50ep success_rate=66.0% (33/50)
==== exp6 priority5_50ep seed=1 finished at Fri Jul 10 07:27:49 AM UTC 2026 ====
==== exp6 rooms3_30ep seed=2 started at Fri Jul 10 07:27:49 AM UTC 2026 ====
seed=2 rooms3_30ep success_rate=60.0% (30/50)
==== exp6 rooms3_30ep seed=2 finished at Fri Jul 10 07:29:34 AM UTC 2026 ====
==== exp6 rooms3_50ep seed=2 started at Fri Jul 10 07:29:34 AM UTC 2026 ====
seed=2 rooms3_50ep success_rate=62.0% (31/50)
==== exp6 rooms3_50ep seed=2 finished at Fri Jul 10 07:31:22 AM UTC 2026 ====
==== exp6 priority5_30ep seed=2 started at Fri Jul 10 07:31:22 AM UTC 2026 ====
seed=2 priority5_30ep success_rate=56.00000000000001% (28/50)
==== exp6 priority5_30ep seed=2 finished at Fri Jul 10 07:33:10 AM UTC 2026 ====
==== exp6 priority5_50ep seed=2 started at Fri Jul 10 07:33:10 AM UTC 2026 ====
seed=2 priority5_50ep success_rate=64.0% (32/50)
==== exp6 priority5_50ep seed=2 finished at Fri Jul 10 07:35:00 AM UTC 2026 ====
==== exp6 rooms3_30ep seed=3 started at Fri Jul 10 07:35:00 AM UTC 2026 ====
seed=3 rooms3_30ep success_rate=62.0% (31/50)
==== exp6 rooms3_30ep seed=3 finished at Fri Jul 10 07:36:46 AM UTC 2026 ====
==== exp6 rooms3_50ep seed=3 started at Fri Jul 10 07:36:46 AM UTC 2026 ====
seed=3 rooms3_50ep success_rate=62.0% (31/50)
==== exp6 rooms3_50ep seed=3 finished at Fri Jul 10 07:38:31 AM UTC 2026 ====
==== exp6 priority5_30ep seed=3 started at Fri Jul 10 07:38:31 AM UTC 2026 ====
seed=3 priority5_30ep success_rate=64.0% (32/50)
==== exp6 priority5_30ep seed=3 finished at Fri Jul 10 07:40:16 AM UTC 2026 ====
==== exp6 priority5_50ep seed=3 started at Fri Jul 10 07:40:16 AM UTC 2026 ====
seed=3 priority5_50ep success_rate=64.0% (32/50)
==== exp6 priority5_50ep seed=3 finished at Fri Jul 10 07:42:07 AM UTC 2026 ====
==== exp6 rooms3_30ep seed=4 started at Fri Jul 10 07:42:07 AM UTC 2026 ====
seed=4 rooms3_30ep success_rate=54.0% (27/50)
==== exp6 rooms3_30ep seed=4 finished at Fri Jul 10 07:43:54 AM UTC 2026 ====
==== exp6 rooms3_50ep seed=4 started at Fri Jul 10 07:43:54 AM UTC 2026 ====
seed=4 rooms3_50ep success_rate=62.0% (31/50)
==== exp6 rooms3_50ep seed=4 finished at Fri Jul 10 07:45:41 AM UTC 2026 ====
==== exp6 priority5_30ep seed=4 started at Fri Jul 10 07:45:41 AM UTC 2026 ====
seed=4 priority5_30ep success_rate=60.0% (30/50)
==== exp6 priority5_30ep seed=4 finished at Fri Jul 10 07:47:25 AM UTC 2026 ====
==== exp6 priority5_50ep seed=4 started at Fri Jul 10 07:47:25 AM UTC 2026 ====
seed=4 priority5_50ep success_rate=64.0% (32/50)
==== exp6 priority5_50ep seed=4 finished at Fri Jul 10 07:49:09 AM UTC 2026 ====
=== TwoRoom success rate (5 seeds) ===
priority5_30ep mean=60.80% ± 3.35%  per-seed: [60.0, 64.0, 56.0, 64.0, 60.0]
priority5_50ep mean=63.20% ± 3.03%  per-seed: [58.0, 66.0, 64.0, 64.0, 64.0]
rooms3_30ep mean=60.40% ± 3.85%  per-seed: [64.0, 62.0, 60.0, 62.0, 54.0]
rooms3_50ep mean=62.00% ± 2.83%  per-seed: [58.0, 66.0, 62.0, 62.0, 62.0]

Wrote experiments/real_gauge_drift/results/tworoom_success_rate_exp6_30ep_50ep_5seed_summary.json
==== exp6 30ep/50ep long-range finished at Fri Jul 10 07:49:09 AM UTC 2026 ====
