08:53:08 | INFO  | __init__.py | JAX version 0.6.2 available.
08:53:11 | INFO  | atomic_chec~| [atomic_save] installed crash-safe checkpoint plugin (write to sibling .tmp + fsync + atomic rename)
08:53:11 | INFO  | __init__.py | Cached 'action' from '/data/sicong/weitao/datasets/lewm/tworoom.h5'
08:53:11 | INFO  | __init__.py | Cached 'proprio' from '/data/sicong/weitao/datasets/lewm/tworoom.h5'
/data/sicong/weitao/le-wm/.venv/lib/python3.10/site-packages/lance/__init__.py:320: UserWarning: lance is not fork-safe. If you are using multiprocessing, use spawn or forkserver instead.
  warnings.warn(
/data/sicong/anaconda3/lib/python3.10/multiprocessing/popen_fork.py:66: RuntimeWarning: lancedb fork support is experimental: the internal async runtime has been reset in the forked child, but a small chance of deadlock remains if other state was mid-operation at fork time. The 'forkserver' or 'spawn' multiprocessing start method is likely a safer alternative.
  self.pid = os.fork()
/data/sicong/anaconda3/lib/python3.10/multiprocessing/popen_fork.py:66: RuntimeWarning: lancedb fork support is experimental: the internal async runtime has been reset in the forked child, but a small chance of deadlock remains if other state was mid-operation at fork time. The 'forkserver' or 'spawn' multiprocessing start method is likely a safer alternative.
  self.pid = os.fork()
/data/sicong/anaconda3/lib/python3.10/multiprocessing/popen_fork.py:66: RuntimeWarning: lancedb fork support is experimental: the internal async runtime has been reset in the forked child, but a small chance of deadlock remains if other state was mid-operation at fork time. The 'forkserver' or 'spawn' multiprocessing start method is likely a safer alternative.
  self.pid = os.fork()
/data/sicong/anaconda3/lib/python3.10/multiprocessing/popen_fork.py:66: RuntimeWarning: lancedb fork support is experimental: the internal async runtime has been reset in the forked child, but a small chance of deadlock remains if other state was mid-operation at fork time. The 'forkserver' or 'spawn' multiprocessing start method is likely a safer alternative.
  self.pid = os.fork()
[train] epoch=1/3 batch=1/5138 pred=0.018959 sigreg=1.199915 total=0.126952 grad_norm=0.4780
[train] epoch=1/3 batch=100/5138 pred=0.019516 sigreg=1.214261 total=0.128799 grad_norm=0.4262
[train] epoch=1/3 batch=200/5138 pred=0.019103 sigreg=1.214890 total=0.128443 grad_norm=0.4284
[train] epoch=1/3 batch=300/5138 pred=0.018980 sigreg=1.213694 total=0.128213 grad_norm=0.4579
[train] epoch=1/3 batch=400/5138 pred=0.018779 sigreg=1.213533 total=0.127997 grad_norm=0.4091
[train] epoch=1/3 batch=500/5138 pred=0.018547 sigreg=1.216266 total=0.128011 grad_norm=0.3854
[train] epoch=1/3 batch=600/5138 pred=0.018464 sigreg=1.216893 total=0.127984 grad_norm=0.4808
[train] epoch=1/3 batch=700/5138 pred=0.018371 sigreg=1.217895 total=0.127982 grad_norm=0.4589
[train] epoch=1/3 batch=800/5138 pred=0.018314 sigreg=1.218114 total=0.127944 grad_norm=0.4291
[train] epoch=1/3 batch=900/5138 pred=0.018236 sigreg=1.218246 total=0.127878 grad_norm=0.4140
[train] epoch=1/3 batch=1000/5138 pred=0.018180 sigreg=1.218527 total=0.127848 grad_norm=0.4151
[train] epoch=1/3 batch=1100/5138 pred=0.018117 sigreg=1.218657 total=0.127797 grad_norm=0.3910
[train] epoch=1/3 batch=1200/5138 pred=0.018093 sigreg=1.218548 total=0.127762 grad_norm=0.3893
[train] epoch=1/3 batch=1300/5138 pred=0.018034 sigreg=1.218342 total=0.127685 grad_norm=0.4391
[train] epoch=1/3 batch=1400/5138 pred=0.017960 sigreg=1.218232 total=0.127601 grad_norm=0.4603
[train] epoch=1/3 batch=1500/5138 pred=0.017960 sigreg=1.218367 total=0.127613 grad_norm=0.4330
[train] epoch=1/3 batch=1600/5138 pred=0.017941 sigreg=1.218130 total=0.127573 grad_norm=0.3653
[train] epoch=1/3 batch=1700/5138 pred=0.017881 sigreg=1.218232 total=0.127522 grad_norm=0.4332
[train] epoch=1/3 batch=1800/5138 pred=0.017891 sigreg=1.218819 total=0.127584 grad_norm=0.5464
[train] epoch=1/3 batch=1900/5138 pred=0.017872 sigreg=1.218904 total=0.127573 grad_norm=0.4973
[train] epoch=1/3 batch=2000/5138 pred=0.017827 sigreg=1.218692 total=0.127509 grad_norm=0.4355
[train] epoch=1/3 batch=2100/5138 pred=0.017816 sigreg=1.218540 total=0.127485 grad_norm=0.4940
[train] epoch=1/3 batch=2200/5138 pred=0.017763 sigreg=1.218390 total=0.127418 grad_norm=0.4046
[train] epoch=1/3 batch=2300/5138 pred=0.017722 sigreg=1.218353 total=0.127374 grad_norm=0.4661
[train] epoch=1/3 batch=2400/5138 pred=0.017724 sigreg=1.218332 total=0.127374 grad_norm=0.4105
[train] epoch=1/3 batch=2500/5138 pred=0.017705 sigreg=1.218360 total=0.127358 grad_norm=0.4188
[train] epoch=1/3 batch=2600/5138 pred=0.017676 sigreg=1.218067 total=0.127302 grad_norm=0.4813
[train] epoch=1/3 batch=2700/5138 pred=0.017652 sigreg=1.217917 total=0.127264 grad_norm=0.4659
[train] epoch=1/3 batch=2800/5138 pred=0.017619 sigreg=1.217764 total=0.127218 grad_norm=0.3828
[train] epoch=1/3 batch=2900/5138 pred=0.017595 sigreg=1.217687 total=0.127187 grad_norm=0.4389
[train] epoch=1/3 batch=3000/5138 pred=0.017565 sigreg=1.217657 total=0.127154 grad_norm=0.4183
[train] epoch=1/3 batch=3100/5138 pred=0.017540 sigreg=1.217720 total=0.127135 grad_norm=0.4587
[train] epoch=1/3 batch=3200/5138 pred=0.017520 sigreg=1.217524 total=0.127098 grad_norm=0.4407
[train] epoch=1/3 batch=3300/5138 pred=0.017498 sigreg=1.217521 total=0.127075 grad_norm=0.4254
[train] epoch=1/3 batch=3400/5138 pred=0.017478 sigreg=1.217526 total=0.127055 grad_norm=0.4857
[train] epoch=1/3 batch=3500/5138 pred=0.017458 sigreg=1.217295 total=0.127015 grad_norm=0.3701
[train] epoch=1/3 batch=3600/5138 pred=0.017443 sigreg=1.217459 total=0.127014 grad_norm=0.4180
[train] epoch=1/3 batch=3700/5138 pred=0.017434 sigreg=1.217522 total=0.127011 grad_norm=0.4768
[train] epoch=1/3 batch=3800/5138 pred=0.017425 sigreg=1.217475 total=0.126998 grad_norm=0.4289
[train] epoch=1/3 batch=3900/5138 pred=0.017414 sigreg=1.217512 total=0.126990 grad_norm=0.4943
[train] epoch=1/3 batch=4000/5138 pred=0.017392 sigreg=1.217503 total=0.126967 grad_norm=0.4993
[train] epoch=1/3 batch=4100/5138 pred=0.017374 sigreg=1.217367 total=0.126937 grad_norm=0.4725
[train] epoch=1/3 batch=4200/5138 pred=0.017361 sigreg=1.217297 total=0.126918 grad_norm=0.4246
[train] epoch=1/3 batch=4300/5138 pred=0.017353 sigreg=1.217203 total=0.126901 grad_norm=0.4126
[train] epoch=1/3 batch=4400/5138 pred=0.017343 sigreg=1.216999 total=0.126873 grad_norm=0.3679
[train] epoch=1/3 batch=4500/5138 pred=0.017330 sigreg=1.216988 total=0.126859 grad_norm=0.4144
[train] epoch=1/3 batch=4600/5138 pred=0.017309 sigreg=1.217070 total=0.126845 grad_norm=0.4546
[train] epoch=1/3 batch=4700/5138 pred=0.017292 sigreg=1.216905 total=0.126813 grad_norm=0.4112
[train] epoch=1/3 batch=4800/5138 pred=0.017284 sigreg=1.216748 total=0.126791 grad_norm=0.3876
[train] epoch=1/3 batch=4900/5138 pred=0.017271 sigreg=1.216845 total=0.126788 grad_norm=0.3958
[train] epoch=1/3 batch=5000/5138 pred=0.017256 sigreg=1.216753 total=0.126764 grad_norm=0.4024
[train] epoch=1/3 batch=5100/5138 pred=0.017248 sigreg=1.216702 total=0.126751 grad_norm=0.3978
[train] epoch=2/3 batch=62/5138 pred=0.016312 sigreg=1.223230 total=0.126403 grad_norm=0.4123
[train] epoch=2/3 batch=162/5138 pred=0.016431 sigreg=1.219937 total=0.126226 grad_norm=0.4380
[train] epoch=2/3 batch=262/5138 pred=0.016596 sigreg=1.217195 total=0.126143 grad_norm=0.4146
[train] epoch=2/3 batch=362/5138 pred=0.016419 sigreg=1.217492 total=0.125993 grad_norm=0.3847
[train] epoch=2/3 batch=462/5138 pred=0.016426 sigreg=1.214580 total=0.125739 grad_norm=0.4469
[train] epoch=2/3 batch=562/5138 pred=0.016416 sigreg=1.213598 total=0.125640 grad_norm=0.4680
[train] epoch=2/3 batch=662/5138 pred=0.016416 sigreg=1.213532 total=0.125633 grad_norm=0.3898
[train] epoch=2/3 batch=762/5138 pred=0.016399 sigreg=1.214396 total=0.125694 grad_norm=0.5307
[train] epoch=2/3 batch=862/5138 pred=0.016342 sigreg=1.215473 total=0.125735 grad_norm=0.4379
[train] epoch=2/3 batch=962/5138 pred=0.016286 sigreg=1.215554 total=0.125686 grad_norm=0.3523
[train] epoch=2/3 batch=1062/5138 pred=0.016228 sigreg=1.215575 total=0.125630 grad_norm=0.3818
[train] epoch=2/3 batch=1162/5138 pred=0.016210 sigreg=1.214260 total=0.125494 grad_norm=0.4412
[train] epoch=2/3 batch=1262/5138 pred=0.016223 sigreg=1.214189 total=0.125500 grad_norm=0.3953
[train] epoch=2/3 batch=1362/5138 pred=0.016194 sigreg=1.213754 total=0.125432 grad_norm=0.4603
[train] epoch=2/3 batch=1462/5138 pred=0.016182 sigreg=1.213518 total=0.125398 grad_norm=0.4490
[train] epoch=2/3 batch=1562/5138 pred=0.016166 sigreg=1.213435 total=0.125375 grad_norm=0.3683
[train] epoch=2/3 batch=1662/5138 pred=0.016166 sigreg=1.213234 total=0.125357 grad_norm=0.3778
[train] epoch=2/3 batch=1762/5138 pred=0.016172 sigreg=1.213093 total=0.125350 grad_norm=0.3640
[train] epoch=2/3 batch=1862/5138 pred=0.016149 sigreg=1.213436 total=0.125358 grad_norm=0.4539
[train] epoch=2/3 batch=1962/5138 pred=0.016152 sigreg=1.213148 total=0.125335 grad_norm=0.4019
[train] epoch=2/3 batch=2062/5138 pred=0.016131 sigreg=1.213003 total=0.125301 grad_norm=0.4613
[train] epoch=2/3 batch=2162/5138 pred=0.016145 sigreg=1.213258 total=0.125338 grad_norm=0.4720
[train] epoch=2/3 batch=2262/5138 pred=0.016161 sigreg=1.212913 total=0.125323 grad_norm=0.3756
[train] epoch=2/3 batch=2362/5138 pred=0.016150 sigreg=1.212943 total=0.125315 grad_norm=0.3969
[train] epoch=2/3 batch=2462/5138 pred=0.016149 sigreg=1.213018 total=0.125321 grad_norm=0.4219
[train] epoch=2/3 batch=2562/5138 pred=0.016159 sigreg=1.212827 total=0.125314 grad_norm=0.5328
[train] epoch=2/3 batch=2662/5138 pred=0.016141 sigreg=1.212559 total=0.125272 grad_norm=0.3462
[train] epoch=2/3 batch=2762/5138 pred=0.016131 sigreg=1.212814 total=0.125284 grad_norm=0.3875
[train] epoch=2/3 batch=2862/5138 pred=0.016132 sigreg=1.212521 total=0.125259 grad_norm=0.3711
[train] epoch=2/3 batch=2962/5138 pred=0.016124 sigreg=1.212500 total=0.125249 grad_norm=0.3538
[train] epoch=2/3 batch=3062/5138 pred=0.016116 sigreg=1.212452 total=0.125236 grad_norm=0.4385
[train] epoch=2/3 batch=3162/5138 pred=0.016119 sigreg=1.212395 total=0.125234 grad_norm=0.3904
[train] epoch=2/3 batch=3262/5138 pred=0.016119 sigreg=1.212325 total=0.125228 grad_norm=0.4067
[train] epoch=2/3 batch=3362/5138 pred=0.016102 sigreg=1.212153 total=0.125196 grad_norm=0.4131
[train] epoch=2/3 batch=3462/5138 pred=0.016097 sigreg=1.212082 total=0.125184 grad_norm=0.4707
[train] epoch=2/3 batch=3562/5138 pred=0.016077 sigreg=1.212060 total=0.125162 grad_norm=0.3501
[train] epoch=2/3 batch=3662/5138 pred=0.016068 sigreg=1.211890 total=0.125138 grad_norm=0.3508
[train] epoch=2/3 batch=3762/5138 pred=0.016064 sigreg=1.211781 total=0.125125 grad_norm=0.3930
[train] epoch=2/3 batch=3862/5138 pred=0.016051 sigreg=1.211675 total=0.125102 grad_norm=0.4118
[train] epoch=2/3 batch=3962/5138 pred=0.016049 sigreg=1.211595 total=0.125093 grad_norm=0.4010
[train] epoch=2/3 batch=4062/5138 pred=0.016027 sigreg=1.211506 total=0.125062 grad_norm=0.4083
[train] epoch=2/3 batch=4162/5138 pred=0.016020 sigreg=1.211674 total=0.125071 grad_norm=0.3970
[train] epoch=2/3 batch=4262/5138 pred=0.016025 sigreg=1.211497 total=0.125059 grad_norm=0.4543
[train] epoch=2/3 batch=4362/5138 pred=0.016023 sigreg=1.211710 total=0.125077 grad_norm=0.4282
[train] epoch=2/3 batch=4462/5138 pred=0.016030 sigreg=1.211870 total=0.125099 grad_norm=0.4212
[train] epoch=2/3 batch=4562/5138 pred=0.016035 sigreg=1.211739 total=0.125091 grad_norm=0.4422
[train] epoch=2/3 batch=4662/5138 pred=0.016030 sigreg=1.211688 total=0.125081 grad_norm=0.4165
[train] epoch=2/3 batch=4762/5138 pred=0.016030 sigreg=1.211718 total=0.125085 grad_norm=0.3622
[train] epoch=2/3 batch=4862/5138 pred=0.016020 sigreg=1.211520 total=0.125057 grad_norm=0.3649
[train] epoch=2/3 batch=4962/5138 pred=0.016012 sigreg=1.211450 total=0.125042 grad_norm=0.3843
[train] epoch=2/3 batch=5062/5138 pred=0.016013 sigreg=1.211560 total=0.125054 grad_norm=0.3885
[train] epoch=3/3 batch=24/5138 pred=0.016320 sigreg=1.225016 total=0.126572 grad_norm=0.3989
[train] epoch=3/3 batch=124/5138 pred=0.015367 sigreg=1.212018 total=0.124448 grad_norm=0.3829
[train] epoch=3/3 batch=224/5138 pred=0.015238 sigreg=1.209169 total=0.124063 grad_norm=0.4143
[train] epoch=3/3 batch=324/5138 pred=0.015308 sigreg=1.208250 total=0.124051 grad_norm=0.3504
[train] epoch=3/3 batch=424/5138 pred=0.015284 sigreg=1.207025 total=0.123916 grad_norm=0.3950
[train] epoch=3/3 batch=524/5138 pred=0.015216 sigreg=1.206268 total=0.123780 grad_norm=0.4132
[train] epoch=3/3 batch=624/5138 pred=0.015266 sigreg=1.205991 total=0.123806 grad_norm=0.3912
[train] epoch=3/3 batch=724/5138 pred=0.015324 sigreg=1.204989 total=0.123773 grad_norm=0.3749
[train] epoch=3/3 batch=824/5138 pred=0.015318 sigreg=1.205971 total=0.123856 grad_norm=0.4320
[train] epoch=3/3 batch=924/5138 pred=0.015347 sigreg=1.206451 total=0.123928 grad_norm=0.4063
[train] epoch=3/3 batch=1024/5138 pred=0.015348 sigreg=1.206144 total=0.123901 grad_norm=0.3758
[train] epoch=3/3 batch=1124/5138 pred=0.015352 sigreg=1.206000 total=0.123892 grad_norm=0.4027
[train] epoch=3/3 batch=1224/5138 pred=0.015351 sigreg=1.206228 total=0.123911 grad_norm=0.4257
[train] epoch=3/3 batch=1324/5138 pred=0.015348 sigreg=1.206209 total=0.123907 grad_norm=0.4055
[train] epoch=3/3 batch=1424/5138 pred=0.015340 sigreg=1.205562 total=0.123841 grad_norm=0.3442
[train] epoch=3/3 batch=1524/5138 pred=0.015335 sigreg=1.205981 total=0.123873 grad_norm=0.4124
[train] epoch=3/3 batch=1624/5138 pred=0.015352 sigreg=1.205938 total=0.123887 grad_norm=0.4625
[train] epoch=3/3 batch=1724/5138 pred=0.015349 sigreg=1.205582 total=0.123851 grad_norm=0.4656
[train] epoch=3/3 batch=1824/5138 pred=0.015342 sigreg=1.205334 total=0.123822 grad_norm=0.3771
[train] epoch=3/3 batch=1924/5138 pred=0.015336 sigreg=1.205019 total=0.123788 grad_norm=0.3755
[train] epoch=3/3 batch=2024/5138 pred=0.015343 sigreg=1.204945 total=0.123788 grad_norm=0.3752
[train] epoch=3/3 batch=2124/5138 pred=0.015357 sigreg=1.205139 total=0.123819 grad_norm=0.4926
[train] epoch=3/3 batch=2224/5138 pred=0.015367 sigreg=1.205040 total=0.123820 grad_norm=0.4130
[train] epoch=3/3 batch=2324/5138 pred=0.015358 sigreg=1.204959 total=0.123804 grad_norm=0.3986
[train] epoch=3/3 batch=2424/5138 pred=0.015359 sigreg=1.205153 total=0.123823 grad_norm=0.4331
[train] epoch=3/3 batch=2524/5138 pred=0.015369 sigreg=1.205651 total=0.123878 grad_norm=0.3624
[train] epoch=3/3 batch=2624/5138 pred=0.015370 sigreg=1.205792 total=0.123891 grad_norm=0.3982
[train] epoch=3/3 batch=2724/5138 pred=0.015369 sigreg=1.205890 total=0.123899 grad_norm=0.4279
[train] epoch=3/3 batch=2824/5138 pred=0.015340 sigreg=1.205870 total=0.123868 grad_norm=0.3324
[train] epoch=3/3 batch=2924/5138 pred=0.015342 sigreg=1.205967 total=0.123880 grad_norm=0.4001
[train] epoch=3/3 batch=3024/5138 pred=0.015331 sigreg=1.205984 total=0.123869 grad_norm=0.3774
[train] epoch=3/3 batch=3124/5138 pred=0.015311 sigreg=1.205769 total=0.123830 grad_norm=0.3707
[train] epoch=3/3 batch=3224/5138 pred=0.015304 sigreg=1.205929 total=0.123838 grad_norm=0.4113
[train] epoch=3/3 batch=3324/5138 pred=0.015312 sigreg=1.205977 total=0.123850 grad_norm=0.3942
[train] epoch=3/3 batch=3424/5138 pred=0.015319 sigreg=1.205971 total=0.123856 grad_norm=0.4130
[train] epoch=3/3 batch=3524/5138 pred=0.015305 sigreg=1.205724 total=0.123820 grad_norm=0.3928
[train] epoch=3/3 batch=3624/5138 pred=0.015298 sigreg=1.205546 total=0.123797 grad_norm=0.4461
[train] epoch=3/3 batch=3724/5138 pred=0.015289 sigreg=1.205205 total=0.123758 grad_norm=0.4124
[train] epoch=3/3 batch=3824/5138 pred=0.015272 sigreg=1.205073 total=0.123729 grad_norm=0.4331
[train] epoch=3/3 batch=3924/5138 pred=0.015263 sigreg=1.204939 total=0.123708 grad_norm=0.3511
[train] epoch=3/3 batch=4024/5138 pred=0.015244 sigreg=1.205047 total=0.123698 grad_norm=0.3634
[train] epoch=3/3 batch=4124/5138 pred=0.015246 sigreg=1.205039 total=0.123700 grad_norm=0.4893
[train] epoch=3/3 batch=4224/5138 pred=0.015253 sigreg=1.204752 total=0.123681 grad_norm=0.3649
[train] epoch=3/3 batch=4324/5138 pred=0.015250 sigreg=1.204765 total=0.123679 grad_norm=0.4230
[train] epoch=3/3 batch=4424/5138 pred=0.015239 sigreg=1.204684 total=0.123661 grad_norm=0.5228
[train] epoch=3/3 batch=4524/5138 pred=0.015235 sigreg=1.204509 total=0.123640 grad_norm=0.3538
[train] epoch=3/3 batch=4624/5138 pred=0.015224 sigreg=1.204400 total=0.123620 grad_norm=0.3526
[train] epoch=3/3 batch=4724/5138 pred=0.015224 sigreg=1.204442 total=0.123624 grad_norm=0.4458
[train] epoch=3/3 batch=4824/5138 pred=0.015221 sigreg=1.204348 total=0.123612 grad_norm=0.3403
[train] epoch=3/3 batch=4924/5138 pred=0.015224 sigreg=1.204319 total=0.123613 grad_norm=0.4247
[train] epoch=3/3 batch=5024/5138 pred=0.015223 sigreg=1.204232 total=0.123604 grad_norm=0.3925
[train] epoch=3/3 batch=5124/5138 pred=0.015221 sigreg=1.204128 total=0.123593 grad_norm=0.3591
[done] checkpoint=experiments/real_gauge_drift/results/tworoom_joint_continue_3ep_trainseed625/joint_continue_object.ckpt formal_full_epoch=True training_sec=5752.6
real 5764.54
user 16908.11
sys 12973.86
