{
  "metadata": {
    "reference_split": "reference",
    "reference_pca_residual": 14.471005825195217,
    "reference_frame_residual": 184.4544891843241,
    "align_dim": 2,
    "latent_dim": 192,
    "state_dim": 2,
    "state_dims_kept": [
      0,
      1
    ],
    "state_mean": [
      112.32333378644512,
      73.51304127619817
    ],
    "state_std": [
      15.676790514427884,
      16.728233746202356
    ],
    "latent_mean_shape": [
      1,
      192
    ],
    "latent_std_shape": [
      1,
      192
    ],
    "latent_pca_basis_shape": [
      192,
      2
    ],
    "state_pca_basis_shape": [
      2,
      2
    ],
    "r2_mode": "holdout"
  },
  "metrics": [
    {
      "split": "common",
      "n": 3302,
      "dim": 2,
      "pca_residual": 13.78794032194769,
      "pca_drift": 0.005348524150349665,
      "pca_residual_ratio": 0.9527976485187225,
      "pca_drift_to_residual_ratio": 0.005613494280405913,
      "frame_residual": 184.63606117827135,
      "frame_drift": 0.138865735312091,
      "frame_residual_ratio": 1.0009843728648145,
      "frame_drift_to_residual_ratio": 0.13872917407743232,
      "state_to_latent_r2": 0.057148319807268644,
      "latent_to_state_r2": 0.9998774250933192,
      "orthogonality_error": NaN,
      "orthogonal_recovery_error": NaN,
      "reference_overlap_n": 0,
      "reference_overlap_ratio": 0.0
    },
    {
      "split": "doorway_corridor",
      "n": 1441,
      "dim": 2,
      "pca_residual": 3.2619497141225318,
      "pca_drift": 0.697880301255628,
      "pca_residual_ratio": 0.2254127842615461,
      "pca_drift_to_residual_ratio": 3.0960102974584736,
      "frame_residual": 190.58087700774547,
      "frame_drift": 1.295830024370632,
      "frame_residual_ratio": 1.0332135468782129,
      "frame_drift_to_residual_ratio": 1.2541744427225556,
      "state_to_latent_r2": 0.17515315937398845,
      "latent_to_state_r2": 0.9999761399396535,
      "orthogonality_error": NaN,
      "orthogonal_recovery_error": NaN,
      "reference_overlap_n": 0,
      "reference_overlap_ratio": 0.0
    },
    {
      "split": "goal_other_side",
      "n": 11658,
      "dim": 2,
      "pca_residual": 16.344594262560147,
      "pca_drift": 0.7081315026912296,
      "pca_residual_ratio": 1.1294718874414194,
      "pca_drift_to_residual_ratio": 0.626958059394223,
      "frame_residual": 263.66911960625436,
      "frame_drift": 1.4131085166553787,
      "frame_residual_ratio": 1.4294535241306607,
      "frame_drift_to_residual_ratio": 0.9885655551577229,
      "state_to_latent_r2": 0.028444995441122112,
      "latent_to_state_r2": 0.9920245308864122,
      "orthogonality_error": NaN,
      "orthogonal_recovery_error": NaN,
      "reference_overlap_n": 0,
      "reference_overlap_ratio": 0.0
    },
    {
      "split": "iid_nonoverlap",
      "n": 3302,
      "dim": 2,
      "pca_residual": 13.78794032194769,
      "pca_drift": 0.005348524150349665,
      "pca_residual_ratio": 0.9527976485187225,
      "pca_drift_to_residual_ratio": 0.005613494280405913,
      "frame_residual": 184.63606117827135,
      "frame_drift": 0.138865735312091,
      "frame_residual_ratio": 1.0009843728648145,
      "frame_drift_to_residual_ratio": 0.13872917407743232,
      "state_to_latent_r2": 0.05710145547197809,
      "latent_to_state_r2": 0.9998862313669171,
      "orthogonality_error": NaN,
      "orthogonal_recovery_error": NaN,
      "reference_overlap_n": 0,
      "reference_overlap_ratio": 0.0
    },
    {
      "split": "left_room",
      "n": 6169,
      "dim": 2,
      "pca_residual": 15.518805146951198,
      "pca_drift": 0.5142891542932075,
      "pca_residual_ratio": 1.0724068067148866,
      "pca_drift_to_residual_ratio": 0.47956535810151607,
      "frame_residual": 271.9224925963128,
      "frame_drift": 1.4179219052166196,
      "frame_residual_ratio": 1.4741982903142088,
      "frame_drift_to_residual_ratio": 0.9618257696618571,
      "state_to_latent_r2": 0.06926654548585975,
      "latent_to_state_r2": 0.9993965123360475,
      "orthogonality_error": NaN,
      "orthogonal_recovery_error": NaN,
      "reference_overlap_n": 0,
      "reference_overlap_ratio": 0.0
    },
    {
      "split": "near_wall",
      "n": 5455,
      "dim": 2,
      "pca_residual": 25.56075325162798,
      "pca_drift": 1.4142135623730947,
      "pca_residual_ratio": 1.7663425445605743,
      "pca_drift_to_residual_ratio": 0.8006451334863353,
      "frame_residual": 271.2789541596312,
      "frame_drift": 1.4986295708970403,
      "frame_residual_ratio": 1.4707094165029648,
      "frame_drift_to_residual_ratio": 1.018984140632923,
      "state_to_latent_r2": 0.08768856230253086,
      "latent_to_state_r2": 0.9988001536113474,
      "orthogonality_error": NaN,
      "orthogonal_recovery_error": NaN,
      "reference_overlap_n": 0,
      "reference_overlap_ratio": 0.0
    },
    {
      "split": "reference",
      "n": 3302,
      "dim": 2,
      "pca_residual": 14.471005825195217,
      "pca_drift": 0.0,
      "pca_residual_ratio": 0.9999999999999309,
      "pca_drift_to_residual_ratio": 0.0,
      "frame_residual": 184.4544891843241,
      "frame_drift": 0.0,
      "frame_residual_ratio": 0.9999999999999946,
      "frame_drift_to_residual_ratio": 0.0,
      "state_to_latent_r2": 0.058226444013101175,
      "latent_to_state_r2": 0.9998804272297304,
      "orthogonality_error": NaN,
      "orthogonal_recovery_error": NaN,
      "reference_overlap_n": 3302,
      "reference_overlap_ratio": 1.0
    },
    {
      "split": "right_room",
      "n": 6114,
      "dim": 2,
      "pca_residual": 16.220337909091036,
      "pca_drift": 1.414213562373095,
      "pca_residual_ratio": 1.120885314056675,
      "pca_drift_to_residual_ratio": 1.2616933638407244,
      "frame_residual": 267.1470644327924,
      "frame_drift": 1.4183698942359328,
      "frame_residual_ratio": 1.44830882465448,
      "frame_drift_to_residual_ratio": 0.9793283518612345,
      "state_to_latent_r2": 0.07526807889258846,
      "latent_to_state_r2": 0.9988719603739068,
      "orthogonality_error": NaN,
      "orthogonal_recovery_error": NaN,
      "reference_overlap_n": 0,
      "reference_overlap_ratio": 0.0
    }
  ]
}
Wrote results to experiments/real_gauge_drift/results/tworoom_encoder_v2_seed_sweep/seed_9
