completed tworoom K=2
completed tworoom K=3
completed tworoom K=4
completed pusht K=2
completed pusht K=3
completed pusht K=4
completed reacher K=2
completed reacher K=3
completed reacher K=4
completed cube K=2
completed cube K=3
completed cube K=4
                              metric  layer2_correct  layer2_covered  layer2_total  layer2_accuracy  full_grid_accuracy direction  threshold  layer1_accuracy          threshold_source
  jacobian_subspace_chordal_distance              11              12            12         0.916667            0.916667    higher   0.860973             1.00 K4_only_balanced_accuracy
             jacobian_bures_distance              10              12            12         0.833333            0.833333    higher   0.508948             1.00      predeclared_existing
                          knn_purity               8              12            12         0.666667            0.666667     lower   0.962114             0.75 K4_only_balanced_accuracy
             check2_prominence_ratio               8              12            12         0.666667            0.666667    higher   0.000000             0.25   predeclared_R_minus_Tbg
            margin_radius_ratio_mean               6              12            12         0.500000            0.500000     lower   6.271207             0.75 K4_only_balanced_accuracy
            tangent_contrast_mean_d8               6              12            12         0.500000            0.500000     lower   0.470707             1.00 K4_only_balanced_accuracy
   pairwise_uniformity_min_over_mean               6              12            12         0.500000            0.500000    higher   0.799149             1.00 K4_only_balanced_accuracy
          response_boundary_spearman               5               8            12         0.625000            0.416667     lower   0.447619             1.00 K4_only_balanced_accuracy
          normalized_cluster_entropy               5              12            12         0.416667            0.416667     lower   0.997115             1.00 K4_only_balanced_accuracy
            prototype_distance_ratio               5              12            12         0.416667            0.416667    higher   1.098366             0.75 K4_only_balanced_accuracy
                    eigengap_after_k               4              12            12         0.333333            0.333333    higher   0.000601             0.75 K4_only_balanced_accuracy
                latent_velocity_eta2               4              12            12         0.333333            0.333333    higher   0.000132             1.00 K4_only_balanced_accuracy
                flow_persistence_h10               3              12            12         0.250000            0.250000    higher   0.873961             0.75 K4_only_balanced_accuracy
       action_residual_velocity_eta2               3              12            12         0.250000            0.250000    higher   0.000134             1.00 K4_only_balanced_accuracy
           minimum_pairwise_response               2              12            12         0.166667            0.166667    higher   0.013325             1.00 K4_only_balanced_accuracy
            jacobian_cosine_distance               2              12            12         0.166667            0.166667     lower   0.826504             0.75 K4_only_balanced_accuracy
     check1_retained_safety_fraction               2              12            12         0.166667            0.166667    higher   0.500000             0.50      predeclared_existing
          response_centroid_spearman               1               8            12         0.125000            0.083333    higher  -0.114286             0.75 K4_only_balanced_accuracy
boundary_min_jacobian_bures_distance               1              12            12         0.083333            0.083333     lower   0.601035             1.00 K4_only_balanced_accuracy
         jacobian_log_scale_distance               1              12            12         0.083333            0.083333    higher   0.017207             0.75 K4_only_balanced_accuracy
              curvature_tail_mean_d8               0              12            12         0.000000            0.000000    higher   0.000349             1.00 K4_only_balanced_accuracy
      affine_response_contrast_ratio               0              12            12         0.000000            0.000000    higher   0.006137             1.00 K4_only_balanced_accuracy
{
  "schema_version": 1,
  "analysis_name": "subjepa frozen 22-criterion benchmark",
  "repository_commit": "1ec3a653e2ffc34735d9eaf8ac77cbdebe6c5e4c",
  "model": "subjepa",
  "criterion_count": 22,
  "development_model": "lewm",
  "development_num_clusters": 4,
  "validation_num_clusters": [
    2,
    3,
    4
  ],
  "partition_seeds": [
    0,
    1,
    2
  ],
  "ridge": 1e-08,
  "target": "point-estimate winner of partition-seed-averaged Regional versus Global",
  "threshold_leakage_check": "Sub-JEPA outcomes are never passed to fit",
  "bures_layer2_correct": 10,
  "bures_layer2_total": 12,
  "bures_layer2_accuracy": 0.8333333333333334,
  "files": {
    "layer1_frozen_policies.csv": "c9c8333062f59562239e46f3d090b47b1e8fba07be600a35bb4e449400539ecc",
    "layer2_metric_scores.csv": "ff80b59cebe3bf723ed76dfd21f30c9dddb44ddcb96f665891d260349a5a7711",
    "layer2_metric_scores_by_seed.csv": "8ac31655c9e09e51e790d6bbd4139919f3c3d93723b9b4c388f41ca35bec3486",
    "layer2_predictions.csv": "3ca686d23ce13629ee61eb01c1a65d2778b3b5118aa95417d6c20059dc5d28f0",
    "layer2_selection_accuracy.csv": "6d347b73da4762a91a3863f032f92d428ccb428d3575b44c27525eada669e3d4"
  }
}
