09:55:48 | INFO  | __init__.py | JAX version 0.6.2 available.
09:55:50 | INFO  | atomic_chec~| [atomic_save] installed crash-safe checkpoint plugin (write to sibling .tmp + fsync + atomic rename)
09:55:50 | INFO  | __init__.py | Cached 'action' from '/data/sicong/weitao/.stable_worldmodel/datasets/tworoom.h5'
09:55:50 | INFO  | __init__.py | Cached 'proprio' from '/data/sicong/weitao/.stable_worldmodel/datasets/tworoom.h5'
670809 valid starting points found for evaluation.
[ 36710  50865  84929 100992 138434 172583 173188 185487 202546 239785
 241078 253292 274941 281609 293115 306792 308578 318845 350317 360850
 381245 389498 398576 415771 470799 514218 517906 534011 552703 583108
 605491 616505 625244 629295 637978 671146 690186 714477 749062 750028
 771536 799601 808038 810883 821101 861081 870532 890923 899314 914155]
/data/sicong/weitao/le-wm/.venv/lib/python3.10/site-packages/gymnasium/utils/passive_env_checker.py:129: UserWarning: [33mWARN: The obs returned by the `reset()` method was expecting a numpy array, actual type: <class 'torch.Tensor'>[0m
  logger.warn(
/data/sicong/weitao/le-wm/.venv/lib/python3.10/site-packages/gymnasium/spaces/box.py:415: UserWarning: [33mWARN: Casting input x to numpy array.[0m
  gym.logger.warn("Casting input x to numpy array.")
/data/sicong/weitao/le-wm/.venv/lib/python3.10/site-packages/gymnasium/utils/passive_env_checker.py:129: UserWarning: [33mWARN: The obs returned by the `step()` method was expecting a numpy array, actual type: <class 'torch.Tensor'>[0m
  logger.warn(
/data/sicong/weitao/le-wm/.venv/lib/python3.10/site-packages/gymnasium/spaces/box.py:415: UserWarning: [33mWARN: Casting input x to numpy array.[0m
  gym.logger.warn("Casting input x to numpy array.")
/data/sicong/weitao/le-wm/.venv/lib/python3.10/site-packages/lance/__init__.py:320: UserWarning: lance is not fork-safe. If you are using multiprocessing, use spawn or forkserver instead.
  warnings.warn(
/data/sicong/anaconda3/lib/python3.10/subprocess.py:1780: RuntimeWarning: lancedb fork support is experimental: the internal async runtime has been reset in the forked child, but a small chance of deadlock remains if other state was mid-operation at fork time. The 'forkserver' or 'spawn' multiprocessing start method is likely a safer alternative.
  self.pid = _posixsubprocess.fork_exec(
/data/sicong/anaconda3/lib/python3.10/subprocess.py:1780: RuntimeWarning: lancedb fork support is experimental: the internal async runtime has been reset in the forked child, but a small chance of deadlock remains if other state was mid-operation at fork time. The 'forkserver' or 'spawn' multiprocessing start method is likely a safer alternative.
  self.pid = _posixsubprocess.fork_exec(
/data/sicong/anaconda3/lib/python3.10/subprocess.py:1780: RuntimeWarning: lancedb fork support is experimental: the internal async runtime has been reset in the forked child, but a small chance of deadlock remains if other state was mid-operation at fork time. The 'forkserver' or 'spawn' multiprocessing start method is likely a safer alternative.
  self.pid = _posixsubprocess.fork_exec(
/data/sicong/anaconda3/lib/python3.10/subprocess.py:1780: RuntimeWarning: lancedb fork support is experimental: the internal async runtime has been reset in the forked child, but a small chance of deadlock remains if other state was mid-operation at fork time. The 'forkserver' or 'spawn' multiprocessing start method is likely a safer alternative.
  self.pid = _posixsubprocess.fork_exec(
/data/sicong/anaconda3/lib/python3.10/subprocess.py:1780: RuntimeWarning: lancedb fork support is experimental: the internal async runtime has been reset in the forked child, but a small chance of deadlock remains if other state was mid-operation at fork time. The 'forkserver' or 'spawn' multiprocessing start method is likely a safer alternative.
  self.pid = _posixsubprocess.fork_exec(
/data/sicong/anaconda3/lib/python3.10/subprocess.py:1780: RuntimeWarning: lancedb fork support is experimental: the internal async runtime has been reset in the forked child, but a small chance of deadlock remains if other state was mid-operation at fork time. The 'forkserver' or 'spawn' multiprocessing start method is likely a safer alternative.
  self.pid = _posixsubprocess.fork_exec(
/data/sicong/anaconda3/lib/python3.10/subprocess.py:1780: RuntimeWarning: lancedb fork support is experimental: the internal async runtime has been reset in the forked child, but a small chance of deadlock remains if other state was mid-operation at fork time. The 'forkserver' or 'spawn' multiprocessing start method is likely a safer alternative.
  self.pid = _posixsubprocess.fork_exec(
/data/sicong/anaconda3/lib/python3.10/subprocess.py:1780: RuntimeWarning: lancedb fork support is experimental: the internal async runtime has been reset in the forked child, but a small chance of deadlock remains if other state was mid-operation at fork time. The 'forkserver' or 'spawn' multiprocessing start method is likely a safer alternative.
  self.pid = _posixsubprocess.fork_exec(
/data/sicong/anaconda3/lib/python3.10/subprocess.py:1780: RuntimeWarning: lancedb fork support is experimental: the internal async runtime has been reset in the forked child, but a small chance of deadlock remains if other state was mid-operation at fork time. The 'forkserver' or 'spawn' multiprocessing start method is likely a safer alternative.
  self.pid = _posixsubprocess.fork_exec(
/data/sicong/anaconda3/lib/python3.10/subprocess.py:1780: RuntimeWarning: lancedb fork support is experimental: the internal async runtime has been reset in the forked child, but a small chance of deadlock remains if other state was mid-operation at fork time. The 'forkserver' or 'spawn' multiprocessing start method is likely a safer alternative.
  self.pid = _posixsubprocess.fork_exec(
/data/sicong/anaconda3/lib/python3.10/subprocess.py:1780: RuntimeWarning: lancedb fork support is experimental: the internal async runtime has been reset in the forked child, but a small chance of deadlock remains if other state was mid-operation at fork time. The 'forkserver' or 'spawn' multiprocessing start method is likely a safer alternative.
  self.pid = _posixsubprocess.fork_exec(
/data/sicong/anaconda3/lib/python3.10/subprocess.py:1780: RuntimeWarning: lancedb fork support is experimental: the internal async runtime has been reset in the forked child, but a small chance of deadlock remains if other state was mid-operation at fork time. The 'forkserver' or 'spawn' multiprocessing start method is likely a safer alternative.
  self.pid = _posixsubprocess.fork_exec(
/data/sicong/anaconda3/lib/python3.10/subprocess.py:1780: RuntimeWarning: lancedb fork support is experimental: the internal async runtime has been reset in the forked child, but a small chance of deadlock remains if other state was mid-operation at fork time. The 'forkserver' or 'spawn' multiprocessing start method is likely a safer alternative.
  self.pid = _posixsubprocess.fork_exec(
/data/sicong/anaconda3/lib/python3.10/subprocess.py:1780: RuntimeWarning: lancedb fork support is experimental: the internal async runtime has been reset in the forked child, but a small chance of deadlock remains if other state was mid-operation at fork time. The 'forkserver' or 'spawn' multiprocessing start method is likely a safer alternative.
  self.pid = _posixsubprocess.fork_exec(
/data/sicong/anaconda3/lib/python3.10/subprocess.py:1780: RuntimeWarning: lancedb fork support is experimental: the internal async runtime has been reset in the forked child, but a small chance of deadlock remains if other state was mid-operation at fork time. The 'forkserver' or 'spawn' multiprocessing start method is likely a safer alternative.
  self.pid = _posixsubprocess.fork_exec(
/data/sicong/anaconda3/lib/python3.10/subprocess.py:1780: RuntimeWarning: lancedb fork support is experimental: the internal async runtime has been reset in the forked child, but a small chance of deadlock remains if other state was mid-operation at fork time. The 'forkserver' or 'spawn' multiprocessing start method is likely a safer alternative.
  self.pid = _posixsubprocess.fork_exec(
/data/sicong/anaconda3/lib/python3.10/subprocess.py:1780: RuntimeWarning: lancedb fork support is experimental: the internal async runtime has been reset in the forked child, but a small chance of deadlock remains if other state was mid-operation at fork time. The 'forkserver' or 'spawn' multiprocessing start method is likely a safer alternative.
  self.pid = _posixsubprocess.fork_exec(
/data/sicong/anaconda3/lib/python3.10/subprocess.py:1780: RuntimeWarning: lancedb fork support is experimental: the internal async runtime has been reset in the forked child, but a small chance of deadlock remains if other state was mid-operation at fork time. The 'forkserver' or 'spawn' multiprocessing start method is likely a safer alternative.
  self.pid = _posixsubprocess.fork_exec(
/data/sicong/anaconda3/lib/python3.10/subprocess.py:1780: RuntimeWarning: lancedb fork support is experimental: the internal async runtime has been reset in the forked child, but a small chance of deadlock remains if other state was mid-operation at fork time. The 'forkserver' or 'spawn' multiprocessing start method is likely a safer alternative.
  self.pid = _posixsubprocess.fork_exec(
/data/sicong/anaconda3/lib/python3.10/subprocess.py:1780: RuntimeWarning: lancedb fork support is experimental: the internal async runtime has been reset in the forked child, but a small chance of deadlock remains if other state was mid-operation at fork time. The 'forkserver' or 'spawn' multiprocessing start method is likely a safer alternative.
  self.pid = _posixsubprocess.fork_exec(
/data/sicong/anaconda3/lib/python3.10/subprocess.py:1780: RuntimeWarning: lancedb fork support is experimental: the internal async runtime has been reset in the forked child, but a small chance of deadlock remains if other state was mid-operation at fork time. The 'forkserver' or 'spawn' multiprocessing start method is likely a safer alternative.
  self.pid = _posixsubprocess.fork_exec(
/data/sicong/anaconda3/lib/python3.10/subprocess.py:1780: RuntimeWarning: lancedb fork support is experimental: the internal async runtime has been reset in the forked child, but a small chance of deadlock remains if other state was mid-operation at fork time. The 'forkserver' or 'spawn' multiprocessing start method is likely a safer alternative.
  self.pid = _posixsubprocess.fork_exec(
/data/sicong/anaconda3/lib/python3.10/subprocess.py:1780: RuntimeWarning: lancedb fork support is experimental: the internal async runtime has been reset in the forked child, but a small chance of deadlock remains if other state was mid-operation at fork time. The 'forkserver' or 'spawn' multiprocessing start method is likely a safer alternative.
  self.pid = _posixsubprocess.fork_exec(
/data/sicong/anaconda3/lib/python3.10/subprocess.py:1780: RuntimeWarning: lancedb fork support is experimental: the internal async runtime has been reset in the forked child, but a small chance of deadlock remains if other state was mid-operation at fork time. The 'forkserver' or 'spawn' multiprocessing start method is likely a safer alternative.
  self.pid = _posixsubprocess.fork_exec(
/data/sicong/anaconda3/lib/python3.10/subprocess.py:1780: RuntimeWarning: lancedb fork support is experimental: the internal async runtime has been reset in the forked child, but a small chance of deadlock remains if other state was mid-operation at fork time. The 'forkserver' or 'spawn' multiprocessing start method is likely a safer alternative.
  self.pid = _posixsubprocess.fork_exec(
/data/sicong/anaconda3/lib/python3.10/subprocess.py:1780: RuntimeWarning: lancedb fork support is experimental: the internal async runtime has been reset in the forked child, but a small chance of deadlock remains if other state was mid-operation at fork time. The 'forkserver' or 'spawn' multiprocessing start method is likely a safer alternative.
  self.pid = _posixsubprocess.fork_exec(
/data/sicong/anaconda3/lib/python3.10/subprocess.py:1780: RuntimeWarning: lancedb fork support is experimental: the internal async runtime has been reset in the forked child, but a small chance of deadlock remains if other state was mid-operation at fork time. The 'forkserver' or 'spawn' multiprocessing start method is likely a safer alternative.
  self.pid = _posixsubprocess.fork_exec(
/data/sicong/anaconda3/lib/python3.10/subprocess.py:1780: RuntimeWarning: lancedb fork support is experimental: the internal async runtime has been reset in the forked child, but a small chance of deadlock remains if other state was mid-operation at fork time. The 'forkserver' or 'spawn' multiprocessing start method is likely a safer alternative.
  self.pid = _posixsubprocess.fork_exec(
/data/sicong/anaconda3/lib/python3.10/subprocess.py:1780: RuntimeWarning: lancedb fork support is experimental: the internal async runtime has been reset in the forked child, but a small chance of deadlock remains if other state was mid-operation at fork time. The 'forkserver' or 'spawn' multiprocessing start method is likely a safer alternative.
  self.pid = _posixsubprocess.fork_exec(
/data/sicong/anaconda3/lib/python3.10/subprocess.py:1780: RuntimeWarning: lancedb fork support is experimental: the internal async runtime has been reset in the forked child, but a small chance of deadlock remains if other state was mid-operation at fork time. The 'forkserver' or 'spawn' multiprocessing start method is likely a safer alternative.
  self.pid = _posixsubprocess.fork_exec(
/data/sicong/anaconda3/lib/python3.10/subprocess.py:1780: RuntimeWarning: lancedb fork support is experimental: the internal async runtime has been reset in the forked child, but a small chance of deadlock remains if other state was mid-operation at fork time. The 'forkserver' or 'spawn' multiprocessing start method is likely a safer alternative.
  self.pid = _posixsubprocess.fork_exec(
/data/sicong/anaconda3/lib/python3.10/subprocess.py:1780: RuntimeWarning: lancedb fork support is experimental: the internal async runtime has been reset in the forked child, but a small chance of deadlock remains if other state was mid-operation at fork time. The 'forkserver' or 'spawn' multiprocessing start method is likely a safer alternative.
  self.pid = _posixsubprocess.fork_exec(
/data/sicong/anaconda3/lib/python3.10/subprocess.py:1780: RuntimeWarning: lancedb fork support is experimental: the internal async runtime has been reset in the forked child, but a small chance of deadlock remains if other state was mid-operation at fork time. The 'forkserver' or 'spawn' multiprocessing start method is likely a safer alternative.
  self.pid = _posixsubprocess.fork_exec(
/data/sicong/anaconda3/lib/python3.10/subprocess.py:1780: RuntimeWarning: lancedb fork support is experimental: the internal async runtime has been reset in the forked child, but a small chance of deadlock remains if other state was mid-operation at fork time. The 'forkserver' or 'spawn' multiprocessing start method is likely a safer alternative.
  self.pid = _posixsubprocess.fork_exec(
/data/sicong/anaconda3/lib/python3.10/subprocess.py:1780: RuntimeWarning: lancedb fork support is experimental: the internal async runtime has been reset in the forked child, but a small chance of deadlock remains if other state was mid-operation at fork time. The 'forkserver' or 'spawn' multiprocessing start method is likely a safer alternative.
  self.pid = _posixsubprocess.fork_exec(
/data/sicong/anaconda3/lib/python3.10/subprocess.py:1780: RuntimeWarning: lancedb fork support is experimental: the internal async runtime has been reset in the forked child, but a small chance of deadlock remains if other state was mid-operation at fork time. The 'forkserver' or 'spawn' multiprocessing start method is likely a safer alternative.
  self.pid = _posixsubprocess.fork_exec(
/data/sicong/anaconda3/lib/python3.10/subprocess.py:1780: RuntimeWarning: lancedb fork support is experimental: the internal async runtime has been reset in the forked child, but a small chance of deadlock remains if other state was mid-operation at fork time. The 'forkserver' or 'spawn' multiprocessing start method is likely a safer alternative.
  self.pid = _posixsubprocess.fork_exec(
/data/sicong/anaconda3/lib/python3.10/subprocess.py:1780: RuntimeWarning: lancedb fork support is experimental: the internal async runtime has been reset in the forked child, but a small chance of deadlock remains if other state was mid-operation at fork time. The 'forkserver' or 'spawn' multiprocessing start method is likely a safer alternative.
  self.pid = _posixsubprocess.fork_exec(
/data/sicong/anaconda3/lib/python3.10/subprocess.py:1780: RuntimeWarning: lancedb fork support is experimental: the internal async runtime has been reset in the forked child, but a small chance of deadlock remains if other state was mid-operation at fork time. The 'forkserver' or 'spawn' multiprocessing start method is likely a safer alternative.
  self.pid = _posixsubprocess.fork_exec(
/data/sicong/anaconda3/lib/python3.10/subprocess.py:1780: RuntimeWarning: lancedb fork support is experimental: the internal async runtime has been reset in the forked child, but a small chance of deadlock remains if other state was mid-operation at fork time. The 'forkserver' or 'spawn' multiprocessing start method is likely a safer alternative.
  self.pid = _posixsubprocess.fork_exec(
/data/sicong/anaconda3/lib/python3.10/subprocess.py:1780: RuntimeWarning: lancedb fork support is experimental: the internal async runtime has been reset in the forked child, but a small chance of deadlock remains if other state was mid-operation at fork time. The 'forkserver' or 'spawn' multiprocessing start method is likely a safer alternative.
  self.pid = _posixsubprocess.fork_exec(
/data/sicong/anaconda3/lib/python3.10/subprocess.py:1780: RuntimeWarning: lancedb fork support is experimental: the internal async runtime has been reset in the forked child, but a small chance of deadlock remains if other state was mid-operation at fork time. The 'forkserver' or 'spawn' multiprocessing start method is likely a safer alternative.
  self.pid = _posixsubprocess.fork_exec(
/data/sicong/anaconda3/lib/python3.10/subprocess.py:1780: RuntimeWarning: lancedb fork support is experimental: the internal async runtime has been reset in the forked child, but a small chance of deadlock remains if other state was mid-operation at fork time. The 'forkserver' or 'spawn' multiprocessing start method is likely a safer alternative.
  self.pid = _posixsubprocess.fork_exec(
/data/sicong/anaconda3/lib/python3.10/subprocess.py:1780: RuntimeWarning: lancedb fork support is experimental: the internal async runtime has been reset in the forked child, but a small chance of deadlock remains if other state was mid-operation at fork time. The 'forkserver' or 'spawn' multiprocessing start method is likely a safer alternative.
  self.pid = _posixsubprocess.fork_exec(
/data/sicong/anaconda3/lib/python3.10/subprocess.py:1780: RuntimeWarning: lancedb fork support is experimental: the internal async runtime has been reset in the forked child, but a small chance of deadlock remains if other state was mid-operation at fork time. The 'forkserver' or 'spawn' multiprocessing start method is likely a safer alternative.
  self.pid = _posixsubprocess.fork_exec(
/data/sicong/anaconda3/lib/python3.10/subprocess.py:1780: RuntimeWarning: lancedb fork support is experimental: the internal async runtime has been reset in the forked child, but a small chance of deadlock remains if other state was mid-operation at fork time. The 'forkserver' or 'spawn' multiprocessing start method is likely a safer alternative.
  self.pid = _posixsubprocess.fork_exec(
/data/sicong/anaconda3/lib/python3.10/subprocess.py:1780: RuntimeWarning: lancedb fork support is experimental: the internal async runtime has been reset in the forked child, but a small chance of deadlock remains if other state was mid-operation at fork time. The 'forkserver' or 'spawn' multiprocessing start method is likely a safer alternative.
  self.pid = _posixsubprocess.fork_exec(
/data/sicong/anaconda3/lib/python3.10/subprocess.py:1780: RuntimeWarning: lancedb fork support is experimental: the internal async runtime has been reset in the forked child, but a small chance of deadlock remains if other state was mid-operation at fork time. The 'forkserver' or 'spawn' multiprocessing start method is likely a safer alternative.
  self.pid = _posixsubprocess.fork_exec(
/data/sicong/anaconda3/lib/python3.10/subprocess.py:1780: RuntimeWarning: lancedb fork support is experimental: the internal async runtime has been reset in the forked child, but a small chance of deadlock remains if other state was mid-operation at fork time. The 'forkserver' or 'spawn' multiprocessing start method is likely a safer alternative.
  self.pid = _posixsubprocess.fork_exec(
/data/sicong/anaconda3/lib/python3.10/subprocess.py:1780: RuntimeWarning: lancedb fork support is experimental: the internal async runtime has been reset in the forked child, but a small chance of deadlock remains if other state was mid-operation at fork time. The 'forkserver' or 'spawn' multiprocessing start method is likely a safer alternative.
  self.pid = _posixsubprocess.fork_exec(
CEM solve time: 28.7593 seconds
CEM solve time: 7.4483 seconds
{'success_rate': 84.0, 'episode_successes': array([ True, False,  True, False,  True, False,  True,  True,  True,
        True,  True, False,  True,  True, False,  True,  True,  True,
        True,  True,  True,  True,  True,  True,  True,  True,  True,
        True,  True, False, False,  True,  True,  True,  True,  True,
        True,  True,  True,  True,  True,  True, False,  True,  True,
        True,  True,  True,  True,  True]), 'seeds': None}
real 69.91
user 513.46
sys 19.95
