{
  "metrics": [
    {
      "split": "common",
      "n": 1653,
      "dim": 2,
      "pca_residual": 1.0789004533254742,
      "pca_drift": 1.8481427481525448,
      "pca_residual_ratio": 0.1202764153188941,
      "pca_drift_to_residual_ratio": 15.365795058300645,
      "frame_residual": 150.10224964024016,
      "frame_drift": 1.2903582599023844,
      "frame_residual_ratio": 0.7982475311519227,
      "frame_drift_to_residual_ratio": 1.616488882889118,
      "state_to_latent_r2": 0.052082197782423956,
      "latent_to_state_r2": 0.9998625941614648,
      "orthogonality_error": NaN,
      "orthogonal_recovery_error": NaN,
      "reference_overlap_n": 0,
      "reference_overlap_ratio": 0.0,
      "test_iid_frame_drift_mean": 0.3178073346377094,
      "test_iid_frame_drift_std": 0.02459494694163361,
      "frame_drift_excess_vs_test_iid": 0.972550925264675,
      "frame_drift_z_vs_test_iid": 39.542712880539966,
      "test_iid_pca_drift_mean": 0.0882257177895769,
      "test_iid_pca_drift_std": 0.05237950458675714,
      "pca_drift_excess_vs_test_iid": 1.7599170303629679,
      "pca_drift_z_vs_test_iid": 33.599344709616055
    },
    {
      "split": "doorway_corridor",
      "n": 500,
      "dim": 2,
      "pca_residual": 0.9334406404660996,
      "pca_drift": 1.4142135623730947,
      "pca_residual_ratio": 0.10406047546109067,
      "pca_drift_to_residual_ratio": 13.590304638654992,
      "frame_residual": 139.18298360529784,
      "frame_drift": 1.3347451482957329,
      "frame_residual_ratio": 0.7401786003046195,
      "frame_drift_to_residual_ratio": 1.8032744363922668,
      "state_to_latent_r2": 0.13879559905738403,
      "latent_to_state_r2": 0.9998440500390101,
      "orthogonality_error": NaN,
      "orthogonal_recovery_error": NaN,
      "reference_overlap_n": 0,
      "reference_overlap_ratio": 0.0,
      "test_iid_frame_drift_mean": 0.3178073346377094,
      "test_iid_frame_drift_std": 0.02459494694163361,
      "frame_drift_excess_vs_test_iid": 1.0169378136580236,
      "frame_drift_z_vs_test_iid": 41.347428641744024,
      "test_iid_pca_drift_mean": 0.0882257177895769,
      "test_iid_pca_drift_std": 0.05237950458675714,
      "pca_drift_excess_vs_test_iid": 1.3259878445835178,
      "pca_drift_z_vs_test_iid": 25.315013095665016
    },
    {
      "split": "goal_other_side",
      "n": 3487,
      "dim": 2,
      "pca_residual": 8.57784409729445,
      "pca_drift": 0.015676416032266945,
      "pca_residual_ratio": 0.9562627729063273,
      "pca_drift_to_residual_ratio": 0.01639341870917542,
      "frame_residual": 186.95892084240572,
      "frame_drift": 0.29844843495012585,
      "frame_residual_ratio": 0.9942522337071572,
      "frame_drift_to_residual_ratio": 0.3001737635901851,
      "state_to_latent_r2": 0.02428475224299176,
      "latent_to_state_r2": 0.9910977501568923,
      "orthogonality_error": NaN,
      "orthogonal_recovery_error": NaN,
      "reference_overlap_n": 0,
      "reference_overlap_ratio": 0.0,
      "test_iid_frame_drift_mean": 0.3178073346377094,
      "test_iid_frame_drift_std": 0.02459494694163361,
      "frame_drift_excess_vs_test_iid": -0.01935889968758353,
      "frame_drift_z_vs_test_iid": -0.7871088208784155,
      "test_iid_pca_drift_mean": 0.0882257177895769,
      "test_iid_pca_drift_std": 0.05237950458675714,
      "pca_drift_excess_vs_test_iid": -0.07254930175730995,
      "pca_drift_z_vs_test_iid": -1.385070407372031
    },
    {
      "split": "left_room",
      "n": 1702,
      "dim": 2,
      "pca_residual": 13.680531691638723,
      "pca_drift": 0.2612923152604334,
      "pca_residual_ratio": 1.5251131895024304,
      "pca_drift_to_residual_ratio": 0.1713265068184932,
      "frame_residual": 202.202171766985,
      "frame_drift": 0.6859308598250276,
      "frame_residual_ratio": 1.075316224729532,
      "frame_drift_to_residual_ratio": 0.6378875758123317,
      "state_to_latent_r2": 0.056129094317587835,
      "latent_to_state_r2": 0.9992930978798089,
      "orthogonality_error": NaN,
      "orthogonal_recovery_error": NaN,
      "reference_overlap_n": 0,
      "reference_overlap_ratio": 0.0,
      "test_iid_frame_drift_mean": 0.3178073346377094,
      "test_iid_frame_drift_std": 0.02459494694163361,
      "frame_drift_excess_vs_test_iid": 0.36812352518731817,
      "frame_drift_z_vs_test_iid": 14.967445388109455,
      "test_iid_pca_drift_mean": 0.0882257177895769,
      "test_iid_pca_drift_std": 0.05237950458675714,
      "pca_drift_excess_vs_test_iid": 0.1730665974708565,
      "pca_drift_z_vs_test_iid": 3.304090003006787
    },
    {
      "split": "near_wall",
      "n": 1335,
      "dim": 2,
      "pca_residual": 17.06165952400146,
      "pca_drift": 0.07072057766136784,
      "pca_residual_ratio": 1.9020431779532292,
      "pca_drift_to_residual_ratio": 0.037181373420466936,
      "frame_residual": 199.09487911188958,
      "frame_drift": 0.6396136965088428,
      "frame_residual_ratio": 1.0587915643967165,
      "frame_drift_to_residual_ratio": 0.6040978394767255,
      "state_to_latent_r2": 0.0832513606492764,
      "latent_to_state_r2": 0.9986865420598973,
      "orthogonality_error": NaN,
      "orthogonal_recovery_error": NaN,
      "reference_overlap_n": 0,
      "reference_overlap_ratio": 0.0,
      "test_iid_frame_drift_mean": 0.3178073346377094,
      "test_iid_frame_drift_std": 0.02459494694163361,
      "frame_drift_excess_vs_test_iid": 0.32180636187113343,
      "frame_drift_z_vs_test_iid": 13.084247045611827,
      "test_iid_pca_drift_mean": 0.0882257177895769,
      "test_iid_pca_drift_std": 0.05237950458675714,
      "pca_drift_excess_vs_test_iid": -0.017505140128209057,
      "pca_drift_z_vs_test_iid": -0.3341982759474323
    },
    {
      "split": "right_room",
      "n": 1650,
      "dim": 2,
      "pca_residual": 8.04880417395306,
      "pca_drift": 0.3669848633196441,
      "pca_residual_ratio": 0.8972851115808953,
      "pca_drift_to_residual_ratio": 0.40899470924314935,
      "frame_residual": 198.22366499069014,
      "frame_drift": 0.6970249167418541,
      "frame_residual_ratio": 1.0541584258327112,
      "frame_drift_to_residual_ratio": 0.6612145761587894,
      "state_to_latent_r2": 0.06272766434853871,
      "latent_to_state_r2": 0.9992514816967254,
      "orthogonality_error": NaN,
      "orthogonal_recovery_error": NaN,
      "reference_overlap_n": 0,
      "reference_overlap_ratio": 0.0,
      "test_iid_frame_drift_mean": 0.3178073346377094,
      "test_iid_frame_drift_std": 0.02459494694163361,
      "frame_drift_excess_vs_test_iid": 0.3792175821041447,
      "frame_drift_z_vs_test_iid": 15.418515965439946,
      "test_iid_pca_drift_mean": 0.0882257177895769,
      "test_iid_pca_drift_std": 0.05237950458675714,
      "pca_drift_excess_vs_test_iid": 0.2787591455300672,
      "pca_drift_z_vs_test_iid": 5.321912601579332
    },
    {
      "split": "test_all",
      "n": 5000,
      "dim": 2,
      "pca_residual": 8.139677402850854,
      "pca_drift": 0.009357310623968542,
      "pca_residual_ratio": 0.907415709067059,
      "pca_drift_to_residual_ratio": 0.010312043896152909,
      "frame_residual": 187.5897060970637,
      "frame_drift": 0.20512556267349938,
      "frame_residual_ratio": 0.9976067655241326,
      "frame_drift_to_residual_ratio": 0.20561765393152967,
      "state_to_latent_r2": 0.021643343798738224,
      "latent_to_state_r2": 0.9915459852987525,
      "orthogonality_error": NaN,
      "orthogonal_recovery_error": NaN,
      "reference_overlap_n": 0,
      "reference_overlap_ratio": 0.0,
      "test_iid_frame_drift_mean": 0.3178073346377094,
      "test_iid_frame_drift_std": 0.02459494694163361,
      "frame_drift_excess_vs_test_iid": -0.11268177196421,
      "frame_drift_z_vs_test_iid": -4.581500916714078,
      "test_iid_pca_drift_mean": 0.0882257177895769,
      "test_iid_pca_drift_std": 0.05237950458675714,
      "pca_drift_excess_vs_test_iid": -0.07886840716560836,
      "pca_drift_z_vs_test_iid": -1.5057112087318705
    }
  ]
}
Wrote encoder train-global drift results to experiments/real_gauge_drift/results/tworoom_encoder_train_global_5k_b20_seed_1
real 171.76
user 478.43
sys 50.63
