[data] 693728 train transitions, cluster source=experiments/real_gauge_drift/results/latent_landmark_spectral_k3/spectral_M20000_k30_P16_seed2, route_label_offset_steps=0
  cluster0: 246180 transitions
  cluster1: 231121 transitions
  cluster2: 216427 transitions
  [embed-cache] left_room: 330243 transitions from P_train_left_room_embeddings.npz
  [embed-cache] doorway_corridor: 38552 transitions from P_train_doorway_corridor_embeddings.npz
  [embed-cache] right_room: 324933 transitions from P_train_right_room_embeddings.npz
  [embed-cache] merged 693728 train transitions from experiments/real_gauge_drift/results/tworoom_geometry_train_region_predictors
  [cache] saved merged embeddings to experiments/real_gauge_drift/results/tworoom_latent_spectral_spectral_M20000_k30_P16_seed2_trainseed42/P_train_global_merged_embeddings.npz
[train] cluster0: 246180 transitions, 50 epochs
  [train] epoch 1/50  train_loss=0.023880  eval_loss=0.011577
  [train] epoch 2/50  train_loss=0.009934  eval_loss=0.008893
  [train] epoch 3/50  train_loss=0.008810  eval_loss=0.007716
  [train] epoch 4/50  train_loss=0.007915  eval_loss=0.006813
  [train] epoch 5/50  train_loss=0.007131  eval_loss=0.006126
  [train] epoch 6/50  train_loss=0.006464  eval_loss=0.006031
  [train] epoch 7/50  train_loss=0.006057  eval_loss=0.005702
  [train] epoch 8/50  train_loss=0.005534  eval_loss=0.004649
  [train] epoch 9/50  train_loss=0.005143  eval_loss=0.004991
  [train] epoch 10/50  train_loss=0.004832  eval_loss=0.004365
  [train] epoch 11/50  train_loss=0.004526  eval_loss=0.004877
  [train] epoch 12/50  train_loss=0.004273  eval_loss=0.003835
  [train] epoch 13/50  train_loss=0.004038  eval_loss=0.003855
  [train] epoch 14/50  train_loss=0.003869  eval_loss=0.003318
  [train] epoch 15/50  train_loss=0.003559  eval_loss=0.003589
  [train] epoch 16/50  train_loss=0.003502  eval_loss=0.003750
  [train] epoch 17/50  train_loss=0.003366  eval_loss=0.003131
  [train] epoch 18/50  train_loss=0.003101  eval_loss=0.002626
  [train] epoch 19/50  train_loss=0.003062  eval_loss=0.003302
  [train] epoch 20/50  train_loss=0.002914  eval_loss=0.003427
  [train] epoch 21/50  train_loss=0.002645  eval_loss=0.003459
  [train] epoch 22/50  train_loss=0.002813  eval_loss=0.002740
  [train] epoch 23/50  train_loss=0.002693  eval_loss=0.002628
  [train] epoch 24/50  train_loss=0.002416  eval_loss=0.002372
  [train] epoch 25/50  train_loss=0.002523  eval_loss=0.002257
  [train] epoch 26/50  train_loss=0.002261  eval_loss=0.002105
  [train] epoch 27/50  train_loss=0.002293  eval_loss=0.002650
  [train] epoch 28/50  train_loss=0.002223  eval_loss=0.002123
  [train] epoch 29/50  train_loss=0.002115  eval_loss=0.002005
  [train] epoch 30/50  train_loss=0.002149  eval_loss=0.002383
  [train] epoch 31/50  train_loss=0.002099  eval_loss=0.002010
  [train] epoch 32/50  train_loss=0.002016  eval_loss=0.001846
  [train] epoch 33/50  train_loss=0.001864  eval_loss=0.002043
  [train] epoch 34/50  train_loss=0.001890  eval_loss=0.001875
  [train] epoch 35/50  train_loss=0.001854  eval_loss=0.001494
  [train] epoch 36/50  train_loss=0.001682  eval_loss=0.002263
  [train] epoch 37/50  train_loss=0.001837  eval_loss=0.002276
  [train] epoch 38/50  train_loss=0.001751  eval_loss=0.001708
  [train] epoch 39/50  train_loss=0.001745  eval_loss=0.001575
  [train] epoch 40/50  train_loss=0.001587  eval_loss=0.001691
  [train] epoch 41/50  train_loss=0.001523  eval_loss=0.001345
  [train] epoch 42/50  train_loss=0.001628  eval_loss=0.001101
  [train] epoch 43/50  train_loss=0.001502  eval_loss=0.001699
  [train] epoch 44/50  train_loss=0.001500  eval_loss=0.001648
  [train] epoch 45/50  train_loss=0.001617  eval_loss=0.001200
  [train] epoch 46/50  train_loss=0.001278  eval_loss=0.001325
  [train] epoch 47/50  train_loss=0.001622  eval_loss=0.001331
  [train] epoch 48/50  train_loss=0.001439  eval_loss=0.001088
  [train] epoch 49/50  train_loss=0.001282  eval_loss=0.002636
  [train] epoch 50/50  train_loss=0.001447  eval_loss=0.002293
  [best] epoch 48  eval_loss=0.001088 (selected over 50 epochs)
[train] cluster1: 231121 transitions, 50 epochs
  [train] epoch 1/50  train_loss=0.018396  eval_loss=0.004887
  [train] epoch 2/50  train_loss=0.003287  eval_loss=0.002912
  [train] epoch 3/50  train_loss=0.002857  eval_loss=0.002516
  [train] epoch 4/50  train_loss=0.002605  eval_loss=0.002287
  [train] epoch 5/50  train_loss=0.002344  eval_loss=0.002084
  [train] epoch 6/50  train_loss=0.002165  eval_loss=0.002170
  [train] epoch 7/50  train_loss=0.001976  eval_loss=0.002147
  [train] epoch 8/50  train_loss=0.001837  eval_loss=0.001560
  [train] epoch 9/50  train_loss=0.001725  eval_loss=0.001857
  [train] epoch 10/50  train_loss=0.001604  eval_loss=0.001414
  [train] epoch 11/50  train_loss=0.001526  eval_loss=0.001569
  [train] epoch 12/50  train_loss=0.001448  eval_loss=0.001217
  [train] epoch 13/50  train_loss=0.001328  eval_loss=0.001461
  [train] epoch 14/50  train_loss=0.001359  eval_loss=0.001324
  [train] epoch 15/50  train_loss=0.001216  eval_loss=0.001167
  [train] epoch 16/50  train_loss=0.001169  eval_loss=0.000977
  [train] epoch 17/50  train_loss=0.001136  eval_loss=0.001181
  [train] epoch 18/50  train_loss=0.001097  eval_loss=0.001011
  [train] epoch 19/50  train_loss=0.001086  eval_loss=0.001504
  [train] epoch 20/50  train_loss=0.001001  eval_loss=0.000854
  [train] epoch 21/50  train_loss=0.000992  eval_loss=0.000826
  [train] epoch 22/50  train_loss=0.000980  eval_loss=0.001240
  [train] epoch 23/50  train_loss=0.000967  eval_loss=0.001136
  [train] epoch 24/50  train_loss=0.000809  eval_loss=0.000795
  [train] epoch 25/50  train_loss=0.000893  eval_loss=0.000981
  [train] epoch 26/50  train_loss=0.000916  eval_loss=0.000910
  [train] epoch 27/50  train_loss=0.000831  eval_loss=0.000856
  [train] epoch 28/50  train_loss=0.000785  eval_loss=0.000772
  [train] epoch 29/50  train_loss=0.000839  eval_loss=0.001008
  [train] epoch 30/50  train_loss=0.000857  eval_loss=0.000627
  [train] epoch 31/50  train_loss=0.000708  eval_loss=0.000623
  [train] epoch 32/50  train_loss=0.000621  eval_loss=0.000773
  [train] epoch 33/50  train_loss=0.000737  eval_loss=0.000657
  [train] epoch 34/50  train_loss=0.000708  eval_loss=0.000503
  [train] epoch 35/50  train_loss=0.000650  eval_loss=0.000620
  [train] epoch 36/50  train_loss=0.000684  eval_loss=0.000693
  [train] epoch 37/50  train_loss=0.000750  eval_loss=0.000992
  [train] epoch 38/50  train_loss=0.000676  eval_loss=0.000593
  [train] epoch 39/50  train_loss=0.000613  eval_loss=0.000456
  [train] epoch 40/50  train_loss=0.000564  eval_loss=0.000894
  [train] epoch 41/50  train_loss=0.000677  eval_loss=0.000474
  [train] epoch 42/50  train_loss=0.000624  eval_loss=0.000580
  [train] epoch 43/50  train_loss=0.000574  eval_loss=0.000722
  [train] epoch 44/50  train_loss=0.000541  eval_loss=0.000536
  [train] epoch 45/50  train_loss=0.000670  eval_loss=0.000458
  [train] epoch 46/50  train_loss=0.000528  eval_loss=0.000708
  [train] epoch 47/50  train_loss=0.000600  eval_loss=0.000407
  [train] epoch 48/50  train_loss=0.000627  eval_loss=0.000585
  [train] epoch 49/50  train_loss=0.000555  eval_loss=0.000512
  [train] epoch 50/50  train_loss=0.000514  eval_loss=0.000664
  [best] epoch 47  eval_loss=0.000407 (selected over 50 epochs)
[train] cluster2: 216427 transitions, 50 epochs
  [train] epoch 1/50  train_loss=0.017846  eval_loss=0.004848
  [train] epoch 2/50  train_loss=0.002979  eval_loss=0.002537
  [train] epoch 3/50  train_loss=0.002629  eval_loss=0.002352
  [train] epoch 4/50  train_loss=0.002309  eval_loss=0.002066
  [train] epoch 5/50  train_loss=0.002116  eval_loss=0.001956
  [train] epoch 6/50  train_loss=0.001918  eval_loss=0.001775
  [train] epoch 7/50  train_loss=0.001815  eval_loss=0.001593
  [train] epoch 8/50  train_loss=0.001669  eval_loss=0.001522
  [train] epoch 9/50  train_loss=0.001609  eval_loss=0.001336
  [train] epoch 10/50  train_loss=0.001440  eval_loss=0.001349
  [train] epoch 11/50  train_loss=0.001411  eval_loss=0.001130
  [train] epoch 12/50  train_loss=0.001290  eval_loss=0.001281
  [train] epoch 13/50  train_loss=0.001277  eval_loss=0.001227
  [train] epoch 14/50  train_loss=0.001177  eval_loss=0.000996
  [train] epoch 15/50  train_loss=0.001116  eval_loss=0.001096
  [train] epoch 16/50  train_loss=0.001126  eval_loss=0.001019
  [train] epoch 17/50  train_loss=0.001079  eval_loss=0.001087
  [train] epoch 18/50  train_loss=0.000942  eval_loss=0.000807
  [train] epoch 19/50  train_loss=0.000942  eval_loss=0.001023
  [train] epoch 20/50  train_loss=0.000937  eval_loss=0.000755
  [train] epoch 21/50  train_loss=0.000906  eval_loss=0.000882
  [train] epoch 22/50  train_loss=0.000782  eval_loss=0.000835
  [train] epoch 23/50  train_loss=0.000968  eval_loss=0.001179
  [train] epoch 24/50  train_loss=0.000886  eval_loss=0.000964
  [train] epoch 25/50  train_loss=0.000814  eval_loss=0.000723
  [train] epoch 26/50  train_loss=0.000815  eval_loss=0.000816
  [train] epoch 27/50  train_loss=0.000708  eval_loss=0.000615
  [train] epoch 28/50  train_loss=0.000708  eval_loss=0.000641
  [train] epoch 29/50  train_loss=0.000687  eval_loss=0.000703
  [train] epoch 30/50  train_loss=0.000836  eval_loss=0.000826
  [train] epoch 31/50  train_loss=0.000630  eval_loss=0.000689
  [train] epoch 32/50  train_loss=0.000708  eval_loss=0.000574
  [train] epoch 33/50  train_loss=0.000676  eval_loss=0.000685
  [train] epoch 34/50  train_loss=0.000597  eval_loss=0.001013
  [train] epoch 35/50  train_loss=0.000548  eval_loss=0.000765
  [train] epoch 36/50  train_loss=0.000740  eval_loss=0.001018
  [train] epoch 37/50  train_loss=0.000650  eval_loss=0.000559
  [train] epoch 38/50  train_loss=0.000605  eval_loss=0.000529
  [train] epoch 39/50  train_loss=0.000525  eval_loss=0.000570
  [train] epoch 40/50  train_loss=0.000579  eval_loss=0.000633
  [train] epoch 41/50  train_loss=0.000689  eval_loss=0.000746
  [train] epoch 42/50  train_loss=0.000558  eval_loss=0.000434
  [train] epoch 43/50  train_loss=0.000569  eval_loss=0.000903
  [train] epoch 44/50  train_loss=0.000659  eval_loss=0.000496
  [train] epoch 45/50  train_loss=0.000468  eval_loss=0.000446
  [train] epoch 46/50  train_loss=0.000464  eval_loss=0.000415
  [train] epoch 47/50  train_loss=0.000552  eval_loss=0.000490
  [train] epoch 48/50  train_loss=0.000661  eval_loss=0.000447
  [train] epoch 49/50  train_loss=0.000422  eval_loss=0.000379
  [train] epoch 50/50  train_loss=0.000602  eval_loss=0.000497
  [best] epoch 49  eval_loss=0.000379 (selected over 50 epochs)
[done] manifest -> experiments/real_gauge_drift/results/tworoom_latent_spectral_spectral_M20000_k30_P16_seed2_trainseed42/manifest.json
real 4539.76
user 4531.39
sys 19.76
