[data] 693728 train transitions, cluster source=experiments/real_gauge_drift/results/latent_kmeanspp_multirestart_k3/labels/kmeanspp_R50_outer1.npz
  cluster0: 220527 transitions
  cluster1: 231231 transitions
  cluster2: 241970 transitions
  [embed-cache] left_room: 330243 transitions from P_train_left_room_embeddings.npz
  [embed-cache] doorway_corridor: 38552 transitions from P_train_doorway_corridor_embeddings.npz
  [embed-cache] right_room: 324933 transitions from P_train_right_room_embeddings.npz
  [embed-cache] merged 693728 train transitions from experiments/real_gauge_drift/results/tworoom_geometry_train_region_predictors
  [cache] saved merged embeddings to experiments/real_gauge_drift/results/tworoom_latent_kmeanspp_kmeanspp_R50_outer1_trainseed0/P_train_global_merged_embeddings.npz
[train] cluster0: 220527 transitions, 50 epochs
  [train] epoch 1/50  train_loss=0.019374  eval_loss=0.006877
  [train] epoch 2/50  train_loss=0.005771  eval_loss=0.005298
  [train] epoch 3/50  train_loss=0.005306  eval_loss=0.004711
  [train] epoch 4/50  train_loss=0.004872  eval_loss=0.004371
  [train] epoch 5/50  train_loss=0.004505  eval_loss=0.003765
  [train] epoch 6/50  train_loss=0.004206  eval_loss=0.003922
  [train] epoch 7/50  train_loss=0.003912  eval_loss=0.003634
  [train] epoch 8/50  train_loss=0.003687  eval_loss=0.003226
  [train] epoch 9/50  train_loss=0.003515  eval_loss=0.003413
  [train] epoch 10/50  train_loss=0.003283  eval_loss=0.003370
  [train] epoch 11/50  train_loss=0.003139  eval_loss=0.002868
  [train] epoch 12/50  train_loss=0.002989  eval_loss=0.002735
  [train] epoch 13/50  train_loss=0.002855  eval_loss=0.002606
  [train] epoch 14/50  train_loss=0.002723  eval_loss=0.002880
  [train] epoch 15/50  train_loss=0.002588  eval_loss=0.002690
  [train] epoch 16/50  train_loss=0.002491  eval_loss=0.002406
  [train] epoch 17/50  train_loss=0.002400  eval_loss=0.002214
  [train] epoch 18/50  train_loss=0.002348  eval_loss=0.001956
  [train] epoch 19/50  train_loss=0.002270  eval_loss=0.002255
  [train] epoch 20/50  train_loss=0.002167  eval_loss=0.002374
  [train] epoch 21/50  train_loss=0.002034  eval_loss=0.002295
  [train] epoch 22/50  train_loss=0.002027  eval_loss=0.001765
  [train] epoch 23/50  train_loss=0.001907  eval_loss=0.001976
  [train] epoch 24/50  train_loss=0.001976  eval_loss=0.001963
  [train] epoch 25/50  train_loss=0.001875  eval_loss=0.002007
  [train] epoch 26/50  train_loss=0.001747  eval_loss=0.001493
  [train] epoch 27/50  train_loss=0.001878  eval_loss=0.001600
  [train] epoch 28/50  train_loss=0.001683  eval_loss=0.001337
  [train] epoch 29/50  train_loss=0.001698  eval_loss=0.001473
  [train] epoch 30/50  train_loss=0.001560  eval_loss=0.001205
  [train] epoch 31/50  train_loss=0.001596  eval_loss=0.001489
  [train] epoch 32/50  train_loss=0.001639  eval_loss=0.001243
  [train] epoch 33/50  train_loss=0.001450  eval_loss=0.001726
  [train] epoch 34/50  train_loss=0.001529  eval_loss=0.001581
  [train] epoch 35/50  train_loss=0.001534  eval_loss=0.001355
  [train] epoch 36/50  train_loss=0.001450  eval_loss=0.001687
  [train] epoch 37/50  train_loss=0.001309  eval_loss=0.002407
  [train] epoch 38/50  train_loss=0.001469  eval_loss=0.001071
  [train] epoch 39/50  train_loss=0.001342  eval_loss=0.001452
  [train] epoch 40/50  train_loss=0.001334  eval_loss=0.001252
  [train] epoch 41/50  train_loss=0.001284  eval_loss=0.001390
  [train] epoch 42/50  train_loss=0.001281  eval_loss=0.001088
  [train] epoch 43/50  train_loss=0.001242  eval_loss=0.001207
  [train] epoch 44/50  train_loss=0.001267  eval_loss=0.001119
  [train] epoch 45/50  train_loss=0.001322  eval_loss=0.001706
  [train] epoch 46/50  train_loss=0.001332  eval_loss=0.001439
  [train] epoch 47/50  train_loss=0.001197  eval_loss=0.001089
  [train] epoch 48/50  train_loss=0.001089  eval_loss=0.001084
  [train] epoch 49/50  train_loss=0.001200  eval_loss=0.000970
  [train] epoch 50/50  train_loss=0.000992  eval_loss=0.001006
  [best] epoch 49  eval_loss=0.000970 (selected over 50 epochs)
[train] cluster1: 231231 transitions, 50 epochs
  [train] epoch 1/50  train_loss=0.018534  eval_loss=0.006576
  [train] epoch 2/50  train_loss=0.005191  eval_loss=0.004771
  [train] epoch 3/50  train_loss=0.004750  eval_loss=0.004098
  [train] epoch 4/50  train_loss=0.004335  eval_loss=0.003901
  [train] epoch 5/50  train_loss=0.004022  eval_loss=0.003781
  [train] epoch 6/50  train_loss=0.003735  eval_loss=0.003413
  [train] epoch 7/50  train_loss=0.003462  eval_loss=0.003139
  [train] epoch 8/50  train_loss=0.003255  eval_loss=0.003085
  [train] epoch 9/50  train_loss=0.003095  eval_loss=0.003149
  [train] epoch 10/50  train_loss=0.002961  eval_loss=0.002794
  [train] epoch 11/50  train_loss=0.002743  eval_loss=0.002746
  [train] epoch 12/50  train_loss=0.002580  eval_loss=0.002355
  [train] epoch 13/50  train_loss=0.002530  eval_loss=0.002470
  [train] epoch 14/50  train_loss=0.002388  eval_loss=0.002193
  [train] epoch 15/50  train_loss=0.002326  eval_loss=0.002786
  [train] epoch 16/50  train_loss=0.002241  eval_loss=0.002209
  [train] epoch 17/50  train_loss=0.002042  eval_loss=0.001814
  [train] epoch 18/50  train_loss=0.002095  eval_loss=0.002038
  [train] epoch 19/50  train_loss=0.001994  eval_loss=0.001810
  [train] epoch 20/50  train_loss=0.001863  eval_loss=0.001800
  [train] epoch 21/50  train_loss=0.001857  eval_loss=0.001612
  [train] epoch 22/50  train_loss=0.001748  eval_loss=0.001765
  [train] epoch 23/50  train_loss=0.001759  eval_loss=0.001838
  [train] epoch 24/50  train_loss=0.001693  eval_loss=0.001604
  [train] epoch 25/50  train_loss=0.001696  eval_loss=0.001412
  [train] epoch 26/50  train_loss=0.001522  eval_loss=0.001815
  [train] epoch 27/50  train_loss=0.001582  eval_loss=0.001370
  [train] epoch 28/50  train_loss=0.001480  eval_loss=0.001510
  [train] epoch 29/50  train_loss=0.001438  eval_loss=0.001392
  [train] epoch 30/50  train_loss=0.001586  eval_loss=0.001715
  [train] epoch 31/50  train_loss=0.001389  eval_loss=0.001287
  [train] epoch 32/50  train_loss=0.001416  eval_loss=0.001375
  [train] epoch 33/50  train_loss=0.001421  eval_loss=0.001062
  [train] epoch 34/50  train_loss=0.001161  eval_loss=0.001630
  [train] epoch 35/50  train_loss=0.001418  eval_loss=0.001277
  [train] epoch 36/50  train_loss=0.001284  eval_loss=0.001179
  [train] epoch 37/50  train_loss=0.001285  eval_loss=0.001192
  [train] epoch 38/50  train_loss=0.001202  eval_loss=0.001271
  [train] epoch 39/50  train_loss=0.001316  eval_loss=0.001007
  [train] epoch 40/50  train_loss=0.001205  eval_loss=0.001111
  [train] epoch 41/50  train_loss=0.000999  eval_loss=0.000990
  [train] epoch 42/50  train_loss=0.001182  eval_loss=0.001230
  [train] epoch 43/50  train_loss=0.001203  eval_loss=0.001017
  [train] epoch 44/50  train_loss=0.001108  eval_loss=0.000924
  [train] epoch 45/50  train_loss=0.001022  eval_loss=0.001489
  [train] epoch 46/50  train_loss=0.001135  eval_loss=0.001128
  [train] epoch 47/50  train_loss=0.001052  eval_loss=0.000885
  [train] epoch 48/50  train_loss=0.001119  eval_loss=0.001021
  [train] epoch 49/50  train_loss=0.001051  eval_loss=0.000882
  [train] epoch 50/50  train_loss=0.000984  eval_loss=0.001046
  [best] epoch 49  eval_loss=0.000882 (selected over 50 epochs)
[train] cluster2: 241970 transitions, 50 epochs
  [train] epoch 1/50  train_loss=0.020719  eval_loss=0.008719
  [train] epoch 2/50  train_loss=0.007240  eval_loss=0.006419
  [train] epoch 3/50  train_loss=0.006559  eval_loss=0.005941
  [train] epoch 4/50  train_loss=0.005924  eval_loss=0.005383
  [train] epoch 5/50  train_loss=0.005465  eval_loss=0.005219
  [train] epoch 6/50  train_loss=0.005113  eval_loss=0.004512
  [train] epoch 7/50  train_loss=0.004716  eval_loss=0.004341
  [train] epoch 8/50  train_loss=0.004359  eval_loss=0.003894
  [train] epoch 9/50  train_loss=0.004148  eval_loss=0.004021
  [train] epoch 10/50  train_loss=0.003981  eval_loss=0.003717
  [train] epoch 11/50  train_loss=0.003734  eval_loss=0.003408
  [train] epoch 12/50  train_loss=0.003519  eval_loss=0.003232
  [train] epoch 13/50  train_loss=0.003332  eval_loss=0.003184
  [train] epoch 14/50  train_loss=0.003139  eval_loss=0.002810
  [train] epoch 15/50  train_loss=0.003108  eval_loss=0.002831
  [train] epoch 16/50  train_loss=0.002942  eval_loss=0.002793
  [train] epoch 17/50  train_loss=0.002831  eval_loss=0.002377
  [train] epoch 18/50  train_loss=0.002671  eval_loss=0.003045
  [train] epoch 19/50  train_loss=0.002547  eval_loss=0.002395
  [train] epoch 20/50  train_loss=0.002519  eval_loss=0.002321
  [train] epoch 21/50  train_loss=0.002386  eval_loss=0.002028
  [train] epoch 22/50  train_loss=0.002404  eval_loss=0.002125
  [train] epoch 23/50  train_loss=0.002210  eval_loss=0.001852
  [train] epoch 24/50  train_loss=0.002281  eval_loss=0.001889
  [train] epoch 25/50  train_loss=0.002057  eval_loss=0.002689
  [train] epoch 26/50  train_loss=0.002126  eval_loss=0.002570
  [train] epoch 27/50  train_loss=0.001931  eval_loss=0.001781
  [train] epoch 28/50  train_loss=0.002181  eval_loss=0.001594
  [train] epoch 29/50  train_loss=0.001855  eval_loss=0.001541
  [train] epoch 30/50  train_loss=0.001807  eval_loss=0.001640
  [train] epoch 31/50  train_loss=0.001774  eval_loss=0.001456
  [train] epoch 32/50  train_loss=0.001671  eval_loss=0.002562
  [train] epoch 33/50  train_loss=0.001833  eval_loss=0.001967
  [train] epoch 34/50  train_loss=0.001552  eval_loss=0.001355
  [train] epoch 35/50  train_loss=0.001685  eval_loss=0.001825
  [train] epoch 36/50  train_loss=0.001492  eval_loss=0.001381
  [train] epoch 37/50  train_loss=0.001618  eval_loss=0.001597
  [train] epoch 38/50  train_loss=0.001493  eval_loss=0.001553
  [train] epoch 39/50  train_loss=0.001502  eval_loss=0.001565
  [train] epoch 40/50  train_loss=0.001374  eval_loss=0.001298
  [train] epoch 41/50  train_loss=0.001435  eval_loss=0.001251
  [train] epoch 42/50  train_loss=0.001305  eval_loss=0.001360
  [train] epoch 43/50  train_loss=0.001577  eval_loss=0.001446
  [train] epoch 44/50  train_loss=0.001321  eval_loss=0.001133
  [train] epoch 45/50  train_loss=0.001387  eval_loss=0.001108
  [train] epoch 46/50  train_loss=0.001305  eval_loss=0.001221
  [train] epoch 47/50  train_loss=0.001293  eval_loss=0.001620
  [train] epoch 48/50  train_loss=0.001328  eval_loss=0.001244
  [train] epoch 49/50  train_loss=0.001113  eval_loss=0.001000
  [train] epoch 50/50  train_loss=0.001265  eval_loss=0.001341
  [best] epoch 49  eval_loss=0.001000 (selected over 50 epochs)
[done] manifest -> experiments/real_gauge_drift/results/tworoom_latent_kmeanspp_kmeanspp_R50_outer1_trainseed0/manifest.json
real 11629.99
user 5954.33
sys 72.79
