==== GPU=2 REGION=left_room EPOCHS=30 SEED=42 WORK_DIR=experiments/real_gauge_drift/results/tworoom_geometry_train_region_predictors/_work/left_room_30ep_seed42 started at Mon Jul 13 06:37:22 AM UTC 2026 ====
[split] TwoRoom regions from fixed task geometry (wall_center=112, wall_width=10)
[train] left_room: 330243 train∩region transitions
  [cache] loaded embeddings from experiments/real_gauge_drift/results/tworoom_geometry_train_region_predictors/_work/left_room_30ep_seed42/P_train_left_room_embeddings.npz
  [train] epoch 1/30  train_loss=0.019237  eval_loss=0.006837
  [train] epoch 2/30  train_loss=0.005254  eval_loss=0.004646
  [train] epoch 3/30  train_loss=0.004625  eval_loss=0.003995
  [train] epoch 4/30  train_loss=0.004086  eval_loss=0.003510
  [train] epoch 5/30  train_loss=0.003719  eval_loss=0.003350
  [train] epoch 6/30  train_loss=0.003375  eval_loss=0.002842
  [train] epoch 7/30  train_loss=0.003038  eval_loss=0.003014
  [train] epoch 8/30  train_loss=0.002906  eval_loss=0.002882
  [train] epoch 9/30  train_loss=0.002620  eval_loss=0.002251
  [train] epoch 10/30  train_loss=0.002503  eval_loss=0.002276
  [train] epoch 11/30  train_loss=0.002384  eval_loss=0.002103
  [train] epoch 12/30  train_loss=0.002179  eval_loss=0.002257
  [train] epoch 13/30  train_loss=0.002176  eval_loss=0.002237
  [train] epoch 14/30  train_loss=0.002020  eval_loss=0.002478
  [train] epoch 15/30  train_loss=0.001959  eval_loss=0.001730
  [train] epoch 16/30  train_loss=0.001860  eval_loss=0.001609
  [train] epoch 17/30  train_loss=0.001738  eval_loss=0.001601
  [train] epoch 18/30  train_loss=0.001697  eval_loss=0.001697
  [train] epoch 19/30  train_loss=0.001627  eval_loss=0.001522
  [train] epoch 20/30  train_loss=0.001550  eval_loss=0.001457
  [train] epoch 21/30  train_loss=0.001459  eval_loss=0.001283
  [train] epoch 22/30  train_loss=0.001454  eval_loss=0.001163
  [train] epoch 23/30  train_loss=0.001478  eval_loss=0.001318
  [train] epoch 24/30  train_loss=0.001288  eval_loss=0.001176
  [train] epoch 25/30  train_loss=0.001276  eval_loss=0.000994
  [train] epoch 26/30  train_loss=0.001301  eval_loss=0.000911
  [train] epoch 27/30  train_loss=0.001301  eval_loss=0.001251
  [train] epoch 28/30  train_loss=0.001134  eval_loss=0.001099
  [train] epoch 29/30  train_loss=0.001264  eval_loss=0.001702
  [train] epoch 30/30  train_loss=0.001132  eval_loss=0.001647
  saved experiments/real_gauge_drift/results/tworoom_geometry_train_region_predictors/_work/left_room_30ep_seed42/P_train_left_room_object.ckpt  best_epoch=30  best_eval_loss=0.001647
Wrote manifest to experiments/real_gauge_drift/results/tworoom_geometry_train_region_predictors/_work/left_room_30ep_seed42/manifest.json
real 1282.34
user 1324.75
sys 3.79
==== GPU=2 REGION=left_room finished at Mon Jul 13 06:58:45 AM UTC 2026 ====
