==== GPU=2 REGION=right_room EPOCHS=50 SEED=42 WORK_DIR=experiments/real_gauge_drift/results/tworoom_geometry_train_region_predictors/_work/right_room_50ep_seed42 started at Mon Jul 13 07:06:05 AM UTC 2026 ====
[split] TwoRoom regions from fixed task geometry (wall_center=112, wall_width=10)
[train] right_room: 324933 train∩region transitions
  [cache] loaded embeddings from experiments/real_gauge_drift/results/tworoom_geometry_train_region_predictors/_work/right_room_50ep_seed42/P_train_right_room_embeddings.npz
  [train] epoch 1/50  train_loss=0.018828  eval_loss=0.006444
  [train] epoch 2/50  train_loss=0.005152  eval_loss=0.004913
  [train] epoch 3/50  train_loss=0.004499  eval_loss=0.004325
  [train] epoch 4/50  train_loss=0.004028  eval_loss=0.003591
  [train] epoch 5/50  train_loss=0.003695  eval_loss=0.003484
  [train] epoch 6/50  train_loss=0.003316  eval_loss=0.002989
  [train] epoch 7/50  train_loss=0.003046  eval_loss=0.003297
  [train] epoch 8/50  train_loss=0.002884  eval_loss=0.002663
  [train] epoch 9/50  train_loss=0.002701  eval_loss=0.002320
  [train] epoch 10/50  train_loss=0.002507  eval_loss=0.002169
  [train] epoch 11/50  train_loss=0.002369  eval_loss=0.002289
  [train] epoch 12/50  train_loss=0.002207  eval_loss=0.001866
  [train] epoch 13/50  train_loss=0.002151  eval_loss=0.002078
  [train] epoch 14/50  train_loss=0.002011  eval_loss=0.002119
  [train] epoch 15/50  train_loss=0.001915  eval_loss=0.001687
  [train] epoch 16/50  train_loss=0.001823  eval_loss=0.001852
  [train] epoch 17/50  train_loss=0.001725  eval_loss=0.001686
  [train] epoch 18/50  train_loss=0.001725  eval_loss=0.001968
  [train] epoch 19/50  train_loss=0.001682  eval_loss=0.001843
  [train] epoch 20/50  train_loss=0.001581  eval_loss=0.001683
  [checkpoint] saved experiments/real_gauge_drift/results/tworoom_geometry_train_region_predictors/_work/right_room_50ep_seed42/P_train_right_room_epoch20_object.ckpt
  [train] epoch 21/50  train_loss=0.001546  eval_loss=0.001932
  [train] epoch 22/50  train_loss=0.001417  eval_loss=0.001536
  [train] epoch 23/50  train_loss=0.001423  eval_loss=0.001228
  [train] epoch 24/50  train_loss=0.001337  eval_loss=0.001689
  [train] epoch 25/50  train_loss=0.001322  eval_loss=0.000968
  [train] epoch 26/50  train_loss=0.001350  eval_loss=0.000965
  [train] epoch 27/50  train_loss=0.001230  eval_loss=0.000973
  [train] epoch 28/50  train_loss=0.001265  eval_loss=0.001121
  [train] epoch 29/50  train_loss=0.001136  eval_loss=0.001033
  [train] epoch 30/50  train_loss=0.001148  eval_loss=0.001098
  [checkpoint] saved experiments/real_gauge_drift/results/tworoom_geometry_train_region_predictors/_work/right_room_50ep_seed42/P_train_right_room_epoch30_object.ckpt
  [train] epoch 31/50  train_loss=0.001166  eval_loss=0.000998
  [train] epoch 32/50  train_loss=0.001099  eval_loss=0.000961
  [train] epoch 33/50  train_loss=0.001137  eval_loss=0.000957
  [train] epoch 34/50  train_loss=0.001083  eval_loss=0.001231
  [train] epoch 35/50  train_loss=0.001033  eval_loss=0.001241
  [train] epoch 36/50  train_loss=0.000975  eval_loss=0.000968
  [train] epoch 37/50  train_loss=0.000979  eval_loss=0.000931
  [train] epoch 38/50  train_loss=0.001027  eval_loss=0.000984
  [train] epoch 39/50  train_loss=0.000964  eval_loss=0.000947
  [train] epoch 40/50  train_loss=0.000891  eval_loss=0.000739
  [checkpoint] saved experiments/real_gauge_drift/results/tworoom_geometry_train_region_predictors/_work/right_room_50ep_seed42/P_train_right_room_epoch40_object.ckpt
  [train] epoch 41/50  train_loss=0.000954  eval_loss=0.000793
  [train] epoch 42/50  train_loss=0.000879  eval_loss=0.000993
  [train] epoch 43/50  train_loss=0.000879  eval_loss=0.000632
  [train] epoch 44/50  train_loss=0.000843  eval_loss=0.000682
  [train] epoch 45/50  train_loss=0.000836  eval_loss=0.001191
  [train] epoch 46/50  train_loss=0.000786  eval_loss=0.000833
  [train] epoch 47/50  train_loss=0.000823  eval_loss=0.000691
  [train] epoch 48/50  train_loss=0.000823  eval_loss=0.000687
  [train] epoch 49/50  train_loss=0.000735  eval_loss=0.000525
  [train] epoch 50/50  train_loss=0.000827  eval_loss=0.000605
  [checkpoint] saved experiments/real_gauge_drift/results/tworoom_geometry_train_region_predictors/_work/right_room_50ep_seed42/P_train_right_room_epoch50_object.ckpt
  [best] epoch 49  eval_loss=0.000525 (selected over 50 epochs)
  saved experiments/real_gauge_drift/results/tworoom_geometry_train_region_predictors/_work/right_room_50ep_seed42/P_train_right_room_object.ckpt  best_epoch=49  best_eval_loss=0.000525
Wrote manifest to experiments/real_gauge_drift/results/tworoom_geometry_train_region_predictors/_work/right_room_50ep_seed42/manifest.json
real 2105.93
user 2193.40
sys 19.01
==== GPU=2 REGION=right_room finished at Mon Jul 13 07:41:11 AM UTC 2026 ====
