START train_seed=0 eval_seed=0 horizon=short method=rooms3_30ep gpu=0 cpus=112-115 2026-07-15T02:43:07+00:00
DONE train_seed=0 eval_seed=0 horizon=short method=rooms3_30ep success_rate=98.0 successes=49/50
DONE train_seed=0 eval_seed=0 horizon=short method=rooms3_30ep 2026-07-15T02:44:12+00:00
START train_seed=0 eval_seed=0 horizon=short method=priority5_30ep gpu=0 cpus=112-115 2026-07-15T02:44:12+00:00
DONE train_seed=0 eval_seed=0 horizon=short method=priority5_30ep success_rate=96.0 successes=48/50
DONE train_seed=0 eval_seed=0 horizon=short method=priority5_30ep 2026-07-15T02:45:15+00:00
START train_seed=0 eval_seed=0 horizon=short method=rooms3_50ep gpu=0 cpus=112-115 2026-07-15T02:45:15+00:00
DONE train_seed=0 eval_seed=0 horizon=short method=rooms3_50ep success_rate=96.0 successes=48/50
DONE train_seed=0 eval_seed=0 horizon=short method=rooms3_50ep 2026-07-15T02:46:16+00:00
START train_seed=0 eval_seed=0 horizon=short method=priority5_50ep gpu=0 cpus=112-115 2026-07-15T02:46:16+00:00
DONE train_seed=0 eval_seed=0 horizon=short method=priority5_50ep success_rate=96.0 successes=48/50
DONE train_seed=0 eval_seed=0 horizon=short method=priority5_50ep 2026-07-15T02:47:19+00:00
START train_seed=0 eval_seed=0 horizon=short method=rooms3_doorway80 gpu=0 cpus=112-115 2026-07-15T02:47:19+00:00
DONE train_seed=0 eval_seed=0 horizon=short method=rooms3_doorway80 success_rate=96.0 successes=48/50
DONE train_seed=0 eval_seed=0 horizon=short method=rooms3_doorway80 2026-07-15T02:48:23+00:00
START train_seed=0 eval_seed=0 horizon=short method=priority5_doorway80 gpu=0 cpus=112-115 2026-07-15T02:48:23+00:00
DONE train_seed=0 eval_seed=0 horizon=short method=priority5_doorway80 success_rate=96.0 successes=48/50
DONE train_seed=0 eval_seed=0 horizon=short method=priority5_doorway80 2026-07-15T02:49:26+00:00
START train_seed=0 eval_seed=0 horizon=short method=global_ft_65ep gpu=0 cpus=112-115 2026-07-15T02:49:26+00:00
DONE train_seed=0 eval_seed=0 horizon=short method=global_ft_65ep success_rate=92.0 successes=46/50
DONE train_seed=0 eval_seed=0 horizon=short method=global_ft_65ep 2026-07-15T02:50:28+00:00
START train_seed=0 eval_seed=1 horizon=short method=rooms3_30ep gpu=0 cpus=112-115 2026-07-15T02:50:28+00:00
DONE train_seed=0 eval_seed=1 horizon=short method=rooms3_30ep success_rate=94.0 successes=47/50
DONE train_seed=0 eval_seed=1 horizon=short method=rooms3_30ep 2026-07-15T02:51:35+00:00
START train_seed=0 eval_seed=1 horizon=short method=priority5_30ep gpu=0 cpus=112-115 2026-07-15T02:51:35+00:00
DONE train_seed=0 eval_seed=1 horizon=short method=priority5_30ep success_rate=92.0 successes=46/50
DONE train_seed=0 eval_seed=1 horizon=short method=priority5_30ep 2026-07-15T02:52:42+00:00
START train_seed=0 eval_seed=1 horizon=short method=rooms3_50ep gpu=0 cpus=112-115 2026-07-15T02:52:42+00:00
DONE train_seed=0 eval_seed=1 horizon=short method=rooms3_50ep success_rate=92.0 successes=46/50
DONE train_seed=0 eval_seed=1 horizon=short method=rooms3_50ep 2026-07-15T02:53:46+00:00
START train_seed=0 eval_seed=1 horizon=short method=priority5_50ep gpu=0 cpus=112-115 2026-07-15T02:53:46+00:00
DONE train_seed=0 eval_seed=1 horizon=short method=priority5_50ep success_rate=94.0 successes=47/50
DONE train_seed=0 eval_seed=1 horizon=short method=priority5_50ep 2026-07-15T02:54:50+00:00
START train_seed=0 eval_seed=1 horizon=short method=rooms3_doorway80 gpu=0 cpus=112-115 2026-07-15T02:54:50+00:00
DONE train_seed=0 eval_seed=1 horizon=short method=rooms3_doorway80 success_rate=92.0 successes=46/50
DONE train_seed=0 eval_seed=1 horizon=short method=rooms3_doorway80 2026-07-15T02:55:52+00:00
START train_seed=0 eval_seed=1 horizon=short method=priority5_doorway80 gpu=0 cpus=112-115 2026-07-15T02:55:52+00:00
DONE train_seed=0 eval_seed=1 horizon=short method=priority5_doorway80 success_rate=94.0 successes=47/50
DONE train_seed=0 eval_seed=1 horizon=short method=priority5_doorway80 2026-07-15T02:56:55+00:00
START train_seed=0 eval_seed=1 horizon=short method=global_ft_65ep gpu=0 cpus=112-115 2026-07-15T02:56:55+00:00
DONE train_seed=0 eval_seed=1 horizon=short method=global_ft_65ep success_rate=90.0 successes=45/50
DONE train_seed=0 eval_seed=1 horizon=short method=global_ft_65ep 2026-07-15T02:57:58+00:00
START train_seed=0 eval_seed=2 horizon=short method=rooms3_30ep gpu=0 cpus=112-115 2026-07-15T02:57:58+00:00
DONE train_seed=0 eval_seed=2 horizon=short method=rooms3_30ep success_rate=84.0 successes=42/50
DONE train_seed=0 eval_seed=2 horizon=short method=rooms3_30ep 2026-07-15T02:59:08+00:00
START train_seed=0 eval_seed=2 horizon=short method=priority5_30ep gpu=0 cpus=112-115 2026-07-15T02:59:08+00:00
DONE train_seed=0 eval_seed=2 horizon=short method=priority5_30ep success_rate=86.0 successes=43/50
DONE train_seed=0 eval_seed=2 horizon=short method=priority5_30ep 2026-07-15T03:00:17+00:00
START train_seed=0 eval_seed=2 horizon=short method=rooms3_50ep gpu=0 cpus=112-115 2026-07-15T03:00:17+00:00
DONE train_seed=0 eval_seed=2 horizon=short method=rooms3_50ep success_rate=88.0 successes=44/50
DONE train_seed=0 eval_seed=2 horizon=short method=rooms3_50ep 2026-07-15T03:01:22+00:00
START train_seed=0 eval_seed=2 horizon=short method=priority5_50ep gpu=0 cpus=112-115 2026-07-15T03:01:22+00:00
DONE train_seed=0 eval_seed=2 horizon=short method=priority5_50ep success_rate=88.0 successes=44/50
DONE train_seed=0 eval_seed=2 horizon=short method=priority5_50ep 2026-07-15T03:02:26+00:00
START train_seed=0 eval_seed=2 horizon=short method=rooms3_doorway80 gpu=0 cpus=112-115 2026-07-15T03:02:26+00:00
DONE train_seed=0 eval_seed=2 horizon=short method=rooms3_doorway80 success_rate=88.0 successes=44/50
DONE train_seed=0 eval_seed=2 horizon=short method=rooms3_doorway80 2026-07-15T03:03:31+00:00
START train_seed=0 eval_seed=2 horizon=short method=priority5_doorway80 gpu=0 cpus=112-115 2026-07-15T03:03:31+00:00
DONE train_seed=0 eval_seed=2 horizon=short method=priority5_doorway80 success_rate=88.0 successes=44/50
DONE train_seed=0 eval_seed=2 horizon=short method=priority5_doorway80 2026-07-15T03:04:35+00:00
START train_seed=0 eval_seed=2 horizon=short method=global_ft_65ep gpu=0 cpus=112-115 2026-07-15T03:04:35+00:00
DONE train_seed=0 eval_seed=2 horizon=short method=global_ft_65ep success_rate=86.0 successes=43/50
DONE train_seed=0 eval_seed=2 horizon=short method=global_ft_65ep 2026-07-15T03:05:42+00:00
START train_seed=0 eval_seed=3 horizon=short method=rooms3_30ep gpu=0 cpus=112-115 2026-07-15T03:05:42+00:00
DONE train_seed=0 eval_seed=3 horizon=short method=rooms3_30ep success_rate=90.0 successes=45/50
DONE train_seed=0 eval_seed=3 horizon=short method=rooms3_30ep 2026-07-15T03:06:48+00:00
START train_seed=0 eval_seed=3 horizon=short method=priority5_30ep gpu=0 cpus=112-115 2026-07-15T03:06:48+00:00
DONE train_seed=0 eval_seed=3 horizon=short method=priority5_30ep success_rate=92.0 successes=46/50
DONE train_seed=0 eval_seed=3 horizon=short method=priority5_30ep 2026-07-15T03:07:51+00:00
START train_seed=0 eval_seed=3 horizon=short method=rooms3_50ep gpu=0 cpus=112-115 2026-07-15T03:07:51+00:00
DONE train_seed=0 eval_seed=3 horizon=short method=rooms3_50ep success_rate=90.0 successes=45/50
DONE train_seed=0 eval_seed=3 horizon=short method=rooms3_50ep 2026-07-15T03:08:56+00:00
START train_seed=0 eval_seed=3 horizon=short method=priority5_50ep gpu=0 cpus=112-115 2026-07-15T03:08:56+00:00
DONE train_seed=0 eval_seed=3 horizon=short method=priority5_50ep success_rate=90.0 successes=45/50
DONE train_seed=0 eval_seed=3 horizon=short method=priority5_50ep 2026-07-15T03:10:00+00:00
START train_seed=0 eval_seed=3 horizon=short method=rooms3_doorway80 gpu=0 cpus=112-115 2026-07-15T03:10:00+00:00
DONE train_seed=0 eval_seed=3 horizon=short method=rooms3_doorway80 success_rate=90.0 successes=45/50
DONE train_seed=0 eval_seed=3 horizon=short method=rooms3_doorway80 2026-07-15T03:11:02+00:00
START train_seed=0 eval_seed=3 horizon=short method=priority5_doorway80 gpu=0 cpus=112-115 2026-07-15T03:11:02+00:00
DONE train_seed=0 eval_seed=3 horizon=short method=priority5_doorway80 success_rate=90.0 successes=45/50
DONE train_seed=0 eval_seed=3 horizon=short method=priority5_doorway80 2026-07-15T03:12:04+00:00
START train_seed=0 eval_seed=3 horizon=short method=global_ft_65ep gpu=0 cpus=112-115 2026-07-15T03:12:04+00:00
DONE train_seed=0 eval_seed=3 horizon=short method=global_ft_65ep success_rate=88.0 successes=44/50
DONE train_seed=0 eval_seed=3 horizon=short method=global_ft_65ep 2026-07-15T03:13:07+00:00
START train_seed=0 eval_seed=4 horizon=short method=rooms3_30ep gpu=0 cpus=112-115 2026-07-15T03:13:07+00:00
DONE train_seed=0 eval_seed=4 horizon=short method=rooms3_30ep success_rate=94.0 successes=47/50
DONE train_seed=0 eval_seed=4 horizon=short method=rooms3_30ep 2026-07-15T03:14:14+00:00
START train_seed=0 eval_seed=4 horizon=short method=priority5_30ep gpu=0 cpus=112-115 2026-07-15T03:14:14+00:00
DONE train_seed=0 eval_seed=4 horizon=short method=priority5_30ep success_rate=94.0 successes=47/50
DONE train_seed=0 eval_seed=4 horizon=short method=priority5_30ep 2026-07-15T03:15:18+00:00
START train_seed=0 eval_seed=4 horizon=short method=rooms3_50ep gpu=0 cpus=112-115 2026-07-15T03:15:18+00:00
DONE train_seed=0 eval_seed=4 horizon=short method=rooms3_50ep success_rate=92.0 successes=46/50
DONE train_seed=0 eval_seed=4 horizon=short method=rooms3_50ep 2026-07-15T03:16:21+00:00
START train_seed=0 eval_seed=4 horizon=short method=priority5_50ep gpu=0 cpus=112-115 2026-07-15T03:16:21+00:00
DONE train_seed=0 eval_seed=4 horizon=short method=priority5_50ep success_rate=92.0 successes=46/50
DONE train_seed=0 eval_seed=4 horizon=short method=priority5_50ep 2026-07-15T03:17:24+00:00
START train_seed=0 eval_seed=4 horizon=short method=rooms3_doorway80 gpu=0 cpus=112-115 2026-07-15T03:17:24+00:00
DONE train_seed=0 eval_seed=4 horizon=short method=rooms3_doorway80 success_rate=94.0 successes=47/50
DONE train_seed=0 eval_seed=4 horizon=short method=rooms3_doorway80 2026-07-15T03:18:27+00:00
START train_seed=0 eval_seed=4 horizon=short method=priority5_doorway80 gpu=0 cpus=112-115 2026-07-15T03:18:27+00:00
DONE train_seed=0 eval_seed=4 horizon=short method=priority5_doorway80 success_rate=90.0 successes=45/50
DONE train_seed=0 eval_seed=4 horizon=short method=priority5_doorway80 2026-07-15T03:19:30+00:00
START train_seed=0 eval_seed=4 horizon=short method=global_ft_65ep gpu=0 cpus=112-115 2026-07-15T03:19:30+00:00
DONE train_seed=0 eval_seed=4 horizon=short method=global_ft_65ep success_rate=90.0 successes=45/50
DONE train_seed=0 eval_seed=4 horizon=short method=global_ft_65ep 2026-07-15T03:20:33+00:00
WORKER_COMPLETE train_seed=0 horizon=short 2026-07-15T03:20:33+00:00
