[data] 693728 train transitions, cluster source=experiments/real_gauge_drift/results/latent_landmark_spectral_k3/spectral_M20000_k30_P16_seed2, route_label_offset_steps=0
  cluster0: 246180 transitions
  cluster1: 231121 transitions
  cluster2: 216427 transitions
  [cache] loaded merged embeddings from experiments/real_gauge_drift/results/tworoom_latent_spectral_spectral_M20000_k30_P16_seed2_trainseed0/P_train_global_merged_embeddings.npz
[train] cluster0: 246180 transitions, 50 epochs
  [train] epoch 1/50  train_loss=0.023806  eval_loss=0.011538
  [train] epoch 2/50  train_loss=0.009946  eval_loss=0.008848
  [train] epoch 3/50  train_loss=0.008817  eval_loss=0.008023
  [train] epoch 4/50  train_loss=0.007901  eval_loss=0.006935
  [train] epoch 5/50  train_loss=0.007132  eval_loss=0.006177
  [train] epoch 6/50  train_loss=0.006555  eval_loss=0.005940
  [train] epoch 7/50  train_loss=0.005992  eval_loss=0.006404
  [train] epoch 8/50  train_loss=0.005575  eval_loss=0.005046
  [train] epoch 9/50  train_loss=0.005187  eval_loss=0.004841
  [train] epoch 10/50  train_loss=0.004867  eval_loss=0.004206
  [train] epoch 11/50  train_loss=0.004490  eval_loss=0.004434
  [train] epoch 12/50  train_loss=0.004282  eval_loss=0.003568
  [train] epoch 13/50  train_loss=0.004069  eval_loss=0.004107
  [train] epoch 14/50  train_loss=0.003803  eval_loss=0.003237
  [train] epoch 15/50  train_loss=0.003581  eval_loss=0.003155
  [train] epoch 16/50  train_loss=0.003528  eval_loss=0.002753
  [train] epoch 17/50  train_loss=0.003257  eval_loss=0.002960
  [train] epoch 18/50  train_loss=0.003105  eval_loss=0.002380
  [train] epoch 19/50  train_loss=0.003076  eval_loss=0.002770
  [train] epoch 20/50  train_loss=0.002832  eval_loss=0.002565
  [train] epoch 21/50  train_loss=0.002865  eval_loss=0.002654
  [train] epoch 22/50  train_loss=0.002596  eval_loss=0.002575
  [train] epoch 23/50  train_loss=0.002686  eval_loss=0.003436
  [train] epoch 24/50  train_loss=0.002435  eval_loss=0.002616
  [train] epoch 25/50  train_loss=0.002383  eval_loss=0.001970
  [train] epoch 26/50  train_loss=0.002334  eval_loss=0.002645
  [train] epoch 27/50  train_loss=0.002265  eval_loss=0.001580
  [train] epoch 28/50  train_loss=0.002122  eval_loss=0.001871
  [train] epoch 29/50  train_loss=0.002262  eval_loss=0.002828
  [train] epoch 30/50  train_loss=0.001998  eval_loss=0.001873
  [train] epoch 31/50  train_loss=0.002026  eval_loss=0.001735
  [train] epoch 32/50  train_loss=0.002059  eval_loss=0.002466
  [train] epoch 33/50  train_loss=0.001915  eval_loss=0.002128
  [train] epoch 34/50  train_loss=0.001879  eval_loss=0.002307
  [train] epoch 35/50  train_loss=0.002033  eval_loss=0.001859
  [train] epoch 36/50  train_loss=0.001664  eval_loss=0.001116
  [train] epoch 37/50  train_loss=0.001748  eval_loss=0.002010
  [train] epoch 38/50  train_loss=0.001779  eval_loss=0.001792
  [train] epoch 39/50  train_loss=0.001622  eval_loss=0.001923
  [train] epoch 40/50  train_loss=0.001596  eval_loss=0.001606
  [train] epoch 41/50  train_loss=0.001551  eval_loss=0.002392
  [train] epoch 42/50  train_loss=0.001587  eval_loss=0.001195
  [train] epoch 43/50  train_loss=0.001536  eval_loss=0.001108
  [train] epoch 44/50  train_loss=0.001508  eval_loss=0.001000
  [train] epoch 45/50  train_loss=0.001545  eval_loss=0.001604
  [train] epoch 46/50  train_loss=0.001500  eval_loss=0.001280
  [train] epoch 47/50  train_loss=0.001422  eval_loss=0.001047
  [train] epoch 48/50  train_loss=0.001473  eval_loss=0.001203
  [train] epoch 49/50  train_loss=0.001365  eval_loss=0.001485
  [train] epoch 50/50  train_loss=0.001461  eval_loss=0.001243
  [best] epoch 44  eval_loss=0.001000 (selected over 50 epochs)
[train] cluster1: 231121 transitions, 50 epochs
  [train] epoch 1/50  train_loss=0.018454  eval_loss=0.004821
  [train] epoch 2/50  train_loss=0.003260  eval_loss=0.002847
  [train] epoch 3/50  train_loss=0.002876  eval_loss=0.002536
  [train] epoch 4/50  train_loss=0.002571  eval_loss=0.002499
  [train] epoch 5/50  train_loss=0.002350  eval_loss=0.002162
  [train] epoch 6/50  train_loss=0.002152  eval_loss=0.002282
  [train] epoch 7/50  train_loss=0.001972  eval_loss=0.001989
  [train] epoch 8/50  train_loss=0.001799  eval_loss=0.001700
  [train] epoch 9/50  train_loss=0.001712  eval_loss=0.001447
  [train] epoch 10/50  train_loss=0.001627  eval_loss=0.001640
  [train] epoch 11/50  train_loss=0.001513  eval_loss=0.001353
  [train] epoch 12/50  train_loss=0.001450  eval_loss=0.001210
  [train] epoch 13/50  train_loss=0.001319  eval_loss=0.001233
  [train] epoch 14/50  train_loss=0.001314  eval_loss=0.001581
  [train] epoch 15/50  train_loss=0.001270  eval_loss=0.001092
  [train] epoch 16/50  train_loss=0.001120  eval_loss=0.000980
  [train] epoch 17/50  train_loss=0.001191  eval_loss=0.000997
  [train] epoch 18/50  train_loss=0.001107  eval_loss=0.001050
  [train] epoch 19/50  train_loss=0.001047  eval_loss=0.000852
  [train] epoch 20/50  train_loss=0.001036  eval_loss=0.000998
  [train] epoch 21/50  train_loss=0.000991  eval_loss=0.001394
  [train] epoch 22/50  train_loss=0.001064  eval_loss=0.000848
  [train] epoch 23/50  train_loss=0.000907  eval_loss=0.000750
  [train] epoch 24/50  train_loss=0.000849  eval_loss=0.000775
  [train] epoch 25/50  train_loss=0.000807  eval_loss=0.000806
  [train] epoch 26/50  train_loss=0.000929  eval_loss=0.000814
  [train] epoch 27/50  train_loss=0.000808  eval_loss=0.000805
  [train] epoch 28/50  train_loss=0.000721  eval_loss=0.001036
  [train] epoch 29/50  train_loss=0.000755  eval_loss=0.000716
  [train] epoch 30/50  train_loss=0.000846  eval_loss=0.000668
  [train] epoch 31/50  train_loss=0.000823  eval_loss=0.000556
  [train] epoch 32/50  train_loss=0.000647  eval_loss=0.000887
  [train] epoch 33/50  train_loss=0.000656  eval_loss=0.000616
  [train] epoch 34/50  train_loss=0.000740  eval_loss=0.000564
  [train] epoch 35/50  train_loss=0.000643  eval_loss=0.000716
  [train] epoch 36/50  train_loss=0.000633  eval_loss=0.000525
  [train] epoch 37/50  train_loss=0.000567  eval_loss=0.000519
  [train] epoch 38/50  train_loss=0.000581  eval_loss=0.000714
  [train] epoch 39/50  train_loss=0.000684  eval_loss=0.000657
  [train] epoch 40/50  train_loss=0.000671  eval_loss=0.000910
  [train] epoch 41/50  train_loss=0.000614  eval_loss=0.000891
  [train] epoch 42/50  train_loss=0.000604  eval_loss=0.000660
  [train] epoch 43/50  train_loss=0.000689  eval_loss=0.000582
  [train] epoch 44/50  train_loss=0.000564  eval_loss=0.000689
  [train] epoch 45/50  train_loss=0.000463  eval_loss=0.000533
  [train] epoch 46/50  train_loss=0.000498  eval_loss=0.000545
  [train] epoch 47/50  train_loss=0.000588  eval_loss=0.000835
  [train] epoch 48/50  train_loss=0.000533  eval_loss=0.000621
  [train] epoch 49/50  train_loss=0.000536  eval_loss=0.001134
  [train] epoch 50/50  train_loss=0.000591  eval_loss=0.000448
  [best] epoch 50  eval_loss=0.000448 (selected over 50 epochs)
[train] cluster2: 216427 transitions, 50 epochs
  [train] epoch 1/50  train_loss=0.017866  eval_loss=0.004749
  [train] epoch 2/50  train_loss=0.002973  eval_loss=0.002819
  [train] epoch 3/50  train_loss=0.002625  eval_loss=0.002407
  [train] epoch 4/50  train_loss=0.002362  eval_loss=0.002272
  [train] epoch 5/50  train_loss=0.002108  eval_loss=0.002331
  [train] epoch 6/50  train_loss=0.001943  eval_loss=0.001827
  [train] epoch 7/50  train_loss=0.001797  eval_loss=0.001890
  [train] epoch 8/50  train_loss=0.001668  eval_loss=0.001670
  [train] epoch 9/50  train_loss=0.001534  eval_loss=0.001466
  [train] epoch 10/50  train_loss=0.001460  eval_loss=0.001302
  [train] epoch 11/50  train_loss=0.001403  eval_loss=0.001261
  [train] epoch 12/50  train_loss=0.001346  eval_loss=0.001226
  [train] epoch 13/50  train_loss=0.001244  eval_loss=0.001243
  [train] epoch 14/50  train_loss=0.001173  eval_loss=0.001061
  [train] epoch 15/50  train_loss=0.001196  eval_loss=0.001066
  [train] epoch 16/50  train_loss=0.001084  eval_loss=0.001079
  [train] epoch 17/50  train_loss=0.001083  eval_loss=0.000884
  [train] epoch 18/50  train_loss=0.001059  eval_loss=0.001017
  [train] epoch 19/50  train_loss=0.001010  eval_loss=0.000838
  [train] epoch 20/50  train_loss=0.000871  eval_loss=0.001156
  [train] epoch 21/50  train_loss=0.000933  eval_loss=0.000749
  [train] epoch 22/50  train_loss=0.000881  eval_loss=0.000874
  [train] epoch 23/50  train_loss=0.000857  eval_loss=0.000687
  [train] epoch 24/50  train_loss=0.000851  eval_loss=0.000850
  [train] epoch 25/50  train_loss=0.000863  eval_loss=0.001057
  [train] epoch 26/50  train_loss=0.000807  eval_loss=0.000666
  [train] epoch 27/50  train_loss=0.000738  eval_loss=0.000822
  [train] epoch 28/50  train_loss=0.000813  eval_loss=0.000595
  [train] epoch 29/50  train_loss=0.000669  eval_loss=0.000643
  [train] epoch 30/50  train_loss=0.000786  eval_loss=0.000830
  [train] epoch 31/50  train_loss=0.000827  eval_loss=0.000882
  [train] epoch 32/50  train_loss=0.000674  eval_loss=0.000683
  [train] epoch 33/50  train_loss=0.000647  eval_loss=0.000679
  [train] epoch 34/50  train_loss=0.000593  eval_loss=0.000602
  [train] epoch 35/50  train_loss=0.000713  eval_loss=0.001358
  [train] epoch 36/50  train_loss=0.000650  eval_loss=0.000642
  [train] epoch 37/50  train_loss=0.000624  eval_loss=0.000523
  [train] epoch 38/50  train_loss=0.000632  eval_loss=0.000618
  [train] epoch 39/50  train_loss=0.000571  eval_loss=0.000543
  [train] epoch 40/50  train_loss=0.000566  eval_loss=0.000613
  [train] epoch 41/50  train_loss=0.000600  eval_loss=0.000765
  [train] epoch 42/50  train_loss=0.000611  eval_loss=0.000615
  [train] epoch 43/50  train_loss=0.000525  eval_loss=0.000467
  [train] epoch 44/50  train_loss=0.000503  eval_loss=0.000658
  [train] epoch 45/50  train_loss=0.000602  eval_loss=0.000557
  [train] epoch 46/50  train_loss=0.000560  eval_loss=0.000471
  [train] epoch 47/50  train_loss=0.000554  eval_loss=0.000429
  [train] epoch 48/50  train_loss=0.000484  eval_loss=0.000401
  [train] epoch 49/50  train_loss=0.000480  eval_loss=0.000499
  [train] epoch 50/50  train_loss=0.000551  eval_loss=0.000592
  [best] epoch 48  eval_loss=0.000401 (selected over 50 epochs)
[done] manifest -> experiments/real_gauge_drift/results/tworoom_latent_spectral_spectral_M20000_k30_P16_seed2_trainseed0/manifest.json
real 4319.43
user 4307.76
sys 23.05
