[data] 693728 train transitions, cluster source=experiments/real_gauge_drift/results/latent_landmark_spectral_k3/spectral_M20000_k30_P16_seed0, route_label_offset_steps=0
  cluster0: 248828 transitions
  cluster1: 226864 transitions
  cluster2: 218036 transitions
  [cache] loaded merged embeddings from experiments/real_gauge_drift/results/tworoom_latent_spectral_spectral_M20000_k30_P16_seed0_trainseed0/P_train_global_merged_embeddings.npz
[train] cluster0: 248828 transitions, 50 epochs
  [train] epoch 1/50  train_loss=0.023752  eval_loss=0.011346
  [train] epoch 2/50  train_loss=0.009854  eval_loss=0.009331
  [train] epoch 3/50  train_loss=0.008816  eval_loss=0.007588
  [train] epoch 4/50  train_loss=0.007833  eval_loss=0.006980
  [train] epoch 5/50  train_loss=0.007030  eval_loss=0.006046
  [train] epoch 6/50  train_loss=0.006503  eval_loss=0.005837
  [train] epoch 7/50  train_loss=0.005925  eval_loss=0.005006
  [train] epoch 8/50  train_loss=0.005519  eval_loss=0.004550
  [train] epoch 9/50  train_loss=0.005079  eval_loss=0.004395
  [train] epoch 10/50  train_loss=0.004704  eval_loss=0.003980
  [train] epoch 11/50  train_loss=0.004523  eval_loss=0.003828
  [train] epoch 12/50  train_loss=0.004195  eval_loss=0.003416
  [train] epoch 13/50  train_loss=0.003925  eval_loss=0.004334
  [train] epoch 14/50  train_loss=0.003862  eval_loss=0.003755
  [train] epoch 15/50  train_loss=0.003634  eval_loss=0.003435
  [train] epoch 16/50  train_loss=0.003401  eval_loss=0.004118
  [train] epoch 17/50  train_loss=0.003316  eval_loss=0.003408
  [train] epoch 18/50  train_loss=0.003097  eval_loss=0.002780
  [train] epoch 19/50  train_loss=0.003050  eval_loss=0.002609
  [train] epoch 20/50  train_loss=0.002849  eval_loss=0.002567
  [train] epoch 21/50  train_loss=0.002779  eval_loss=0.002629
  [train] epoch 22/50  train_loss=0.002680  eval_loss=0.002550
  [train] epoch 23/50  train_loss=0.002631  eval_loss=0.003098
  [train] epoch 24/50  train_loss=0.002459  eval_loss=0.001832
  [train] epoch 25/50  train_loss=0.002420  eval_loss=0.002214
  [train] epoch 26/50  train_loss=0.002247  eval_loss=0.002855
  [train] epoch 27/50  train_loss=0.002335  eval_loss=0.002486
  [train] epoch 28/50  train_loss=0.002250  eval_loss=0.002317
  [train] epoch 29/50  train_loss=0.002063  eval_loss=0.001678
  [train] epoch 30/50  train_loss=0.002022  eval_loss=0.002820
  [train] epoch 31/50  train_loss=0.002060  eval_loss=0.002020
  [train] epoch 32/50  train_loss=0.002121  eval_loss=0.001994
  [train] epoch 33/50  train_loss=0.001824  eval_loss=0.001573
  [train] epoch 34/50  train_loss=0.001856  eval_loss=0.001534
  [train] epoch 35/50  train_loss=0.001757  eval_loss=0.002145
  [train] epoch 36/50  train_loss=0.001948  eval_loss=0.001481
  [train] epoch 37/50  train_loss=0.001711  eval_loss=0.001309
  [train] epoch 38/50  train_loss=0.001602  eval_loss=0.001570
  [train] epoch 39/50  train_loss=0.001772  eval_loss=0.002194
  [train] epoch 40/50  train_loss=0.001762  eval_loss=0.001511
  [train] epoch 41/50  train_loss=0.001502  eval_loss=0.001310
  [train] epoch 42/50  train_loss=0.001406  eval_loss=0.001402
  [train] epoch 43/50  train_loss=0.001588  eval_loss=0.002394
  [train] epoch 44/50  train_loss=0.001629  eval_loss=0.001183
  [train] epoch 45/50  train_loss=0.001274  eval_loss=0.001306
  [train] epoch 46/50  train_loss=0.001490  eval_loss=0.001029
  [train] epoch 47/50  train_loss=0.001408  eval_loss=0.001407
  [train] epoch 48/50  train_loss=0.001497  eval_loss=0.000973
  [train] epoch 49/50  train_loss=0.001325  eval_loss=0.001660
  [train] epoch 50/50  train_loss=0.001454  eval_loss=0.001497
  [best] epoch 48  eval_loss=0.000973 (selected over 50 epochs)
[train] cluster1: 226864 transitions, 50 epochs
  [train] epoch 1/50  train_loss=0.018454  eval_loss=0.004953
  [train] epoch 2/50  train_loss=0.003183  eval_loss=0.002679
  [train] epoch 3/50  train_loss=0.002813  eval_loss=0.002540
  [train] epoch 4/50  train_loss=0.002561  eval_loss=0.002394
  [train] epoch 5/50  train_loss=0.002266  eval_loss=0.002331
  [train] epoch 6/50  train_loss=0.002050  eval_loss=0.001967
  [train] epoch 7/50  train_loss=0.001884  eval_loss=0.001790
  [train] epoch 8/50  train_loss=0.001821  eval_loss=0.001538
  [train] epoch 9/50  train_loss=0.001650  eval_loss=0.001859
  [train] epoch 10/50  train_loss=0.001569  eval_loss=0.001491
  [train] epoch 11/50  train_loss=0.001511  eval_loss=0.001303
  [train] epoch 12/50  train_loss=0.001371  eval_loss=0.001611
  [train] epoch 13/50  train_loss=0.001317  eval_loss=0.001230
  [train] epoch 14/50  train_loss=0.001320  eval_loss=0.001275
  [train] epoch 15/50  train_loss=0.001315  eval_loss=0.001051
  [train] epoch 16/50  train_loss=0.001040  eval_loss=0.000977
  [train] epoch 17/50  train_loss=0.001081  eval_loss=0.001089
  [train] epoch 18/50  train_loss=0.001103  eval_loss=0.001336
  [train] epoch 19/50  train_loss=0.001044  eval_loss=0.000912
  [train] epoch 20/50  train_loss=0.001032  eval_loss=0.000959
  [train] epoch 21/50  train_loss=0.000942  eval_loss=0.000826
  [train] epoch 22/50  train_loss=0.001052  eval_loss=0.001045
  [train] epoch 23/50  train_loss=0.000914  eval_loss=0.000938
  [train] epoch 24/50  train_loss=0.000889  eval_loss=0.000839
  [train] epoch 25/50  train_loss=0.000892  eval_loss=0.000721
  [train] epoch 26/50  train_loss=0.000864  eval_loss=0.000644
  [train] epoch 27/50  train_loss=0.000804  eval_loss=0.000677
  [train] epoch 28/50  train_loss=0.000720  eval_loss=0.000661
  [train] epoch 29/50  train_loss=0.000776  eval_loss=0.000665
  [train] epoch 30/50  train_loss=0.000779  eval_loss=0.000748
  [train] epoch 31/50  train_loss=0.000783  eval_loss=0.000764
  [train] epoch 32/50  train_loss=0.000646  eval_loss=0.001110
  [train] epoch 33/50  train_loss=0.000711  eval_loss=0.000619
  [train] epoch 34/50  train_loss=0.000772  eval_loss=0.000530
  [train] epoch 35/50  train_loss=0.000670  eval_loss=0.000685
  [train] epoch 36/50  train_loss=0.000740  eval_loss=0.000679
  [train] epoch 37/50  train_loss=0.000694  eval_loss=0.000883
  [train] epoch 38/50  train_loss=0.000689  eval_loss=0.000542
  [train] epoch 39/50  train_loss=0.000634  eval_loss=0.000477
  [train] epoch 40/50  train_loss=0.000543  eval_loss=0.000514
  [train] epoch 41/50  train_loss=0.000592  eval_loss=0.000508
  [train] epoch 42/50  train_loss=0.000613  eval_loss=0.000840
  [train] epoch 43/50  train_loss=0.000652  eval_loss=0.000681
  [train] epoch 44/50  train_loss=0.000545  eval_loss=0.000486
  [train] epoch 45/50  train_loss=0.000498  eval_loss=0.000495
  [train] epoch 46/50  train_loss=0.000501  eval_loss=0.000431
  [train] epoch 47/50  train_loss=0.000482  eval_loss=0.000475
  [train] epoch 48/50  train_loss=0.000527  eval_loss=0.000410
  [train] epoch 49/50  train_loss=0.000442  eval_loss=0.000547
  [train] epoch 50/50  train_loss=0.000478  eval_loss=0.000639
  [best] epoch 48  eval_loss=0.000410 (selected over 50 epochs)
[train] cluster2: 218036 transitions, 50 epochs
  [train] epoch 1/50  train_loss=0.017828  eval_loss=0.004925
  [train] epoch 2/50  train_loss=0.003066  eval_loss=0.002718
  [train] epoch 3/50  train_loss=0.002704  eval_loss=0.002353
  [train] epoch 4/50  train_loss=0.002401  eval_loss=0.002514
  [train] epoch 5/50  train_loss=0.002199  eval_loss=0.002283
  [train] epoch 6/50  train_loss=0.002006  eval_loss=0.001881
  [train] epoch 7/50  train_loss=0.001862  eval_loss=0.001901
  [train] epoch 8/50  train_loss=0.001731  eval_loss=0.001562
  [train] epoch 9/50  train_loss=0.001645  eval_loss=0.001557
  [train] epoch 10/50  train_loss=0.001482  eval_loss=0.001340
  [train] epoch 11/50  train_loss=0.001464  eval_loss=0.001346
  [train] epoch 12/50  train_loss=0.001358  eval_loss=0.001329
  [train] epoch 13/50  train_loss=0.001240  eval_loss=0.001049
  [train] epoch 14/50  train_loss=0.001313  eval_loss=0.001240
  [train] epoch 15/50  train_loss=0.001110  eval_loss=0.001041
  [train] epoch 16/50  train_loss=0.001087  eval_loss=0.001085
  [train] epoch 17/50  train_loss=0.001090  eval_loss=0.001150
  [train] epoch 18/50  train_loss=0.001083  eval_loss=0.001133
  [train] epoch 19/50  train_loss=0.001052  eval_loss=0.000954
  [train] epoch 20/50  train_loss=0.000933  eval_loss=0.000847
  [train] epoch 21/50  train_loss=0.000904  eval_loss=0.000831
  [train] epoch 22/50  train_loss=0.000849  eval_loss=0.000931
  [train] epoch 23/50  train_loss=0.000908  eval_loss=0.000779
  [train] epoch 24/50  train_loss=0.000859  eval_loss=0.000754
  [train] epoch 25/50  train_loss=0.000854  eval_loss=0.001031
  [train] epoch 26/50  train_loss=0.000789  eval_loss=0.000641
  [train] epoch 27/50  train_loss=0.000716  eval_loss=0.000867
  [train] epoch 28/50  train_loss=0.000804  eval_loss=0.000660
  [train] epoch 29/50  train_loss=0.000651  eval_loss=0.000805
  [train] epoch 30/50  train_loss=0.000862  eval_loss=0.000881
  [train] epoch 31/50  train_loss=0.000786  eval_loss=0.000574
  [train] epoch 32/50  train_loss=0.000816  eval_loss=0.000997
  [train] epoch 33/50  train_loss=0.000616  eval_loss=0.000596
  [train] epoch 34/50  train_loss=0.000665  eval_loss=0.000724
  [train] epoch 35/50  train_loss=0.000707  eval_loss=0.000614
  [train] epoch 36/50  train_loss=0.000713  eval_loss=0.000651
  [train] epoch 37/50  train_loss=0.000651  eval_loss=0.000709
  [train] epoch 38/50  train_loss=0.000569  eval_loss=0.000530
  [train] epoch 39/50  train_loss=0.000577  eval_loss=0.000533
  [train] epoch 40/50  train_loss=0.000586  eval_loss=0.000647
  [train] epoch 41/50  train_loss=0.000584  eval_loss=0.000477
  [train] epoch 42/50  train_loss=0.000515  eval_loss=0.000490
  [train] epoch 43/50  train_loss=0.000648  eval_loss=0.000423
  [train] epoch 44/50  train_loss=0.000452  eval_loss=0.000538
  [train] epoch 45/50  train_loss=0.000513  eval_loss=0.000513
  [train] epoch 46/50  train_loss=0.000498  eval_loss=0.000997
  [train] epoch 47/50  train_loss=0.000615  eval_loss=0.000625
  [train] epoch 48/50  train_loss=0.000518  eval_loss=0.000686
  [train] epoch 49/50  train_loss=0.000457  eval_loss=0.000510
  [train] epoch 50/50  train_loss=0.000521  eval_loss=0.000422
  [best] epoch 50  eval_loss=0.000422 (selected over 50 epochs)
[done] manifest -> experiments/real_gauge_drift/results/tworoom_latent_spectral_spectral_M20000_k30_P16_seed0_trainseed0/manifest.json
real 4384.48
user 4374.60
sys 21.33
