[data] 693728 train transitions, cluster source=experiments/real_gauge_drift/results/latent_kmeanspp_multirestart_k3/labels/kmeanspp_R50_outer0.npz
  cluster0: 232240 transitions
  cluster1: 229533 transitions
  cluster2: 231955 transitions
  [embed-cache] left_room: 330243 transitions from P_train_left_room_embeddings.npz
  [embed-cache] doorway_corridor: 38552 transitions from P_train_doorway_corridor_embeddings.npz
  [embed-cache] right_room: 324933 transitions from P_train_right_room_embeddings.npz
  [embed-cache] merged 693728 train transitions from experiments/real_gauge_drift/results/tworoom_geometry_train_region_predictors
  [cache] saved merged embeddings to experiments/real_gauge_drift/results/tworoom_latent_kmeanspp_kmeanspp_R50_outer0_trainseed0/P_train_global_merged_embeddings.npz
[train] cluster0: 232240 transitions, 50 epochs
  [train] epoch 1/50  train_loss=0.020560  eval_loss=0.008813
  [train] epoch 2/50  train_loss=0.007205  eval_loss=0.006463
  [train] epoch 3/50  train_loss=0.006464  eval_loss=0.005899
  [train] epoch 4/50  train_loss=0.005902  eval_loss=0.005031
  [train] epoch 5/50  train_loss=0.005447  eval_loss=0.004792
  [train] epoch 6/50  train_loss=0.004995  eval_loss=0.004716
  [train] epoch 7/50  train_loss=0.004660  eval_loss=0.004027
  [train] epoch 8/50  train_loss=0.004435  eval_loss=0.003914
  [train] epoch 9/50  train_loss=0.004052  eval_loss=0.003453
  [train] epoch 10/50  train_loss=0.003893  eval_loss=0.003503
  [train] epoch 11/50  train_loss=0.003707  eval_loss=0.003328
  [train] epoch 12/50  train_loss=0.003523  eval_loss=0.003344
  [train] epoch 13/50  train_loss=0.003320  eval_loss=0.003178
  [train] epoch 14/50  train_loss=0.003241  eval_loss=0.003057
  [train] epoch 15/50  train_loss=0.003008  eval_loss=0.002641
  [train] epoch 16/50  train_loss=0.002927  eval_loss=0.003139
  [train] epoch 17/50  train_loss=0.002793  eval_loss=0.002755
  [train] epoch 18/50  train_loss=0.002706  eval_loss=0.002932
  [train] epoch 19/50  train_loss=0.002521  eval_loss=0.002552
  [train] epoch 20/50  train_loss=0.002498  eval_loss=0.002081
  [train] epoch 21/50  train_loss=0.002389  eval_loss=0.002616
  [train] epoch 22/50  train_loss=0.002295  eval_loss=0.002231
  [train] epoch 23/50  train_loss=0.002260  eval_loss=0.002013
  [train] epoch 24/50  train_loss=0.002178  eval_loss=0.001991
  [train] epoch 25/50  train_loss=0.002116  eval_loss=0.002173
  [train] epoch 26/50  train_loss=0.001901  eval_loss=0.002074
  [train] epoch 27/50  train_loss=0.001965  eval_loss=0.001635
  [train] epoch 28/50  train_loss=0.001951  eval_loss=0.001789
  [train] epoch 29/50  train_loss=0.001893  eval_loss=0.002310
  [train] epoch 30/50  train_loss=0.001690  eval_loss=0.002346
  [train] epoch 31/50  train_loss=0.001772  eval_loss=0.001360
  [train] epoch 32/50  train_loss=0.001830  eval_loss=0.001791
  [train] epoch 33/50  train_loss=0.001654  eval_loss=0.002123
  [train] epoch 34/50  train_loss=0.001638  eval_loss=0.001264
  [train] epoch 35/50  train_loss=0.001709  eval_loss=0.001216
  [train] epoch 36/50  train_loss=0.001580  eval_loss=0.001689
  [train] epoch 37/50  train_loss=0.001466  eval_loss=0.001036
  [train] epoch 38/50  train_loss=0.001556  eval_loss=0.001441
  [train] epoch 39/50  train_loss=0.001514  eval_loss=0.001602
  [train] epoch 40/50  train_loss=0.001380  eval_loss=0.002550
  [train] epoch 41/50  train_loss=0.001441  eval_loss=0.001403
  [train] epoch 42/50  train_loss=0.001443  eval_loss=0.001396
  [train] epoch 43/50  train_loss=0.001320  eval_loss=0.001537
  [train] epoch 44/50  train_loss=0.001380  eval_loss=0.001128
  [train] epoch 45/50  train_loss=0.001393  eval_loss=0.001069
  [train] epoch 46/50  train_loss=0.001287  eval_loss=0.001132
  [train] epoch 47/50  train_loss=0.001220  eval_loss=0.001799
  [train] epoch 48/50  train_loss=0.001408  eval_loss=0.001382
  [train] epoch 49/50  train_loss=0.001202  eval_loss=0.001128
  [train] epoch 50/50  train_loss=0.001202  eval_loss=0.000879
  [best] epoch 50  eval_loss=0.000879 (selected over 50 epochs)
[train] cluster1: 229533 transitions, 50 epochs
  [train] epoch 1/50  train_loss=0.019013  eval_loss=0.006916
  [train] epoch 2/50  train_loss=0.005540  eval_loss=0.005041
  [train] epoch 3/50  train_loss=0.005030  eval_loss=0.004594
  [train] epoch 4/50  train_loss=0.004653  eval_loss=0.004166
  [train] epoch 5/50  train_loss=0.004314  eval_loss=0.004011
  [train] epoch 6/50  train_loss=0.004035  eval_loss=0.003769
  [train] epoch 7/50  train_loss=0.003698  eval_loss=0.003710
  [train] epoch 8/50  train_loss=0.003516  eval_loss=0.003036
  [train] epoch 9/50  train_loss=0.003290  eval_loss=0.003362
  [train] epoch 10/50  train_loss=0.003137  eval_loss=0.002886
  [train] epoch 11/50  train_loss=0.002965  eval_loss=0.002654
  [train] epoch 12/50  train_loss=0.002857  eval_loss=0.002686
  [train] epoch 13/50  train_loss=0.002771  eval_loss=0.002834
  [train] epoch 14/50  train_loss=0.002574  eval_loss=0.002408
  [train] epoch 15/50  train_loss=0.002503  eval_loss=0.002364
  [train] epoch 16/50  train_loss=0.002383  eval_loss=0.002023
  [train] epoch 17/50  train_loss=0.002301  eval_loss=0.001979
  [train] epoch 18/50  train_loss=0.002232  eval_loss=0.001864
  [train] epoch 19/50  train_loss=0.002124  eval_loss=0.002358
  [train] epoch 20/50  train_loss=0.002083  eval_loss=0.001745
  [train] epoch 21/50  train_loss=0.002014  eval_loss=0.001845
  [train] epoch 22/50  train_loss=0.001894  eval_loss=0.001884
  [train] epoch 23/50  train_loss=0.001943  eval_loss=0.001769
  [train] epoch 24/50  train_loss=0.001812  eval_loss=0.001656
  [train] epoch 25/50  train_loss=0.001782  eval_loss=0.001661
  [train] epoch 26/50  train_loss=0.001737  eval_loss=0.001618
  [train] epoch 27/50  train_loss=0.001647  eval_loss=0.001441
  [train] epoch 28/50  train_loss=0.001671  eval_loss=0.001476
  [train] epoch 29/50  train_loss=0.001632  eval_loss=0.001928
  [train] epoch 30/50  train_loss=0.001592  eval_loss=0.001174
  [train] epoch 31/50  train_loss=0.001439  eval_loss=0.001195
  [train] epoch 32/50  train_loss=0.001497  eval_loss=0.001343
  [train] epoch 33/50  train_loss=0.001558  eval_loss=0.001197
  [train] epoch 34/50  train_loss=0.001490  eval_loss=0.001334
  [train] epoch 35/50  train_loss=0.001316  eval_loss=0.001934
  [train] epoch 36/50  train_loss=0.001456  eval_loss=0.001508
  [train] epoch 37/50  train_loss=0.001331  eval_loss=0.001294
  [train] epoch 38/50  train_loss=0.001304  eval_loss=0.001289
  [train] epoch 39/50  train_loss=0.001222  eval_loss=0.001240
  [train] epoch 40/50  train_loss=0.001241  eval_loss=0.001210
  [train] epoch 41/50  train_loss=0.001222  eval_loss=0.000902
  [train] epoch 42/50  train_loss=0.001306  eval_loss=0.001268
  [train] epoch 43/50  train_loss=0.001245  eval_loss=0.001303
  [train] epoch 44/50  train_loss=0.001301  eval_loss=0.001157
  [train] epoch 45/50  train_loss=0.001122  eval_loss=0.001220
  [train] epoch 46/50  train_loss=0.001152  eval_loss=0.000922
  [train] epoch 47/50  train_loss=0.001194  eval_loss=0.001510
  [train] epoch 48/50  train_loss=0.001156  eval_loss=0.001206
  [train] epoch 49/50  train_loss=0.001162  eval_loss=0.001562
  [train] epoch 50/50  train_loss=0.001053  eval_loss=0.001343
  [best] epoch 41  eval_loss=0.000902 (selected over 50 epochs)
[train] cluster2: 231955 transitions, 50 epochs
  [train] epoch 1/50  train_loss=0.019024  eval_loss=0.007196
  [train] epoch 2/50  train_loss=0.005636  eval_loss=0.004849
  [train] epoch 3/50  train_loss=0.005168  eval_loss=0.004607
  [train] epoch 4/50  train_loss=0.004678  eval_loss=0.004032
  [train] epoch 5/50  train_loss=0.004384  eval_loss=0.004247
  [train] epoch 6/50  train_loss=0.004065  eval_loss=0.003795
  [train] epoch 7/50  train_loss=0.003742  eval_loss=0.003374
  [train] epoch 8/50  train_loss=0.003499  eval_loss=0.003367
  [train] epoch 9/50  train_loss=0.003394  eval_loss=0.002895
  [train] epoch 10/50  train_loss=0.003155  eval_loss=0.002955
  [train] epoch 11/50  train_loss=0.003001  eval_loss=0.003014
  [train] epoch 12/50  train_loss=0.002890  eval_loss=0.002553
  [train] epoch 13/50  train_loss=0.002727  eval_loss=0.002627
  [train] epoch 14/50  train_loss=0.002640  eval_loss=0.002760
  [train] epoch 15/50  train_loss=0.002456  eval_loss=0.002121
  [train] epoch 16/50  train_loss=0.002347  eval_loss=0.002145
  [train] epoch 17/50  train_loss=0.002342  eval_loss=0.001987
  [train] epoch 18/50  train_loss=0.002186  eval_loss=0.001775
  [train] epoch 19/50  train_loss=0.002176  eval_loss=0.002356
  [train] epoch 20/50  train_loss=0.002068  eval_loss=0.001883
  [train] epoch 21/50  train_loss=0.002000  eval_loss=0.001769
  [train] epoch 22/50  train_loss=0.001998  eval_loss=0.001701
  [train] epoch 23/50  train_loss=0.001882  eval_loss=0.001717
  [train] epoch 24/50  train_loss=0.001794  eval_loss=0.001682
  [train] epoch 25/50  train_loss=0.001796  eval_loss=0.001435
  [train] epoch 26/50  train_loss=0.001727  eval_loss=0.001659
  [train] epoch 27/50  train_loss=0.001666  eval_loss=0.001691
  [train] epoch 28/50  train_loss=0.001644  eval_loss=0.002192
  [train] epoch 29/50  train_loss=0.001557  eval_loss=0.001460
  [train] epoch 30/50  train_loss=0.001573  eval_loss=0.001568
  [train] epoch 31/50  train_loss=0.001556  eval_loss=0.001334
  [train] epoch 32/50  train_loss=0.001465  eval_loss=0.001886
  [train] epoch 33/50  train_loss=0.001532  eval_loss=0.001502
  [train] epoch 34/50  train_loss=0.001392  eval_loss=0.001614
  [train] epoch 35/50  train_loss=0.001451  eval_loss=0.001630
  [train] epoch 36/50  train_loss=0.001393  eval_loss=0.002005
  [train] epoch 37/50  train_loss=0.001285  eval_loss=0.001231
  [train] epoch 38/50  train_loss=0.001307  eval_loss=0.001118
  [train] epoch 39/50  train_loss=0.001247  eval_loss=0.001054
  [train] epoch 40/50  train_loss=0.001318  eval_loss=0.001122
  [train] epoch 41/50  train_loss=0.001259  eval_loss=0.001781
  [train] epoch 42/50  train_loss=0.001232  eval_loss=0.001221
  [train] epoch 43/50  train_loss=0.001180  eval_loss=0.001084
  [train] epoch 44/50  train_loss=0.001243  eval_loss=0.000953
  [train] epoch 45/50  train_loss=0.001142  eval_loss=0.001009
  [train] epoch 46/50  train_loss=0.001122  eval_loss=0.001225
  [train] epoch 47/50  train_loss=0.001100  eval_loss=0.001187
  [train] epoch 48/50  train_loss=0.001179  eval_loss=0.001395
  [train] epoch 49/50  train_loss=0.001057  eval_loss=0.000937
  [train] epoch 50/50  train_loss=0.001145  eval_loss=0.001165
  [best] epoch 49  eval_loss=0.000937 (selected over 50 epochs)
[done] manifest -> experiments/real_gauge_drift/results/tworoom_latent_kmeanspp_kmeanspp_R50_outer0_trainseed0/manifest.json
real 11449.38
user 5891.54
sys 65.93
