==== GPU=0 global_ft EPOCHS=45 SEED=0 started at Wed Jul 15 05:34:12 AM UTC 2026 ====
[split] TwoRoom regions from fixed task geometry (wall_center=112, wall_width=10)
[train] global_ft: 693728 train-global transitions
  [embed-cache] left_room: 330243 transitions from P_train_left_room_embeddings.npz
  [embed-cache] doorway_corridor: 38552 transitions from P_train_doorway_corridor_embeddings.npz
  [embed-cache] right_room: 324933 transitions from P_train_right_room_embeddings.npz
  [embed-cache] merged 693728 train transitions from experiments/real_gauge_drift/results/tworoom_geometry_train_region_predictors
  [cache] saved merged embeddings to experiments/real_gauge_drift/results/tworoom_geometry_train_global_ft_45ep_trainseed0/P_train_global_ft_embeddings.npz
  [train] epoch 1/45  train_loss=0.018681  eval_loss=0.006956
  [train] epoch 2/45  train_loss=0.005813  eval_loss=0.004854
  [train] epoch 3/45  train_loss=0.004990  eval_loss=0.004341
  [train] epoch 4/45  train_loss=0.004369  eval_loss=0.003840
  [train] epoch 5/45  train_loss=0.003960  eval_loss=0.003438
  [train] epoch 6/45  train_loss=0.003567  eval_loss=0.003042
  [train] epoch 7/45  train_loss=0.003292  eval_loss=0.002835
  [train] epoch 8/45  train_loss=0.003042  eval_loss=0.002748
  [train] epoch 9/45  train_loss=0.002830  eval_loss=0.002416
  [train] epoch 10/45  train_loss=0.002646  eval_loss=0.002638
  [train] epoch 11/45  train_loss=0.002483  eval_loss=0.002411
  [train] epoch 12/45  train_loss=0.002329  eval_loss=0.002231
  [train] epoch 13/45  train_loss=0.002196  eval_loss=0.002156
  [train] epoch 14/45  train_loss=0.002094  eval_loss=0.001836
  [train] epoch 15/45  train_loss=0.001957  eval_loss=0.001666
  [train] epoch 16/45  train_loss=0.001903  eval_loss=0.001735
  [train] epoch 17/45  train_loss=0.001782  eval_loss=0.002671
  [train] epoch 18/45  train_loss=0.001761  eval_loss=0.002206
  [train] epoch 19/45  train_loss=0.001672  eval_loss=0.001657
  [train] epoch 20/45  train_loss=0.001592  eval_loss=0.001322
  [train] epoch 21/45  train_loss=0.001504  eval_loss=0.001404
  [train] epoch 22/45  train_loss=0.001537  eval_loss=0.001260
  [train] epoch 23/45  train_loss=0.001452  eval_loss=0.001178
  [train] epoch 24/45  train_loss=0.001396  eval_loss=0.001637
  [train] epoch 25/45  train_loss=0.001364  eval_loss=0.001313
  [train] epoch 26/45  train_loss=0.001297  eval_loss=0.001172
  [train] epoch 27/45  train_loss=0.001320  eval_loss=0.001091
  [train] epoch 28/45  train_loss=0.001224  eval_loss=0.001308
  [train] epoch 29/45  train_loss=0.001218  eval_loss=0.001051
  [train] epoch 30/45  train_loss=0.001177  eval_loss=0.001039
  [train] epoch 31/45  train_loss=0.001130  eval_loss=0.001058
  [train] epoch 32/45  train_loss=0.001091  eval_loss=0.000876
  [train] epoch 33/45  train_loss=0.001080  eval_loss=0.001297
  [train] epoch 34/45  train_loss=0.001020  eval_loss=0.001108
  [train] epoch 35/45  train_loss=0.001014  eval_loss=0.001069
  [train] epoch 36/45  train_loss=0.001073  eval_loss=0.000882
  [train] epoch 37/45  train_loss=0.001006  eval_loss=0.001097
  [train] epoch 38/45  train_loss=0.000993  eval_loss=0.000979
  [train] epoch 39/45  train_loss=0.000956  eval_loss=0.000982
  [train] epoch 40/45  train_loss=0.000933  eval_loss=0.000882
  [train] epoch 41/45  train_loss=0.000914  eval_loss=0.000838
  [train] epoch 42/45  train_loss=0.000910  eval_loss=0.000702
  [train] epoch 43/45  train_loss=0.000858  eval_loss=0.000618
  [train] epoch 44/45  train_loss=0.000847  eval_loss=0.000959
  [train] epoch 45/45  train_loss=0.000810  eval_loss=0.000675
  [best] epoch 43  eval_loss=0.000618 (selected over 45 epochs)
  saved experiments/real_gauge_drift/results/tworoom_geometry_train_global_ft_45ep_trainseed0/P_train_global_ft_object.ckpt  best_epoch=43  best_eval_loss=0.000618
Wrote manifest to experiments/real_gauge_drift/results/tworoom_geometry_train_global_ft_45ep_trainseed0/manifest.json
real 4092.10
user 4079.40
sys 9.49
==== GPU=0 global_ft finished at Wed Jul 15 06:42:24 AM UTC 2026 ====
