Traceback (most recent call last):
  File "/data/sicong/weitao/LAP-Latent-Space-Automatic-Partitioning-for-Efficient-Post-Training-of-World-Models/experiments/control_matrix/train_predictors.py", line 173, in <module>
    main()
  File "/data/sicong/weitao/LAP-Latent-Space-Automatic-Partitioning-for-Efficient-Post-Training-of-World-Models/experiments/control_matrix/train_predictors.py", line 116, in main
    result = method.fit(LeWMLatentCache.from_npz(cache_path), model_path)
  File "/data/sicong/weitao/LAP-Latent-Space-Automatic-Partitioning-for-Efficient-Post-Training-of-World-Models/lap/pipeline.py", line 95, in fit
    predictors = fit_regional_predictors(
  File "/data/sicong/weitao/LAP-Latent-Space-Automatic-Partitioning-for-Efficient-Post-Training-of-World-Models/lap/finetuning/regional.py", line 60, in fit_regional_predictors
    results[region_id] = trainer.fit_region(
  File "/data/sicong/weitao/LAP-Latent-Space-Automatic-Partitioning-for-Efficient-Post-Training-of-World-Models/backends/lewm/finetuning.py", line 312, in fit_region
    model, metrics = train_region_predictor(
  File "/data/sicong/weitao/LAP-Latent-Space-Automatic-Partitioning-for-Efficient-Post-Training-of-World-Models/backends/lewm/finetuning.py", line 194, in train_region_predictor
    model = copy.deepcopy(base_model).to(device)
  File "/data/sicong/weitao/LAP-Latent-Space-Automatic-Partitioning-for-Efficient-Post-Training-of-World-Models/.venv/lib/python3.10/site-packages/torch/nn/modules/module.py", line 1383, in to
    return self._apply(convert)
  File "/data/sicong/weitao/LAP-Latent-Space-Automatic-Partitioning-for-Efficient-Post-Training-of-World-Models/.venv/lib/python3.10/site-packages/torch/nn/modules/module.py", line 933, in _apply
    module._apply(fn)
  File "/data/sicong/weitao/LAP-Latent-Space-Automatic-Partitioning-for-Efficient-Post-Training-of-World-Models/.venv/lib/python3.10/site-packages/torch/nn/modules/module.py", line 933, in _apply
    module._apply(fn)
  File "/data/sicong/weitao/LAP-Latent-Space-Automatic-Partitioning-for-Efficient-Post-Training-of-World-Models/.venv/lib/python3.10/site-packages/torch/nn/modules/module.py", line 933, in _apply
    module._apply(fn)
  [Previous line repeated 1 more time]
  File "/data/sicong/weitao/LAP-Latent-Space-Automatic-Partitioning-for-Efficient-Post-Training-of-World-Models/.venv/lib/python3.10/site-packages/torch/nn/modules/module.py", line 964, in _apply
    param_applied = fn(param)
  File "/data/sicong/weitao/LAP-Latent-Space-Automatic-Partitioning-for-Efficient-Post-Training-of-World-Models/.venv/lib/python3.10/site-packages/torch/nn/modules/module.py", line 1369, in convert
    return t.to(
  File "/data/sicong/weitao/LAP-Latent-Space-Automatic-Partitioning-for-Efficient-Post-Training-of-World-Models/.venv/lib/python3.10/site-packages/torch/cuda/__init__.py", line 491, in _lazy_init
    torch._C._cuda_init()
RuntimeError: CUDA unknown error - this may be due to an incorrectly set up environment, e.g. changing env variable CUDA_VISIBLE_DEVICES after program start. Setting the available devices to be zero.
