[data] 693728 train transitions, cluster source=experiments/real_gauge_drift/results/latent_random_voronoi_k3/random_voronoi_k3_seed0, route_label_offset_steps=0
  cluster0: 202975 transitions
  cluster1: 275130 transitions
  cluster2: 215623 transitions
  [cache] loaded merged embeddings from experiments/real_gauge_drift/results/tworoom_latent_random_voronoi_k3_seed0_trainseed42/P_train_global_merged_embeddings.npz
[train] cluster0: 202975 transitions, 50 epochs
  [train] epoch 1/50  train_loss=0.019985  eval_loss=0.007614
  [train] epoch 2/50  train_loss=0.006379  eval_loss=0.005756
  [train] epoch 3/50  train_loss=0.005848  eval_loss=0.005135
  [train] epoch 4/50  train_loss=0.005392  eval_loss=0.004957
  [train] epoch 5/50  train_loss=0.005025  eval_loss=0.004490
  [train] epoch 6/50  train_loss=0.004613  eval_loss=0.004530
  [train] epoch 7/50  train_loss=0.004373  eval_loss=0.003896
  [train] epoch 8/50  train_loss=0.004059  eval_loss=0.003731
  [train] epoch 9/50  train_loss=0.003814  eval_loss=0.003672
  [train] epoch 10/50  train_loss=0.003665  eval_loss=0.003484
  [train] epoch 11/50  train_loss=0.003456  eval_loss=0.003431
  [train] epoch 12/50  train_loss=0.003288  eval_loss=0.003149
  [train] epoch 13/50  train_loss=0.003084  eval_loss=0.003175
  [train] epoch 14/50  train_loss=0.003114  eval_loss=0.002860
  [train] epoch 15/50  train_loss=0.002867  eval_loss=0.002645
  [train] epoch 16/50  train_loss=0.002808  eval_loss=0.002482
  [train] epoch 17/50  train_loss=0.002832  eval_loss=0.002303
  [train] epoch 18/50  train_loss=0.002563  eval_loss=0.002339
  [train] epoch 19/50  train_loss=0.002535  eval_loss=0.002004
  [train] epoch 20/50  train_loss=0.002397  eval_loss=0.002104
  [train] epoch 21/50  train_loss=0.002371  eval_loss=0.001916
  [train] epoch 22/50  train_loss=0.002329  eval_loss=0.002562
  [train] epoch 23/50  train_loss=0.002173  eval_loss=0.002137
  [train] epoch 24/50  train_loss=0.002064  eval_loss=0.001748
  [train] epoch 25/50  train_loss=0.002073  eval_loss=0.002579
  [train] epoch 26/50  train_loss=0.002152  eval_loss=0.002091
  [train] epoch 27/50  train_loss=0.001857  eval_loss=0.002069
  [train] epoch 28/50  train_loss=0.002007  eval_loss=0.002158
  [train] epoch 29/50  train_loss=0.001749  eval_loss=0.001688
  [train] epoch 30/50  train_loss=0.001857  eval_loss=0.001851
  [train] epoch 31/50  train_loss=0.001802  eval_loss=0.001516
  [train] epoch 32/50  train_loss=0.001870  eval_loss=0.001514
  [train] epoch 33/50  train_loss=0.001519  eval_loss=0.002087
  [train] epoch 34/50  train_loss=0.001666  eval_loss=0.002100
  [train] epoch 35/50  train_loss=0.001598  eval_loss=0.001272
  [train] epoch 36/50  train_loss=0.001534  eval_loss=0.001718
  [train] epoch 37/50  train_loss=0.001585  eval_loss=0.001448
  [train] epoch 38/50  train_loss=0.001619  eval_loss=0.001588
  [train] epoch 39/50  train_loss=0.001472  eval_loss=0.001891
  [train] epoch 40/50  train_loss=0.001615  eval_loss=0.001217
  [train] epoch 41/50  train_loss=0.001374  eval_loss=0.001610
  [train] epoch 42/50  train_loss=0.001396  eval_loss=0.001234
  [train] epoch 43/50  train_loss=0.001403  eval_loss=0.001950
  [train] epoch 44/50  train_loss=0.001356  eval_loss=0.001140
  [train] epoch 45/50  train_loss=0.001353  eval_loss=0.001225
  [train] epoch 46/50  train_loss=0.001334  eval_loss=0.001452
  [train] epoch 47/50  train_loss=0.001405  eval_loss=0.001526
  [train] epoch 48/50  train_loss=0.001228  eval_loss=0.001055
  [train] epoch 49/50  train_loss=0.001177  eval_loss=0.001743
  [train] epoch 50/50  train_loss=0.001417  eval_loss=0.001088
  [best] epoch 48  eval_loss=0.001055 (selected over 50 epochs)
[train] cluster1: 275130 transitions, 50 epochs
  [train] epoch 1/50  train_loss=0.019834  eval_loss=0.007805
  [train] epoch 2/50  train_loss=0.006315  eval_loss=0.005897
  [train] epoch 3/50  train_loss=0.005698  eval_loss=0.005154
  [train] epoch 4/50  train_loss=0.005222  eval_loss=0.004614
  [train] epoch 5/50  train_loss=0.004768  eval_loss=0.004342
  [train] epoch 6/50  train_loss=0.004470  eval_loss=0.003925
  [train] epoch 7/50  train_loss=0.004156  eval_loss=0.003936
  [train] epoch 8/50  train_loss=0.003898  eval_loss=0.004062
  [train] epoch 9/50  train_loss=0.003647  eval_loss=0.003226
  [train] epoch 10/50  train_loss=0.003536  eval_loss=0.003058
  [train] epoch 11/50  train_loss=0.003239  eval_loss=0.003090
  [train] epoch 12/50  train_loss=0.003157  eval_loss=0.003179
  [train] epoch 13/50  train_loss=0.003008  eval_loss=0.002740
  [train] epoch 14/50  train_loss=0.002814  eval_loss=0.002410
  [train] epoch 15/50  train_loss=0.002789  eval_loss=0.002491
  [train] epoch 16/50  train_loss=0.002620  eval_loss=0.002251
  [train] epoch 17/50  train_loss=0.002553  eval_loss=0.002989
  [train] epoch 18/50  train_loss=0.002384  eval_loss=0.002347
  [train] epoch 19/50  train_loss=0.002278  eval_loss=0.002079
  [train] epoch 20/50  train_loss=0.002300  eval_loss=0.002518
  [train] epoch 21/50  train_loss=0.002244  eval_loss=0.001942
  [train] epoch 22/50  train_loss=0.002050  eval_loss=0.001994
  [train] epoch 23/50  train_loss=0.002063  eval_loss=0.001737
  [train] epoch 24/50  train_loss=0.002056  eval_loss=0.001640
  [train] epoch 25/50  train_loss=0.001839  eval_loss=0.001629
  [train] epoch 26/50  train_loss=0.001932  eval_loss=0.001710
  [train] epoch 27/50  train_loss=0.001819  eval_loss=0.002471
  [train] epoch 28/50  train_loss=0.001799  eval_loss=0.001553
  [train] epoch 29/50  train_loss=0.001679  eval_loss=0.001607
  [train] epoch 30/50  train_loss=0.001645  eval_loss=0.001990
  [train] epoch 31/50  train_loss=0.001673  eval_loss=0.002352
  [train] epoch 32/50  train_loss=0.001640  eval_loss=0.001385
  [train] epoch 33/50  train_loss=0.001604  eval_loss=0.001543
  [train] epoch 34/50  train_loss=0.001455  eval_loss=0.001500
  [train] epoch 35/50  train_loss=0.001566  eval_loss=0.001653
  [train] epoch 36/50  train_loss=0.001532  eval_loss=0.001130
  [train] epoch 37/50  train_loss=0.001432  eval_loss=0.001125
  [train] epoch 38/50  train_loss=0.001309  eval_loss=0.001330
  [train] epoch 39/50  train_loss=0.001320  eval_loss=0.001684
  [train] epoch 40/50  train_loss=0.001505  eval_loss=0.001164
  [train] epoch 41/50  train_loss=0.001315  eval_loss=0.001433
  [train] epoch 42/50  train_loss=0.001299  eval_loss=0.001174
  [train] epoch 43/50  train_loss=0.001225  eval_loss=0.001050
  [train] epoch 44/50  train_loss=0.001289  eval_loss=0.001519
  [train] epoch 45/50  train_loss=0.001219  eval_loss=0.001280
  [train] epoch 46/50  train_loss=0.001161  eval_loss=0.000855
  [train] epoch 47/50  train_loss=0.001137  eval_loss=0.001581
  [train] epoch 48/50  train_loss=0.001222  eval_loss=0.001009
  [train] epoch 49/50  train_loss=0.001189  eval_loss=0.001259
  [train] epoch 50/50  train_loss=0.001150  eval_loss=0.001371
  [best] epoch 46  eval_loss=0.000855 (selected over 50 epochs)
[train] cluster2: 215623 transitions, 50 epochs
  [train] epoch 1/50  train_loss=0.019003  eval_loss=0.007342
  [train] epoch 2/50  train_loss=0.005933  eval_loss=0.005197
  [train] epoch 3/50  train_loss=0.005435  eval_loss=0.004954
  [train] epoch 4/50  train_loss=0.005025  eval_loss=0.004699
  [train] epoch 5/50  train_loss=0.004612  eval_loss=0.004070
  [train] epoch 6/50  train_loss=0.004305  eval_loss=0.003735
  [train] epoch 7/50  train_loss=0.003960  eval_loss=0.003765
  [train] epoch 8/50  train_loss=0.003733  eval_loss=0.003481
  [train] epoch 9/50  train_loss=0.003576  eval_loss=0.003309
  [train] epoch 10/50  train_loss=0.003433  eval_loss=0.003109
  [train] epoch 11/50  train_loss=0.003179  eval_loss=0.003283
  [train] epoch 12/50  train_loss=0.003105  eval_loss=0.002850
  [train] epoch 13/50  train_loss=0.002905  eval_loss=0.002611
  [train] epoch 14/50  train_loss=0.002743  eval_loss=0.002524
  [train] epoch 15/50  train_loss=0.002706  eval_loss=0.002800
  [train] epoch 16/50  train_loss=0.002649  eval_loss=0.002393
  [train] epoch 17/50  train_loss=0.002400  eval_loss=0.002436
  [train] epoch 18/50  train_loss=0.002387  eval_loss=0.002231
  [train] epoch 19/50  train_loss=0.002345  eval_loss=0.002189
  [train] epoch 20/50  train_loss=0.002251  eval_loss=0.002219
  [train] epoch 21/50  train_loss=0.002131  eval_loss=0.001995
  [train] epoch 22/50  train_loss=0.002007  eval_loss=0.001947
  [train] epoch 23/50  train_loss=0.002013  eval_loss=0.002090
  [train] epoch 24/50  train_loss=0.002042  eval_loss=0.002488
  [train] epoch 25/50  train_loss=0.001952  eval_loss=0.002687
  [train] epoch 26/50  train_loss=0.001893  eval_loss=0.001962
  [train] epoch 27/50  train_loss=0.001717  eval_loss=0.002597
  [train] epoch 28/50  train_loss=0.001802  eval_loss=0.001669
  [train] epoch 29/50  train_loss=0.001721  eval_loss=0.001935
  [train] epoch 30/50  train_loss=0.001692  eval_loss=0.001950
  [train] epoch 31/50  train_loss=0.001651  eval_loss=0.001776
  [train] epoch 32/50  train_loss=0.001615  eval_loss=0.001844
  [train] epoch 33/50  train_loss=0.001568  eval_loss=0.001527
  [train] epoch 34/50  train_loss=0.001548  eval_loss=0.001446
  [train] epoch 35/50  train_loss=0.001460  eval_loss=0.001555
  [train] epoch 36/50  train_loss=0.001573  eval_loss=0.001453
  [train] epoch 37/50  train_loss=0.001404  eval_loss=0.001273
  [train] epoch 38/50  train_loss=0.001284  eval_loss=0.001405
  [train] epoch 39/50  train_loss=0.001437  eval_loss=0.001250
  [train] epoch 40/50  train_loss=0.001251  eval_loss=0.001020
  [train] epoch 41/50  train_loss=0.001461  eval_loss=0.001764
  [train] epoch 42/50  train_loss=0.001278  eval_loss=0.000940
  [train] epoch 43/50  train_loss=0.001308  eval_loss=0.001088
  [train] epoch 44/50  train_loss=0.001254  eval_loss=0.001718
  [train] epoch 45/50  train_loss=0.001266  eval_loss=0.001146
  [train] epoch 46/50  train_loss=0.001230  eval_loss=0.001077
  [train] epoch 47/50  train_loss=0.001210  eval_loss=0.001235
  [train] epoch 48/50  train_loss=0.001148  eval_loss=0.000878
  [train] epoch 49/50  train_loss=0.001094  eval_loss=0.001188
  [train] epoch 50/50  train_loss=0.001181  eval_loss=0.001132
  [best] epoch 48  eval_loss=0.000878 (selected over 50 epochs)
[done] manifest -> experiments/real_gauge_drift/results/tworoom_latent_random_voronoi_k3_seed0_trainseed42/manifest.json
real 4833.35
user 4735.94
sys 78.52
