{
  "model_family": "subjepa",
  "implementation_backend": "jepa_object",
  "task_name": "tworoom",
  "dataset_name": "tworoom",
  "dataset": "/data/sicong/weitao/datasets/lewm/tworoom.h5",
  "checkpoint": "/data/sicong/weitao/.stable_worldmodel/tworoom/subjepa_object.ckpt",
  "eval_config_name": "tworoom",
  "eval_config": null,
  "eval_dataset_name": "tworoom",
  "work_root": "experiments/tworoom/subjepa/matrix",
  "cache_dir": "/data/sicong/weitao/.stable_worldmodel/subjepa/tworoom",
  "paired_start_root": null,
  "paired_start_root_short": null,
  "paired_start_root_long": null,
  "phase": "train_regions",
  "frameskip": 5,
  "history_size": 3,
  "num_preds": 1,
  "img_size": 224,
  "short_goal_offset": 25,
  "long_goal_offset": 50,
  "eval_budget": 50,
  "num_eval": 50,
  "max_train_starts": 0,
  "dry_run": false,
  "task_spec_path": "/data/sicong/weitao/LAP-Latent-Space-Automatic-Partitioning-for-Efficient-Post-Training-of-World-Models/configs/experiments/tasks/tworoom.json",
  "train_seeds": "0",
  "partition_seeds": "2",
  "eval_seeds": "0,1,2,3,4",
  "methods": "kmeanspp",
  "skip_joint": true,
  "python": "/data/sicong/weitao/LAP-Latent-Space-Automatic-Partitioning-for-Efficient-Post-Training-of-World-Models/.venv/bin/python",
  "cpu_threads": 4,
  "gpu_id": "",
  "sources": {
    "model_family": "cli",
    "dataset_name": "task_spec",
    "task_name": "task_spec",
    "eval_config_name": "cli",
    "eval_dataset_name": "task_spec",
    "work_root": "cli",
    "cache_dir": "cli",
    "phase": "cli",
    "skip_joint": "env",
    "frameskip": "task_spec",
    "short_goal_offset": "task_spec",
    "long_goal_offset": "task_spec",
    "eval_budget": "task_spec",
    "train_seeds": "cli",
    "partition_seeds": "cli",
    "eval_seeds": "default",
    "methods": "cli",
    "python": "cli",
    "cpu_threads": "cli",
    "gpu_id": "default"
  }
}
[jepa-matrix] model_family=subjepa phase=train_regions work_root=experiments/tworoom/subjepa/matrix
[jepa-matrix] resolved_config=experiments/tworoom/subjepa/matrix/manifests/resolved_config.json
  [train] epoch 1/50  train_loss=0.007472  eval_loss=0.003127
  [train] epoch 2/50  train_loss=0.002300  eval_loss=0.002381
  [train] epoch 3/50  train_loss=0.002159  eval_loss=0.002072
  [train] epoch 4/50  train_loss=0.002038  eval_loss=0.001958
  [train] epoch 5/50  train_loss=0.001911  eval_loss=0.001830
  [train] epoch 6/50  train_loss=0.001811  eval_loss=0.001686
  [train] epoch 7/50  train_loss=0.001708  eval_loss=0.001639
  [train] epoch 8/50  train_loss=0.001635  eval_loss=0.001485
  [train] epoch 9/50  train_loss=0.001544  eval_loss=0.001379
  [train] epoch 10/50  train_loss=0.001477  eval_loss=0.001352
  [train] epoch 11/50  train_loss=0.001419  eval_loss=0.001300
  [train] epoch 12/50  train_loss=0.001333  eval_loss=0.001238
  [train] epoch 13/50  train_loss=0.001318  eval_loss=0.001177
  [train] epoch 14/50  train_loss=0.001247  eval_loss=0.001118
  [train] epoch 15/50  train_loss=0.001185  eval_loss=0.001226
  [train] epoch 16/50  train_loss=0.001141  eval_loss=0.001069
  [train] epoch 17/50  train_loss=0.001102  eval_loss=0.001063
  [train] epoch 18/50  train_loss=0.001072  eval_loss=0.000922
  [train] epoch 19/50  train_loss=0.001029  eval_loss=0.000930
  [train] epoch 20/50  train_loss=0.000955  eval_loss=0.000982
  [train] epoch 21/50  train_loss=0.000952  eval_loss=0.000944
  [train] epoch 22/50  train_loss=0.000921  eval_loss=0.000901
  [train] epoch 23/50  train_loss=0.000891  eval_loss=0.000743
  [train] epoch 24/50  train_loss=0.000853  eval_loss=0.000811
  [train] epoch 25/50  train_loss=0.000827  eval_loss=0.000776
  [train] epoch 26/50  train_loss=0.000802  eval_loss=0.000730
  [train] epoch 27/50  train_loss=0.000756  eval_loss=0.000839
  [train] epoch 28/50  train_loss=0.000764  eval_loss=0.000664
  [train] epoch 29/50  train_loss=0.000742  eval_loss=0.000644
  [train] epoch 30/50  train_loss=0.000681  eval_loss=0.000727
  [train] epoch 31/50  train_loss=0.000702  eval_loss=0.000618
  [train] epoch 32/50  train_loss=0.000677  eval_loss=0.000632
  [train] epoch 33/50  train_loss=0.000633  eval_loss=0.000599
  [train] epoch 34/50  train_loss=0.000658  eval_loss=0.000573
  [train] epoch 35/50  train_loss=0.000643  eval_loss=0.000547
  [train] epoch 36/50  train_loss=0.000542  eval_loss=0.000582
  [train] epoch 37/50  train_loss=0.000629  eval_loss=0.000504
  [train] epoch 38/50  train_loss=0.000573  eval_loss=0.000591
  [train] epoch 39/50  train_loss=0.000569  eval_loss=0.000480
  [train] epoch 40/50  train_loss=0.000536  eval_loss=0.000500
  [train] epoch 41/50  train_loss=0.000521  eval_loss=0.000471
  [train] epoch 42/50  train_loss=0.000534  eval_loss=0.000615
  [train] epoch 43/50  train_loss=0.000513  eval_loss=0.000388
  [train] epoch 44/50  train_loss=0.000467  eval_loss=0.000440
  [train] epoch 45/50  train_loss=0.000539  eval_loss=0.000445
  [train] epoch 46/50  train_loss=0.000466  eval_loss=0.000397
  [train] epoch 47/50  train_loss=0.000475  eval_loss=0.000405
  [train] epoch 48/50  train_loss=0.000455  eval_loss=0.000448
  [train] epoch 49/50  train_loss=0.000459  eval_loss=0.000387
  [train] epoch 50/50  train_loss=0.000427  eval_loss=0.000432
  [best] epoch 49  eval_loss=0.000387 (selected over 50 epochs)
  [train] epoch 1/50  train_loss=0.006442  eval_loss=0.001516
  [train] epoch 2/50  train_loss=0.000983  eval_loss=0.000924
  [train] epoch 3/50  train_loss=0.000893  eval_loss=0.000841
  [train] epoch 4/50  train_loss=0.000839  eval_loss=0.000763
  [train] epoch 5/50  train_loss=0.000782  eval_loss=0.000743
  [train] epoch 6/50  train_loss=0.000743  eval_loss=0.000703
  [train] epoch 7/50  train_loss=0.000701  eval_loss=0.000742
  [train] epoch 8/50  train_loss=0.000661  eval_loss=0.000655
  [train] epoch 9/50  train_loss=0.000624  eval_loss=0.000569
  [train] epoch 10/50  train_loss=0.000598  eval_loss=0.000592
  [train] epoch 11/50  train_loss=0.000566  eval_loss=0.000509
  [train] epoch 12/50  train_loss=0.000538  eval_loss=0.000491
  [train] epoch 13/50  train_loss=0.000513  eval_loss=0.000524
  [train] epoch 14/50  train_loss=0.000491  eval_loss=0.000453
  [train] epoch 15/50  train_loss=0.000485  eval_loss=0.000413
  [train] epoch 16/50  train_loss=0.000444  eval_loss=0.000425
  [train] epoch 17/50  train_loss=0.000456  eval_loss=0.000443
  [train] epoch 18/50  train_loss=0.000423  eval_loss=0.000453
  [train] epoch 19/50  train_loss=0.000399  eval_loss=0.000397
  [train] epoch 20/50  train_loss=0.000401  eval_loss=0.000383
  [train] epoch 21/50  train_loss=0.000367  eval_loss=0.000349
  [train] epoch 22/50  train_loss=0.000364  eval_loss=0.000396
  [train] epoch 23/50  train_loss=0.000363  eval_loss=0.000316
  [train] epoch 24/50  train_loss=0.000341  eval_loss=0.000328
  [train] epoch 25/50  train_loss=0.000331  eval_loss=0.000382
  [train] epoch 26/50  train_loss=0.000323  eval_loss=0.000318
  [train] epoch 27/50  train_loss=0.000324  eval_loss=0.000306
  [train] epoch 28/50  train_loss=0.000294  eval_loss=0.000339
  [train] epoch 29/50  train_loss=0.000290  eval_loss=0.000273
  [train] epoch 30/50  train_loss=0.000294  eval_loss=0.000281
  [train] epoch 31/50  train_loss=0.000290  eval_loss=0.000299
  [train] epoch 32/50  train_loss=0.000278  eval_loss=0.000259
  [train] epoch 33/50  train_loss=0.000242  eval_loss=0.000223
  [train] epoch 34/50  train_loss=0.000263  eval_loss=0.000232
  [train] epoch 35/50  train_loss=0.000249  eval_loss=0.000417
  [train] epoch 36/50  train_loss=0.000268  eval_loss=0.000234
  [train] epoch 37/50  train_loss=0.000237  eval_loss=0.000223
  [train] epoch 38/50  train_loss=0.000244  eval_loss=0.000213
  [train] epoch 39/50  train_loss=0.000234  eval_loss=0.000229
  [train] epoch 40/50  train_loss=0.000236  eval_loss=0.000272
  [train] epoch 41/50  train_loss=0.000212  eval_loss=0.000210
  [train] epoch 42/50  train_loss=0.000227  eval_loss=0.000225
  [train] epoch 43/50  train_loss=0.000208  eval_loss=0.000205
  [train] epoch 44/50  train_loss=0.000217  eval_loss=0.000200
  [train] epoch 45/50  train_loss=0.000204  eval_loss=0.000228
  [train] epoch 46/50  train_loss=0.000194  eval_loss=0.000177
  [train] epoch 47/50  train_loss=0.000182  eval_loss=0.000163
  [train] epoch 48/50  train_loss=0.000176  eval_loss=0.000175
  [train] epoch 49/50  train_loss=0.000174  eval_loss=0.000162
  [train] epoch 50/50  train_loss=0.000172  eval_loss=0.000174
  [best] epoch 49  eval_loss=0.000162 (selected over 50 epochs)
  [train] epoch 1/50  train_loss=0.007550  eval_loss=0.003233
  [train] epoch 2/50  train_loss=0.002378  eval_loss=0.002263
  [train] epoch 3/50  train_loss=0.002222  eval_loss=0.002112
  [train] epoch 4/50  train_loss=0.002076  eval_loss=0.002009
  [train] epoch 5/50  train_loss=0.001927  eval_loss=0.001842
  [train] epoch 6/50  train_loss=0.001809  eval_loss=0.001623
  [train] epoch 7/50  train_loss=0.001707  eval_loss=0.001659
  [train] epoch 8/50  train_loss=0.001635  eval_loss=0.001486
  [train] epoch 9/50  train_loss=0.001544  eval_loss=0.001461
  [train] epoch 10/50  train_loss=0.001474  eval_loss=0.001322
  [train] epoch 11/50  train_loss=0.001408  eval_loss=0.001336
  [train] epoch 12/50  train_loss=0.001320  eval_loss=0.001150
  [train] epoch 13/50  train_loss=0.001270  eval_loss=0.001233
  [train] epoch 14/50  train_loss=0.001204  eval_loss=0.001007
  [train] epoch 15/50  train_loss=0.001162  eval_loss=0.001012
  [train] epoch 16/50  train_loss=0.001100  eval_loss=0.000981
  [train] epoch 17/50  train_loss=0.001072  eval_loss=0.000952
  [train] epoch 18/50  train_loss=0.001015  eval_loss=0.000920
  [train] epoch 19/50  train_loss=0.000980  eval_loss=0.000971
  [train] epoch 20/50  train_loss=0.000937  eval_loss=0.000793
  [train] epoch 21/50  train_loss=0.000915  eval_loss=0.001038
  [train] epoch 22/50  train_loss=0.000881  eval_loss=0.000849
  [train] epoch 23/50  train_loss=0.000858  eval_loss=0.000793
  [train] epoch 24/50  train_loss=0.000806  eval_loss=0.000900
  [train] epoch 25/50  train_loss=0.000795  eval_loss=0.000735
  [train] epoch 26/50  train_loss=0.000767  eval_loss=0.000928
  [train] epoch 27/50  train_loss=0.000750  eval_loss=0.000597
  [train] epoch 28/50  train_loss=0.000703  eval_loss=0.000556
  [train] epoch 29/50  train_loss=0.000710  eval_loss=0.000692
  [train] epoch 30/50  train_loss=0.000678  eval_loss=0.000664
  [train] epoch 31/50  train_loss=0.000647  eval_loss=0.000643
  [train] epoch 32/50  train_loss=0.000656  eval_loss=0.000619
  [train] epoch 33/50  train_loss=0.000613  eval_loss=0.000595
  [train] epoch 34/50  train_loss=0.000632  eval_loss=0.000540
  [train] epoch 35/50  train_loss=0.000592  eval_loss=0.000573
  [train] epoch 36/50  train_loss=0.000581  eval_loss=0.000499
  [train] epoch 37/50  train_loss=0.000548  eval_loss=0.000440
  [train] epoch 38/50  train_loss=0.000538  eval_loss=0.000531
  [train] epoch 39/50  train_loss=0.000521  eval_loss=0.000510
  [train] epoch 40/50  train_loss=0.000555  eval_loss=0.000520
  [train] epoch 41/50  train_loss=0.000496  eval_loss=0.000422
  [train] epoch 42/50  train_loss=0.000529  eval_loss=0.000447
  [train] epoch 43/50  train_loss=0.000471  eval_loss=0.000499
  [train] epoch 44/50  train_loss=0.000480  eval_loss=0.000631
  [train] epoch 45/50  train_loss=0.000456  eval_loss=0.000459
  [train] epoch 46/50  train_loss=0.000465  eval_loss=0.000350
  [train] epoch 47/50  train_loss=0.000427  eval_loss=0.000405
  [train] epoch 48/50  train_loss=0.000457  eval_loss=0.000518
  [train] epoch 49/50  train_loss=0.000417  eval_loss=0.000404
  [train] epoch 50/50  train_loss=0.000397  eval_loss=0.000534
  [best] epoch 46  eval_loss=0.000350 (selected over 50 epochs)
[done] dataset=tworoom train_seed=0 regions=3 -> experiments/tworoom/subjepa/matrix/training/kmeanspp/partition2_train0
