{
  "model_family": "subjepa",
  "implementation_backend": "jepa_object",
  "task_name": "tworoom",
  "dataset_name": "tworoom",
  "dataset": "/data/sicong/weitao/datasets/lewm/tworoom.h5",
  "checkpoint": "/data/sicong/weitao/.stable_worldmodel/tworoom/subjepa_object.ckpt",
  "eval_config_name": "tworoom",
  "eval_config": null,
  "eval_dataset_name": "tworoom",
  "work_root": "experiments/tworoom/subjepa/matrix",
  "cache_dir": "/data/sicong/weitao/.stable_worldmodel/subjepa/tworoom",
  "paired_start_root": null,
  "paired_start_root_short": null,
  "paired_start_root_long": null,
  "phase": "train_regions",
  "frameskip": 5,
  "history_size": 3,
  "num_preds": 1,
  "img_size": 224,
  "short_goal_offset": 25,
  "long_goal_offset": 50,
  "eval_budget": 50,
  "num_eval": 50,
  "max_train_starts": 0,
  "dry_run": false,
  "task_spec_path": "/data/sicong/weitao/LAP-Latent-Space-Automatic-Partitioning-for-Efficient-Post-Training-of-World-Models/configs/experiments/tasks/tworoom.json",
  "train_seeds": "42",
  "partition_seeds": "2",
  "eval_seeds": "0,1,2,3,4",
  "methods": "kmeanspp",
  "skip_joint": true,
  "python": "/data/sicong/weitao/LAP-Latent-Space-Automatic-Partitioning-for-Efficient-Post-Training-of-World-Models/.venv/bin/python",
  "cpu_threads": 4,
  "gpu_id": "",
  "sources": {
    "model_family": "cli",
    "dataset_name": "task_spec",
    "task_name": "task_spec",
    "eval_config_name": "cli",
    "eval_dataset_name": "task_spec",
    "work_root": "cli",
    "cache_dir": "cli",
    "phase": "cli",
    "skip_joint": "env",
    "frameskip": "task_spec",
    "short_goal_offset": "task_spec",
    "long_goal_offset": "task_spec",
    "eval_budget": "task_spec",
    "train_seeds": "cli",
    "partition_seeds": "cli",
    "eval_seeds": "default",
    "methods": "cli",
    "python": "cli",
    "cpu_threads": "cli",
    "gpu_id": "default"
  }
}
[jepa-matrix] model_family=subjepa phase=train_regions work_root=experiments/tworoom/subjepa/matrix
[jepa-matrix] resolved_config=experiments/tworoom/subjepa/matrix/manifests/resolved_config.json
  [train] epoch 1/50  train_loss=0.007521  eval_loss=0.002968
  [train] epoch 2/50  train_loss=0.002310  eval_loss=0.002225
  [train] epoch 3/50  train_loss=0.002161  eval_loss=0.002032
  [train] epoch 4/50  train_loss=0.002025  eval_loss=0.001832
  [train] epoch 5/50  train_loss=0.001915  eval_loss=0.001973
  [train] epoch 6/50  train_loss=0.001804  eval_loss=0.001700
  [train] epoch 7/50  train_loss=0.001697  eval_loss=0.001562
  [train] epoch 8/50  train_loss=0.001600  eval_loss=0.001434
  [train] epoch 9/50  train_loss=0.001552  eval_loss=0.001315
  [train] epoch 10/50  train_loss=0.001487  eval_loss=0.001315
  [train] epoch 11/50  train_loss=0.001393  eval_loss=0.001262
  [train] epoch 12/50  train_loss=0.001355  eval_loss=0.001307
  [train] epoch 13/50  train_loss=0.001286  eval_loss=0.001214
  [train] epoch 14/50  train_loss=0.001249  eval_loss=0.001197
  [train] epoch 15/50  train_loss=0.001179  eval_loss=0.001298
  [train] epoch 16/50  train_loss=0.001148  eval_loss=0.001086
  [train] epoch 17/50  train_loss=0.001089  eval_loss=0.000933
  [train] epoch 18/50  train_loss=0.001062  eval_loss=0.001053
  [train] epoch 19/50  train_loss=0.001019  eval_loss=0.001017
  [train] epoch 20/50  train_loss=0.000980  eval_loss=0.000888
  [train] epoch 21/50  train_loss=0.000946  eval_loss=0.000838
  [train] epoch 22/50  train_loss=0.000908  eval_loss=0.000825
  [train] epoch 23/50  train_loss=0.000872  eval_loss=0.000820
  [train] epoch 24/50  train_loss=0.000847  eval_loss=0.000755
  [train] epoch 25/50  train_loss=0.000831  eval_loss=0.000779
  [train] epoch 26/50  train_loss=0.000793  eval_loss=0.000738
  [train] epoch 27/50  train_loss=0.000759  eval_loss=0.000731
  [train] epoch 28/50  train_loss=0.000752  eval_loss=0.000649
  [train] epoch 29/50  train_loss=0.000737  eval_loss=0.000670
  [train] epoch 30/50  train_loss=0.000724  eval_loss=0.000617
  [train] epoch 31/50  train_loss=0.000693  eval_loss=0.000620
  [train] epoch 32/50  train_loss=0.000651  eval_loss=0.000555
  [train] epoch 33/50  train_loss=0.000656  eval_loss=0.000650
  [train] epoch 34/50  train_loss=0.000629  eval_loss=0.000706
  [train] epoch 35/50  train_loss=0.000593  eval_loss=0.000516
  [train] epoch 36/50  train_loss=0.000597  eval_loss=0.000574
  [train] epoch 37/50  train_loss=0.000582  eval_loss=0.000500
  [train] epoch 38/50  train_loss=0.000590  eval_loss=0.000436
  [train] epoch 39/50  train_loss=0.000549  eval_loss=0.000536
  [train] epoch 40/50  train_loss=0.000562  eval_loss=0.000468
  [train] epoch 41/50  train_loss=0.000536  eval_loss=0.000609
  [train] epoch 42/50  train_loss=0.000503  eval_loss=0.000450
  [train] epoch 43/50  train_loss=0.000517  eval_loss=0.000518
  [train] epoch 44/50  train_loss=0.000487  eval_loss=0.000437
  [train] epoch 45/50  train_loss=0.000490  eval_loss=0.000457
  [train] epoch 46/50  train_loss=0.000490  eval_loss=0.000635
  [train] epoch 47/50  train_loss=0.000446  eval_loss=0.000367
  [train] epoch 48/50  train_loss=0.000476  eval_loss=0.000425
  [train] epoch 49/50  train_loss=0.000448  eval_loss=0.000458
  [train] epoch 50/50  train_loss=0.000472  eval_loss=0.000444
  [best] epoch 47  eval_loss=0.000367 (selected over 50 epochs)
  [train] epoch 1/50  train_loss=0.006428  eval_loss=0.001457
  [train] epoch 2/50  train_loss=0.000971  eval_loss=0.000967
  [train] epoch 3/50  train_loss=0.000893  eval_loss=0.000856
  [train] epoch 4/50  train_loss=0.000840  eval_loss=0.000808
  [train] epoch 5/50  train_loss=0.000789  eval_loss=0.000784
  [train] epoch 6/50  train_loss=0.000735  eval_loss=0.000719
  [train] epoch 7/50  train_loss=0.000705  eval_loss=0.000676
  [train] epoch 8/50  train_loss=0.000668  eval_loss=0.000639
  [train] epoch 9/50  train_loss=0.000628  eval_loss=0.000639
  [train] epoch 10/50  train_loss=0.000594  eval_loss=0.000537
  [train] epoch 11/50  train_loss=0.000571  eval_loss=0.000555
  [train] epoch 12/50  train_loss=0.000533  eval_loss=0.000488
  [train] epoch 13/50  train_loss=0.000517  eval_loss=0.000492
  [train] epoch 14/50  train_loss=0.000494  eval_loss=0.000489
  [train] epoch 15/50  train_loss=0.000479  eval_loss=0.000467
  [train] epoch 16/50  train_loss=0.000457  eval_loss=0.000463
  [train] epoch 17/50  train_loss=0.000434  eval_loss=0.000407
  [train] epoch 18/50  train_loss=0.000420  eval_loss=0.000378
  [train] epoch 19/50  train_loss=0.000395  eval_loss=0.000342
  [train] epoch 20/50  train_loss=0.000398  eval_loss=0.000400
  [train] epoch 21/50  train_loss=0.000381  eval_loss=0.000406
  [train] epoch 22/50  train_loss=0.000364  eval_loss=0.000429
  [train] epoch 23/50  train_loss=0.000344  eval_loss=0.000302
  [train] epoch 24/50  train_loss=0.000341  eval_loss=0.000331
  [train] epoch 25/50  train_loss=0.000316  eval_loss=0.000452
  [train] epoch 26/50  train_loss=0.000340  eval_loss=0.000285
  [train] epoch 27/50  train_loss=0.000313  eval_loss=0.000306
  [train] epoch 28/50  train_loss=0.000286  eval_loss=0.000290
  [train] epoch 29/50  train_loss=0.000301  eval_loss=0.000291
  [train] epoch 30/50  train_loss=0.000287  eval_loss=0.000261
  [train] epoch 31/50  train_loss=0.000287  eval_loss=0.000304
  [train] epoch 32/50  train_loss=0.000284  eval_loss=0.000322
  [train] epoch 33/50  train_loss=0.000267  eval_loss=0.000236
  [train] epoch 34/50  train_loss=0.000240  eval_loss=0.000226
  [train] epoch 35/50  train_loss=0.000268  eval_loss=0.000283
  [train] epoch 36/50  train_loss=0.000271  eval_loss=0.000285
  [train] epoch 37/50  train_loss=0.000227  eval_loss=0.000228
  [train] epoch 38/50  train_loss=0.000259  eval_loss=0.000242
  [train] epoch 39/50  train_loss=0.000251  eval_loss=0.000210
  [train] epoch 40/50  train_loss=0.000204  eval_loss=0.000195
  [train] epoch 41/50  train_loss=0.000229  eval_loss=0.000205
  [train] epoch 42/50  train_loss=0.000221  eval_loss=0.000197
  [train] epoch 43/50  train_loss=0.000197  eval_loss=0.000205
  [train] epoch 44/50  train_loss=0.000214  eval_loss=0.000194
  [train] epoch 45/50  train_loss=0.000210  eval_loss=0.000184
  [train] epoch 46/50  train_loss=0.000177  eval_loss=0.000167
  [train] epoch 47/50  train_loss=0.000179  eval_loss=0.000173
  [train] epoch 48/50  train_loss=0.000193  eval_loss=0.000191
  [train] epoch 49/50  train_loss=0.000188  eval_loss=0.000212
  [train] epoch 50/50  train_loss=0.000200  eval_loss=0.000179
  [best] epoch 46  eval_loss=0.000167 (selected over 50 epochs)
  [train] epoch 1/50  train_loss=0.007615  eval_loss=0.002805
  [train] epoch 2/50  train_loss=0.002361  eval_loss=0.002238
  [train] epoch 3/50  train_loss=0.002210  eval_loss=0.001973
  [train] epoch 4/50  train_loss=0.002078  eval_loss=0.001956
  [train] epoch 5/50  train_loss=0.001940  eval_loss=0.001914
  [train] epoch 6/50  train_loss=0.001826  eval_loss=0.001666
  [train] epoch 7/50  train_loss=0.001725  eval_loss=0.001588
  [train] epoch 8/50  train_loss=0.001623  eval_loss=0.001503
  [train] epoch 9/50  train_loss=0.001545  eval_loss=0.001366
  [train] epoch 10/50  train_loss=0.001476  eval_loss=0.001430
  [train] epoch 11/50  train_loss=0.001392  eval_loss=0.001256
  [train] epoch 12/50  train_loss=0.001327  eval_loss=0.001194
  [train] epoch 13/50  train_loss=0.001283  eval_loss=0.001198
  [train] epoch 14/50  train_loss=0.001202  eval_loss=0.001148
  [train] epoch 15/50  train_loss=0.001143  eval_loss=0.001106
  [train] epoch 16/50  train_loss=0.001105  eval_loss=0.001031
  [train] epoch 17/50  train_loss=0.001070  eval_loss=0.001021
  [train] epoch 18/50  train_loss=0.001010  eval_loss=0.000993
  [train] epoch 19/50  train_loss=0.000981  eval_loss=0.000971
  [train] epoch 20/50  train_loss=0.000946  eval_loss=0.000890
  [train] epoch 21/50  train_loss=0.000900  eval_loss=0.000794
  [train] epoch 22/50  train_loss=0.000865  eval_loss=0.000704
  [train] epoch 23/50  train_loss=0.000852  eval_loss=0.000760
  [train] epoch 24/50  train_loss=0.000795  eval_loss=0.000750
  [train] epoch 25/50  train_loss=0.000781  eval_loss=0.000713
  [train] epoch 26/50  train_loss=0.000767  eval_loss=0.000704
  [train] epoch 27/50  train_loss=0.000750  eval_loss=0.000736
  [train] epoch 28/50  train_loss=0.000680  eval_loss=0.000718
  [train] epoch 29/50  train_loss=0.000721  eval_loss=0.000701
  [train] epoch 30/50  train_loss=0.000676  eval_loss=0.000648
  [train] epoch 31/50  train_loss=0.000671  eval_loss=0.000688
  [train] epoch 32/50  train_loss=0.000631  eval_loss=0.000775
  [train] epoch 33/50  train_loss=0.000619  eval_loss=0.000593
  [train] epoch 34/50  train_loss=0.000601  eval_loss=0.000643
  [train] epoch 35/50  train_loss=0.000577  eval_loss=0.000673
  [train] epoch 36/50  train_loss=0.000604  eval_loss=0.000553
  [train] epoch 37/50  train_loss=0.000552  eval_loss=0.000557
  [train] epoch 38/50  train_loss=0.000566  eval_loss=0.000483
  [train] epoch 39/50  train_loss=0.000492  eval_loss=0.000490
  [train] epoch 40/50  train_loss=0.000516  eval_loss=0.000598
  [train] epoch 41/50  train_loss=0.000543  eval_loss=0.000494
  [train] epoch 42/50  train_loss=0.000480  eval_loss=0.000505
  [train] epoch 43/50  train_loss=0.000508  eval_loss=0.000382
  [train] epoch 44/50  train_loss=0.000476  eval_loss=0.000395
  [train] epoch 45/50  train_loss=0.000443  eval_loss=0.000399
  [train] epoch 46/50  train_loss=0.000467  eval_loss=0.000467
  [train] epoch 47/50  train_loss=0.000492  eval_loss=0.000447
  [train] epoch 48/50  train_loss=0.000397  eval_loss=0.000360
  [train] epoch 49/50  train_loss=0.000426  eval_loss=0.000413
  [train] epoch 50/50  train_loss=0.000427  eval_loss=0.000530
  [best] epoch 48  eval_loss=0.000360 (selected over 50 epochs)
[done] dataset=tworoom train_seed=42 regions=3 -> experiments/tworoom/subjepa/matrix/training/kmeanspp/partition2_train42
