{
  "model_family": "subjepa",
  "implementation_backend": "jepa_object",
  "task_name": "tworoom",
  "dataset_name": "tworoom",
  "dataset": "/data/sicong/weitao/datasets/lewm/tworoom.h5",
  "checkpoint": "/data/sicong/weitao/.stable_worldmodel/tworoom/subjepa_object.ckpt",
  "eval_config_name": "tworoom",
  "eval_config": null,
  "eval_dataset_name": "tworoom",
  "work_root": "experiments/tworoom/subjepa/matrix",
  "cache_dir": "/data/sicong/weitao/.stable_worldmodel/subjepa/tworoom",
  "paired_start_root": null,
  "paired_start_root_short": null,
  "paired_start_root_long": null,
  "phase": "train_regions",
  "frameskip": 5,
  "history_size": 3,
  "num_preds": 1,
  "img_size": 224,
  "short_goal_offset": 25,
  "long_goal_offset": 50,
  "eval_budget": 50,
  "num_eval": 50,
  "max_train_starts": 0,
  "dry_run": false,
  "task_spec_path": "/data/sicong/weitao/LAP-Latent-Space-Automatic-Partitioning-for-Efficient-Post-Training-of-World-Models/configs/experiments/tasks/tworoom.json",
  "train_seeds": "42",
  "partition_seeds": "1",
  "eval_seeds": "0,1,2,3,4",
  "methods": "spectral",
  "skip_joint": true,
  "python": "/data/sicong/weitao/LAP-Latent-Space-Automatic-Partitioning-for-Efficient-Post-Training-of-World-Models/.venv/bin/python",
  "cpu_threads": 4,
  "gpu_id": "",
  "sources": {
    "model_family": "cli",
    "dataset_name": "task_spec",
    "task_name": "task_spec",
    "eval_config_name": "cli",
    "eval_dataset_name": "task_spec",
    "work_root": "cli",
    "cache_dir": "cli",
    "phase": "cli",
    "skip_joint": "env",
    "frameskip": "task_spec",
    "short_goal_offset": "task_spec",
    "long_goal_offset": "task_spec",
    "eval_budget": "task_spec",
    "train_seeds": "cli",
    "partition_seeds": "cli",
    "eval_seeds": "default",
    "methods": "cli",
    "python": "cli",
    "cpu_threads": "cli",
    "gpu_id": "default"
  }
}
[jepa-matrix] model_family=subjepa phase=train_regions work_root=experiments/tworoom/subjepa/matrix
[jepa-matrix] resolved_config=experiments/tworoom/subjepa/matrix/manifests/resolved_config.json
  [train] epoch 1/50  train_loss=0.006776  eval_loss=0.001498
  [train] epoch 2/50  train_loss=0.000906  eval_loss=0.000801
  [train] epoch 3/50  train_loss=0.000807  eval_loss=0.000777
  [train] epoch 4/50  train_loss=0.000749  eval_loss=0.000684
  [train] epoch 5/50  train_loss=0.000700  eval_loss=0.000676
  [train] epoch 6/50  train_loss=0.000658  eval_loss=0.000685
  [train] epoch 7/50  train_loss=0.000611  eval_loss=0.000538
  [train] epoch 8/50  train_loss=0.000589  eval_loss=0.000515
  [train] epoch 9/50  train_loss=0.000552  eval_loss=0.000492
  [train] epoch 10/50  train_loss=0.000524  eval_loss=0.000487
  [train] epoch 11/50  train_loss=0.000492  eval_loss=0.000537
  [train] epoch 12/50  train_loss=0.000483  eval_loss=0.000457
  [train] epoch 13/50  train_loss=0.000460  eval_loss=0.000421
  [train] epoch 14/50  train_loss=0.000425  eval_loss=0.000365
  [train] epoch 15/50  train_loss=0.000441  eval_loss=0.000428
  [train] epoch 16/50  train_loss=0.000419  eval_loss=0.000408
  [train] epoch 17/50  train_loss=0.000371  eval_loss=0.000343
  [train] epoch 18/50  train_loss=0.000372  eval_loss=0.000361
  [train] epoch 19/50  train_loss=0.000372  eval_loss=0.000292
  [train] epoch 20/50  train_loss=0.000353  eval_loss=0.000330
  [train] epoch 21/50  train_loss=0.000346  eval_loss=0.000312
  [train] epoch 22/50  train_loss=0.000312  eval_loss=0.000283
  [train] epoch 23/50  train_loss=0.000321  eval_loss=0.000267
  [train] epoch 24/50  train_loss=0.000297  eval_loss=0.000358
  [train] epoch 25/50  train_loss=0.000289  eval_loss=0.000245
  [train] epoch 26/50  train_loss=0.000280  eval_loss=0.000286
  [train] epoch 27/50  train_loss=0.000271  eval_loss=0.000252
  [train] epoch 28/50  train_loss=0.000266  eval_loss=0.000286
  [train] epoch 29/50  train_loss=0.000279  eval_loss=0.000234
  [train] epoch 30/50  train_loss=0.000271  eval_loss=0.000243
  [train] epoch 31/50  train_loss=0.000245  eval_loss=0.000258
  [train] epoch 32/50  train_loss=0.000241  eval_loss=0.000271
  [train] epoch 33/50  train_loss=0.000245  eval_loss=0.000218
  [train] epoch 34/50  train_loss=0.000223  eval_loss=0.000215
  [train] epoch 35/50  train_loss=0.000202  eval_loss=0.000233
  [train] epoch 36/50  train_loss=0.000230  eval_loss=0.000221
  [train] epoch 37/50  train_loss=0.000216  eval_loss=0.000249
  [train] epoch 38/50  train_loss=0.000237  eval_loss=0.000238
  [train] epoch 39/50  train_loss=0.000202  eval_loss=0.000171
  [train] epoch 40/50  train_loss=0.000187  eval_loss=0.000173
  [train] epoch 41/50  train_loss=0.000200  eval_loss=0.000224
  [train] epoch 42/50  train_loss=0.000168  eval_loss=0.000155
  [train] epoch 43/50  train_loss=0.000222  eval_loss=0.000151
  [train] epoch 44/50  train_loss=0.000181  eval_loss=0.000171
  [train] epoch 45/50  train_loss=0.000170  eval_loss=0.000158
  [train] epoch 46/50  train_loss=0.000187  eval_loss=0.000302
  [train] epoch 47/50  train_loss=0.000184  eval_loss=0.000141
  [train] epoch 48/50  train_loss=0.000169  eval_loss=0.000147
  [train] epoch 49/50  train_loss=0.000144  eval_loss=0.000133
  [train] epoch 50/50  train_loss=0.000149  eval_loss=0.000150
  [best] epoch 49  eval_loss=0.000133 (selected over 50 epochs)
  [train] epoch 1/50  train_loss=0.007055  eval_loss=0.001996
  [train] epoch 2/50  train_loss=0.001010  eval_loss=0.000928
  [train] epoch 3/50  train_loss=0.000922  eval_loss=0.000899
  [train] epoch 4/50  train_loss=0.000847  eval_loss=0.000777
  [train] epoch 5/50  train_loss=0.000796  eval_loss=0.000775
  [train] epoch 6/50  train_loss=0.000740  eval_loss=0.000744
  [train] epoch 7/50  train_loss=0.000695  eval_loss=0.000602
  [train] epoch 8/50  train_loss=0.000656  eval_loss=0.000621
  [train] epoch 9/50  train_loss=0.000621  eval_loss=0.000579
  [train] epoch 10/50  train_loss=0.000598  eval_loss=0.000556
  [train] epoch 11/50  train_loss=0.000569  eval_loss=0.000580
  [train] epoch 12/50  train_loss=0.000550  eval_loss=0.000542
  [train] epoch 13/50  train_loss=0.000525  eval_loss=0.000451
  [train] epoch 14/50  train_loss=0.000495  eval_loss=0.000436
  [train] epoch 15/50  train_loss=0.000481  eval_loss=0.000497
  [train] epoch 16/50  train_loss=0.000457  eval_loss=0.000390
  [train] epoch 17/50  train_loss=0.000431  eval_loss=0.000391
  [train] epoch 18/50  train_loss=0.000424  eval_loss=0.000407
  [train] epoch 19/50  train_loss=0.000392  eval_loss=0.000370
  [train] epoch 20/50  train_loss=0.000392  eval_loss=0.000359
  [train] epoch 21/50  train_loss=0.000371  eval_loss=0.000372
  [train] epoch 22/50  train_loss=0.000368  eval_loss=0.000331
  [train] epoch 23/50  train_loss=0.000344  eval_loss=0.000351
  [train] epoch 24/50  train_loss=0.000348  eval_loss=0.000284
  [train] epoch 25/50  train_loss=0.000329  eval_loss=0.000330
  [train] epoch 26/50  train_loss=0.000329  eval_loss=0.000277
  [train] epoch 27/50  train_loss=0.000313  eval_loss=0.000326
  [train] epoch 28/50  train_loss=0.000293  eval_loss=0.000304
  [train] epoch 29/50  train_loss=0.000299  eval_loss=0.000283
  [train] epoch 30/50  train_loss=0.000295  eval_loss=0.000249
  [train] epoch 31/50  train_loss=0.000258  eval_loss=0.000234
  [train] epoch 32/50  train_loss=0.000255  eval_loss=0.000222
  [train] epoch 33/50  train_loss=0.000259  eval_loss=0.000285
  [train] epoch 34/50  train_loss=0.000275  eval_loss=0.000330
  [train] epoch 35/50  train_loss=0.000250  eval_loss=0.000221
  [train] epoch 36/50  train_loss=0.000252  eval_loss=0.000214
  [train] epoch 37/50  train_loss=0.000218  eval_loss=0.000232
  [train] epoch 38/50  train_loss=0.000211  eval_loss=0.000221
  [train] epoch 39/50  train_loss=0.000214  eval_loss=0.000176
  [train] epoch 40/50  train_loss=0.000246  eval_loss=0.000321
  [train] epoch 41/50  train_loss=0.000240  eval_loss=0.000287
  [train] epoch 42/50  train_loss=0.000211  eval_loss=0.000220
  [train] epoch 43/50  train_loss=0.000191  eval_loss=0.000167
  [train] epoch 44/50  train_loss=0.000183  eval_loss=0.000257
  [train] epoch 45/50  train_loss=0.000207  eval_loss=0.000263
  [train] epoch 46/50  train_loss=0.000217  eval_loss=0.000197
  [train] epoch 47/50  train_loss=0.000167  eval_loss=0.000183
  [train] epoch 48/50  train_loss=0.000179  eval_loss=0.000286
  [train] epoch 49/50  train_loss=0.000216  eval_loss=0.000180
  [train] epoch 50/50  train_loss=0.000158  eval_loss=0.000156
  [best] epoch 50  eval_loss=0.000156 (selected over 50 epochs)
  [train] epoch 1/50  train_loss=0.008228  eval_loss=0.003853
  [train] epoch 2/50  train_loss=0.003467  eval_loss=0.003367
  [train] epoch 3/50  train_loss=0.003199  eval_loss=0.002959
  [train] epoch 4/50  train_loss=0.002948  eval_loss=0.002765
  [train] epoch 5/50  train_loss=0.002739  eval_loss=0.002509
  [train] epoch 6/50  train_loss=0.002534  eval_loss=0.002326
  [train] epoch 7/50  train_loss=0.002390  eval_loss=0.002182
  [train] epoch 8/50  train_loss=0.002248  eval_loss=0.001995
  [train] epoch 9/50  train_loss=0.002103  eval_loss=0.001801
  [train] epoch 10/50  train_loss=0.001969  eval_loss=0.001835
  [train] epoch 11/50  train_loss=0.001871  eval_loss=0.001551
  [train] epoch 12/50  train_loss=0.001778  eval_loss=0.001654
  [train] epoch 13/50  train_loss=0.001696  eval_loss=0.001754
  [train] epoch 14/50  train_loss=0.001598  eval_loss=0.001371
  [train] epoch 15/50  train_loss=0.001534  eval_loss=0.001373
  [train] epoch 16/50  train_loss=0.001469  eval_loss=0.001339
  [train] epoch 17/50  train_loss=0.001402  eval_loss=0.001165
  [train] epoch 18/50  train_loss=0.001331  eval_loss=0.001221
  [train] epoch 19/50  train_loss=0.001285  eval_loss=0.001026
  [train] epoch 20/50  train_loss=0.001242  eval_loss=0.001131
  [train] epoch 21/50  train_loss=0.001145  eval_loss=0.000948
  [train] epoch 22/50  train_loss=0.001128  eval_loss=0.001067
  [train] epoch 23/50  train_loss=0.001086  eval_loss=0.000977
  [train] epoch 24/50  train_loss=0.001042  eval_loss=0.000981
  [train] epoch 25/50  train_loss=0.001043  eval_loss=0.000916
  [train] epoch 26/50  train_loss=0.000956  eval_loss=0.000989
  [train] epoch 27/50  train_loss=0.000951  eval_loss=0.000937
  [train] epoch 28/50  train_loss=0.000898  eval_loss=0.000813
  [train] epoch 29/50  train_loss=0.000905  eval_loss=0.001056
  [train] epoch 30/50  train_loss=0.000859  eval_loss=0.000808
  [train] epoch 31/50  train_loss=0.000817  eval_loss=0.000813
  [train] epoch 32/50  train_loss=0.000805  eval_loss=0.000797
  [train] epoch 33/50  train_loss=0.000763  eval_loss=0.000675
  [train] epoch 34/50  train_loss=0.000772  eval_loss=0.000833
  [train] epoch 35/50  train_loss=0.000717  eval_loss=0.000564
  [train] epoch 36/50  train_loss=0.000702  eval_loss=0.000560
  [train] epoch 37/50  train_loss=0.000670  eval_loss=0.000696
  [train] epoch 38/50  train_loss=0.000696  eval_loss=0.000622
  [train] epoch 39/50  train_loss=0.000689  eval_loss=0.000704
  [train] epoch 40/50  train_loss=0.000629  eval_loss=0.000670
  [train] epoch 41/50  train_loss=0.000607  eval_loss=0.000644
  [train] epoch 42/50  train_loss=0.000652  eval_loss=0.000697
  [train] epoch 43/50  train_loss=0.000602  eval_loss=0.000607
  [train] epoch 44/50  train_loss=0.000559  eval_loss=0.000437
  [train] epoch 45/50  train_loss=0.000582  eval_loss=0.000649
  [train] epoch 46/50  train_loss=0.000570  eval_loss=0.000673
  [train] epoch 47/50  train_loss=0.000538  eval_loss=0.000399
  [train] epoch 48/50  train_loss=0.000520  eval_loss=0.000573
  [train] epoch 49/50  train_loss=0.000530  eval_loss=0.000412
  [train] epoch 50/50  train_loss=0.000509  eval_loss=0.000446
  [best] epoch 47  eval_loss=0.000399 (selected over 50 epochs)
[done] dataset=tworoom train_seed=42 regions=3 -> experiments/tworoom/subjepa/matrix/training/spectral/partition1_train42
