{
  "model_family": "subjepa",
  "implementation_backend": "jepa_object",
  "task_name": "tworoom",
  "dataset_name": "tworoom",
  "dataset": "/data/sicong/weitao/datasets/lewm/tworoom.h5",
  "checkpoint": "/data/sicong/weitao/.stable_worldmodel/tworoom/subjepa_object.ckpt",
  "eval_config_name": "tworoom",
  "eval_config": null,
  "eval_dataset_name": "tworoom",
  "work_root": "experiments/tworoom/subjepa/matrix",
  "cache_dir": "/data/sicong/weitao/.stable_worldmodel/subjepa/tworoom",
  "paired_start_root": null,
  "paired_start_root_short": null,
  "paired_start_root_long": null,
  "phase": "train_regions",
  "frameskip": 5,
  "history_size": 3,
  "num_preds": 1,
  "img_size": 224,
  "short_goal_offset": 25,
  "long_goal_offset": 50,
  "eval_budget": 50,
  "num_eval": 50,
  "max_train_starts": 0,
  "dry_run": false,
  "task_spec_path": "/data/sicong/weitao/LAP-Latent-Space-Automatic-Partitioning-for-Efficient-Post-Training-of-World-Models/configs/experiments/tasks/tworoom.json",
  "train_seeds": "625",
  "partition_seeds": "0",
  "eval_seeds": "0,1,2,3,4",
  "methods": "spectral",
  "skip_joint": true,
  "python": "/data/sicong/weitao/LAP-Latent-Space-Automatic-Partitioning-for-Efficient-Post-Training-of-World-Models/.venv/bin/python",
  "cpu_threads": 4,
  "gpu_id": "",
  "sources": {
    "model_family": "cli",
    "dataset_name": "task_spec",
    "task_name": "task_spec",
    "eval_config_name": "cli",
    "eval_dataset_name": "task_spec",
    "work_root": "cli",
    "cache_dir": "cli",
    "phase": "cli",
    "skip_joint": "env",
    "frameskip": "task_spec",
    "short_goal_offset": "task_spec",
    "long_goal_offset": "task_spec",
    "eval_budget": "task_spec",
    "train_seeds": "cli",
    "partition_seeds": "cli",
    "eval_seeds": "default",
    "methods": "cli",
    "python": "cli",
    "cpu_threads": "cli",
    "gpu_id": "default"
  }
}
[jepa-matrix] model_family=subjepa phase=train_regions work_root=experiments/tworoom/subjepa/matrix
[jepa-matrix] resolved_config=experiments/tworoom/subjepa/matrix/manifests/resolved_config.json
  [train] epoch 1/50  train_loss=0.006992  eval_loss=0.001796
  [train] epoch 2/50  train_loss=0.001005  eval_loss=0.000967
  [train] epoch 3/50  train_loss=0.000912  eval_loss=0.000807
  [train] epoch 4/50  train_loss=0.000855  eval_loss=0.000772
  [train] epoch 5/50  train_loss=0.000790  eval_loss=0.000870
  [train] epoch 6/50  train_loss=0.000745  eval_loss=0.000697
  [train] epoch 7/50  train_loss=0.000692  eval_loss=0.000641
  [train] epoch 8/50  train_loss=0.000658  eval_loss=0.000638
  [train] epoch 9/50  train_loss=0.000633  eval_loss=0.000597
  [train] epoch 10/50  train_loss=0.000597  eval_loss=0.000594
  [train] epoch 11/50  train_loss=0.000570  eval_loss=0.000528
  [train] epoch 12/50  train_loss=0.000554  eval_loss=0.000519
  [train] epoch 13/50  train_loss=0.000532  eval_loss=0.000493
  [train] epoch 14/50  train_loss=0.000504  eval_loss=0.000514
  [train] epoch 15/50  train_loss=0.000470  eval_loss=0.000425
  [train] epoch 16/50  train_loss=0.000462  eval_loss=0.000373
  [train] epoch 17/50  train_loss=0.000439  eval_loss=0.000489
  [train] epoch 18/50  train_loss=0.000425  eval_loss=0.000401
  [train] epoch 19/50  train_loss=0.000404  eval_loss=0.000381
  [train] epoch 20/50  train_loss=0.000391  eval_loss=0.000362
  [train] epoch 21/50  train_loss=0.000365  eval_loss=0.000360
  [train] epoch 22/50  train_loss=0.000389  eval_loss=0.000330
  [train] epoch 23/50  train_loss=0.000358  eval_loss=0.000360
  [train] epoch 24/50  train_loss=0.000333  eval_loss=0.000311
  [train] epoch 25/50  train_loss=0.000331  eval_loss=0.000271
  [train] epoch 26/50  train_loss=0.000332  eval_loss=0.000305
  [train] epoch 27/50  train_loss=0.000311  eval_loss=0.000291
  [train] epoch 28/50  train_loss=0.000296  eval_loss=0.000261
  [train] epoch 29/50  train_loss=0.000286  eval_loss=0.000298
  [train] epoch 30/50  train_loss=0.000274  eval_loss=0.000343
  [train] epoch 31/50  train_loss=0.000287  eval_loss=0.000279
  [train] epoch 32/50  train_loss=0.000266  eval_loss=0.000264
  [train] epoch 33/50  train_loss=0.000260  eval_loss=0.000245
  [train] epoch 34/50  train_loss=0.000257  eval_loss=0.000295
  [train] epoch 35/50  train_loss=0.000249  eval_loss=0.000215
  [train] epoch 36/50  train_loss=0.000231  eval_loss=0.000202
  [train] epoch 37/50  train_loss=0.000247  eval_loss=0.000203
  [train] epoch 38/50  train_loss=0.000215  eval_loss=0.000223
  [train] epoch 39/50  train_loss=0.000211  eval_loss=0.000206
  [train] epoch 40/50  train_loss=0.000217  eval_loss=0.000232
  [train] epoch 41/50  train_loss=0.000214  eval_loss=0.000245
  [train] epoch 42/50  train_loss=0.000200  eval_loss=0.000186
  [train] epoch 43/50  train_loss=0.000218  eval_loss=0.000244
  [train] epoch 44/50  train_loss=0.000200  eval_loss=0.000314
  [train] epoch 45/50  train_loss=0.000209  eval_loss=0.000173
  [train] epoch 46/50  train_loss=0.000189  eval_loss=0.000160
  [train] epoch 47/50  train_loss=0.000192  eval_loss=0.000331
  [train] epoch 48/50  train_loss=0.000189  eval_loss=0.000158
  [train] epoch 49/50  train_loss=0.000172  eval_loss=0.000230
  [train] epoch 50/50  train_loss=0.000195  eval_loss=0.000183
  [best] epoch 48  eval_loss=0.000158 (selected over 50 epochs)
  [train] epoch 1/50  train_loss=0.006854  eval_loss=0.001525
  [train] epoch 2/50  train_loss=0.000908  eval_loss=0.000817
  [train] epoch 3/50  train_loss=0.000812  eval_loss=0.000812
  [train] epoch 4/50  train_loss=0.000753  eval_loss=0.000711
  [train] epoch 5/50  train_loss=0.000699  eval_loss=0.000666
  [train] epoch 6/50  train_loss=0.000658  eval_loss=0.000621
  [train] epoch 7/50  train_loss=0.000626  eval_loss=0.000573
  [train] epoch 8/50  train_loss=0.000582  eval_loss=0.000539
  [train] epoch 9/50  train_loss=0.000554  eval_loss=0.000467
  [train] epoch 10/50  train_loss=0.000521  eval_loss=0.000492
  [train] epoch 11/50  train_loss=0.000512  eval_loss=0.000465
  [train] epoch 12/50  train_loss=0.000474  eval_loss=0.000451
  [train] epoch 13/50  train_loss=0.000457  eval_loss=0.000438
  [train] epoch 14/50  train_loss=0.000441  eval_loss=0.000448
  [train] epoch 15/50  train_loss=0.000418  eval_loss=0.000390
  [train] epoch 16/50  train_loss=0.000407  eval_loss=0.000379
  [train] epoch 17/50  train_loss=0.000386  eval_loss=0.000376
  [train] epoch 18/50  train_loss=0.000372  eval_loss=0.000311
  [train] epoch 19/50  train_loss=0.000364  eval_loss=0.000355
  [train] epoch 20/50  train_loss=0.000348  eval_loss=0.000287
  [train] epoch 21/50  train_loss=0.000341  eval_loss=0.000319
  [train] epoch 22/50  train_loss=0.000348  eval_loss=0.000326
  [train] epoch 23/50  train_loss=0.000308  eval_loss=0.000302
  [train] epoch 24/50  train_loss=0.000312  eval_loss=0.000363
  [train] epoch 25/50  train_loss=0.000303  eval_loss=0.000280
  [train] epoch 26/50  train_loss=0.000288  eval_loss=0.000282
  [train] epoch 27/50  train_loss=0.000300  eval_loss=0.000288
  [train] epoch 28/50  train_loss=0.000269  eval_loss=0.000266
  [train] epoch 29/50  train_loss=0.000262  eval_loss=0.000247
  [train] epoch 30/50  train_loss=0.000264  eval_loss=0.000276
  [train] epoch 31/50  train_loss=0.000256  eval_loss=0.000242
  [train] epoch 32/50  train_loss=0.000229  eval_loss=0.000225
  [train] epoch 33/50  train_loss=0.000228  eval_loss=0.000185
  [train] epoch 34/50  train_loss=0.000208  eval_loss=0.000178
  [train] epoch 35/50  train_loss=0.000237  eval_loss=0.000224
  [train] epoch 36/50  train_loss=0.000232  eval_loss=0.000226
  [train] epoch 37/50  train_loss=0.000217  eval_loss=0.000182
  [train] epoch 38/50  train_loss=0.000207  eval_loss=0.000177
  [train] epoch 39/50  train_loss=0.000203  eval_loss=0.000169
  [train] epoch 40/50  train_loss=0.000202  eval_loss=0.000200
  [train] epoch 41/50  train_loss=0.000200  eval_loss=0.000207
  [train] epoch 42/50  train_loss=0.000182  eval_loss=0.000190
  [train] epoch 43/50  train_loss=0.000199  eval_loss=0.000266
  [train] epoch 44/50  train_loss=0.000193  eval_loss=0.000175
  [train] epoch 45/50  train_loss=0.000164  eval_loss=0.000183
  [train] epoch 46/50  train_loss=0.000204  eval_loss=0.000194
  [train] epoch 47/50  train_loss=0.000167  eval_loss=0.000151
  [train] epoch 48/50  train_loss=0.000146  eval_loss=0.000149
  [train] epoch 49/50  train_loss=0.000172  eval_loss=0.000137
  [train] epoch 50/50  train_loss=0.000162  eval_loss=0.000136
  [best] epoch 50  eval_loss=0.000136 (selected over 50 epochs)
  [train] epoch 1/50  train_loss=0.008146  eval_loss=0.004016
  [train] epoch 2/50  train_loss=0.003443  eval_loss=0.003214
  [train] epoch 3/50  train_loss=0.003190  eval_loss=0.002871
  [train] epoch 4/50  train_loss=0.002929  eval_loss=0.002670
  [train] epoch 5/50  train_loss=0.002729  eval_loss=0.002469
  [train] epoch 6/50  train_loss=0.002515  eval_loss=0.002324
  [train] epoch 7/50  train_loss=0.002374  eval_loss=0.002143
  [train] epoch 8/50  train_loss=0.002203  eval_loss=0.002041
  [train] epoch 9/50  train_loss=0.002095  eval_loss=0.001850
  [train] epoch 10/50  train_loss=0.001966  eval_loss=0.001814
  [train] epoch 11/50  train_loss=0.001869  eval_loss=0.001760
  [train] epoch 12/50  train_loss=0.001762  eval_loss=0.001772
  [train] epoch 13/50  train_loss=0.001689  eval_loss=0.001624
  [train] epoch 14/50  train_loss=0.001598  eval_loss=0.001395
  [train] epoch 15/50  train_loss=0.001537  eval_loss=0.001476
  [train] epoch 16/50  train_loss=0.001457  eval_loss=0.001468
  [train] epoch 17/50  train_loss=0.001397  eval_loss=0.001293
  [train] epoch 18/50  train_loss=0.001345  eval_loss=0.001385
  [train] epoch 19/50  train_loss=0.001256  eval_loss=0.001302
  [train] epoch 20/50  train_loss=0.001238  eval_loss=0.001313
  [train] epoch 21/50  train_loss=0.001170  eval_loss=0.001292
  [train] epoch 22/50  train_loss=0.001130  eval_loss=0.001182
  [train] epoch 23/50  train_loss=0.001103  eval_loss=0.001153
  [train] epoch 24/50  train_loss=0.001053  eval_loss=0.000999
  [train] epoch 25/50  train_loss=0.001004  eval_loss=0.000953
  [train] epoch 26/50  train_loss=0.000997  eval_loss=0.001039
  [train] epoch 27/50  train_loss=0.000935  eval_loss=0.000764
  [train] epoch 28/50  train_loss=0.000914  eval_loss=0.000852
  [train] epoch 29/50  train_loss=0.000865  eval_loss=0.000867
  [train] epoch 30/50  train_loss=0.000863  eval_loss=0.000851
  [train] epoch 31/50  train_loss=0.000818  eval_loss=0.000700
  [train] epoch 32/50  train_loss=0.000780  eval_loss=0.000719
  [train] epoch 33/50  train_loss=0.000800  eval_loss=0.000723
  [train] epoch 34/50  train_loss=0.000745  eval_loss=0.000630
  [train] epoch 35/50  train_loss=0.000755  eval_loss=0.000629
  [train] epoch 36/50  train_loss=0.000696  eval_loss=0.000741
  [train] epoch 37/50  train_loss=0.000670  eval_loss=0.000598
  [train] epoch 38/50  train_loss=0.000688  eval_loss=0.000799
  [train] epoch 39/50  train_loss=0.000656  eval_loss=0.000615
  [train] epoch 40/50  train_loss=0.000624  eval_loss=0.000542
  [train] epoch 41/50  train_loss=0.000634  eval_loss=0.000604
  [train] epoch 42/50  train_loss=0.000583  eval_loss=0.000528
  [train] epoch 43/50  train_loss=0.000611  eval_loss=0.000521
  [train] epoch 44/50  train_loss=0.000621  eval_loss=0.000505
  [train] epoch 45/50  train_loss=0.000551  eval_loss=0.000618
  [train] epoch 46/50  train_loss=0.000580  eval_loss=0.000431
  [train] epoch 47/50  train_loss=0.000496  eval_loss=0.000447
  [train] epoch 48/50  train_loss=0.000484  eval_loss=0.000540
  [train] epoch 49/50  train_loss=0.000575  eval_loss=0.000467
  [train] epoch 50/50  train_loss=0.000506  eval_loss=0.000362
  [best] epoch 50  eval_loss=0.000362 (selected over 50 epochs)
[done] dataset=tworoom train_seed=625 regions=3 -> experiments/tworoom/subjepa/matrix/training/spectral/partition0_train625
