{
  "model_family": "subjepa",
  "implementation_backend": "jepa_object",
  "task_name": "tworoom",
  "dataset_name": "tworoom",
  "dataset": "/data/sicong/weitao/datasets/lewm/tworoom.h5",
  "checkpoint": "/data/sicong/weitao/.stable_worldmodel/tworoom/subjepa_object.ckpt",
  "eval_config_name": "tworoom",
  "eval_config": null,
  "eval_dataset_name": "tworoom",
  "work_root": "experiments/tworoom/subjepa/matrix",
  "cache_dir": "/data/sicong/weitao/.stable_worldmodel/subjepa/tworoom",
  "paired_start_root": null,
  "paired_start_root_short": null,
  "paired_start_root_long": null,
  "phase": "train_regions",
  "frameskip": 5,
  "history_size": 3,
  "num_preds": 1,
  "img_size": 224,
  "short_goal_offset": 25,
  "long_goal_offset": 50,
  "eval_budget": 50,
  "num_eval": 50,
  "max_train_starts": 0,
  "dry_run": false,
  "task_spec_path": "/data/sicong/weitao/LAP-Latent-Space-Automatic-Partitioning-for-Efficient-Post-Training-of-World-Models/configs/experiments/tasks/tworoom.json",
  "train_seeds": "42",
  "partition_seeds": "2",
  "eval_seeds": "0,1,2,3,4",
  "methods": "spectral",
  "skip_joint": true,
  "python": "/data/sicong/weitao/LAP-Latent-Space-Automatic-Partitioning-for-Efficient-Post-Training-of-World-Models/.venv/bin/python",
  "cpu_threads": 4,
  "gpu_id": "",
  "sources": {
    "model_family": "cli",
    "dataset_name": "task_spec",
    "task_name": "task_spec",
    "eval_config_name": "cli",
    "eval_dataset_name": "task_spec",
    "work_root": "cli",
    "cache_dir": "cli",
    "phase": "cli",
    "skip_joint": "env",
    "frameskip": "task_spec",
    "short_goal_offset": "task_spec",
    "long_goal_offset": "task_spec",
    "eval_budget": "task_spec",
    "train_seeds": "cli",
    "partition_seeds": "cli",
    "eval_seeds": "default",
    "methods": "cli",
    "python": "cli",
    "cpu_threads": "cli",
    "gpu_id": "default"
  }
}
[jepa-matrix] model_family=subjepa phase=train_regions work_root=experiments/tworoom/subjepa/matrix
[jepa-matrix] resolved_config=experiments/tworoom/subjepa/matrix/manifests/resolved_config.json
  [train] epoch 1/50  train_loss=0.007095  eval_loss=0.001605
  [train] epoch 2/50  train_loss=0.000998  eval_loss=0.000953
  [train] epoch 3/50  train_loss=0.000915  eval_loss=0.000826
  [train] epoch 4/50  train_loss=0.000842  eval_loss=0.000828
  [train] epoch 5/50  train_loss=0.000785  eval_loss=0.000721
  [train] epoch 6/50  train_loss=0.000732  eval_loss=0.000688
  [train] epoch 7/50  train_loss=0.000689  eval_loss=0.000637
  [train] epoch 8/50  train_loss=0.000649  eval_loss=0.000603
  [train] epoch 9/50  train_loss=0.000623  eval_loss=0.000547
  [train] epoch 10/50  train_loss=0.000596  eval_loss=0.000588
  [train] epoch 11/50  train_loss=0.000569  eval_loss=0.000519
  [train] epoch 12/50  train_loss=0.000545  eval_loss=0.000511
  [train] epoch 13/50  train_loss=0.000516  eval_loss=0.000471
  [train] epoch 14/50  train_loss=0.000496  eval_loss=0.000456
  [train] epoch 15/50  train_loss=0.000489  eval_loss=0.000456
  [train] epoch 16/50  train_loss=0.000446  eval_loss=0.000409
  [train] epoch 17/50  train_loss=0.000444  eval_loss=0.000386
  [train] epoch 18/50  train_loss=0.000427  eval_loss=0.000380
  [train] epoch 19/50  train_loss=0.000396  eval_loss=0.000340
  [train] epoch 20/50  train_loss=0.000394  eval_loss=0.000343
  [train] epoch 21/50  train_loss=0.000367  eval_loss=0.000353
  [train] epoch 22/50  train_loss=0.000345  eval_loss=0.000369
  [train] epoch 23/50  train_loss=0.000354  eval_loss=0.000344
  [train] epoch 24/50  train_loss=0.000345  eval_loss=0.000308
  [train] epoch 25/50  train_loss=0.000311  eval_loss=0.000277
  [train] epoch 26/50  train_loss=0.000322  eval_loss=0.000295
  [train] epoch 27/50  train_loss=0.000308  eval_loss=0.000288
  [train] epoch 28/50  train_loss=0.000303  eval_loss=0.000331
  [train] epoch 29/50  train_loss=0.000292  eval_loss=0.000263
  [train] epoch 30/50  train_loss=0.000270  eval_loss=0.000338
  [train] epoch 31/50  train_loss=0.000276  eval_loss=0.000252
  [train] epoch 32/50  train_loss=0.000262  eval_loss=0.000287
  [train] epoch 33/50  train_loss=0.000248  eval_loss=0.000238
  [train] epoch 34/50  train_loss=0.000249  eval_loss=0.000268
  [train] epoch 35/50  train_loss=0.000260  eval_loss=0.000243
  [train] epoch 36/50  train_loss=0.000251  eval_loss=0.000225
  [train] epoch 37/50  train_loss=0.000238  eval_loss=0.000236
  [train] epoch 38/50  train_loss=0.000222  eval_loss=0.000188
  [train] epoch 39/50  train_loss=0.000206  eval_loss=0.000193
  [train] epoch 40/50  train_loss=0.000225  eval_loss=0.000293
  [train] epoch 41/50  train_loss=0.000197  eval_loss=0.000256
  [train] epoch 42/50  train_loss=0.000210  eval_loss=0.000171
  [train] epoch 43/50  train_loss=0.000210  eval_loss=0.000293
  [train] epoch 44/50  train_loss=0.000232  eval_loss=0.000212
  [train] epoch 45/50  train_loss=0.000201  eval_loss=0.000208
  [train] epoch 46/50  train_loss=0.000188  eval_loss=0.000165
  [train] epoch 47/50  train_loss=0.000181  eval_loss=0.000210
  [train] epoch 48/50  train_loss=0.000198  eval_loss=0.000243
  [train] epoch 49/50  train_loss=0.000174  eval_loss=0.000158
  [train] epoch 50/50  train_loss=0.000165  eval_loss=0.000152
  [best] epoch 50  eval_loss=0.000152 (selected over 50 epochs)
  [train] epoch 1/50  train_loss=0.008142  eval_loss=0.004034
  [train] epoch 2/50  train_loss=0.003504  eval_loss=0.003273
  [train] epoch 3/50  train_loss=0.003207  eval_loss=0.003026
  [train] epoch 4/50  train_loss=0.002969  eval_loss=0.002813
  [train] epoch 5/50  train_loss=0.002760  eval_loss=0.002602
  [train] epoch 6/50  train_loss=0.002575  eval_loss=0.002356
  [train] epoch 7/50  train_loss=0.002393  eval_loss=0.002232
  [train] epoch 8/50  train_loss=0.002252  eval_loss=0.002270
  [train] epoch 9/50  train_loss=0.002125  eval_loss=0.002096
  [train] epoch 10/50  train_loss=0.002002  eval_loss=0.001973
  [train] epoch 11/50  train_loss=0.001902  eval_loss=0.001929
  [train] epoch 12/50  train_loss=0.001807  eval_loss=0.001666
  [train] epoch 13/50  train_loss=0.001701  eval_loss=0.001877
  [train] epoch 14/50  train_loss=0.001634  eval_loss=0.001502
  [train] epoch 15/50  train_loss=0.001542  eval_loss=0.001437
  [train] epoch 16/50  train_loss=0.001460  eval_loss=0.001545
  [train] epoch 17/50  train_loss=0.001422  eval_loss=0.001349
  [train] epoch 18/50  train_loss=0.001350  eval_loss=0.001490
  [train] epoch 19/50  train_loss=0.001295  eval_loss=0.001298
  [train] epoch 20/50  train_loss=0.001237  eval_loss=0.001159
  [train] epoch 21/50  train_loss=0.001186  eval_loss=0.001147
  [train] epoch 22/50  train_loss=0.001167  eval_loss=0.000997
  [train] epoch 23/50  train_loss=0.001102  eval_loss=0.001079
  [train] epoch 24/50  train_loss=0.001048  eval_loss=0.000994
  [train] epoch 25/50  train_loss=0.001042  eval_loss=0.000909
  [train] epoch 26/50  train_loss=0.000986  eval_loss=0.000860
  [train] epoch 27/50  train_loss=0.000945  eval_loss=0.000878
  [train] epoch 28/50  train_loss=0.000937  eval_loss=0.000832
  [train] epoch 29/50  train_loss=0.000860  eval_loss=0.000806
  [train] epoch 30/50  train_loss=0.000851  eval_loss=0.000748
  [train] epoch 31/50  train_loss=0.000846  eval_loss=0.000913
  [train] epoch 32/50  train_loss=0.000794  eval_loss=0.000706
  [train] epoch 33/50  train_loss=0.000801  eval_loss=0.000798
  [train] epoch 34/50  train_loss=0.000758  eval_loss=0.000716
  [train] epoch 35/50  train_loss=0.000734  eval_loss=0.000708
  [train] epoch 36/50  train_loss=0.000723  eval_loss=0.000637
  [train] epoch 37/50  train_loss=0.000701  eval_loss=0.000663
  [train] epoch 38/50  train_loss=0.000680  eval_loss=0.000698
  [train] epoch 39/50  train_loss=0.000679  eval_loss=0.000762
  [train] epoch 40/50  train_loss=0.000661  eval_loss=0.000513
  [train] epoch 41/50  train_loss=0.000608  eval_loss=0.000582
  [train] epoch 42/50  train_loss=0.000639  eval_loss=0.000476
  [train] epoch 43/50  train_loss=0.000609  eval_loss=0.000648
  [train] epoch 44/50  train_loss=0.000579  eval_loss=0.000568
  [train] epoch 45/50  train_loss=0.000562  eval_loss=0.000530
  [train] epoch 46/50  train_loss=0.000576  eval_loss=0.000492
  [train] epoch 47/50  train_loss=0.000506  eval_loss=0.000636
  [train] epoch 48/50  train_loss=0.000541  eval_loss=0.000471
  [train] epoch 49/50  train_loss=0.000516  eval_loss=0.000495
  [train] epoch 50/50  train_loss=0.000513  eval_loss=0.000495
  [best] epoch 48  eval_loss=0.000471 (selected over 50 epochs)
  [train] epoch 1/50  train_loss=0.006668  eval_loss=0.001639
  [train] epoch 2/50  train_loss=0.000935  eval_loss=0.000826
  [train] epoch 3/50  train_loss=0.000840  eval_loss=0.000779
  [train] epoch 4/50  train_loss=0.000771  eval_loss=0.000733
  [train] epoch 5/50  train_loss=0.000727  eval_loss=0.000695
  [train] epoch 6/50  train_loss=0.000679  eval_loss=0.000617
  [train] epoch 7/50  train_loss=0.000647  eval_loss=0.000581
  [train] epoch 8/50  train_loss=0.000611  eval_loss=0.000563
  [train] epoch 9/50  train_loss=0.000579  eval_loss=0.000519
  [train] epoch 10/50  train_loss=0.000549  eval_loss=0.000526
  [train] epoch 11/50  train_loss=0.000526  eval_loss=0.000513
  [train] epoch 12/50  train_loss=0.000505  eval_loss=0.000485
  [train] epoch 13/50  train_loss=0.000482  eval_loss=0.000431
  [train] epoch 14/50  train_loss=0.000454  eval_loss=0.000453
  [train] epoch 15/50  train_loss=0.000446  eval_loss=0.000487
  [train] epoch 16/50  train_loss=0.000439  eval_loss=0.000364
  [train] epoch 17/50  train_loss=0.000410  eval_loss=0.000368
  [train] epoch 18/50  train_loss=0.000392  eval_loss=0.000384
  [train] epoch 19/50  train_loss=0.000365  eval_loss=0.000388
  [train] epoch 20/50  train_loss=0.000384  eval_loss=0.000349
  [train] epoch 21/50  train_loss=0.000355  eval_loss=0.000402
  [train] epoch 22/50  train_loss=0.000340  eval_loss=0.000296
  [train] epoch 23/50  train_loss=0.000319  eval_loss=0.000303
  [train] epoch 24/50  train_loss=0.000338  eval_loss=0.000298
  [train] epoch 25/50  train_loss=0.000307  eval_loss=0.000273
  [train] epoch 26/50  train_loss=0.000310  eval_loss=0.000262
  [train] epoch 27/50  train_loss=0.000279  eval_loss=0.000249
  [train] epoch 28/50  train_loss=0.000273  eval_loss=0.000284
  [train] epoch 29/50  train_loss=0.000266  eval_loss=0.000248
  [train] epoch 30/50  train_loss=0.000257  eval_loss=0.000237
  [train] epoch 31/50  train_loss=0.000278  eval_loss=0.000239
  [train] epoch 32/50  train_loss=0.000254  eval_loss=0.000202
  [train] epoch 33/50  train_loss=0.000250  eval_loss=0.000213
  [train] epoch 34/50  train_loss=0.000244  eval_loss=0.000215
  [train] epoch 35/50  train_loss=0.000213  eval_loss=0.000197
  [train] epoch 36/50  train_loss=0.000223  eval_loss=0.000209
  [train] epoch 37/50  train_loss=0.000200  eval_loss=0.000204
  [train] epoch 38/50  train_loss=0.000243  eval_loss=0.000217
  [train] epoch 39/50  train_loss=0.000220  eval_loss=0.000299
  [train] epoch 40/50  train_loss=0.000204  eval_loss=0.000184
  [train] epoch 41/50  train_loss=0.000209  eval_loss=0.000331
  [train] epoch 42/50  train_loss=0.000207  eval_loss=0.000181
  [train] epoch 43/50  train_loss=0.000209  eval_loss=0.000209
  [train] epoch 44/50  train_loss=0.000193  eval_loss=0.000158
  [train] epoch 45/50  train_loss=0.000172  eval_loss=0.000171
  [train] epoch 46/50  train_loss=0.000187  eval_loss=0.000176
  [train] epoch 47/50  train_loss=0.000158  eval_loss=0.000147
  [train] epoch 48/50  train_loss=0.000159  eval_loss=0.000145
  [train] epoch 49/50  train_loss=0.000153  eval_loss=0.000164
  [train] epoch 50/50  train_loss=0.000187  eval_loss=0.000395
  [best] epoch 48  eval_loss=0.000145 (selected over 50 epochs)
[done] dataset=tworoom train_seed=42 regions=3 -> experiments/tworoom/subjepa/matrix/training/spectral/partition2_train42
