{
  "model_family": "subjepa",
  "implementation_backend": "jepa_object",
  "task_name": "tworoom",
  "dataset_name": "tworoom",
  "dataset": "/data/sicong/weitao/datasets/lewm/tworoom.h5",
  "checkpoint": "/data/sicong/weitao/.stable_worldmodel/tworoom/subjepa_object.ckpt",
  "eval_config_name": "tworoom",
  "eval_config": null,
  "eval_dataset_name": "tworoom",
  "work_root": "experiments/tworoom/subjepa/matrix",
  "cache_dir": "/data/sicong/weitao/.stable_worldmodel/subjepa/tworoom",
  "paired_start_root": null,
  "paired_start_root_short": null,
  "paired_start_root_long": null,
  "phase": "train_regions",
  "frameskip": 5,
  "history_size": 3,
  "num_preds": 1,
  "img_size": 224,
  "short_goal_offset": 25,
  "long_goal_offset": 50,
  "eval_budget": 50,
  "num_eval": 50,
  "max_train_starts": 0,
  "dry_run": false,
  "task_spec_path": "/data/sicong/weitao/LAP-Latent-Space-Automatic-Partitioning-for-Efficient-Post-Training-of-World-Models/configs/experiments/tasks/tworoom.json",
  "train_seeds": "0",
  "partition_seeds": "2",
  "eval_seeds": "0,1,2,3,4",
  "methods": "spectral",
  "skip_joint": true,
  "python": "/data/sicong/weitao/LAP-Latent-Space-Automatic-Partitioning-for-Efficient-Post-Training-of-World-Models/.venv/bin/python",
  "cpu_threads": 4,
  "gpu_id": "",
  "sources": {
    "model_family": "cli",
    "dataset_name": "task_spec",
    "task_name": "task_spec",
    "eval_config_name": "cli",
    "eval_dataset_name": "task_spec",
    "work_root": "cli",
    "cache_dir": "cli",
    "phase": "cli",
    "skip_joint": "env",
    "frameskip": "task_spec",
    "short_goal_offset": "task_spec",
    "long_goal_offset": "task_spec",
    "eval_budget": "task_spec",
    "train_seeds": "cli",
    "partition_seeds": "cli",
    "eval_seeds": "default",
    "methods": "cli",
    "python": "cli",
    "cpu_threads": "cli",
    "gpu_id": "default"
  }
}
[jepa-matrix] model_family=subjepa phase=train_regions work_root=experiments/tworoom/subjepa/matrix
[jepa-matrix] resolved_config=experiments/tworoom/subjepa/matrix/manifests/resolved_config.json
  [train] epoch 1/50  train_loss=0.007061  eval_loss=0.001738
  [train] epoch 2/50  train_loss=0.001002  eval_loss=0.000888
  [train] epoch 3/50  train_loss=0.000911  eval_loss=0.000868
  [train] epoch 4/50  train_loss=0.000844  eval_loss=0.000768
  [train] epoch 5/50  train_loss=0.000785  eval_loss=0.000731
  [train] epoch 6/50  train_loss=0.000730  eval_loss=0.000692
  [train] epoch 7/50  train_loss=0.000693  eval_loss=0.000621
  [train] epoch 8/50  train_loss=0.000650  eval_loss=0.000572
  [train] epoch 9/50  train_loss=0.000622  eval_loss=0.000611
  [train] epoch 10/50  train_loss=0.000596  eval_loss=0.000550
  [train] epoch 11/50  train_loss=0.000568  eval_loss=0.000530
  [train] epoch 12/50  train_loss=0.000541  eval_loss=0.000502
  [train] epoch 13/50  train_loss=0.000521  eval_loss=0.000464
  [train] epoch 14/50  train_loss=0.000482  eval_loss=0.000455
  [train] epoch 15/50  train_loss=0.000483  eval_loss=0.000475
  [train] epoch 16/50  train_loss=0.000455  eval_loss=0.000435
  [train] epoch 17/50  train_loss=0.000432  eval_loss=0.000418
  [train] epoch 18/50  train_loss=0.000421  eval_loss=0.000428
  [train] epoch 19/50  train_loss=0.000414  eval_loss=0.000374
  [train] epoch 20/50  train_loss=0.000379  eval_loss=0.000374
  [train] epoch 21/50  train_loss=0.000375  eval_loss=0.000397
  [train] epoch 22/50  train_loss=0.000371  eval_loss=0.000361
  [train] epoch 23/50  train_loss=0.000342  eval_loss=0.000315
  [train] epoch 24/50  train_loss=0.000349  eval_loss=0.000312
  [train] epoch 25/50  train_loss=0.000335  eval_loss=0.000355
  [train] epoch 26/50  train_loss=0.000329  eval_loss=0.000334
  [train] epoch 27/50  train_loss=0.000301  eval_loss=0.000290
  [train] epoch 28/50  train_loss=0.000283  eval_loss=0.000315
  [train] epoch 29/50  train_loss=0.000303  eval_loss=0.000298
  [train] epoch 30/50  train_loss=0.000286  eval_loss=0.000265
  [train] epoch 31/50  train_loss=0.000286  eval_loss=0.000239
  [train] epoch 32/50  train_loss=0.000265  eval_loss=0.000230
  [train] epoch 33/50  train_loss=0.000252  eval_loss=0.000217
  [train] epoch 34/50  train_loss=0.000262  eval_loss=0.000256
  [train] epoch 35/50  train_loss=0.000239  eval_loss=0.000205
  [train] epoch 36/50  train_loss=0.000227  eval_loss=0.000200
  [train] epoch 37/50  train_loss=0.000244  eval_loss=0.000199
  [train] epoch 38/50  train_loss=0.000206  eval_loss=0.000222
  [train] epoch 39/50  train_loss=0.000218  eval_loss=0.000184
  [train] epoch 40/50  train_loss=0.000219  eval_loss=0.000185
  [train] epoch 41/50  train_loss=0.000212  eval_loss=0.000174
  [train] epoch 42/50  train_loss=0.000210  eval_loss=0.000232
  [train] epoch 43/50  train_loss=0.000210  eval_loss=0.000164
  [train] epoch 44/50  train_loss=0.000177  eval_loss=0.000192
  [train] epoch 45/50  train_loss=0.000233  eval_loss=0.000202
  [train] epoch 46/50  train_loss=0.000192  eval_loss=0.000159
  [train] epoch 47/50  train_loss=0.000166  eval_loss=0.000180
  [train] epoch 48/50  train_loss=0.000194  eval_loss=0.000233
  [train] epoch 49/50  train_loss=0.000163  eval_loss=0.000180
  [train] epoch 50/50  train_loss=0.000165  eval_loss=0.000144
  [best] epoch 50  eval_loss=0.000144 (selected over 50 epochs)
  [train] epoch 1/50  train_loss=0.008172  eval_loss=0.004322
  [train] epoch 2/50  train_loss=0.003511  eval_loss=0.003304
  [train] epoch 3/50  train_loss=0.003211  eval_loss=0.002922
  [train] epoch 4/50  train_loss=0.002972  eval_loss=0.002728
  [train] epoch 5/50  train_loss=0.002756  eval_loss=0.002706
  [train] epoch 6/50  train_loss=0.002576  eval_loss=0.002463
  [train] epoch 7/50  train_loss=0.002402  eval_loss=0.002179
  [train] epoch 8/50  train_loss=0.002256  eval_loss=0.001968
  [train] epoch 9/50  train_loss=0.002123  eval_loss=0.001971
  [train] epoch 10/50  train_loss=0.002014  eval_loss=0.001892
  [train] epoch 11/50  train_loss=0.001902  eval_loss=0.001707
  [train] epoch 12/50  train_loss=0.001781  eval_loss=0.001577
  [train] epoch 13/50  train_loss=0.001723  eval_loss=0.001592
  [train] epoch 14/50  train_loss=0.001622  eval_loss=0.001355
  [train] epoch 15/50  train_loss=0.001577  eval_loss=0.001541
  [train] epoch 16/50  train_loss=0.001465  eval_loss=0.001374
  [train] epoch 17/50  train_loss=0.001408  eval_loss=0.001301
  [train] epoch 18/50  train_loss=0.001323  eval_loss=0.001194
  [train] epoch 19/50  train_loss=0.001302  eval_loss=0.001263
  [train] epoch 20/50  train_loss=0.001220  eval_loss=0.001066
  [train] epoch 21/50  train_loss=0.001183  eval_loss=0.001122
  [train] epoch 22/50  train_loss=0.001174  eval_loss=0.001032
  [train] epoch 23/50  train_loss=0.001084  eval_loss=0.001025
  [train] epoch 24/50  train_loss=0.001055  eval_loss=0.001036
  [train] epoch 25/50  train_loss=0.001018  eval_loss=0.001040
  [train] epoch 26/50  train_loss=0.000982  eval_loss=0.000968
  [train] epoch 27/50  train_loss=0.000964  eval_loss=0.000829
  [train] epoch 28/50  train_loss=0.000929  eval_loss=0.000904
  [train] epoch 29/50  train_loss=0.000879  eval_loss=0.000830
  [train] epoch 30/50  train_loss=0.000861  eval_loss=0.000732
  [train] epoch 31/50  train_loss=0.000832  eval_loss=0.000894
  [train] epoch 32/50  train_loss=0.000794  eval_loss=0.000781
  [train] epoch 33/50  train_loss=0.000803  eval_loss=0.000688
  [train] epoch 34/50  train_loss=0.000766  eval_loss=0.000820
  [train] epoch 35/50  train_loss=0.000710  eval_loss=0.000827
  [train] epoch 36/50  train_loss=0.000729  eval_loss=0.000746
  [train] epoch 37/50  train_loss=0.000689  eval_loss=0.000633
  [train] epoch 38/50  train_loss=0.000690  eval_loss=0.000525
  [train] epoch 39/50  train_loss=0.000633  eval_loss=0.000589
  [train] epoch 40/50  train_loss=0.000700  eval_loss=0.000647
  [train] epoch 41/50  train_loss=0.000626  eval_loss=0.000465
  [train] epoch 42/50  train_loss=0.000630  eval_loss=0.000525
  [train] epoch 43/50  train_loss=0.000580  eval_loss=0.000513
  [train] epoch 44/50  train_loss=0.000552  eval_loss=0.000568
  [train] epoch 45/50  train_loss=0.000577  eval_loss=0.000520
  [train] epoch 46/50  train_loss=0.000579  eval_loss=0.000545
  [train] epoch 47/50  train_loss=0.000534  eval_loss=0.000560
  [train] epoch 48/50  train_loss=0.000582  eval_loss=0.000438
  [train] epoch 49/50  train_loss=0.000484  eval_loss=0.000430
  [train] epoch 50/50  train_loss=0.000506  eval_loss=0.000471
  [best] epoch 49  eval_loss=0.000430 (selected over 50 epochs)
  [train] epoch 1/50  train_loss=0.006781  eval_loss=0.001401
  [train] epoch 2/50  train_loss=0.000940  eval_loss=0.000879
  [train] epoch 3/50  train_loss=0.000837  eval_loss=0.000747
  [train] epoch 4/50  train_loss=0.000782  eval_loss=0.000742
  [train] epoch 5/50  train_loss=0.000732  eval_loss=0.000658
  [train] epoch 6/50  train_loss=0.000687  eval_loss=0.000594
  [train] epoch 7/50  train_loss=0.000646  eval_loss=0.000626
  [train] epoch 8/50  train_loss=0.000604  eval_loss=0.000537
  [train] epoch 9/50  train_loss=0.000577  eval_loss=0.000532
  [train] epoch 10/50  train_loss=0.000549  eval_loss=0.000519
  [train] epoch 11/50  train_loss=0.000526  eval_loss=0.000487
  [train] epoch 12/50  train_loss=0.000511  eval_loss=0.000514
  [train] epoch 13/50  train_loss=0.000471  eval_loss=0.000453
  [train] epoch 14/50  train_loss=0.000460  eval_loss=0.000408
  [train] epoch 15/50  train_loss=0.000444  eval_loss=0.000391
  [train] epoch 16/50  train_loss=0.000420  eval_loss=0.000398
  [train] epoch 17/50  train_loss=0.000416  eval_loss=0.000378
  [train] epoch 18/50  train_loss=0.000391  eval_loss=0.000331
  [train] epoch 19/50  train_loss=0.000389  eval_loss=0.000362
  [train] epoch 20/50  train_loss=0.000373  eval_loss=0.000330
  [train] epoch 21/50  train_loss=0.000350  eval_loss=0.000321
  [train] epoch 22/50  train_loss=0.000357  eval_loss=0.000297
  [train] epoch 23/50  train_loss=0.000313  eval_loss=0.000338
  [train] epoch 24/50  train_loss=0.000324  eval_loss=0.000324
  [train] epoch 25/50  train_loss=0.000309  eval_loss=0.000298
  [train] epoch 26/50  train_loss=0.000299  eval_loss=0.000313
  [train] epoch 27/50  train_loss=0.000293  eval_loss=0.000261
  [train] epoch 28/50  train_loss=0.000269  eval_loss=0.000266
  [train] epoch 29/50  train_loss=0.000274  eval_loss=0.000297
  [train] epoch 30/50  train_loss=0.000271  eval_loss=0.000313
  [train] epoch 31/50  train_loss=0.000251  eval_loss=0.000245
  [train] epoch 32/50  train_loss=0.000262  eval_loss=0.000263
  [train] epoch 33/50  train_loss=0.000229  eval_loss=0.000250
  [train] epoch 34/50  train_loss=0.000246  eval_loss=0.000210
  [train] epoch 35/50  train_loss=0.000251  eval_loss=0.000303
  [train] epoch 36/50  train_loss=0.000214  eval_loss=0.000198
  [train] epoch 37/50  train_loss=0.000207  eval_loss=0.000180
  [train] epoch 38/50  train_loss=0.000208  eval_loss=0.000223
  [train] epoch 39/50  train_loss=0.000214  eval_loss=0.000187
  [train] epoch 40/50  train_loss=0.000213  eval_loss=0.000209
  [train] epoch 41/50  train_loss=0.000216  eval_loss=0.000162
  [train] epoch 42/50  train_loss=0.000183  eval_loss=0.000225
  [train] epoch 43/50  train_loss=0.000197  eval_loss=0.000191
  [train] epoch 44/50  train_loss=0.000207  eval_loss=0.000171
  [train] epoch 45/50  train_loss=0.000184  eval_loss=0.000202
  [train] epoch 46/50  train_loss=0.000189  eval_loss=0.000160
  [train] epoch 47/50  train_loss=0.000185  eval_loss=0.000211
  [train] epoch 48/50  train_loss=0.000192  eval_loss=0.000270
  [train] epoch 49/50  train_loss=0.000169  eval_loss=0.000215
  [train] epoch 50/50  train_loss=0.000145  eval_loss=0.000138
  [best] epoch 50  eval_loss=0.000138 (selected over 50 epochs)
[done] dataset=tworoom train_seed=0 regions=3 -> experiments/tworoom/subjepa/matrix/training/spectral/partition2_train0
