[data] 693728 train transitions, cluster source=experiments/real_gauge_drift/results/latent_landmark_spectral_k3/spectral_M20000_k30_P16_seed1, route_label_offset_steps=0
  cluster0: 227196 transitions
  cluster1: 247209 transitions
  cluster2: 219323 transitions
  [cache] loaded merged embeddings from experiments/real_gauge_drift/results/tworoom_latent_spectral_spectral_M20000_k30_P16_seed1_trainseed0/P_train_global_merged_embeddings.npz
[train] cluster0: 227196 transitions, 50 epochs
  [train] epoch 1/50  train_loss=0.018458  eval_loss=0.004980
  [train] epoch 2/50  train_loss=0.003230  eval_loss=0.003026
  [train] epoch 3/50  train_loss=0.002860  eval_loss=0.002521
  [train] epoch 4/50  train_loss=0.002545  eval_loss=0.002372
  [train] epoch 5/50  train_loss=0.002302  eval_loss=0.002139
  [train] epoch 6/50  train_loss=0.002116  eval_loss=0.001866
  [train] epoch 7/50  train_loss=0.001979  eval_loss=0.002137
  [train] epoch 8/50  train_loss=0.001807  eval_loss=0.001684
  [train] epoch 9/50  train_loss=0.001730  eval_loss=0.001577
  [train] epoch 10/50  train_loss=0.001541  eval_loss=0.001574
  [train] epoch 11/50  train_loss=0.001517  eval_loss=0.001441
  [train] epoch 12/50  train_loss=0.001427  eval_loss=0.001364
  [train] epoch 13/50  train_loss=0.001352  eval_loss=0.001516
  [train] epoch 14/50  train_loss=0.001365  eval_loss=0.001328
  [train] epoch 15/50  train_loss=0.001201  eval_loss=0.001288
  [train] epoch 16/50  train_loss=0.001170  eval_loss=0.001397
  [train] epoch 17/50  train_loss=0.001213  eval_loss=0.002020
  [train] epoch 18/50  train_loss=0.001126  eval_loss=0.001304
  [train] epoch 19/50  train_loss=0.001054  eval_loss=0.001100
  [train] epoch 20/50  train_loss=0.000994  eval_loss=0.000856
  [train] epoch 21/50  train_loss=0.000997  eval_loss=0.001189
  [train] epoch 22/50  train_loss=0.001030  eval_loss=0.000819
  [train] epoch 23/50  train_loss=0.000910  eval_loss=0.000902
  [train] epoch 24/50  train_loss=0.000924  eval_loss=0.000723
  [train] epoch 25/50  train_loss=0.000847  eval_loss=0.000969
  [train] epoch 26/50  train_loss=0.000917  eval_loss=0.000905
  [train] epoch 27/50  train_loss=0.000837  eval_loss=0.000669
  [train] epoch 28/50  train_loss=0.000763  eval_loss=0.000798
  [train] epoch 29/50  train_loss=0.000806  eval_loss=0.000717
  [train] epoch 30/50  train_loss=0.000650  eval_loss=0.000646
  [train] epoch 31/50  train_loss=0.000749  eval_loss=0.000688
  [train] epoch 32/50  train_loss=0.000807  eval_loss=0.000646
  [train] epoch 33/50  train_loss=0.000585  eval_loss=0.000600
  [train] epoch 34/50  train_loss=0.000647  eval_loss=0.000617
  [train] epoch 35/50  train_loss=0.000610  eval_loss=0.000574
  [train] epoch 36/50  train_loss=0.000746  eval_loss=0.000759
  [train] epoch 37/50  train_loss=0.000650  eval_loss=0.000530
  [train] epoch 38/50  train_loss=0.000614  eval_loss=0.000577
  [train] epoch 39/50  train_loss=0.000597  eval_loss=0.000461
  [train] epoch 40/50  train_loss=0.000707  eval_loss=0.000653
  [train] epoch 41/50  train_loss=0.000703  eval_loss=0.000527
  [train] epoch 42/50  train_loss=0.000561  eval_loss=0.000512
  [train] epoch 43/50  train_loss=0.000539  eval_loss=0.000920
  [train] epoch 44/50  train_loss=0.000554  eval_loss=0.000451
  [train] epoch 45/50  train_loss=0.000577  eval_loss=0.000450
  [train] epoch 46/50  train_loss=0.000576  eval_loss=0.000755
  [train] epoch 47/50  train_loss=0.000574  eval_loss=0.000531
  [train] epoch 48/50  train_loss=0.000572  eval_loss=0.000490
  [train] epoch 49/50  train_loss=0.000439  eval_loss=0.000508
  [train] epoch 50/50  train_loss=0.000453  eval_loss=0.000421
  [best] epoch 50  eval_loss=0.000421 (selected over 50 epochs)
[train] cluster1: 247209 transitions, 50 epochs
  [train] epoch 1/50  train_loss=0.023711  eval_loss=0.011207
  [train] epoch 2/50  train_loss=0.009948  eval_loss=0.008908
  [train] epoch 3/50  train_loss=0.008854  eval_loss=0.008029
  [train] epoch 4/50  train_loss=0.007868  eval_loss=0.007509
  [train] epoch 5/50  train_loss=0.007124  eval_loss=0.008017
  [train] epoch 6/50  train_loss=0.006510  eval_loss=0.006089
  [train] epoch 7/50  train_loss=0.006074  eval_loss=0.006291
  [train] epoch 8/50  train_loss=0.005521  eval_loss=0.005393
  [train] epoch 9/50  train_loss=0.005095  eval_loss=0.004678
  [train] epoch 10/50  train_loss=0.004841  eval_loss=0.004479
  [train] epoch 11/50  train_loss=0.004537  eval_loss=0.004273
  [train] epoch 12/50  train_loss=0.004249  eval_loss=0.003623
  [train] epoch 13/50  train_loss=0.004082  eval_loss=0.003684
  [train] epoch 14/50  train_loss=0.003807  eval_loss=0.003142
  [train] epoch 15/50  train_loss=0.003520  eval_loss=0.003739
  [train] epoch 16/50  train_loss=0.003434  eval_loss=0.002951
  [train] epoch 17/50  train_loss=0.003429  eval_loss=0.003688
  [train] epoch 18/50  train_loss=0.003071  eval_loss=0.003028
  [train] epoch 19/50  train_loss=0.003010  eval_loss=0.002433
  [train] epoch 20/50  train_loss=0.002932  eval_loss=0.002876
  [train] epoch 21/50  train_loss=0.002784  eval_loss=0.002651
  [train] epoch 22/50  train_loss=0.002800  eval_loss=0.002845
  [train] epoch 23/50  train_loss=0.002603  eval_loss=0.002454
  [train] epoch 24/50  train_loss=0.002493  eval_loss=0.002101
  [train] epoch 25/50  train_loss=0.002330  eval_loss=0.002806
  [train] epoch 26/50  train_loss=0.002497  eval_loss=0.002176
  [train] epoch 27/50  train_loss=0.002251  eval_loss=0.001935
  [train] epoch 28/50  train_loss=0.002130  eval_loss=0.001975
  [train] epoch 29/50  train_loss=0.002145  eval_loss=0.002499
  [train] epoch 30/50  train_loss=0.002020  eval_loss=0.002052
  [train] epoch 31/50  train_loss=0.001954  eval_loss=0.001837
  [train] epoch 32/50  train_loss=0.001953  eval_loss=0.001816
  [train] epoch 33/50  train_loss=0.001808  eval_loss=0.001623
  [train] epoch 34/50  train_loss=0.002146  eval_loss=0.001466
  [train] epoch 35/50  train_loss=0.001773  eval_loss=0.001941
  [train] epoch 36/50  train_loss=0.001709  eval_loss=0.001728
  [train] epoch 37/50  train_loss=0.001872  eval_loss=0.002050
  [train] epoch 38/50  train_loss=0.001644  eval_loss=0.001183
  [train] epoch 39/50  train_loss=0.001552  eval_loss=0.001620
  [train] epoch 40/50  train_loss=0.001586  eval_loss=0.001839
  [train] epoch 41/50  train_loss=0.001604  eval_loss=0.001275
  [train] epoch 42/50  train_loss=0.001592  eval_loss=0.001856
  [train] epoch 43/50  train_loss=0.001405  eval_loss=0.001739
  [train] epoch 44/50  train_loss=0.001662  eval_loss=0.001201
  [train] epoch 45/50  train_loss=0.001574  eval_loss=0.001357
  [train] epoch 46/50  train_loss=0.001364  eval_loss=0.001813
  [train] epoch 47/50  train_loss=0.001324  eval_loss=0.001425
  [train] epoch 48/50  train_loss=0.001562  eval_loss=0.001622
  [train] epoch 49/50  train_loss=0.001249  eval_loss=0.000940
  [train] epoch 50/50  train_loss=0.001335  eval_loss=0.001024
  [best] epoch 49  eval_loss=0.000940 (selected over 50 epochs)
[train] cluster2: 219323 transitions, 50 epochs
  [train] epoch 1/50  train_loss=0.017792  eval_loss=0.004301
  [train] epoch 2/50  train_loss=0.003021  eval_loss=0.002611
  [train] epoch 3/50  train_loss=0.002645  eval_loss=0.002359
  [train] epoch 4/50  train_loss=0.002351  eval_loss=0.002191
  [train] epoch 5/50  train_loss=0.002149  eval_loss=0.002112
  [train] epoch 6/50  train_loss=0.001962  eval_loss=0.002136
  [train] epoch 7/50  train_loss=0.001785  eval_loss=0.001796
  [train] epoch 8/50  train_loss=0.001694  eval_loss=0.001514
  [train] epoch 9/50  train_loss=0.001606  eval_loss=0.001633
  [train] epoch 10/50  train_loss=0.001477  eval_loss=0.001267
  [train] epoch 11/50  train_loss=0.001395  eval_loss=0.001283
  [train] epoch 12/50  train_loss=0.001368  eval_loss=0.001233
  [train] epoch 13/50  train_loss=0.001229  eval_loss=0.001130
  [train] epoch 14/50  train_loss=0.001188  eval_loss=0.001382
  [train] epoch 15/50  train_loss=0.001187  eval_loss=0.001046
  [train] epoch 16/50  train_loss=0.001077  eval_loss=0.001041
  [train] epoch 17/50  train_loss=0.001050  eval_loss=0.001042
  [train] epoch 18/50  train_loss=0.001027  eval_loss=0.000942
  [train] epoch 19/50  train_loss=0.000978  eval_loss=0.001037
  [train] epoch 20/50  train_loss=0.000952  eval_loss=0.001012
  [train] epoch 21/50  train_loss=0.000902  eval_loss=0.000927
  [train] epoch 22/50  train_loss=0.000826  eval_loss=0.000734
  [train] epoch 23/50  train_loss=0.000921  eval_loss=0.000784
  [train] epoch 24/50  train_loss=0.000897  eval_loss=0.000696
  [train] epoch 25/50  train_loss=0.000776  eval_loss=0.000885
  [train] epoch 26/50  train_loss=0.000905  eval_loss=0.001005
  [train] epoch 27/50  train_loss=0.000818  eval_loss=0.000699
  [train] epoch 28/50  train_loss=0.000699  eval_loss=0.000739
  [train] epoch 29/50  train_loss=0.000817  eval_loss=0.001217
  [train] epoch 30/50  train_loss=0.000715  eval_loss=0.000668
  [train] epoch 31/50  train_loss=0.000720  eval_loss=0.000522
  [train] epoch 32/50  train_loss=0.000640  eval_loss=0.000662
  [train] epoch 33/50  train_loss=0.000689  eval_loss=0.001086
  [train] epoch 34/50  train_loss=0.000644  eval_loss=0.000595
  [train] epoch 35/50  train_loss=0.000590  eval_loss=0.000553
  [train] epoch 36/50  train_loss=0.000753  eval_loss=0.000580
  [train] epoch 37/50  train_loss=0.000556  eval_loss=0.000765
  [train] epoch 38/50  train_loss=0.000594  eval_loss=0.000453
  [train] epoch 39/50  train_loss=0.000572  eval_loss=0.000472
  [train] epoch 40/50  train_loss=0.000545  eval_loss=0.000517
  [train] epoch 41/50  train_loss=0.000535  eval_loss=0.000538
  [train] epoch 42/50  train_loss=0.000665  eval_loss=0.000710
  [train] epoch 43/50  train_loss=0.000525  eval_loss=0.000511
  [train] epoch 44/50  train_loss=0.000637  eval_loss=0.000439
  [train] epoch 45/50  train_loss=0.000521  eval_loss=0.000567
  [train] epoch 46/50  train_loss=0.000647  eval_loss=0.000882
  [train] epoch 47/50  train_loss=0.000556  eval_loss=0.000379
  [train] epoch 48/50  train_loss=0.000440  eval_loss=0.000608
  [train] epoch 49/50  train_loss=0.000555  eval_loss=0.000714
  [train] epoch 50/50  train_loss=0.000587  eval_loss=0.000950
  [best] epoch 47  eval_loss=0.000379 (selected over 50 epochs)
[done] manifest -> experiments/real_gauge_drift/results/tworoom_latent_spectral_spectral_M20000_k30_P16_seed1_trainseed0/manifest.json
real 4268.04
user 4259.03
sys 20.29
