{
  "metrics": [
    {
      "split": "common",
      "n": 1682,
      "dim": 2,
      "pca_residual": 1.106060252190575,
      "pca_drift": 1.603999168009959,
      "pca_residual_ratio": 0.12257154285726253,
      "pca_drift_to_residual_ratio": 13.08622809671873,
      "frame_residual": 150.58638917418483,
      "frame_drift": 1.2972105367613214,
      "frame_residual_ratio": 0.8006691934326443,
      "frame_drift_to_residual_ratio": 1.6201579221479414,
      "state_to_latent_r2": 0.0561385261484153,
      "latent_to_state_r2": 0.9998216848208111,
      "orthogonality_error": NaN,
      "orthogonal_recovery_error": NaN,
      "reference_overlap_n": 0,
      "reference_overlap_ratio": 0.0,
      "test_iid_frame_drift_mean": 0.3223678768878523,
      "test_iid_frame_drift_std": 0.03395213056090656,
      "frame_drift_excess_vs_test_iid": 0.9748426598734691,
      "frame_drift_z_vs_test_iid": 28.7122676468268,
      "test_iid_pca_drift_mean": 0.10843045215336253,
      "test_iid_pca_drift_std": 0.056795457512864904,
      "pca_drift_excess_vs_test_iid": 1.4955687158565965,
      "pca_drift_z_vs_test_iid": 26.332541039774146
    },
    {
      "split": "doorway_corridor",
      "n": 500,
      "dim": 2,
      "pca_residual": 0.8824090994677078,
      "pca_drift": 1.414213562373095,
      "pca_residual_ratio": 0.09778693750076904,
      "pca_drift_to_residual_ratio": 14.462192993287172,
      "frame_residual": 139.12340362189238,
      "frame_drift": 1.3386381859144778,
      "frame_residual_ratio": 0.7397203955577734,
      "frame_drift_to_residual_ratio": 1.8096542882304756,
      "state_to_latent_r2": 0.13821076279735212,
      "latent_to_state_r2": 0.9998690389734948,
      "orthogonality_error": NaN,
      "orthogonal_recovery_error": NaN,
      "reference_overlap_n": 0,
      "reference_overlap_ratio": 0.0,
      "test_iid_frame_drift_mean": 0.3223678768878523,
      "test_iid_frame_drift_std": 0.03395213056090656,
      "frame_drift_excess_vs_test_iid": 1.0162703090266256,
      "frame_drift_z_vs_test_iid": 29.93244583498555,
      "test_iid_pca_drift_mean": 0.10843045215336253,
      "test_iid_pca_drift_std": 0.056795457512864904,
      "pca_drift_excess_vs_test_iid": 1.3057831102197324,
      "pca_drift_z_vs_test_iid": 22.990977929898087
    },
    {
      "split": "goal_other_side",
      "n": 3487,
      "dim": 2,
      "pca_residual": 9.51041319266865,
      "pca_drift": 0.1474943794718078,
      "pca_residual_ratio": 1.0539263262799254,
      "pca_drift_to_residual_ratio": 0.13994752364928872,
      "frame_residual": 188.137194546538,
      "frame_drift": 0.24472077384184515,
      "frame_residual_ratio": 1.0003271652792953,
      "frame_drift_to_residual_ratio": 0.24464073588691704,
      "state_to_latent_r2": 0.02310766220169269,
      "latent_to_state_r2": 0.991137669147003,
      "orthogonality_error": NaN,
      "orthogonal_recovery_error": NaN,
      "reference_overlap_n": 0,
      "reference_overlap_ratio": 0.0,
      "test_iid_frame_drift_mean": 0.3223678768878523,
      "test_iid_frame_drift_std": 0.03395213056090656,
      "frame_drift_excess_vs_test_iid": -0.07764710304600714,
      "frame_drift_z_vs_test_iid": -2.286958189690907,
      "test_iid_pca_drift_mean": 0.10843045215336253,
      "test_iid_pca_drift_std": 0.056795457512864904,
      "pca_drift_excess_vs_test_iid": 0.03906392731844527,
      "pca_drift_z_vs_test_iid": 0.6878002049531687
    },
    {
      "split": "left_room",
      "n": 1650,
      "dim": 2,
      "pca_residual": 14.167509077101391,
      "pca_drift": 0.05137569444519581,
      "pca_residual_ratio": 1.5700170425484048,
      "pca_drift_to_residual_ratio": 0.03272301704558034,
      "frame_residual": 204.25255494206388,
      "frame_drift": 0.6985049386057162,
      "frame_residual_ratio": 1.0860126822806822,
      "frame_drift_to_residual_ratio": 0.643183040126361,
      "state_to_latent_r2": 0.06334684794371082,
      "latent_to_state_r2": 0.9986204122516343,
      "orthogonality_error": NaN,
      "orthogonal_recovery_error": NaN,
      "reference_overlap_n": 0,
      "reference_overlap_ratio": 0.0,
      "test_iid_frame_drift_mean": 0.3223678768878523,
      "test_iid_frame_drift_std": 0.03395213056090656,
      "frame_drift_excess_vs_test_iid": 0.3761370617178639,
      "frame_drift_z_vs_test_iid": 11.078452382598936,
      "test_iid_pca_drift_mean": 0.10843045215336253,
      "test_iid_pca_drift_std": 0.056795457512864904,
      "pca_drift_excess_vs_test_iid": -0.05705475770816672,
      "pca_drift_z_vs_test_iid": -1.0045655093849453
    },
    {
      "split": "near_wall",
      "n": 1343,
      "dim": 2,
      "pca_residual": 18.593310068472537,
      "pca_drift": 0.11971356435855235,
      "pca_residual_ratio": 2.0604760883528046,
      "pca_drift_to_residual_ratio": 0.058099953226924475,
      "frame_residual": 198.5812387509123,
      "frame_drift": 0.6052063901354184,
      "frame_residual_ratio": 1.0558582427900163,
      "frame_drift_to_residual_ratio": 0.5731890566442314,
      "state_to_latent_r2": 0.07862066336731022,
      "latent_to_state_r2": 0.9984982700511263,
      "orthogonality_error": NaN,
      "orthogonal_recovery_error": NaN,
      "reference_overlap_n": 0,
      "reference_overlap_ratio": 0.0,
      "test_iid_frame_drift_mean": 0.3223678768878523,
      "test_iid_frame_drift_std": 0.03395213056090656,
      "frame_drift_excess_vs_test_iid": 0.28283851324756615,
      "frame_drift_z_vs_test_iid": 8.330508529703401,
      "test_iid_pca_drift_mean": 0.10843045215336253,
      "test_iid_pca_drift_std": 0.056795457512864904,
      "pca_drift_excess_vs_test_iid": 0.011283112205189821,
      "pca_drift_z_vs_test_iid": 0.1986622293241566
    },
    {
      "split": "right_room",
      "n": 1650,
      "dim": 2,
      "pca_residual": 9.122673895168482,
      "pca_drift": 0.25933784817545935,
      "pca_residual_ratio": 1.0109577774808334,
      "pca_drift_to_residual_ratio": 0.25652688366613763,
      "frame_residual": 198.93804772261348,
      "frame_drift": 0.7140579734553819,
      "frame_residual_ratio": 1.0577553993202193,
      "frame_drift_to_residual_ratio": 0.6750690886698434,
      "state_to_latent_r2": 0.06186111634495561,
      "latent_to_state_r2": 0.9970005491253194,
      "orthogonality_error": NaN,
      "orthogonal_recovery_error": NaN,
      "reference_overlap_n": 0,
      "reference_overlap_ratio": 0.0,
      "test_iid_frame_drift_mean": 0.3223678768878523,
      "test_iid_frame_drift_std": 0.03395213056090656,
      "frame_drift_excess_vs_test_iid": 0.3916900965675296,
      "frame_drift_z_vs_test_iid": 11.536539536255086,
      "test_iid_pca_drift_mean": 0.10843045215336253,
      "test_iid_pca_drift_std": 0.056795457512864904,
      "pca_drift_excess_vs_test_iid": 0.15090739602209682,
      "pca_drift_z_vs_test_iid": 2.657032844312546
    },
    {
      "split": "test_all",
      "n": 5000,
      "dim": 2,
      "pca_residual": 8.628828146602169,
      "pca_drift": 0.08397865848803719,
      "pca_residual_ratio": 0.9562307088465624,
      "pca_drift_to_residual_ratio": 0.08782259104525858,
      "frame_residual": 187.77915325950372,
      "frame_drift": 0.1926809487635077,
      "frame_residual_ratio": 0.9984234565173186,
      "frame_drift_to_residual_ratio": 0.19298519831998007,
      "state_to_latent_r2": 0.02081301608798225,
      "latent_to_state_r2": 0.9917815388694909,
      "orthogonality_error": NaN,
      "orthogonal_recovery_error": NaN,
      "reference_overlap_n": 0,
      "reference_overlap_ratio": 0.0,
      "test_iid_frame_drift_mean": 0.3223678768878523,
      "test_iid_frame_drift_std": 0.03395213056090656,
      "frame_drift_excess_vs_test_iid": -0.1296869281243446,
      "frame_drift_z_vs_test_iid": -3.819699264170776,
      "test_iid_pca_drift_mean": 0.10843045215336253,
      "test_iid_pca_drift_std": 0.056795457512864904,
      "pca_drift_excess_vs_test_iid": -0.024451793665325336,
      "pca_drift_z_vs_test_iid": -0.4305237555196411
    }
  ]
}
Wrote encoder train-global drift results to experiments/real_gauge_drift/results/tworoom_encoder_train_global_5k_b20_seed_3
real 171.69
user 478.36
sys 51.90
