==== GPU=3 global_ft EPOCHS=45 SEED=625 started at Wed Jul 15 05:34:12 AM UTC 2026 ====
[split] TwoRoom regions from fixed task geometry (wall_center=112, wall_width=10)
[train] global_ft: 693728 train-global transitions
  [embed-cache] left_room: 330243 transitions from P_train_left_room_embeddings.npz
  [embed-cache] doorway_corridor: 38552 transitions from P_train_doorway_corridor_embeddings.npz
  [embed-cache] right_room: 324933 transitions from P_train_right_room_embeddings.npz
  [embed-cache] merged 693728 train transitions from experiments/real_gauge_drift/results/tworoom_geometry_train_region_predictors
  [cache] saved merged embeddings to experiments/real_gauge_drift/results/tworoom_geometry_train_global_ft_45ep_trainseed625/P_train_global_ft_embeddings.npz
  [train] epoch 1/45  train_loss=0.018592  eval_loss=0.007050
  [train] epoch 2/45  train_loss=0.005782  eval_loss=0.005559
  [train] epoch 3/45  train_loss=0.004958  eval_loss=0.004246
  [train] epoch 4/45  train_loss=0.004386  eval_loss=0.003731
  [train] epoch 5/45  train_loss=0.003941  eval_loss=0.003654
  [train] epoch 6/45  train_loss=0.003564  eval_loss=0.003103
  [train] epoch 7/45  train_loss=0.003285  eval_loss=0.003000
  [train] epoch 8/45  train_loss=0.003008  eval_loss=0.003042
  [train] epoch 9/45  train_loss=0.002819  eval_loss=0.002416
  [train] epoch 10/45  train_loss=0.002626  eval_loss=0.002437
  [train] epoch 11/45  train_loss=0.002458  eval_loss=0.001922
  [train] epoch 12/45  train_loss=0.002340  eval_loss=0.002210
  [train] epoch 13/45  train_loss=0.002234  eval_loss=0.002090
  [train] epoch 14/45  train_loss=0.002050  eval_loss=0.001819
  [train] epoch 15/45  train_loss=0.002006  eval_loss=0.002876
  [train] epoch 16/45  train_loss=0.001911  eval_loss=0.001574
  [train] epoch 17/45  train_loss=0.001788  eval_loss=0.002163
  [train] epoch 18/45  train_loss=0.001731  eval_loss=0.001701
  [train] epoch 19/45  train_loss=0.001669  eval_loss=0.001943
  [train] epoch 20/45  train_loss=0.001602  eval_loss=0.001615
  [train] epoch 21/45  train_loss=0.001593  eval_loss=0.001413
  [train] epoch 22/45  train_loss=0.001466  eval_loss=0.001387
  [train] epoch 23/45  train_loss=0.001462  eval_loss=0.001445
  [train] epoch 24/45  train_loss=0.001377  eval_loss=0.001279
  [train] epoch 25/45  train_loss=0.001394  eval_loss=0.001406
  [train] epoch 26/45  train_loss=0.001315  eval_loss=0.001085
  [train] epoch 27/45  train_loss=0.001284  eval_loss=0.001351
  [train] epoch 28/45  train_loss=0.001243  eval_loss=0.001033
  [train] epoch 29/45  train_loss=0.001202  eval_loss=0.001433
  [train] epoch 30/45  train_loss=0.001156  eval_loss=0.001665
  [train] epoch 31/45  train_loss=0.001177  eval_loss=0.000838
  [train] epoch 32/45  train_loss=0.001097  eval_loss=0.001069
  [train] epoch 33/45  train_loss=0.001070  eval_loss=0.000835
  [train] epoch 34/45  train_loss=0.001081  eval_loss=0.001968
  [train] epoch 35/45  train_loss=0.001064  eval_loss=0.000885
  [train] epoch 36/45  train_loss=0.000979  eval_loss=0.001155
  [train] epoch 37/45  train_loss=0.000997  eval_loss=0.000885
  [train] epoch 38/45  train_loss=0.000972  eval_loss=0.000963
  [train] epoch 39/45  train_loss=0.000964  eval_loss=0.000965
  [train] epoch 40/45  train_loss=0.000908  eval_loss=0.001045
  [train] epoch 41/45  train_loss=0.000904  eval_loss=0.000940
  [train] epoch 42/45  train_loss=0.000901  eval_loss=0.001441
  [train] epoch 43/45  train_loss=0.000927  eval_loss=0.000838
  [train] epoch 44/45  train_loss=0.000901  eval_loss=0.000704
  [train] epoch 45/45  train_loss=0.000787  eval_loss=0.000854
  [best] epoch 44  eval_loss=0.000704 (selected over 45 epochs)
  saved experiments/real_gauge_drift/results/tworoom_geometry_train_global_ft_45ep_trainseed625/P_train_global_ft_object.ckpt  best_epoch=44  best_eval_loss=0.000704
Wrote manifest to experiments/real_gauge_drift/results/tworoom_geometry_train_global_ft_45ep_trainseed625/manifest.json
real 4090.16
user 4076.35
sys 9.28
==== GPU=3 global_ft finished at Wed Jul 15 06:42:22 AM UTC 2026 ====
