03:18:53 | INFO  | __init__.py | JAX version 0.6.2 available.
03:18:56 | INFO  | atomic_chec~| [atomic_save] installed crash-safe checkpoint plugin (write to sibling .tmp + fsync + atomic rename)
03:18:56 | INFO  | __init__.py | Cached 'action' from '/data/sicong/weitao/.stable_worldmodel/datasets/tworoom.h5'
03:18:56 | INFO  | __init__.py | Cached 'proprio' from '/data/sicong/weitao/.stable_worldmodel/datasets/tworoom.h5'
Reusing 50 eval starts from experiments/real_gauge_drift/results/tworoom_success_rate_baseline_seed4/results.json
[ 55864  74772  83380 122982 128587 160893 163795 191482 202464 260815
 280001 311634 340758 346935 376155 396645 417833 427561 439590 458723
 471029 480146 500938 528293 535079 542831 559319 560716 577352 613175
 622678 649398 669218 674944 726764 738667 803022 811931 826869 831087
 855685 856414 866061 868309 868489 888195 892277 893483 898929 906233]
/data/sicong/weitao/le-wm/.venv/lib/python3.10/site-packages/gymnasium/utils/passive_env_checker.py:129: UserWarning: [33mWARN: The obs returned by the `reset()` method was expecting a numpy array, actual type: <class 'torch.Tensor'>[0m
  logger.warn(
/data/sicong/weitao/le-wm/.venv/lib/python3.10/site-packages/gymnasium/spaces/box.py:415: UserWarning: [33mWARN: Casting input x to numpy array.[0m
  gym.logger.warn("Casting input x to numpy array.")
/data/sicong/weitao/le-wm/.venv/lib/python3.10/site-packages/gymnasium/utils/passive_env_checker.py:129: UserWarning: [33mWARN: The obs returned by the `step()` method was expecting a numpy array, actual type: <class 'torch.Tensor'>[0m
  logger.warn(
/data/sicong/weitao/le-wm/.venv/lib/python3.10/site-packages/gymnasium/spaces/box.py:415: UserWarning: [33mWARN: Casting input x to numpy array.[0m
  gym.logger.warn("Casting input x to numpy array.")
/data/sicong/weitao/le-wm/.venv/lib/python3.10/site-packages/lance/__init__.py:320: UserWarning: lance is not fork-safe. If you are using multiprocessing, use spawn or forkserver instead.
  warnings.warn(
/data/sicong/anaconda3/lib/python3.10/subprocess.py:1780: RuntimeWarning: lancedb fork support is experimental: the internal async runtime has been reset in the forked child, but a small chance of deadlock remains if other state was mid-operation at fork time. The 'forkserver' or 'spawn' multiprocessing start method is likely a safer alternative.
  self.pid = _posixsubprocess.fork_exec(
/data/sicong/anaconda3/lib/python3.10/subprocess.py:1780: RuntimeWarning: lancedb fork support is experimental: the internal async runtime has been reset in the forked child, but a small chance of deadlock remains if other state was mid-operation at fork time. The 'forkserver' or 'spawn' multiprocessing start method is likely a safer alternative.
  self.pid = _posixsubprocess.fork_exec(
/data/sicong/anaconda3/lib/python3.10/subprocess.py:1780: RuntimeWarning: lancedb fork support is experimental: the internal async runtime has been reset in the forked child, but a small chance of deadlock remains if other state was mid-operation at fork time. The 'forkserver' or 'spawn' multiprocessing start method is likely a safer alternative.
  self.pid = _posixsubprocess.fork_exec(
/data/sicong/anaconda3/lib/python3.10/subprocess.py:1780: RuntimeWarning: lancedb fork support is experimental: the internal async runtime has been reset in the forked child, but a small chance of deadlock remains if other state was mid-operation at fork time. The 'forkserver' or 'spawn' multiprocessing start method is likely a safer alternative.
  self.pid = _posixsubprocess.fork_exec(
/data/sicong/anaconda3/lib/python3.10/subprocess.py:1780: RuntimeWarning: lancedb fork support is experimental: the internal async runtime has been reset in the forked child, but a small chance of deadlock remains if other state was mid-operation at fork time. The 'forkserver' or 'spawn' multiprocessing start method is likely a safer alternative.
  self.pid = _posixsubprocess.fork_exec(
/data/sicong/anaconda3/lib/python3.10/subprocess.py:1780: RuntimeWarning: lancedb fork support is experimental: the internal async runtime has been reset in the forked child, but a small chance of deadlock remains if other state was mid-operation at fork time. The 'forkserver' or 'spawn' multiprocessing start method is likely a safer alternative.
  self.pid = _posixsubprocess.fork_exec(
/data/sicong/anaconda3/lib/python3.10/subprocess.py:1780: RuntimeWarning: lancedb fork support is experimental: the internal async runtime has been reset in the forked child, but a small chance of deadlock remains if other state was mid-operation at fork time. The 'forkserver' or 'spawn' multiprocessing start method is likely a safer alternative.
  self.pid = _posixsubprocess.fork_exec(
/data/sicong/anaconda3/lib/python3.10/subprocess.py:1780: RuntimeWarning: lancedb fork support is experimental: the internal async runtime has been reset in the forked child, but a small chance of deadlock remains if other state was mid-operation at fork time. The 'forkserver' or 'spawn' multiprocessing start method is likely a safer alternative.
  self.pid = _posixsubprocess.fork_exec(
/data/sicong/anaconda3/lib/python3.10/subprocess.py:1780: RuntimeWarning: lancedb fork support is experimental: the internal async runtime has been reset in the forked child, but a small chance of deadlock remains if other state was mid-operation at fork time. The 'forkserver' or 'spawn' multiprocessing start method is likely a safer alternative.
  self.pid = _posixsubprocess.fork_exec(
/data/sicong/anaconda3/lib/python3.10/subprocess.py:1780: RuntimeWarning: lancedb fork support is experimental: the internal async runtime has been reset in the forked child, but a small chance of deadlock remains if other state was mid-operation at fork time. The 'forkserver' or 'spawn' multiprocessing start method is likely a safer alternative.
  self.pid = _posixsubprocess.fork_exec(
/data/sicong/anaconda3/lib/python3.10/subprocess.py:1780: RuntimeWarning: lancedb fork support is experimental: the internal async runtime has been reset in the forked child, but a small chance of deadlock remains if other state was mid-operation at fork time. The 'forkserver' or 'spawn' multiprocessing start method is likely a safer alternative.
  self.pid = _posixsubprocess.fork_exec(
/data/sicong/anaconda3/lib/python3.10/subprocess.py:1780: RuntimeWarning: lancedb fork support is experimental: the internal async runtime has been reset in the forked child, but a small chance of deadlock remains if other state was mid-operation at fork time. The 'forkserver' or 'spawn' multiprocessing start method is likely a safer alternative.
  self.pid = _posixsubprocess.fork_exec(
/data/sicong/anaconda3/lib/python3.10/subprocess.py:1780: RuntimeWarning: lancedb fork support is experimental: the internal async runtime has been reset in the forked child, but a small chance of deadlock remains if other state was mid-operation at fork time. The 'forkserver' or 'spawn' multiprocessing start method is likely a safer alternative.
  self.pid = _posixsubprocess.fork_exec(
/data/sicong/anaconda3/lib/python3.10/subprocess.py:1780: RuntimeWarning: lancedb fork support is experimental: the internal async runtime has been reset in the forked child, but a small chance of deadlock remains if other state was mid-operation at fork time. The 'forkserver' or 'spawn' multiprocessing start method is likely a safer alternative.
  self.pid = _posixsubprocess.fork_exec(
/data/sicong/anaconda3/lib/python3.10/subprocess.py:1780: RuntimeWarning: lancedb fork support is experimental: the internal async runtime has been reset in the forked child, but a small chance of deadlock remains if other state was mid-operation at fork time. The 'forkserver' or 'spawn' multiprocessing start method is likely a safer alternative.
  self.pid = _posixsubprocess.fork_exec(
/data/sicong/anaconda3/lib/python3.10/subprocess.py:1780: RuntimeWarning: lancedb fork support is experimental: the internal async runtime has been reset in the forked child, but a small chance of deadlock remains if other state was mid-operation at fork time. The 'forkserver' or 'spawn' multiprocessing start method is likely a safer alternative.
  self.pid = _posixsubprocess.fork_exec(
/data/sicong/anaconda3/lib/python3.10/subprocess.py:1780: RuntimeWarning: lancedb fork support is experimental: the internal async runtime has been reset in the forked child, but a small chance of deadlock remains if other state was mid-operation at fork time. The 'forkserver' or 'spawn' multiprocessing start method is likely a safer alternative.
  self.pid = _posixsubprocess.fork_exec(
/data/sicong/anaconda3/lib/python3.10/subprocess.py:1780: RuntimeWarning: lancedb fork support is experimental: the internal async runtime has been reset in the forked child, but a small chance of deadlock remains if other state was mid-operation at fork time. The 'forkserver' or 'spawn' multiprocessing start method is likely a safer alternative.
  self.pid = _posixsubprocess.fork_exec(
/data/sicong/anaconda3/lib/python3.10/subprocess.py:1780: RuntimeWarning: lancedb fork support is experimental: the internal async runtime has been reset in the forked child, but a small chance of deadlock remains if other state was mid-operation at fork time. The 'forkserver' or 'spawn' multiprocessing start method is likely a safer alternative.
  self.pid = _posixsubprocess.fork_exec(
/data/sicong/anaconda3/lib/python3.10/subprocess.py:1780: RuntimeWarning: lancedb fork support is experimental: the internal async runtime has been reset in the forked child, but a small chance of deadlock remains if other state was mid-operation at fork time. The 'forkserver' or 'spawn' multiprocessing start method is likely a safer alternative.
  self.pid = _posixsubprocess.fork_exec(
/data/sicong/anaconda3/lib/python3.10/subprocess.py:1780: RuntimeWarning: lancedb fork support is experimental: the internal async runtime has been reset in the forked child, but a small chance of deadlock remains if other state was mid-operation at fork time. The 'forkserver' or 'spawn' multiprocessing start method is likely a safer alternative.
  self.pid = _posixsubprocess.fork_exec(
/data/sicong/anaconda3/lib/python3.10/subprocess.py:1780: RuntimeWarning: lancedb fork support is experimental: the internal async runtime has been reset in the forked child, but a small chance of deadlock remains if other state was mid-operation at fork time. The 'forkserver' or 'spawn' multiprocessing start method is likely a safer alternative.
  self.pid = _posixsubprocess.fork_exec(
/data/sicong/anaconda3/lib/python3.10/subprocess.py:1780: RuntimeWarning: lancedb fork support is experimental: the internal async runtime has been reset in the forked child, but a small chance of deadlock remains if other state was mid-operation at fork time. The 'forkserver' or 'spawn' multiprocessing start method is likely a safer alternative.
  self.pid = _posixsubprocess.fork_exec(
/data/sicong/anaconda3/lib/python3.10/subprocess.py:1780: RuntimeWarning: lancedb fork support is experimental: the internal async runtime has been reset in the forked child, but a small chance of deadlock remains if other state was mid-operation at fork time. The 'forkserver' or 'spawn' multiprocessing start method is likely a safer alternative.
  self.pid = _posixsubprocess.fork_exec(
/data/sicong/anaconda3/lib/python3.10/subprocess.py:1780: RuntimeWarning: lancedb fork support is experimental: the internal async runtime has been reset in the forked child, but a small chance of deadlock remains if other state was mid-operation at fork time. The 'forkserver' or 'spawn' multiprocessing start method is likely a safer alternative.
  self.pid = _posixsubprocess.fork_exec(
/data/sicong/anaconda3/lib/python3.10/subprocess.py:1780: RuntimeWarning: lancedb fork support is experimental: the internal async runtime has been reset in the forked child, but a small chance of deadlock remains if other state was mid-operation at fork time. The 'forkserver' or 'spawn' multiprocessing start method is likely a safer alternative.
  self.pid = _posixsubprocess.fork_exec(
/data/sicong/anaconda3/lib/python3.10/subprocess.py:1780: RuntimeWarning: lancedb fork support is experimental: the internal async runtime has been reset in the forked child, but a small chance of deadlock remains if other state was mid-operation at fork time. The 'forkserver' or 'spawn' multiprocessing start method is likely a safer alternative.
  self.pid = _posixsubprocess.fork_exec(
/data/sicong/anaconda3/lib/python3.10/subprocess.py:1780: RuntimeWarning: lancedb fork support is experimental: the internal async runtime has been reset in the forked child, but a small chance of deadlock remains if other state was mid-operation at fork time. The 'forkserver' or 'spawn' multiprocessing start method is likely a safer alternative.
  self.pid = _posixsubprocess.fork_exec(
/data/sicong/anaconda3/lib/python3.10/subprocess.py:1780: RuntimeWarning: lancedb fork support is experimental: the internal async runtime has been reset in the forked child, but a small chance of deadlock remains if other state was mid-operation at fork time. The 'forkserver' or 'spawn' multiprocessing start method is likely a safer alternative.
  self.pid = _posixsubprocess.fork_exec(
/data/sicong/anaconda3/lib/python3.10/subprocess.py:1780: RuntimeWarning: lancedb fork support is experimental: the internal async runtime has been reset in the forked child, but a small chance of deadlock remains if other state was mid-operation at fork time. The 'forkserver' or 'spawn' multiprocessing start method is likely a safer alternative.
  self.pid = _posixsubprocess.fork_exec(
/data/sicong/anaconda3/lib/python3.10/subprocess.py:1780: RuntimeWarning: lancedb fork support is experimental: the internal async runtime has been reset in the forked child, but a small chance of deadlock remains if other state was mid-operation at fork time. The 'forkserver' or 'spawn' multiprocessing start method is likely a safer alternative.
  self.pid = _posixsubprocess.fork_exec(
/data/sicong/anaconda3/lib/python3.10/subprocess.py:1780: RuntimeWarning: lancedb fork support is experimental: the internal async runtime has been reset in the forked child, but a small chance of deadlock remains if other state was mid-operation at fork time. The 'forkserver' or 'spawn' multiprocessing start method is likely a safer alternative.
  self.pid = _posixsubprocess.fork_exec(
/data/sicong/anaconda3/lib/python3.10/subprocess.py:1780: RuntimeWarning: lancedb fork support is experimental: the internal async runtime has been reset in the forked child, but a small chance of deadlock remains if other state was mid-operation at fork time. The 'forkserver' or 'spawn' multiprocessing start method is likely a safer alternative.
  self.pid = _posixsubprocess.fork_exec(
/data/sicong/anaconda3/lib/python3.10/subprocess.py:1780: RuntimeWarning: lancedb fork support is experimental: the internal async runtime has been reset in the forked child, but a small chance of deadlock remains if other state was mid-operation at fork time. The 'forkserver' or 'spawn' multiprocessing start method is likely a safer alternative.
  self.pid = _posixsubprocess.fork_exec(
/data/sicong/anaconda3/lib/python3.10/subprocess.py:1780: RuntimeWarning: lancedb fork support is experimental: the internal async runtime has been reset in the forked child, but a small chance of deadlock remains if other state was mid-operation at fork time. The 'forkserver' or 'spawn' multiprocessing start method is likely a safer alternative.
  self.pid = _posixsubprocess.fork_exec(
/data/sicong/anaconda3/lib/python3.10/subprocess.py:1780: RuntimeWarning: lancedb fork support is experimental: the internal async runtime has been reset in the forked child, but a small chance of deadlock remains if other state was mid-operation at fork time. The 'forkserver' or 'spawn' multiprocessing start method is likely a safer alternative.
  self.pid = _posixsubprocess.fork_exec(
/data/sicong/anaconda3/lib/python3.10/subprocess.py:1780: RuntimeWarning: lancedb fork support is experimental: the internal async runtime has been reset in the forked child, but a small chance of deadlock remains if other state was mid-operation at fork time. The 'forkserver' or 'spawn' multiprocessing start method is likely a safer alternative.
  self.pid = _posixsubprocess.fork_exec(
/data/sicong/anaconda3/lib/python3.10/subprocess.py:1780: RuntimeWarning: lancedb fork support is experimental: the internal async runtime has been reset in the forked child, but a small chance of deadlock remains if other state was mid-operation at fork time. The 'forkserver' or 'spawn' multiprocessing start method is likely a safer alternative.
  self.pid = _posixsubprocess.fork_exec(
/data/sicong/anaconda3/lib/python3.10/subprocess.py:1780: RuntimeWarning: lancedb fork support is experimental: the internal async runtime has been reset in the forked child, but a small chance of deadlock remains if other state was mid-operation at fork time. The 'forkserver' or 'spawn' multiprocessing start method is likely a safer alternative.
  self.pid = _posixsubprocess.fork_exec(
/data/sicong/anaconda3/lib/python3.10/subprocess.py:1780: RuntimeWarning: lancedb fork support is experimental: the internal async runtime has been reset in the forked child, but a small chance of deadlock remains if other state was mid-operation at fork time. The 'forkserver' or 'spawn' multiprocessing start method is likely a safer alternative.
  self.pid = _posixsubprocess.fork_exec(
/data/sicong/anaconda3/lib/python3.10/subprocess.py:1780: RuntimeWarning: lancedb fork support is experimental: the internal async runtime has been reset in the forked child, but a small chance of deadlock remains if other state was mid-operation at fork time. The 'forkserver' or 'spawn' multiprocessing start method is likely a safer alternative.
  self.pid = _posixsubprocess.fork_exec(
/data/sicong/anaconda3/lib/python3.10/subprocess.py:1780: RuntimeWarning: lancedb fork support is experimental: the internal async runtime has been reset in the forked child, but a small chance of deadlock remains if other state was mid-operation at fork time. The 'forkserver' or 'spawn' multiprocessing start method is likely a safer alternative.
  self.pid = _posixsubprocess.fork_exec(
/data/sicong/anaconda3/lib/python3.10/subprocess.py:1780: RuntimeWarning: lancedb fork support is experimental: the internal async runtime has been reset in the forked child, but a small chance of deadlock remains if other state was mid-operation at fork time. The 'forkserver' or 'spawn' multiprocessing start method is likely a safer alternative.
  self.pid = _posixsubprocess.fork_exec(
/data/sicong/anaconda3/lib/python3.10/subprocess.py:1780: RuntimeWarning: lancedb fork support is experimental: the internal async runtime has been reset in the forked child, but a small chance of deadlock remains if other state was mid-operation at fork time. The 'forkserver' or 'spawn' multiprocessing start method is likely a safer alternative.
  self.pid = _posixsubprocess.fork_exec(
/data/sicong/anaconda3/lib/python3.10/subprocess.py:1780: RuntimeWarning: lancedb fork support is experimental: the internal async runtime has been reset in the forked child, but a small chance of deadlock remains if other state was mid-operation at fork time. The 'forkserver' or 'spawn' multiprocessing start method is likely a safer alternative.
  self.pid = _posixsubprocess.fork_exec(
/data/sicong/anaconda3/lib/python3.10/subprocess.py:1780: RuntimeWarning: lancedb fork support is experimental: the internal async runtime has been reset in the forked child, but a small chance of deadlock remains if other state was mid-operation at fork time. The 'forkserver' or 'spawn' multiprocessing start method is likely a safer alternative.
  self.pid = _posixsubprocess.fork_exec(
/data/sicong/anaconda3/lib/python3.10/subprocess.py:1780: RuntimeWarning: lancedb fork support is experimental: the internal async runtime has been reset in the forked child, but a small chance of deadlock remains if other state was mid-operation at fork time. The 'forkserver' or 'spawn' multiprocessing start method is likely a safer alternative.
  self.pid = _posixsubprocess.fork_exec(
/data/sicong/anaconda3/lib/python3.10/subprocess.py:1780: RuntimeWarning: lancedb fork support is experimental: the internal async runtime has been reset in the forked child, but a small chance of deadlock remains if other state was mid-operation at fork time. The 'forkserver' or 'spawn' multiprocessing start method is likely a safer alternative.
  self.pid = _posixsubprocess.fork_exec(
/data/sicong/anaconda3/lib/python3.10/subprocess.py:1780: RuntimeWarning: lancedb fork support is experimental: the internal async runtime has been reset in the forked child, but a small chance of deadlock remains if other state was mid-operation at fork time. The 'forkserver' or 'spawn' multiprocessing start method is likely a safer alternative.
  self.pid = _posixsubprocess.fork_exec(
/data/sicong/anaconda3/lib/python3.10/subprocess.py:1780: RuntimeWarning: lancedb fork support is experimental: the internal async runtime has been reset in the forked child, but a small chance of deadlock remains if other state was mid-operation at fork time. The 'forkserver' or 'spawn' multiprocessing start method is likely a safer alternative.
  self.pid = _posixsubprocess.fork_exec(
CEM solve time: 29.5235 seconds
CEM solve time: 5.3708 seconds
{'success_rate': 90.0, 'episode_successes': array([False,  True,  True,  True,  True,  True,  True,  True,  True,
        True,  True,  True,  True,  True,  True,  True,  True,  True,
        True,  True,  True,  True,  True,  True,  True,  True, False,
       False,  True,  True,  True,  True,  True,  True,  True,  True,
        True,  True,  True, False,  True,  True, False,  True,  True,
        True,  True,  True,  True,  True]), 'seeds': None}
real 64.53
user 74.13
sys 11.82
