[data] 693728 train transitions, cluster source=experiments/real_gauge_drift/results/latent_kmeanspp_multirestart_k3/labels/kmeanspp_R50_outer2.npz
  cluster0: 220111 transitions
  cluster1: 252669 transitions
  cluster2: 220948 transitions
  [embed-cache] left_room: 330243 transitions from P_train_left_room_embeddings.npz
  [embed-cache] doorway_corridor: 38552 transitions from P_train_doorway_corridor_embeddings.npz
  [embed-cache] right_room: 324933 transitions from P_train_right_room_embeddings.npz
  [embed-cache] merged 693728 train transitions from experiments/real_gauge_drift/results/tworoom_geometry_train_region_predictors
  [cache] saved merged embeddings to experiments/real_gauge_drift/results/tworoom_latent_kmeanspp_kmeanspp_R50_outer2/P_train_global_merged_embeddings.npz
[train] cluster0: 220111 transitions, 50 epochs
  [train] epoch 1/50  train_loss=0.019829  eval_loss=0.007511
  [train] epoch 2/50  train_loss=0.005998  eval_loss=0.005238
  [train] epoch 3/50  train_loss=0.005529  eval_loss=0.005169
  [train] epoch 4/50  train_loss=0.005065  eval_loss=0.004509
  [train] epoch 5/50  train_loss=0.004681  eval_loss=0.004543
  [train] epoch 6/50  train_loss=0.004324  eval_loss=0.004491
  [train] epoch 7/50  train_loss=0.004055  eval_loss=0.003787
  [train] epoch 8/50  train_loss=0.003797  eval_loss=0.003477
  [train] epoch 9/50  train_loss=0.003649  eval_loss=0.003325
  [train] epoch 10/50  train_loss=0.003376  eval_loss=0.003307
  [train] epoch 11/50  train_loss=0.003224  eval_loss=0.002770
  [train] epoch 12/50  train_loss=0.003074  eval_loss=0.002728
  [train] epoch 13/50  train_loss=0.002875  eval_loss=0.002486
  [train] epoch 14/50  train_loss=0.002875  eval_loss=0.002579
  [train] epoch 15/50  train_loss=0.002639  eval_loss=0.002408
  [train] epoch 16/50  train_loss=0.002585  eval_loss=0.003289
  [train] epoch 17/50  train_loss=0.002437  eval_loss=0.003081
  [train] epoch 18/50  train_loss=0.002326  eval_loss=0.002224
  [train] epoch 19/50  train_loss=0.002331  eval_loss=0.002473
  [train] epoch 20/50  train_loss=0.002220  eval_loss=0.001922
  [train] epoch 21/50  train_loss=0.002168  eval_loss=0.002101
  [train] epoch 22/50  train_loss=0.002036  eval_loss=0.002113
  [train] epoch 23/50  train_loss=0.002049  eval_loss=0.002130
  [train] epoch 24/50  train_loss=0.001913  eval_loss=0.002007
  [train] epoch 25/50  train_loss=0.001888  eval_loss=0.001642
  [train] epoch 26/50  train_loss=0.001857  eval_loss=0.001766
  [train] epoch 27/50  train_loss=0.001836  eval_loss=0.001728
  [train] epoch 28/50  train_loss=0.001758  eval_loss=0.001479
  [train] epoch 29/50  train_loss=0.001683  eval_loss=0.001983
  [train] epoch 30/50  train_loss=0.001713  eval_loss=0.001428
  [train] epoch 31/50  train_loss=0.001630  eval_loss=0.001402
  [train] epoch 32/50  train_loss=0.001539  eval_loss=0.001374
  [train] epoch 33/50  train_loss=0.001578  eval_loss=0.001116
  [train] epoch 34/50  train_loss=0.001565  eval_loss=0.001453
  [train] epoch 35/50  train_loss=0.001487  eval_loss=0.001485
  [train] epoch 36/50  train_loss=0.001432  eval_loss=0.001340
  [train] epoch 37/50  train_loss=0.001542  eval_loss=0.001304
  [train] epoch 38/50  train_loss=0.001335  eval_loss=0.001474
  [train] epoch 39/50  train_loss=0.001391  eval_loss=0.001185
  [train] epoch 40/50  train_loss=0.001379  eval_loss=0.001138
  [train] epoch 41/50  train_loss=0.001249  eval_loss=0.001183
  [train] epoch 42/50  train_loss=0.001335  eval_loss=0.001966
  [train] epoch 43/50  train_loss=0.001259  eval_loss=0.001259
  [train] epoch 44/50  train_loss=0.001282  eval_loss=0.001610
  [train] epoch 45/50  train_loss=0.001336  eval_loss=0.001083
  [train] epoch 46/50  train_loss=0.001203  eval_loss=0.001454
  [train] epoch 47/50  train_loss=0.001218  eval_loss=0.001132
  [train] epoch 48/50  train_loss=0.001206  eval_loss=0.001136
  [train] epoch 49/50  train_loss=0.001034  eval_loss=0.000923
  [train] epoch 50/50  train_loss=0.001343  eval_loss=0.000989
  [best] epoch 49  eval_loss=0.000923 (selected over 50 epochs)
[train] cluster1: 252669 transitions, 50 epochs
  [train] epoch 1/50  train_loss=0.019017  eval_loss=0.006666
  [train] epoch 2/50  train_loss=0.005569  eval_loss=0.005069
  [train] epoch 3/50  train_loss=0.005080  eval_loss=0.005015
  [train] epoch 4/50  train_loss=0.004602  eval_loss=0.004061
  [train] epoch 5/50  train_loss=0.004345  eval_loss=0.003848
  [train] epoch 6/50  train_loss=0.004000  eval_loss=0.003570
  [train] epoch 7/50  train_loss=0.003735  eval_loss=0.003902
  [train] epoch 8/50  train_loss=0.003539  eval_loss=0.003426
  [train] epoch 9/50  train_loss=0.003310  eval_loss=0.002785
  [train] epoch 10/50  train_loss=0.003160  eval_loss=0.002841
  [train] epoch 11/50  train_loss=0.002913  eval_loss=0.002532
  [train] epoch 12/50  train_loss=0.002884  eval_loss=0.002847
  [train] epoch 13/50  train_loss=0.002713  eval_loss=0.002470
  [train] epoch 14/50  train_loss=0.002585  eval_loss=0.002656
  [train] epoch 15/50  train_loss=0.002471  eval_loss=0.002412
  [train] epoch 16/50  train_loss=0.002385  eval_loss=0.002154
  [train] epoch 17/50  train_loss=0.002368  eval_loss=0.002428
  [train] epoch 18/50  train_loss=0.002199  eval_loss=0.001962
  [train] epoch 19/50  train_loss=0.002167  eval_loss=0.001682
  [train] epoch 20/50  train_loss=0.002019  eval_loss=0.002340
  [train] epoch 21/50  train_loss=0.002015  eval_loss=0.001888
  [train] epoch 22/50  train_loss=0.002037  eval_loss=0.001912
  [train] epoch 23/50  train_loss=0.001847  eval_loss=0.001769
  [train] epoch 24/50  train_loss=0.001794  eval_loss=0.001574
  [train] epoch 25/50  train_loss=0.001707  eval_loss=0.001763
  [train] epoch 26/50  train_loss=0.001718  eval_loss=0.001459
  [train] epoch 27/50  train_loss=0.001734  eval_loss=0.001272
  [train] epoch 28/50  train_loss=0.001593  eval_loss=0.001590
  [train] epoch 29/50  train_loss=0.001702  eval_loss=0.001291
  [train] epoch 30/50  train_loss=0.001527  eval_loss=0.001813
  [train] epoch 31/50  train_loss=0.001540  eval_loss=0.001461
  [train] epoch 32/50  train_loss=0.001446  eval_loss=0.001592
  [train] epoch 33/50  train_loss=0.001359  eval_loss=0.001300
  [train] epoch 34/50  train_loss=0.001559  eval_loss=0.001210
  [train] epoch 35/50  train_loss=0.001358  eval_loss=0.001267
  [train] epoch 36/50  train_loss=0.001356  eval_loss=0.001306
  [train] epoch 37/50  train_loss=0.001377  eval_loss=0.001118
  [train] epoch 38/50  train_loss=0.001274  eval_loss=0.001231
  [train] epoch 39/50  train_loss=0.001351  eval_loss=0.001095
  [train] epoch 40/50  train_loss=0.001177  eval_loss=0.001295
  [train] epoch 41/50  train_loss=0.001276  eval_loss=0.001627
  [train] epoch 42/50  train_loss=0.001199  eval_loss=0.001434
  [train] epoch 43/50  train_loss=0.001241  eval_loss=0.001253
  [train] epoch 44/50  train_loss=0.001142  eval_loss=0.002077
  [train] epoch 45/50  train_loss=0.001226  eval_loss=0.000996
  [train] epoch 46/50  train_loss=0.001172  eval_loss=0.001251
  [train] epoch 47/50  train_loss=0.001126  eval_loss=0.001160
  [train] epoch 48/50  train_loss=0.001095  eval_loss=0.000717
  [train] epoch 49/50  train_loss=0.001106  eval_loss=0.001016
  [train] epoch 50/50  train_loss=0.000958  eval_loss=0.001341
  [best] epoch 48  eval_loss=0.000717 (selected over 50 epochs)
[train] cluster2: 220948 transitions, 50 epochs
  [train] epoch 1/50  train_loss=0.020053  eval_loss=0.008433
  [train] epoch 2/50  train_loss=0.006777  eval_loss=0.006272
  [train] epoch 3/50  train_loss=0.006131  eval_loss=0.005519
  [train] epoch 4/50  train_loss=0.005531  eval_loss=0.004925
  [train] epoch 5/50  train_loss=0.005071  eval_loss=0.004900
  [train] epoch 6/50  train_loss=0.004780  eval_loss=0.004325
  [train] epoch 7/50  train_loss=0.004421  eval_loss=0.003930
  [train] epoch 8/50  train_loss=0.004117  eval_loss=0.003753
  [train] epoch 9/50  train_loss=0.003887  eval_loss=0.003746
  [train] epoch 10/50  train_loss=0.003715  eval_loss=0.003592
  [train] epoch 11/50  train_loss=0.003468  eval_loss=0.002953
  [train] epoch 12/50  train_loss=0.003287  eval_loss=0.002833
  [train] epoch 13/50  train_loss=0.003160  eval_loss=0.002885
  [train] epoch 14/50  train_loss=0.002942  eval_loss=0.002795
  [train] epoch 15/50  train_loss=0.002900  eval_loss=0.002639
  [train] epoch 16/50  train_loss=0.002785  eval_loss=0.002760
  [train] epoch 17/50  train_loss=0.002648  eval_loss=0.002246
  [train] epoch 18/50  train_loss=0.002445  eval_loss=0.002552
  [train] epoch 19/50  train_loss=0.002443  eval_loss=0.002185
  [train] epoch 20/50  train_loss=0.002390  eval_loss=0.002537
  [train] epoch 21/50  train_loss=0.002293  eval_loss=0.002384
  [train] epoch 22/50  train_loss=0.002123  eval_loss=0.002350
  [train] epoch 23/50  train_loss=0.002134  eval_loss=0.002147
  [train] epoch 24/50  train_loss=0.002079  eval_loss=0.001870
  [train] epoch 25/50  train_loss=0.002014  eval_loss=0.002906
  [train] epoch 26/50  train_loss=0.001932  eval_loss=0.001524
  [train] epoch 27/50  train_loss=0.001854  eval_loss=0.001761
  [train] epoch 28/50  train_loss=0.001791  eval_loss=0.001492
  [train] epoch 29/50  train_loss=0.001768  eval_loss=0.001578
  [train] epoch 30/50  train_loss=0.001826  eval_loss=0.001576
  [train] epoch 31/50  train_loss=0.001708  eval_loss=0.002602
  [train] epoch 32/50  train_loss=0.001616  eval_loss=0.001501
  [train] epoch 33/50  train_loss=0.001632  eval_loss=0.001483
  [train] epoch 34/50  train_loss=0.001635  eval_loss=0.001428
  [train] epoch 35/50  train_loss=0.001396  eval_loss=0.001452
  [train] epoch 36/50  train_loss=0.001512  eval_loss=0.001655
  [train] epoch 37/50  train_loss=0.001343  eval_loss=0.001331
  [train] epoch 38/50  train_loss=0.001558  eval_loss=0.001190
  [train] epoch 39/50  train_loss=0.001417  eval_loss=0.001433
  [train] epoch 40/50  train_loss=0.001416  eval_loss=0.001580
  [train] epoch 41/50  train_loss=0.001308  eval_loss=0.000813
  [train] epoch 42/50  train_loss=0.001264  eval_loss=0.001889
  [train] epoch 43/50  train_loss=0.001113  eval_loss=0.000960
  [train] epoch 44/50  train_loss=0.001573  eval_loss=0.001051
  [train] epoch 45/50  train_loss=0.001137  eval_loss=0.001086
  [train] epoch 46/50  train_loss=0.001167  eval_loss=0.001180
  [train] epoch 47/50  train_loss=0.001122  eval_loss=0.001473
  [train] epoch 48/50  train_loss=0.001208  eval_loss=0.001829
  [train] epoch 49/50  train_loss=0.001144  eval_loss=0.001337
  [train] epoch 50/50  train_loss=0.001049  eval_loss=0.001441
  [best] epoch 41  eval_loss=0.000813 (selected over 50 epochs)
[done] manifest -> experiments/real_gauge_drift/results/tworoom_latent_kmeanspp_kmeanspp_R50_outer2/manifest.json
real 4542.79
user 4715.86
sys 55.90
