[data] 693728 train transitions, cluster source=experiments/real_gauge_drift/results/latent_kmeanspp_multirestart_k3/labels/kmeanspp_R50_outer1.npz
  cluster0: 220527 transitions
  cluster1: 231231 transitions
  cluster2: 241970 transitions
  [embed-cache] left_room: 330243 transitions from P_train_left_room_embeddings.npz
  [embed-cache] doorway_corridor: 38552 transitions from P_train_doorway_corridor_embeddings.npz
  [embed-cache] right_room: 324933 transitions from P_train_right_room_embeddings.npz
  [embed-cache] merged 693728 train transitions from experiments/real_gauge_drift/results/tworoom_geometry_train_region_predictors
  [cache] saved merged embeddings to experiments/real_gauge_drift/results/tworoom_latent_kmeanspp_kmeanspp_R50_outer1/P_train_global_merged_embeddings.npz
[train] cluster0: 220527 transitions, 50 epochs
  [train] epoch 1/50  train_loss=0.019363  eval_loss=0.006862
  [train] epoch 2/50  train_loss=0.005779  eval_loss=0.005428
  [train] epoch 3/50  train_loss=0.005315  eval_loss=0.004744
  [train] epoch 4/50  train_loss=0.004882  eval_loss=0.004191
  [train] epoch 5/50  train_loss=0.004495  eval_loss=0.003999
  [train] epoch 6/50  train_loss=0.004234  eval_loss=0.003759
  [train] epoch 7/50  train_loss=0.003887  eval_loss=0.003598
  [train] epoch 8/50  train_loss=0.003669  eval_loss=0.003391
  [train] epoch 9/50  train_loss=0.003469  eval_loss=0.003147
  [train] epoch 10/50  train_loss=0.003294  eval_loss=0.003001
  [train] epoch 11/50  train_loss=0.003052  eval_loss=0.003371
  [train] epoch 12/50  train_loss=0.002924  eval_loss=0.002635
  [train] epoch 13/50  train_loss=0.002844  eval_loss=0.002674
  [train] epoch 14/50  train_loss=0.002737  eval_loss=0.002597
  [train] epoch 15/50  train_loss=0.002709  eval_loss=0.002666
  [train] epoch 16/50  train_loss=0.002475  eval_loss=0.002541
  [train] epoch 17/50  train_loss=0.002344  eval_loss=0.002071
  [train] epoch 18/50  train_loss=0.002352  eval_loss=0.002031
  [train] epoch 19/50  train_loss=0.002247  eval_loss=0.001972
  [train] epoch 20/50  train_loss=0.002138  eval_loss=0.001959
  [train] epoch 21/50  train_loss=0.002078  eval_loss=0.002061
  [train] epoch 22/50  train_loss=0.002031  eval_loss=0.002098
  [train] epoch 23/50  train_loss=0.001950  eval_loss=0.001827
  [train] epoch 24/50  train_loss=0.001893  eval_loss=0.001577
  [train] epoch 25/50  train_loss=0.001859  eval_loss=0.001707
  [train] epoch 26/50  train_loss=0.001854  eval_loss=0.001537
  [train] epoch 27/50  train_loss=0.001754  eval_loss=0.001825
  [train] epoch 28/50  train_loss=0.001721  eval_loss=0.001766
  [train] epoch 29/50  train_loss=0.001676  eval_loss=0.001701
  [train] epoch 30/50  train_loss=0.001625  eval_loss=0.001599
  [train] epoch 31/50  train_loss=0.001634  eval_loss=0.001788
  [train] epoch 32/50  train_loss=0.001443  eval_loss=0.001397
  [train] epoch 33/50  train_loss=0.001549  eval_loss=0.001312
  [train] epoch 34/50  train_loss=0.001540  eval_loss=0.001762
  [train] epoch 35/50  train_loss=0.001504  eval_loss=0.001150
  [train] epoch 36/50  train_loss=0.001435  eval_loss=0.001738
  [train] epoch 37/50  train_loss=0.001252  eval_loss=0.001069
  [train] epoch 38/50  train_loss=0.001494  eval_loss=0.001832
  [train] epoch 39/50  train_loss=0.001325  eval_loss=0.001258
  [train] epoch 40/50  train_loss=0.001385  eval_loss=0.001879
  [train] epoch 41/50  train_loss=0.001152  eval_loss=0.000995
  [train] epoch 42/50  train_loss=0.001310  eval_loss=0.001133
  [train] epoch 43/50  train_loss=0.001256  eval_loss=0.000830
  [train] epoch 44/50  train_loss=0.001319  eval_loss=0.001221
  [train] epoch 45/50  train_loss=0.001098  eval_loss=0.001072
  [train] epoch 46/50  train_loss=0.001131  eval_loss=0.001026
  [train] epoch 47/50  train_loss=0.001184  eval_loss=0.001257
  [train] epoch 48/50  train_loss=0.001137  eval_loss=0.000974
  [train] epoch 49/50  train_loss=0.001129  eval_loss=0.001134
  [train] epoch 50/50  train_loss=0.001172  eval_loss=0.000973
  [best] epoch 43  eval_loss=0.000830 (selected over 50 epochs)
[train] cluster1: 231231 transitions, 50 epochs
  [train] epoch 1/50  train_loss=0.018571  eval_loss=0.006641
  [train] epoch 2/50  train_loss=0.005196  eval_loss=0.004717
  [train] epoch 3/50  train_loss=0.004742  eval_loss=0.004260
  [train] epoch 4/50  train_loss=0.004368  eval_loss=0.003912
  [train] epoch 5/50  train_loss=0.003980  eval_loss=0.003919
  [train] epoch 6/50  train_loss=0.003746  eval_loss=0.003289
  [train] epoch 7/50  train_loss=0.003531  eval_loss=0.003336
  [train] epoch 8/50  train_loss=0.003226  eval_loss=0.003020
  [train] epoch 9/50  train_loss=0.003108  eval_loss=0.003437
  [train] epoch 10/50  train_loss=0.002947  eval_loss=0.002739
  [train] epoch 11/50  train_loss=0.002721  eval_loss=0.002421
  [train] epoch 12/50  train_loss=0.002639  eval_loss=0.002912
  [train] epoch 13/50  train_loss=0.002506  eval_loss=0.002303
  [train] epoch 14/50  train_loss=0.002471  eval_loss=0.002333
  [train] epoch 15/50  train_loss=0.002265  eval_loss=0.002014
  [train] epoch 16/50  train_loss=0.002270  eval_loss=0.002305
  [train] epoch 17/50  train_loss=0.002104  eval_loss=0.001817
  [train] epoch 18/50  train_loss=0.002056  eval_loss=0.002059
  [train] epoch 19/50  train_loss=0.001977  eval_loss=0.002093
  [train] epoch 20/50  train_loss=0.001942  eval_loss=0.001724
  [train] epoch 21/50  train_loss=0.001845  eval_loss=0.001863
  [train] epoch 22/50  train_loss=0.001751  eval_loss=0.001712
  [train] epoch 23/50  train_loss=0.001758  eval_loss=0.001768
  [train] epoch 24/50  train_loss=0.001759  eval_loss=0.001855
  [train] epoch 25/50  train_loss=0.001658  eval_loss=0.001983
  [train] epoch 26/50  train_loss=0.001554  eval_loss=0.001319
  [train] epoch 27/50  train_loss=0.001519  eval_loss=0.002066
  [train] epoch 28/50  train_loss=0.001522  eval_loss=0.001307
  [train] epoch 29/50  train_loss=0.001436  eval_loss=0.001237
  [train] epoch 30/50  train_loss=0.001394  eval_loss=0.001653
  [train] epoch 31/50  train_loss=0.001523  eval_loss=0.001519
  [train] epoch 32/50  train_loss=0.001402  eval_loss=0.001282
  [train] epoch 33/50  train_loss=0.001272  eval_loss=0.001342
  [train] epoch 34/50  train_loss=0.001310  eval_loss=0.001294
  [train] epoch 35/50  train_loss=0.001296  eval_loss=0.000984
  [train] epoch 36/50  train_loss=0.001235  eval_loss=0.001717
  [train] epoch 37/50  train_loss=0.001285  eval_loss=0.001370
  [train] epoch 38/50  train_loss=0.001192  eval_loss=0.001067
  [train] epoch 39/50  train_loss=0.001157  eval_loss=0.000918
  [train] epoch 40/50  train_loss=0.001229  eval_loss=0.001297
  [train] epoch 41/50  train_loss=0.001108  eval_loss=0.000933
  [train] epoch 42/50  train_loss=0.001282  eval_loss=0.000954
  [train] epoch 43/50  train_loss=0.000981  eval_loss=0.001229
  [train] epoch 44/50  train_loss=0.001184  eval_loss=0.001213
  [train] epoch 45/50  train_loss=0.001029  eval_loss=0.001195
  [train] epoch 46/50  train_loss=0.001132  eval_loss=0.001020
  [train] epoch 47/50  train_loss=0.001039  eval_loss=0.000910
  [train] epoch 48/50  train_loss=0.000976  eval_loss=0.001117
  [train] epoch 49/50  train_loss=0.001144  eval_loss=0.001125
  [train] epoch 50/50  train_loss=0.000949  eval_loss=0.000939
  [best] epoch 47  eval_loss=0.000910 (selected over 50 epochs)
[train] cluster2: 241970 transitions, 50 epochs
  [train] epoch 1/50  train_loss=0.020607  eval_loss=0.008703
  [train] epoch 2/50  train_loss=0.007211  eval_loss=0.006507
  [train] epoch 3/50  train_loss=0.006511  eval_loss=0.006016
  [train] epoch 4/50  train_loss=0.005946  eval_loss=0.005299
  [train] epoch 5/50  train_loss=0.005449  eval_loss=0.004944
  [train] epoch 6/50  train_loss=0.005067  eval_loss=0.004566
  [train] epoch 7/50  train_loss=0.004748  eval_loss=0.004225
  [train] epoch 8/50  train_loss=0.004394  eval_loss=0.004481
  [train] epoch 9/50  train_loss=0.004162  eval_loss=0.003818
  [train] epoch 10/50  train_loss=0.003904  eval_loss=0.003995
  [train] epoch 11/50  train_loss=0.003789  eval_loss=0.003737
  [train] epoch 12/50  train_loss=0.003535  eval_loss=0.003362
  [train] epoch 13/50  train_loss=0.003340  eval_loss=0.003561
  [train] epoch 14/50  train_loss=0.003172  eval_loss=0.003132
  [train] epoch 15/50  train_loss=0.003095  eval_loss=0.002911
  [train] epoch 16/50  train_loss=0.002891  eval_loss=0.003015
  [train] epoch 17/50  train_loss=0.002861  eval_loss=0.002668
  [train] epoch 18/50  train_loss=0.002771  eval_loss=0.002382
  [train] epoch 19/50  train_loss=0.002621  eval_loss=0.002240
  [train] epoch 20/50  train_loss=0.002557  eval_loss=0.002057
  [train] epoch 21/50  train_loss=0.002381  eval_loss=0.002554
  [train] epoch 22/50  train_loss=0.002442  eval_loss=0.002159
  [train] epoch 23/50  train_loss=0.002236  eval_loss=0.002037
  [train] epoch 24/50  train_loss=0.002145  eval_loss=0.002070
  [train] epoch 25/50  train_loss=0.002109  eval_loss=0.002497
  [train] epoch 26/50  train_loss=0.002212  eval_loss=0.002074
  [train] epoch 27/50  train_loss=0.002020  eval_loss=0.002250
  [train] epoch 28/50  train_loss=0.001913  eval_loss=0.001911
  [train] epoch 29/50  train_loss=0.001967  eval_loss=0.002000
  [train] epoch 30/50  train_loss=0.001804  eval_loss=0.001695
  [train] epoch 31/50  train_loss=0.001832  eval_loss=0.001854
  [train] epoch 32/50  train_loss=0.001774  eval_loss=0.001817
  [train] epoch 33/50  train_loss=0.001836  eval_loss=0.001522
  [train] epoch 34/50  train_loss=0.001591  eval_loss=0.001453
  [train] epoch 35/50  train_loss=0.001710  eval_loss=0.001260
  [train] epoch 36/50  train_loss=0.001519  eval_loss=0.001670
  [train] epoch 37/50  train_loss=0.001620  eval_loss=0.002720
  [train] epoch 38/50  train_loss=0.001471  eval_loss=0.001631
  [train] epoch 39/50  train_loss=0.001431  eval_loss=0.001651
  [train] epoch 40/50  train_loss=0.001535  eval_loss=0.001435
  [train] epoch 41/50  train_loss=0.001317  eval_loss=0.000998
  [train] epoch 42/50  train_loss=0.001519  eval_loss=0.001220
  [train] epoch 43/50  train_loss=0.001435  eval_loss=0.002858
  [train] epoch 44/50  train_loss=0.001346  eval_loss=0.001309
  [train] epoch 45/50  train_loss=0.001405  eval_loss=0.001161
  [train] epoch 46/50  train_loss=0.001297  eval_loss=0.001387
  [train] epoch 47/50  train_loss=0.001340  eval_loss=0.001468
  [train] epoch 48/50  train_loss=0.001263  eval_loss=0.002003
  [train] epoch 49/50  train_loss=0.001190  eval_loss=0.002746
  [train] epoch 50/50  train_loss=0.001202  eval_loss=0.001034
  [best] epoch 41  eval_loss=0.000998 (selected over 50 epochs)
[done] manifest -> experiments/real_gauge_drift/results/tworoom_latent_kmeanspp_kmeanspp_R50_outer1/manifest.json
real 4517.42
user 4745.91
sys 53.21
