[data] 693728 train transitions, cluster source=experiments/real_gauge_drift/results/latent_kmeanspp_multirestart_k3/labels/kmeanspp_R50_outer0.npz
  cluster0: 232240 transitions
  cluster1: 229533 transitions
  cluster2: 231955 transitions
  [embed-cache] left_room: 330243 transitions from P_train_left_room_embeddings.npz
  [embed-cache] doorway_corridor: 38552 transitions from P_train_doorway_corridor_embeddings.npz
  [embed-cache] right_room: 324933 transitions from P_train_right_room_embeddings.npz
  [embed-cache] merged 693728 train transitions from experiments/real_gauge_drift/results/tworoom_geometry_train_region_predictors
  [cache] saved merged embeddings to experiments/real_gauge_drift/results/tworoom_latent_kmeanspp_kmeanspp_R50_outer0/P_train_global_merged_embeddings.npz
[train] cluster0: 232240 transitions, 50 epochs
  [train] epoch 1/50  train_loss=0.020519  eval_loss=0.008498
  [train] epoch 2/50  train_loss=0.007150  eval_loss=0.006425
  [train] epoch 3/50  train_loss=0.006499  eval_loss=0.005827
  [train] epoch 4/50  train_loss=0.005930  eval_loss=0.005196
  [train] epoch 5/50  train_loss=0.005421  eval_loss=0.004843
  [train] epoch 6/50  train_loss=0.005009  eval_loss=0.004669
  [train] epoch 7/50  train_loss=0.004695  eval_loss=0.004267
  [train] epoch 8/50  train_loss=0.004369  eval_loss=0.004040
  [train] epoch 9/50  train_loss=0.004170  eval_loss=0.003596
  [train] epoch 10/50  train_loss=0.003863  eval_loss=0.003380
  [train] epoch 11/50  train_loss=0.003709  eval_loss=0.003348
  [train] epoch 12/50  train_loss=0.003507  eval_loss=0.003773
  [train] epoch 13/50  train_loss=0.003294  eval_loss=0.002814
  [train] epoch 14/50  train_loss=0.003215  eval_loss=0.002769
  [train] epoch 15/50  train_loss=0.003142  eval_loss=0.002715
  [train] epoch 16/50  train_loss=0.002864  eval_loss=0.002530
  [train] epoch 17/50  train_loss=0.002794  eval_loss=0.002507
  [train] epoch 18/50  train_loss=0.002741  eval_loss=0.002394
  [train] epoch 19/50  train_loss=0.002672  eval_loss=0.002596
  [train] epoch 20/50  train_loss=0.002503  eval_loss=0.002306
  [train] epoch 21/50  train_loss=0.002308  eval_loss=0.002500
  [train] epoch 22/50  train_loss=0.002318  eval_loss=0.001841
  [train] epoch 23/50  train_loss=0.002180  eval_loss=0.001903
  [train] epoch 24/50  train_loss=0.002142  eval_loss=0.002167
  [train] epoch 25/50  train_loss=0.002140  eval_loss=0.001978
  [train] epoch 26/50  train_loss=0.001948  eval_loss=0.001721
  [train] epoch 27/50  train_loss=0.002042  eval_loss=0.001812
  [train] epoch 28/50  train_loss=0.001947  eval_loss=0.001895
  [train] epoch 29/50  train_loss=0.001751  eval_loss=0.002186
  [train] epoch 30/50  train_loss=0.001768  eval_loss=0.002215
  [train] epoch 31/50  train_loss=0.001814  eval_loss=0.001456
  [train] epoch 32/50  train_loss=0.001808  eval_loss=0.001599
  [train] epoch 33/50  train_loss=0.001585  eval_loss=0.001458
  [train] epoch 34/50  train_loss=0.001737  eval_loss=0.001465
  [train] epoch 35/50  train_loss=0.001622  eval_loss=0.002099
  [train] epoch 36/50  train_loss=0.001568  eval_loss=0.002171
  [train] epoch 37/50  train_loss=0.001530  eval_loss=0.001840
  [train] epoch 38/50  train_loss=0.001397  eval_loss=0.001118
  [train] epoch 39/50  train_loss=0.001312  eval_loss=0.001720
  [train] epoch 40/50  train_loss=0.001435  eval_loss=0.001096
  [train] epoch 41/50  train_loss=0.001544  eval_loss=0.001529
  [train] epoch 42/50  train_loss=0.001345  eval_loss=0.001137
  [train] epoch 43/50  train_loss=0.001362  eval_loss=0.001345
  [train] epoch 44/50  train_loss=0.001329  eval_loss=0.001171
  [train] epoch 45/50  train_loss=0.001313  eval_loss=0.001291
  [train] epoch 46/50  train_loss=0.001318  eval_loss=0.001190
  [train] epoch 47/50  train_loss=0.001245  eval_loss=0.001339
  [train] epoch 48/50  train_loss=0.001332  eval_loss=0.001513
  [train] epoch 49/50  train_loss=0.001334  eval_loss=0.001771
  [train] epoch 50/50  train_loss=0.001050  eval_loss=0.001304
  [best] epoch 40  eval_loss=0.001096 (selected over 50 epochs)
[train] cluster1: 229533 transitions, 50 epochs
  [train] epoch 1/50  train_loss=0.019054  eval_loss=0.006580
  [train] epoch 2/50  train_loss=0.005565  eval_loss=0.004655
  [train] epoch 3/50  train_loss=0.005043  eval_loss=0.004367
  [train] epoch 4/50  train_loss=0.004610  eval_loss=0.004208
  [train] epoch 5/50  train_loss=0.004292  eval_loss=0.004066
  [train] epoch 6/50  train_loss=0.003969  eval_loss=0.003418
  [train] epoch 7/50  train_loss=0.003769  eval_loss=0.003436
  [train] epoch 8/50  train_loss=0.003479  eval_loss=0.003180
  [train] epoch 9/50  train_loss=0.003274  eval_loss=0.003050
  [train] epoch 10/50  train_loss=0.003208  eval_loss=0.002856
  [train] epoch 11/50  train_loss=0.002921  eval_loss=0.002713
  [train] epoch 12/50  train_loss=0.002881  eval_loss=0.002641
  [train] epoch 13/50  train_loss=0.002749  eval_loss=0.002642
  [train] epoch 14/50  train_loss=0.002546  eval_loss=0.002409
  [train] epoch 15/50  train_loss=0.002444  eval_loss=0.002240
  [train] epoch 16/50  train_loss=0.002407  eval_loss=0.002241
  [train] epoch 17/50  train_loss=0.002268  eval_loss=0.002742
  [train] epoch 18/50  train_loss=0.002241  eval_loss=0.001895
  [train] epoch 19/50  train_loss=0.002189  eval_loss=0.002040
  [train] epoch 20/50  train_loss=0.002065  eval_loss=0.001891
  [train] epoch 21/50  train_loss=0.002071  eval_loss=0.001641
  [train] epoch 22/50  train_loss=0.001900  eval_loss=0.001558
  [train] epoch 23/50  train_loss=0.001854  eval_loss=0.001682
  [train] epoch 24/50  train_loss=0.001862  eval_loss=0.001726
  [train] epoch 25/50  train_loss=0.001798  eval_loss=0.001904
  [train] epoch 26/50  train_loss=0.001695  eval_loss=0.001492
  [train] epoch 27/50  train_loss=0.001804  eval_loss=0.002212
  [train] epoch 28/50  train_loss=0.001565  eval_loss=0.001521
  [train] epoch 29/50  train_loss=0.001559  eval_loss=0.001420
  [train] epoch 30/50  train_loss=0.001567  eval_loss=0.001597
  [train] epoch 31/50  train_loss=0.001573  eval_loss=0.001293
  [train] epoch 32/50  train_loss=0.001469  eval_loss=0.001282
  [train] epoch 33/50  train_loss=0.001459  eval_loss=0.001686
  [train] epoch 34/50  train_loss=0.001425  eval_loss=0.001305
  [train] epoch 35/50  train_loss=0.001439  eval_loss=0.001463
  [train] epoch 36/50  train_loss=0.001422  eval_loss=0.001487
  [train] epoch 37/50  train_loss=0.001278  eval_loss=0.001685
  [train] epoch 38/50  train_loss=0.001297  eval_loss=0.001507
  [train] epoch 39/50  train_loss=0.001396  eval_loss=0.001037
  [train] epoch 40/50  train_loss=0.001242  eval_loss=0.000984
  [train] epoch 41/50  train_loss=0.001171  eval_loss=0.001395
  [train] epoch 42/50  train_loss=0.001262  eval_loss=0.001139
  [train] epoch 43/50  train_loss=0.001326  eval_loss=0.001473
  [train] epoch 44/50  train_loss=0.001108  eval_loss=0.001121
  [train] epoch 45/50  train_loss=0.001209  eval_loss=0.001206
  [train] epoch 46/50  train_loss=0.001081  eval_loss=0.001089
  [train] epoch 47/50  train_loss=0.001152  eval_loss=0.000907
  [train] epoch 48/50  train_loss=0.001138  eval_loss=0.000878
  [train] epoch 49/50  train_loss=0.001115  eval_loss=0.001298
  [train] epoch 50/50  train_loss=0.001150  eval_loss=0.000946
  [best] epoch 48  eval_loss=0.000878 (selected over 50 epochs)
[train] cluster2: 231955 transitions, 50 epochs
  [train] epoch 1/50  train_loss=0.019142  eval_loss=0.007194
  [train] epoch 2/50  train_loss=0.005653  eval_loss=0.005233
  [train] epoch 3/50  train_loss=0.005146  eval_loss=0.004507
  [train] epoch 4/50  train_loss=0.004688  eval_loss=0.004856
  [train] epoch 5/50  train_loss=0.004394  eval_loss=0.004457
  [train] epoch 6/50  train_loss=0.004045  eval_loss=0.003657
  [train] epoch 7/50  train_loss=0.003778  eval_loss=0.003216
  [train] epoch 8/50  train_loss=0.003593  eval_loss=0.003274
  [train] epoch 9/50  train_loss=0.003351  eval_loss=0.002991
  [train] epoch 10/50  train_loss=0.003169  eval_loss=0.002725
  [train] epoch 11/50  train_loss=0.002978  eval_loss=0.002779
  [train] epoch 12/50  train_loss=0.002892  eval_loss=0.003170
  [train] epoch 13/50  train_loss=0.002720  eval_loss=0.002633
  [train] epoch 14/50  train_loss=0.002602  eval_loss=0.002311
  [train] epoch 15/50  train_loss=0.002507  eval_loss=0.002126
  [train] epoch 16/50  train_loss=0.002377  eval_loss=0.002377
  [train] epoch 17/50  train_loss=0.002369  eval_loss=0.001933
  [train] epoch 18/50  train_loss=0.002151  eval_loss=0.002063
  [train] epoch 19/50  train_loss=0.002149  eval_loss=0.002525
  [train] epoch 20/50  train_loss=0.001965  eval_loss=0.001913
  [train] epoch 21/50  train_loss=0.002047  eval_loss=0.002484
  [train] epoch 22/50  train_loss=0.002005  eval_loss=0.002226
  [train] epoch 23/50  train_loss=0.001926  eval_loss=0.002055
  [train] epoch 24/50  train_loss=0.001771  eval_loss=0.001915
  [train] epoch 25/50  train_loss=0.001839  eval_loss=0.001977
  [train] epoch 26/50  train_loss=0.001731  eval_loss=0.001521
  [train] epoch 27/50  train_loss=0.001656  eval_loss=0.001355
  [train] epoch 28/50  train_loss=0.001633  eval_loss=0.001338
  [train] epoch 29/50  train_loss=0.001616  eval_loss=0.001198
  [train] epoch 30/50  train_loss=0.001567  eval_loss=0.001576
  [train] epoch 31/50  train_loss=0.001488  eval_loss=0.001455
  [train] epoch 32/50  train_loss=0.001548  eval_loss=0.001571
  [train] epoch 33/50  train_loss=0.001510  eval_loss=0.001421
  [train] epoch 34/50  train_loss=0.001412  eval_loss=0.001272
  [train] epoch 35/50  train_loss=0.001379  eval_loss=0.001103
  [train] epoch 36/50  train_loss=0.001400  eval_loss=0.001026
  [train] epoch 37/50  train_loss=0.001265  eval_loss=0.001398
  [train] epoch 38/50  train_loss=0.001309  eval_loss=0.001246
  [train] epoch 39/50  train_loss=0.001398  eval_loss=0.001470
  [train] epoch 40/50  train_loss=0.001244  eval_loss=0.001305
  [train] epoch 41/50  train_loss=0.001257  eval_loss=0.001063
  [train] epoch 42/50  train_loss=0.001208  eval_loss=0.001018
  [train] epoch 43/50  train_loss=0.001234  eval_loss=0.000876
  [train] epoch 44/50  train_loss=0.001099  eval_loss=0.001316
  [train] epoch 45/50  train_loss=0.001119  eval_loss=0.001587
  [train] epoch 46/50  train_loss=0.001189  eval_loss=0.000948
  [train] epoch 47/50  train_loss=0.001203  eval_loss=0.001742
  [train] epoch 48/50  train_loss=0.001104  eval_loss=0.000980
  [train] epoch 49/50  train_loss=0.001109  eval_loss=0.000954
  [train] epoch 50/50  train_loss=0.001057  eval_loss=0.001397
  [best] epoch 43  eval_loss=0.000876 (selected over 50 epochs)
[done] manifest -> experiments/real_gauge_drift/results/tworoom_latent_kmeanspp_kmeanspp_R50_outer0/manifest.json
real 4576.17
user 4771.83
sys 54.88
[data] 693728 train transitions, cluster source=experiments/real_gauge_drift/results/latent_kmeanspp_multirestart_k3/labels/kmeanspp_R50_outer0.npz
  cluster0: 232240 transitions
  cluster1: 229533 transitions
  cluster2: 231955 transitions
  [cache] loaded merged embeddings from experiments/real_gauge_drift/results/tworoom_latent_kmeanspp_kmeanspp_R50_outer0/P_train_global_merged_embeddings.npz
[skip] cluster0: not in --only-clusters
[skip] cluster1: not in --only-clusters
[train] cluster2: 231955 transitions, 50 epochs
  [train] epoch 1/50  train_loss=0.019142  eval_loss=0.007194
  [train] epoch 2/50  train_loss=0.005653  eval_loss=0.005233
  [train] epoch 3/50  train_loss=0.005146  eval_loss=0.004507
  [train] epoch 4/50  train_loss=0.004688  eval_loss=0.004856
  [train] epoch 5/50  train_loss=0.004394  eval_loss=0.004457
  [train] epoch 6/50  train_loss=0.004045  eval_loss=0.003657
  [train] epoch 7/50  train_loss=0.003778  eval_loss=0.003216
  [train] epoch 8/50  train_loss=0.003593  eval_loss=0.003274
  [train] epoch 9/50  train_loss=0.003351  eval_loss=0.002991
  [train] epoch 10/50  train_loss=0.003169  eval_loss=0.002725
  [train] epoch 11/50  train_loss=0.002978  eval_loss=0.002779
  [train] epoch 12/50  train_loss=0.002892  eval_loss=0.003170
  [train] epoch 13/50  train_loss=0.002720  eval_loss=0.002633
  [train] epoch 14/50  train_loss=0.002602  eval_loss=0.002311
  [train] epoch 15/50  train_loss=0.002507  eval_loss=0.002126
  [train] epoch 16/50  train_loss=0.002377  eval_loss=0.002377
  [train] epoch 17/50  train_loss=0.002369  eval_loss=0.001933
  [train] epoch 18/50  train_loss=0.002151  eval_loss=0.002063
  [train] epoch 19/50  train_loss=0.002149  eval_loss=0.002525
  [train] epoch 20/50  train_loss=0.001965  eval_loss=0.001913
  [train] epoch 21/50  train_loss=0.002047  eval_loss=0.002484
  [train] epoch 22/50  train_loss=0.002005  eval_loss=0.002226
  [train] epoch 23/50  train_loss=0.001926  eval_loss=0.002055
  [train] epoch 24/50  train_loss=0.001771  eval_loss=0.001915
  [train] epoch 25/50  train_loss=0.001839  eval_loss=0.001977
  [train] epoch 26/50  train_loss=0.001731  eval_loss=0.001521
  [train] epoch 27/50  train_loss=0.001656  eval_loss=0.001355
  [train] epoch 28/50  train_loss=0.001633  eval_loss=0.001338
  [train] epoch 29/50  train_loss=0.001616  eval_loss=0.001198
  [train] epoch 30/50  train_loss=0.001567  eval_loss=0.001576
  [train] epoch 31/50  train_loss=0.001488  eval_loss=0.001455
  [train] epoch 32/50  train_loss=0.001548  eval_loss=0.001571
  [train] epoch 33/50  train_loss=0.001510  eval_loss=0.001421
  [train] epoch 34/50  train_loss=0.001412  eval_loss=0.001272
  [train] epoch 35/50  train_loss=0.001379  eval_loss=0.001103
  [train] epoch 36/50  train_loss=0.001400  eval_loss=0.001026
  [train] epoch 37/50  train_loss=0.001265  eval_loss=0.001398
  [train] epoch 38/50  train_loss=0.001309  eval_loss=0.001246
  [train] epoch 39/50  train_loss=0.001398  eval_loss=0.001470
  [train] epoch 40/50  train_loss=0.001244  eval_loss=0.001305
  [train] epoch 41/50  train_loss=0.001257  eval_loss=0.001063
  [train] epoch 42/50  train_loss=0.001208  eval_loss=0.001018
  [train] epoch 43/50  train_loss=0.001234  eval_loss=0.000876
  [train] epoch 44/50  train_loss=0.001099  eval_loss=0.001316
  [train] epoch 45/50  train_loss=0.001119  eval_loss=0.001587
  [train] epoch 46/50  train_loss=0.001189  eval_loss=0.000948
  [train] epoch 47/50  train_loss=0.001203  eval_loss=0.001742
  [train] epoch 48/50  train_loss=0.001104  eval_loss=0.000980
  [train] epoch 49/50  train_loss=0.001109  eval_loss=0.000954
  [train] epoch 50/50  train_loss=0.001057  eval_loss=0.001397
  [best] epoch 43  eval_loss=0.000876 (selected over 50 epochs)
[done] manifest -> experiments/real_gauge_drift/results/tworoom_latent_kmeanspp_kmeanspp_R50_outer0/manifest.json
real 1510.97
user 1615.01
sys 12.35
