[data] 693728 train transitions, cluster source=experiments/real_gauge_drift/results/latent_random_voronoi_k3/random_voronoi_k3_seed0, route_label_offset_steps=0
  cluster0: 202975 transitions
  cluster1: 275130 transitions
  cluster2: 215623 transitions
  [cache] loaded merged embeddings from experiments/real_gauge_drift/results/tworoom_latent_random_voronoi_k3_seed0_trainseed0/P_train_global_merged_embeddings.npz
[train] cluster0: 202975 transitions, 50 epochs
  [train] epoch 1/50  train_loss=0.019920  eval_loss=0.007946
  [train] epoch 2/50  train_loss=0.006399  eval_loss=0.005572
  [train] epoch 3/50  train_loss=0.005836  eval_loss=0.005100
  [train] epoch 4/50  train_loss=0.005370  eval_loss=0.004859
  [train] epoch 5/50  train_loss=0.004977  eval_loss=0.004579
  [train] epoch 6/50  train_loss=0.004682  eval_loss=0.004246
  [train] epoch 7/50  train_loss=0.004341  eval_loss=0.003599
  [train] epoch 8/50  train_loss=0.004080  eval_loss=0.003863
  [train] epoch 9/50  train_loss=0.003847  eval_loss=0.003246
  [train] epoch 10/50  train_loss=0.003687  eval_loss=0.003345
  [train] epoch 11/50  train_loss=0.003484  eval_loss=0.003381
  [train] epoch 12/50  train_loss=0.003296  eval_loss=0.003030
  [train] epoch 13/50  train_loss=0.003116  eval_loss=0.003307
  [train] epoch 14/50  train_loss=0.003070  eval_loss=0.002882
  [train] epoch 15/50  train_loss=0.002924  eval_loss=0.002671
  [train] epoch 16/50  train_loss=0.002794  eval_loss=0.002696
  [train] epoch 17/50  train_loss=0.002773  eval_loss=0.002372
  [train] epoch 18/50  train_loss=0.002561  eval_loss=0.002350
  [train] epoch 19/50  train_loss=0.002417  eval_loss=0.002543
  [train] epoch 20/50  train_loss=0.002456  eval_loss=0.002965
  [train] epoch 21/50  train_loss=0.002370  eval_loss=0.002013
  [train] epoch 22/50  train_loss=0.002202  eval_loss=0.002158
  [train] epoch 23/50  train_loss=0.002309  eval_loss=0.001932
  [train] epoch 24/50  train_loss=0.002152  eval_loss=0.002032
  [train] epoch 25/50  train_loss=0.002056  eval_loss=0.001884
  [train] epoch 26/50  train_loss=0.002032  eval_loss=0.002016
  [train] epoch 27/50  train_loss=0.002036  eval_loss=0.002021
  [train] epoch 28/50  train_loss=0.001849  eval_loss=0.001517
  [train] epoch 29/50  train_loss=0.001901  eval_loss=0.001838
  [train] epoch 30/50  train_loss=0.001856  eval_loss=0.001763
  [train] epoch 31/50  train_loss=0.001737  eval_loss=0.001513
  [train] epoch 32/50  train_loss=0.001639  eval_loss=0.001398
  [train] epoch 33/50  train_loss=0.001757  eval_loss=0.001559
  [train] epoch 34/50  train_loss=0.001597  eval_loss=0.001568
  [train] epoch 35/50  train_loss=0.001606  eval_loss=0.002159
  [train] epoch 36/50  train_loss=0.001734  eval_loss=0.001400
  [train] epoch 37/50  train_loss=0.001645  eval_loss=0.001307
  [train] epoch 38/50  train_loss=0.001371  eval_loss=0.001421
  [train] epoch 39/50  train_loss=0.001763  eval_loss=0.001465
  [train] epoch 40/50  train_loss=0.001404  eval_loss=0.001129
  [train] epoch 41/50  train_loss=0.001492  eval_loss=0.001304
  [train] epoch 42/50  train_loss=0.001273  eval_loss=0.001108
  [train] epoch 43/50  train_loss=0.001402  eval_loss=0.001475
  [train] epoch 44/50  train_loss=0.001494  eval_loss=0.001318
  [train] epoch 45/50  train_loss=0.001109  eval_loss=0.001370
  [train] epoch 46/50  train_loss=0.001321  eval_loss=0.000932
  [train] epoch 47/50  train_loss=0.001344  eval_loss=0.001226
  [train] epoch 48/50  train_loss=0.001390  eval_loss=0.001683
  [train] epoch 49/50  train_loss=0.001323  eval_loss=0.001470
  [train] epoch 50/50  train_loss=0.001271  eval_loss=0.001537
  [best] epoch 46  eval_loss=0.000932 (selected over 50 epochs)
[train] cluster1: 275130 transitions, 50 epochs
  [train] epoch 1/50  train_loss=0.019758  eval_loss=0.007717
  [train] epoch 2/50  train_loss=0.006301  eval_loss=0.005608
  [train] epoch 3/50  train_loss=0.005711  eval_loss=0.005207
  [train] epoch 4/50  train_loss=0.005213  eval_loss=0.004741
  [train] epoch 5/50  train_loss=0.004820  eval_loss=0.004474
  [train] epoch 6/50  train_loss=0.004400  eval_loss=0.004053
  [train] epoch 7/50  train_loss=0.004200  eval_loss=0.003854
  [train] epoch 8/50  train_loss=0.003946  eval_loss=0.003630
  [train] epoch 9/50  train_loss=0.003655  eval_loss=0.003813
  [train] epoch 10/50  train_loss=0.003538  eval_loss=0.003129
  [train] epoch 11/50  train_loss=0.003302  eval_loss=0.002789
  [train] epoch 12/50  train_loss=0.003174  eval_loss=0.002727
  [train] epoch 13/50  train_loss=0.002962  eval_loss=0.003078
  [train] epoch 14/50  train_loss=0.002857  eval_loss=0.002680
  [train] epoch 15/50  train_loss=0.002752  eval_loss=0.002710
  [train] epoch 16/50  train_loss=0.002634  eval_loss=0.002176
  [train] epoch 17/50  train_loss=0.002556  eval_loss=0.001958
  [train] epoch 18/50  train_loss=0.002439  eval_loss=0.003300
  [train] epoch 19/50  train_loss=0.002319  eval_loss=0.002481
  [train] epoch 20/50  train_loss=0.002243  eval_loss=0.002463
  [train] epoch 21/50  train_loss=0.002211  eval_loss=0.002144
  [train] epoch 22/50  train_loss=0.002122  eval_loss=0.001773
  [train] epoch 23/50  train_loss=0.002041  eval_loss=0.001864
  [train] epoch 24/50  train_loss=0.001955  eval_loss=0.001537
  [train] epoch 25/50  train_loss=0.001965  eval_loss=0.001726
  [train] epoch 26/50  train_loss=0.001902  eval_loss=0.002270
  [train] epoch 27/50  train_loss=0.001788  eval_loss=0.001784
  [train] epoch 28/50  train_loss=0.001769  eval_loss=0.001475
  [train] epoch 29/50  train_loss=0.001722  eval_loss=0.001643
  [train] epoch 30/50  train_loss=0.001787  eval_loss=0.001529
  [train] epoch 31/50  train_loss=0.001603  eval_loss=0.001478
  [train] epoch 32/50  train_loss=0.001554  eval_loss=0.001327
  [train] epoch 33/50  train_loss=0.001532  eval_loss=0.002117
  [train] epoch 34/50  train_loss=0.001487  eval_loss=0.001277
  [train] epoch 35/50  train_loss=0.001617  eval_loss=0.001270
  [train] epoch 36/50  train_loss=0.001591  eval_loss=0.001449
  [train] epoch 37/50  train_loss=0.001408  eval_loss=0.001301
  [train] epoch 38/50  train_loss=0.001444  eval_loss=0.001680
  [train] epoch 39/50  train_loss=0.001416  eval_loss=0.001000
  [train] epoch 40/50  train_loss=0.001290  eval_loss=0.001235
  [train] epoch 41/50  train_loss=0.001226  eval_loss=0.001344
  [train] epoch 42/50  train_loss=0.001359  eval_loss=0.000973
  [train] epoch 43/50  train_loss=0.001228  eval_loss=0.001371
  [train] epoch 44/50  train_loss=0.001271  eval_loss=0.001046
  [train] epoch 45/50  train_loss=0.001133  eval_loss=0.000966
  [train] epoch 46/50  train_loss=0.001082  eval_loss=0.001099
  [train] epoch 47/50  train_loss=0.001334  eval_loss=0.001156
  [train] epoch 48/50  train_loss=0.001272  eval_loss=0.000993
  [train] epoch 49/50  train_loss=0.001043  eval_loss=0.001259
  [train] epoch 50/50  train_loss=0.001125  eval_loss=0.001706
  [best] epoch 45  eval_loss=0.000966 (selected over 50 epochs)
[train] cluster2: 215623 transitions, 50 epochs
  [train] epoch 1/50  train_loss=0.019049  eval_loss=0.007264
  [train] epoch 2/50  train_loss=0.005931  eval_loss=0.005504
  [train] epoch 3/50  train_loss=0.005419  eval_loss=0.005005
  [train] epoch 4/50  train_loss=0.004996  eval_loss=0.004599
  [train] epoch 5/50  train_loss=0.004601  eval_loss=0.004061
  [train] epoch 6/50  train_loss=0.004307  eval_loss=0.004204
  [train] epoch 7/50  train_loss=0.004084  eval_loss=0.003631
  [train] epoch 8/50  train_loss=0.003773  eval_loss=0.003568
  [train] epoch 9/50  train_loss=0.003543  eval_loss=0.003259
  [train] epoch 10/50  train_loss=0.003369  eval_loss=0.003322
  [train] epoch 11/50  train_loss=0.003217  eval_loss=0.003325
  [train] epoch 12/50  train_loss=0.003105  eval_loss=0.002961
  [train] epoch 13/50  train_loss=0.002970  eval_loss=0.002382
  [train] epoch 14/50  train_loss=0.002855  eval_loss=0.002711
  [train] epoch 15/50  train_loss=0.002725  eval_loss=0.002465
  [train] epoch 16/50  train_loss=0.002499  eval_loss=0.002944
  [train] epoch 17/50  train_loss=0.002492  eval_loss=0.002596
  [train] epoch 18/50  train_loss=0.002396  eval_loss=0.002343
  [train] epoch 19/50  train_loss=0.002321  eval_loss=0.001908
  [train] epoch 20/50  train_loss=0.002202  eval_loss=0.002402
  [train] epoch 21/50  train_loss=0.002094  eval_loss=0.002322
  [train] epoch 22/50  train_loss=0.002176  eval_loss=0.001844
  [train] epoch 23/50  train_loss=0.002064  eval_loss=0.001870
  [train] epoch 24/50  train_loss=0.001966  eval_loss=0.002098
  [train] epoch 25/50  train_loss=0.001923  eval_loss=0.001555
  [train] epoch 26/50  train_loss=0.001786  eval_loss=0.001743
  [train] epoch 27/50  train_loss=0.001885  eval_loss=0.001448
  [train] epoch 28/50  train_loss=0.001798  eval_loss=0.002157
  [train] epoch 29/50  train_loss=0.001744  eval_loss=0.001617
  [train] epoch 30/50  train_loss=0.001525  eval_loss=0.001979
  [train] epoch 31/50  train_loss=0.001747  eval_loss=0.001610
  [train] epoch 32/50  train_loss=0.001458  eval_loss=0.001769
  [train] epoch 33/50  train_loss=0.001626  eval_loss=0.001400
  [train] epoch 34/50  train_loss=0.001568  eval_loss=0.001732
  [train] epoch 35/50  train_loss=0.001595  eval_loss=0.001611
  [train] epoch 36/50  train_loss=0.001473  eval_loss=0.001436
  [train] epoch 37/50  train_loss=0.001310  eval_loss=0.001340
  [train] epoch 38/50  train_loss=0.001419  eval_loss=0.001318
  [train] epoch 39/50  train_loss=0.001397  eval_loss=0.001340
  [train] epoch 40/50  train_loss=0.001345  eval_loss=0.001327
  [train] epoch 41/50  train_loss=0.001413  eval_loss=0.001225
  [train] epoch 42/50  train_loss=0.001207  eval_loss=0.001115
  [train] epoch 43/50  train_loss=0.001198  eval_loss=0.000992
  [train] epoch 44/50  train_loss=0.001288  eval_loss=0.001367
  [train] epoch 45/50  train_loss=0.001263  eval_loss=0.001482
  [train] epoch 46/50  train_loss=0.001340  eval_loss=0.000997
  [train] epoch 47/50  train_loss=0.000983  eval_loss=0.001701
  [train] epoch 48/50  train_loss=0.001180  eval_loss=0.000865
  [train] epoch 49/50  train_loss=0.001214  eval_loss=0.001332
  [train] epoch 50/50  train_loss=0.001148  eval_loss=0.001417
  [best] epoch 48  eval_loss=0.000865 (selected over 50 epochs)
[done] manifest -> experiments/real_gauge_drift/results/tworoom_latent_random_voronoi_k3_seed0_trainseed0/manifest.json
real 4984.58
user 4795.97
sys 90.94
