[data] 693728 train transitions, cluster source=experiments/real_gauge_drift/results/latent_landmark_spectral_k3/spectral_M20000_k30_P16_seed1, route_label_offset_steps=0
  cluster0: 227196 transitions
  cluster1: 247209 transitions
  cluster2: 219323 transitions
  [embed-cache] left_room: 330243 transitions from P_train_left_room_embeddings.npz
  [embed-cache] doorway_corridor: 38552 transitions from P_train_doorway_corridor_embeddings.npz
  [embed-cache] right_room: 324933 transitions from P_train_right_room_embeddings.npz
  [embed-cache] merged 693728 train transitions from experiments/real_gauge_drift/results/tworoom_geometry_train_region_predictors
  [cache] saved merged embeddings to experiments/real_gauge_drift/results/tworoom_latent_spectral_spectral_M20000_k30_P16_seed1_trainseed42/P_train_global_merged_embeddings.npz
[train] cluster0: 227196 transitions, 50 epochs
  [train] epoch 1/50  train_loss=0.018543  eval_loss=0.004725
  [train] epoch 2/50  train_loss=0.003231  eval_loss=0.002871
  [train] epoch 3/50  train_loss=0.002868  eval_loss=0.002657
  [train] epoch 4/50  train_loss=0.002551  eval_loss=0.002359
  [train] epoch 5/50  train_loss=0.002313  eval_loss=0.002181
  [train] epoch 6/50  train_loss=0.002133  eval_loss=0.001873
  [train] epoch 7/50  train_loss=0.001968  eval_loss=0.001839
  [train] epoch 8/50  train_loss=0.001855  eval_loss=0.001708
  [train] epoch 9/50  train_loss=0.001697  eval_loss=0.001632
  [train] epoch 10/50  train_loss=0.001573  eval_loss=0.001599
  [train] epoch 11/50  train_loss=0.001537  eval_loss=0.001681
  [train] epoch 12/50  train_loss=0.001465  eval_loss=0.001389
  [train] epoch 13/50  train_loss=0.001370  eval_loss=0.001396
  [train] epoch 14/50  train_loss=0.001332  eval_loss=0.001110
  [train] epoch 15/50  train_loss=0.001235  eval_loss=0.001308
  [train] epoch 16/50  train_loss=0.001220  eval_loss=0.001119
  [train] epoch 17/50  train_loss=0.001137  eval_loss=0.001304
  [train] epoch 18/50  train_loss=0.001031  eval_loss=0.000923
  [train] epoch 19/50  train_loss=0.001009  eval_loss=0.001002
  [train] epoch 20/50  train_loss=0.001038  eval_loss=0.000862
  [train] epoch 21/50  train_loss=0.001041  eval_loss=0.001897
  [train] epoch 22/50  train_loss=0.000925  eval_loss=0.000797
  [train] epoch 23/50  train_loss=0.000985  eval_loss=0.001261
  [train] epoch 24/50  train_loss=0.000863  eval_loss=0.000957
  [train] epoch 25/50  train_loss=0.000934  eval_loss=0.000858
  [train] epoch 26/50  train_loss=0.000846  eval_loss=0.000747
  [train] epoch 27/50  train_loss=0.000761  eval_loss=0.000907
  [train] epoch 28/50  train_loss=0.000906  eval_loss=0.000695
  [train] epoch 29/50  train_loss=0.000766  eval_loss=0.000700
  [train] epoch 30/50  train_loss=0.000678  eval_loss=0.000607
  [train] epoch 31/50  train_loss=0.000811  eval_loss=0.001457
  [train] epoch 32/50  train_loss=0.000853  eval_loss=0.000632
  [train] epoch 33/50  train_loss=0.000681  eval_loss=0.000675
  [train] epoch 34/50  train_loss=0.000682  eval_loss=0.000599
  [train] epoch 35/50  train_loss=0.000638  eval_loss=0.000881
  [train] epoch 36/50  train_loss=0.000669  eval_loss=0.000580
  [train] epoch 37/50  train_loss=0.000701  eval_loss=0.000657
  [train] epoch 38/50  train_loss=0.000660  eval_loss=0.000593
  [train] epoch 39/50  train_loss=0.000705  eval_loss=0.000521
  [train] epoch 40/50  train_loss=0.000518  eval_loss=0.000899
  [train] epoch 41/50  train_loss=0.000548  eval_loss=0.000516
  [train] epoch 42/50  train_loss=0.000609  eval_loss=0.000481
  [train] epoch 43/50  train_loss=0.000511  eval_loss=0.000476
  [train] epoch 44/50  train_loss=0.000565  eval_loss=0.000606
  [train] epoch 45/50  train_loss=0.000584  eval_loss=0.000552
  [train] epoch 46/50  train_loss=0.000542  eval_loss=0.000667
  [train] epoch 47/50  train_loss=0.000595  eval_loss=0.000519
  [train] epoch 48/50  train_loss=0.000678  eval_loss=0.000658
  [train] epoch 49/50  train_loss=0.000415  eval_loss=0.000446
  [train] epoch 50/50  train_loss=0.000447  eval_loss=0.000502
  [best] epoch 49  eval_loss=0.000446 (selected over 50 epochs)
[train] cluster1: 247209 transitions, 50 epochs
  [train] epoch 1/50  train_loss=0.023891  eval_loss=0.011335
  [train] epoch 2/50  train_loss=0.009895  eval_loss=0.008747
  [train] epoch 3/50  train_loss=0.008836  eval_loss=0.007706
  [train] epoch 4/50  train_loss=0.007866  eval_loss=0.006853
  [train] epoch 5/50  train_loss=0.007137  eval_loss=0.006578
  [train] epoch 6/50  train_loss=0.006489  eval_loss=0.005781
  [train] epoch 7/50  train_loss=0.005961  eval_loss=0.004943
  [train] epoch 8/50  train_loss=0.005468  eval_loss=0.005299
  [train] epoch 9/50  train_loss=0.005199  eval_loss=0.004254
  [train] epoch 10/50  train_loss=0.004807  eval_loss=0.004190
  [train] epoch 11/50  train_loss=0.004483  eval_loss=0.004237
  [train] epoch 12/50  train_loss=0.004259  eval_loss=0.003883
  [train] epoch 13/50  train_loss=0.003961  eval_loss=0.003465
  [train] epoch 14/50  train_loss=0.003854  eval_loss=0.003746
  [train] epoch 15/50  train_loss=0.003592  eval_loss=0.003163
  [train] epoch 16/50  train_loss=0.003419  eval_loss=0.003995
  [train] epoch 17/50  train_loss=0.003284  eval_loss=0.003240
  [train] epoch 18/50  train_loss=0.003125  eval_loss=0.002782
  [train] epoch 19/50  train_loss=0.002966  eval_loss=0.002314
  [train] epoch 20/50  train_loss=0.002916  eval_loss=0.004084
  [train] epoch 21/50  train_loss=0.002884  eval_loss=0.003004
  [train] epoch 22/50  train_loss=0.002685  eval_loss=0.002042
  [train] epoch 23/50  train_loss=0.002620  eval_loss=0.002875
  [train] epoch 24/50  train_loss=0.002547  eval_loss=0.002934
  [train] epoch 25/50  train_loss=0.002303  eval_loss=0.003100
  [train] epoch 26/50  train_loss=0.002441  eval_loss=0.002095
  [train] epoch 27/50  train_loss=0.002248  eval_loss=0.001766
  [train] epoch 28/50  train_loss=0.002195  eval_loss=0.001955
  [train] epoch 29/50  train_loss=0.002106  eval_loss=0.002547
  [train] epoch 30/50  train_loss=0.002127  eval_loss=0.002178
  [train] epoch 31/50  train_loss=0.001980  eval_loss=0.002369
  [train] epoch 32/50  train_loss=0.002120  eval_loss=0.001762
  [train] epoch 33/50  train_loss=0.001780  eval_loss=0.002154
  [train] epoch 34/50  train_loss=0.001761  eval_loss=0.002153
  [train] epoch 35/50  train_loss=0.001851  eval_loss=0.001607
  [train] epoch 36/50  train_loss=0.001782  eval_loss=0.002084
  [train] epoch 37/50  train_loss=0.001787  eval_loss=0.001207
  [train] epoch 38/50  train_loss=0.001741  eval_loss=0.001590
  [train] epoch 39/50  train_loss=0.001770  eval_loss=0.001698
  [train] epoch 40/50  train_loss=0.001550  eval_loss=0.001728
  [train] epoch 41/50  train_loss=0.001647  eval_loss=0.000993
  [train] epoch 42/50  train_loss=0.001541  eval_loss=0.001453
  [train] epoch 43/50  train_loss=0.001460  eval_loss=0.001296
  [train] epoch 44/50  train_loss=0.001541  eval_loss=0.001518
  [train] epoch 45/50  train_loss=0.001456  eval_loss=0.000895
  [train] epoch 46/50  train_loss=0.001504  eval_loss=0.001605
  [train] epoch 47/50  train_loss=0.001383  eval_loss=0.001355
  [train] epoch 48/50  train_loss=0.001466  eval_loss=0.001217
  [train] epoch 49/50  train_loss=0.001417  eval_loss=0.001234
  [train] epoch 50/50  train_loss=0.001271  eval_loss=0.001330
  [best] epoch 45  eval_loss=0.000895 (selected over 50 epochs)
[train] cluster2: 219323 transitions, 50 epochs
  [train] epoch 1/50  train_loss=0.017931  eval_loss=0.004586
  [train] epoch 2/50  train_loss=0.002995  eval_loss=0.002826
  [train] epoch 3/50  train_loss=0.002695  eval_loss=0.002460
  [train] epoch 4/50  train_loss=0.002368  eval_loss=0.002309
  [train] epoch 5/50  train_loss=0.002134  eval_loss=0.002248
  [train] epoch 6/50  train_loss=0.001966  eval_loss=0.001866
  [train] epoch 7/50  train_loss=0.001830  eval_loss=0.001582
  [train] epoch 8/50  train_loss=0.001698  eval_loss=0.001695
  [train] epoch 9/50  train_loss=0.001551  eval_loss=0.002073
  [train] epoch 10/50  train_loss=0.001482  eval_loss=0.001440
  [train] epoch 11/50  train_loss=0.001394  eval_loss=0.001286
  [train] epoch 12/50  train_loss=0.001339  eval_loss=0.001156
  [train] epoch 13/50  train_loss=0.001270  eval_loss=0.001238
  [train] epoch 14/50  train_loss=0.001193  eval_loss=0.001186
  [train] epoch 15/50  train_loss=0.001145  eval_loss=0.001228
  [train] epoch 16/50  train_loss=0.001050  eval_loss=0.001034
  [train] epoch 17/50  train_loss=0.001117  eval_loss=0.001047
  [train] epoch 18/50  train_loss=0.000969  eval_loss=0.000909
  [train] epoch 19/50  train_loss=0.001061  eval_loss=0.000969
  [train] epoch 20/50  train_loss=0.000976  eval_loss=0.000894
  [train] epoch 21/50  train_loss=0.000875  eval_loss=0.001182
  [train] epoch 22/50  train_loss=0.000882  eval_loss=0.000717
  [train] epoch 23/50  train_loss=0.000823  eval_loss=0.000827
  [train] epoch 24/50  train_loss=0.000911  eval_loss=0.000922
  [train] epoch 25/50  train_loss=0.000851  eval_loss=0.001051
  [train] epoch 26/50  train_loss=0.000790  eval_loss=0.000686
  [train] epoch 27/50  train_loss=0.000764  eval_loss=0.000934
  [train] epoch 28/50  train_loss=0.000735  eval_loss=0.000623
  [train] epoch 29/50  train_loss=0.000857  eval_loss=0.000711
  [train] epoch 30/50  train_loss=0.000591  eval_loss=0.000575
  [train] epoch 31/50  train_loss=0.000722  eval_loss=0.001224
  [train] epoch 32/50  train_loss=0.000722  eval_loss=0.000880
  [train] epoch 33/50  train_loss=0.000668  eval_loss=0.001244
  [train] epoch 34/50  train_loss=0.000643  eval_loss=0.000652
  [train] epoch 35/50  train_loss=0.000587  eval_loss=0.000531
  [train] epoch 36/50  train_loss=0.000650  eval_loss=0.000522
  [train] epoch 37/50  train_loss=0.000567  eval_loss=0.001279
  [train] epoch 38/50  train_loss=0.000630  eval_loss=0.000554
  [train] epoch 39/50  train_loss=0.000672  eval_loss=0.000724
  [train] epoch 40/50  train_loss=0.000584  eval_loss=0.000626
  [train] epoch 41/50  train_loss=0.000663  eval_loss=0.000804
  [train] epoch 42/50  train_loss=0.000590  eval_loss=0.000728
  [train] epoch 43/50  train_loss=0.000570  eval_loss=0.000498
  [train] epoch 44/50  train_loss=0.000451  eval_loss=0.000479
  [train] epoch 45/50  train_loss=0.000542  eval_loss=0.000399
  [train] epoch 46/50  train_loss=0.000494  eval_loss=0.000463
  [train] epoch 47/50  train_loss=0.000509  eval_loss=0.000602
  [train] epoch 48/50  train_loss=0.000495  eval_loss=0.000513
  [train] epoch 49/50  train_loss=0.000481  eval_loss=0.000409
  [train] epoch 50/50  train_loss=0.000552  eval_loss=0.000409
  [best] epoch 45  eval_loss=0.000399 (selected over 50 epochs)
[done] manifest -> experiments/real_gauge_drift/results/tworoom_latent_spectral_spectral_M20000_k30_P16_seed1_trainseed42/manifest.json
real 4605.22
user 4595.34
sys 21.39
