{
  "model_family": "subjepa",
  "implementation_backend": "jepa_object",
  "task_name": "pusht",
  "dataset_name": "pusht",
  "dataset": "/home/sicong/weitao/datasets/lewm/pusht_expert_train.h5",
  "checkpoint": "/data/sicong/weitao/.stable_worldmodel/pusht/subjepa_object.ckpt",
  "eval_config_name": "pusht",
  "eval_config": null,
  "eval_dataset_name": "pusht_expert_train",
  "work_root": "experiments/pusht/subjepa",
  "cache_dir": "/data/sicong/weitao/.stableworldmodel/subjepa/pusht",
  "paired_start_root": null,
  "paired_start_root_short": null,
  "paired_start_root_long": null,
  "phase": "smoke",
  "frameskip": 5,
  "history_size": 3,
  "num_preds": 1,
  "img_size": 224,
  "short_goal_offset": 25,
  "long_goal_offset": 50,
  "eval_budget": 50,
  "num_eval": 50,
  "max_train_starts": 4096,
  "dry_run": false,
  "task_spec_path": "/data/sicong/weitao/LAP-Latent-Space-Automatic-Partitioning-for-Efficient-Post-Training-of-World-Models/configs/experiments/tasks/pusht.json",
  "train_seeds": "0,42,625",
  "partition_seeds": "0,1,2",
  "eval_seeds": "0,1,2,3,4",
  "methods": "random_voronoi,kmeanspp,spectral",
  "skip_joint": true,
  "python": ".venv/bin/python",
  "cpu_threads": 4,
  "gpu_id": "",
  "sources": {
    "model_family": "cli",
    "dataset_name": "task_spec",
    "task_name": "task_spec",
    "eval_config_name": "cli",
    "eval_dataset_name": "task_spec",
    "work_root": "cli",
    "cache_dir": "cli",
    "phase": "cli",
    "skip_joint": "default",
    "frameskip": "task_spec",
    "short_goal_offset": "task_spec",
    "long_goal_offset": "task_spec",
    "eval_budget": "task_spec",
    "train_seeds": "default",
    "partition_seeds": "default",
    "eval_seeds": "default",
    "methods": "default",
    "python": "env",
    "cpu_threads": "env",
    "gpu_id": "default"
  }
}
[jepa-matrix] model_family=subjepa phase=smoke work_root=experiments/pusht/subjepa
[jepa-matrix] resolved_config=experiments/pusht/subjepa/manifests/resolved_config.json
/data/sicong/weitao/LAP-Latent-Space-Automatic-Partitioning-for-Efficient-Post-Training-of-World-Models/.venv/lib/python3.10/site-packages/torch/cuda/__init__.py:187: UserWarning: CUDA initialization: CUDA unknown error - this may be due to an incorrectly set up environment, e.g. changing env variable CUDA_VISIBLE_DEVICES after program start. Setting the available devices to be zero. (Triggered internally at /pytorch/c10/cuda/CUDAFunctions.cpp:119.)
  return torch._C._cuda_getDeviceCount() > 0
[transformers] `use_return_dict` is deprecated! Use `return_dict` instead!
{
  "status": "PASSED",
  "output": "experiments/pusht/subjepa/probe/checkpoint_probe.json"
}
/data/sicong/weitao/LAP-Latent-Space-Automatic-Partitioning-for-Efficient-Post-Training-of-World-Models/.venv/lib/python3.10/site-packages/torch/cuda/__init__.py:187: UserWarning: CUDA initialization: CUDA unknown error - this may be due to an incorrectly set up environment, e.g. changing env variable CUDA_VISIBLE_DEVICES after program start. Setting the available devices to be zero. (Triggered internally at /pytorch/c10/cuda/CUDAFunctions.cpp:119.)
  return torch._C._cuda_getDeviceCount() > 0
Traceback (most recent call last):
  File "/data/sicong/weitao/LAP-Latent-Space-Automatic-Partitioning-for-Efficient-Post-Training-of-World-Models/experiments/tworoom/trajectory.py", line 1026, in <module>
    main()
  File "/data/sicong/weitao/LAP-Latent-Space-Automatic-Partitioning-for-Efficient-Post-Training-of-World-Models/experiments/tworoom/trajectory.py", line 810, in main
    device = torch.device(
RuntimeError: Expected one of cpu, cuda, ipu, xpu, mkldnn, opengl, opencl, ideep, hip, ve, fpga, maia, xla, lazy, vulkan, mps, meta, hpu, mtia, privateuseone device type at start of device string: auto
Traceback (most recent call last):
  File "/data/sicong/weitao/LAP-Latent-Space-Automatic-Partitioning-for-Efficient-Post-Training-of-World-Models/experiments/control_matrix/prepare_lewm_cache.py", line 480, in <module>
    main()
  File "/data/sicong/weitao/LAP-Latent-Space-Automatic-Partitioning-for-Efficient-Post-Training-of-World-Models/experiments/control_matrix/prepare_lewm_cache.py", line 422, in main
    run_prepare_starts(args, paths)
  File "/data/sicong/weitao/LAP-Latent-Space-Automatic-Partitioning-for-Efficient-Post-Training-of-World-Models/experiments/control_matrix/prepare_lewm_cache.py", line 165, in run_prepare_starts
    subprocess.run(command, check=True)
  File "/usr/lib/python3.10/subprocess.py", line 526, in run
    raise CalledProcessError(retcode, process.args,
subprocess.CalledProcessError: Command '['.venv/bin/python', '/data/sicong/weitao/LAP-Latent-Space-Automatic-Partitioning-for-Efficient-Post-Training-of-World-Models/experiments/tworoom/trajectory.py', '--dataset', 'pusht', '--data-file', '/home/sicong/weitao/datasets/lewm/pusht_expert_train.h5', '--checkpoint', '/data/sicong/weitao/.stable_worldmodel/pusht/subjepa_object.ckpt', '--out-dir', '/data/sicong/weitao/LAP-Latent-Space-Automatic-Partitioning-for-Efficient-Post-Training-of-World-Models/experiments/pusht/subjepa/preparation', '--prepare-starts-only', '--regions', 'common', '--restrict-to-train-split', '--predictor-prefix', 'train_', '--frameskip', '5', '--history-size', '3', '--num-preds', '1', '--model-family', 'subjepa', '--max-starts', '4096']' returned non-zero exit status 1.
