[data] 693728 train transitions, cluster source=experiments/real_gauge_drift/results/latent_random_voronoi_k3/random_voronoi_k3_seed2, route_label_offset_steps=0
  cluster0: 231676 transitions
  cluster1: 282582 transitions
  cluster2: 179470 transitions
  [cache] loaded merged embeddings from experiments/real_gauge_drift/results/tworoom_latent_random_voronoi_k3_seed2_trainseed0/P_train_global_merged_embeddings.npz
[train] cluster0: 231676 transitions, 50 epochs
  [train] epoch 1/50  train_loss=0.019351  eval_loss=0.007082
  [train] epoch 2/50  train_loss=0.006016  eval_loss=0.006055
  [train] epoch 3/50  train_loss=0.005481  eval_loss=0.005428
  [train] epoch 4/50  train_loss=0.005095  eval_loss=0.004829
  [train] epoch 5/50  train_loss=0.004622  eval_loss=0.004117
  [train] epoch 6/50  train_loss=0.004398  eval_loss=0.003691
  [train] epoch 7/50  train_loss=0.004073  eval_loss=0.003833
  [train] epoch 8/50  train_loss=0.003835  eval_loss=0.003517
  [train] epoch 9/50  train_loss=0.003634  eval_loss=0.003375
  [train] epoch 10/50  train_loss=0.003488  eval_loss=0.003153
  [train] epoch 11/50  train_loss=0.003248  eval_loss=0.002794
  [train] epoch 12/50  train_loss=0.003105  eval_loss=0.003252
  [train] epoch 13/50  train_loss=0.003101  eval_loss=0.002773
  [train] epoch 14/50  train_loss=0.002854  eval_loss=0.002812
  [train] epoch 15/50  train_loss=0.002748  eval_loss=0.002382
  [train] epoch 16/50  train_loss=0.002674  eval_loss=0.002389
  [train] epoch 17/50  train_loss=0.002558  eval_loss=0.002633
  [train] epoch 18/50  train_loss=0.002511  eval_loss=0.002558
  [train] epoch 19/50  train_loss=0.002308  eval_loss=0.002268
  [train] epoch 20/50  train_loss=0.002235  eval_loss=0.002351
  [train] epoch 21/50  train_loss=0.002225  eval_loss=0.002008
  [train] epoch 22/50  train_loss=0.002164  eval_loss=0.002343
  [train] epoch 23/50  train_loss=0.002075  eval_loss=0.002115
  [train] epoch 24/50  train_loss=0.001964  eval_loss=0.002425
  [train] epoch 25/50  train_loss=0.001962  eval_loss=0.001880
  [train] epoch 26/50  train_loss=0.001943  eval_loss=0.001624
  [train] epoch 27/50  train_loss=0.001837  eval_loss=0.001656
  [train] epoch 28/50  train_loss=0.001760  eval_loss=0.001929
  [train] epoch 29/50  train_loss=0.001780  eval_loss=0.001441
  [train] epoch 30/50  train_loss=0.001652  eval_loss=0.001661
  [train] epoch 31/50  train_loss=0.001888  eval_loss=0.001884
  [train] epoch 32/50  train_loss=0.001582  eval_loss=0.001638
  [train] epoch 33/50  train_loss=0.001635  eval_loss=0.001318
  [train] epoch 34/50  train_loss=0.001526  eval_loss=0.001523
  [train] epoch 35/50  train_loss=0.001475  eval_loss=0.001257
  [train] epoch 36/50  train_loss=0.001467  eval_loss=0.001492
  [train] epoch 37/50  train_loss=0.001477  eval_loss=0.001235
  [train] epoch 38/50  train_loss=0.001390  eval_loss=0.001308
  [train] epoch 39/50  train_loss=0.001410  eval_loss=0.001227
  [train] epoch 40/50  train_loss=0.001385  eval_loss=0.001064
  [train] epoch 41/50  train_loss=0.001293  eval_loss=0.001406
  [train] epoch 42/50  train_loss=0.001388  eval_loss=0.001393
  [train] epoch 43/50  train_loss=0.001296  eval_loss=0.001248
  [train] epoch 44/50  train_loss=0.001304  eval_loss=0.001016
  [train] epoch 45/50  train_loss=0.001132  eval_loss=0.001138
  [train] epoch 46/50  train_loss=0.001270  eval_loss=0.000980
  [train] epoch 47/50  train_loss=0.001242  eval_loss=0.001436
  [train] epoch 48/50  train_loss=0.001130  eval_loss=0.001431
  [train] epoch 49/50  train_loss=0.001259  eval_loss=0.000995
  [train] epoch 50/50  train_loss=0.001162  eval_loss=0.001166
  [best] epoch 46  eval_loss=0.000980 (selected over 50 epochs)
[train] cluster1: 282582 transitions, 50 epochs
  [train] epoch 1/50  train_loss=0.019813  eval_loss=0.007855
  [train] epoch 2/50  train_loss=0.006728  eval_loss=0.006047
  [train] epoch 3/50  train_loss=0.006047  eval_loss=0.005559
  [train] epoch 4/50  train_loss=0.005555  eval_loss=0.004728
  [train] epoch 5/50  train_loss=0.005040  eval_loss=0.004555
  [train] epoch 6/50  train_loss=0.004717  eval_loss=0.004598
  [train] epoch 7/50  train_loss=0.004344  eval_loss=0.003867
  [train] epoch 8/50  train_loss=0.004104  eval_loss=0.003666
  [train] epoch 9/50  train_loss=0.003776  eval_loss=0.003319
  [train] epoch 10/50  train_loss=0.003633  eval_loss=0.003362
  [train] epoch 11/50  train_loss=0.003499  eval_loss=0.003122
  [train] epoch 12/50  train_loss=0.003326  eval_loss=0.002860
  [train] epoch 13/50  train_loss=0.003159  eval_loss=0.002914
  [train] epoch 14/50  train_loss=0.003001  eval_loss=0.003244
  [train] epoch 15/50  train_loss=0.002814  eval_loss=0.002590
  [train] epoch 16/50  train_loss=0.002714  eval_loss=0.002207
  [train] epoch 17/50  train_loss=0.002575  eval_loss=0.002780
  [train] epoch 18/50  train_loss=0.002511  eval_loss=0.002105
  [train] epoch 19/50  train_loss=0.002443  eval_loss=0.002600
  [train] epoch 20/50  train_loss=0.002342  eval_loss=0.002798
  [train] epoch 21/50  train_loss=0.002227  eval_loss=0.002348
  [train] epoch 22/50  train_loss=0.002217  eval_loss=0.002013
  [train] epoch 23/50  train_loss=0.002071  eval_loss=0.002202
  [train] epoch 24/50  train_loss=0.002062  eval_loss=0.002152
  [train] epoch 25/50  train_loss=0.002060  eval_loss=0.002165
  [train] epoch 26/50  train_loss=0.001917  eval_loss=0.002007
  [train] epoch 27/50  train_loss=0.001846  eval_loss=0.001579
  [train] epoch 28/50  train_loss=0.001957  eval_loss=0.002042
  [train] epoch 29/50  train_loss=0.001778  eval_loss=0.001444
  [train] epoch 30/50  train_loss=0.001776  eval_loss=0.001425
  [train] epoch 31/50  train_loss=0.001677  eval_loss=0.001314
  [train] epoch 32/50  train_loss=0.001640  eval_loss=0.001373
  [train] epoch 33/50  train_loss=0.001622  eval_loss=0.001738
  [train] epoch 34/50  train_loss=0.001480  eval_loss=0.001527
  [train] epoch 35/50  train_loss=0.001586  eval_loss=0.001365
  [train] epoch 36/50  train_loss=0.001566  eval_loss=0.001692
  [train] epoch 37/50  train_loss=0.001426  eval_loss=0.001404
  [train] epoch 38/50  train_loss=0.001452  eval_loss=0.001483
  [train] epoch 39/50  train_loss=0.001344  eval_loss=0.001345
  [train] epoch 40/50  train_loss=0.001454  eval_loss=0.001387
  [train] epoch 41/50  train_loss=0.001367  eval_loss=0.001609
  [train] epoch 42/50  train_loss=0.001257  eval_loss=0.001535
  [train] epoch 43/50  train_loss=0.001495  eval_loss=0.001292
  [train] epoch 44/50  train_loss=0.001243  eval_loss=0.001443
  [train] epoch 45/50  train_loss=0.001308  eval_loss=0.001992
  [train] epoch 46/50  train_loss=0.001356  eval_loss=0.001156
  [train] epoch 47/50  train_loss=0.001216  eval_loss=0.001179
  [train] epoch 48/50  train_loss=0.001150  eval_loss=0.001113
  [train] epoch 49/50  train_loss=0.001288  eval_loss=0.001123
  [train] epoch 50/50  train_loss=0.001138  eval_loss=0.001493
  [best] epoch 48  eval_loss=0.001113 (selected over 50 epochs)
[train] cluster2: 179470 transitions, 50 epochs
  [train] epoch 1/50  train_loss=0.019561  eval_loss=0.006720
  [train] epoch 2/50  train_loss=0.005550  eval_loss=0.004958
  [train] epoch 3/50  train_loss=0.005075  eval_loss=0.004971
  [train] epoch 4/50  train_loss=0.004693  eval_loss=0.004312
  [train] epoch 5/50  train_loss=0.004353  eval_loss=0.003843
  [train] epoch 6/50  train_loss=0.004034  eval_loss=0.003696
  [train] epoch 7/50  train_loss=0.003796  eval_loss=0.003613
  [train] epoch 8/50  train_loss=0.003536  eval_loss=0.003242
  [train] epoch 9/50  train_loss=0.003403  eval_loss=0.003093
  [train] epoch 10/50  train_loss=0.003193  eval_loss=0.003650
  [train] epoch 11/50  train_loss=0.003059  eval_loss=0.002924
  [train] epoch 12/50  train_loss=0.002866  eval_loss=0.003895
  [train] epoch 13/50  train_loss=0.002849  eval_loss=0.002859
  [train] epoch 14/50  train_loss=0.002701  eval_loss=0.002556
  [train] epoch 15/50  train_loss=0.002486  eval_loss=0.002695
  [train] epoch 16/50  train_loss=0.002426  eval_loss=0.002103
  [train] epoch 17/50  train_loss=0.002328  eval_loss=0.002760
  [train] epoch 18/50  train_loss=0.002437  eval_loss=0.002132
  [train] epoch 19/50  train_loss=0.002209  eval_loss=0.002261
  [train] epoch 20/50  train_loss=0.002127  eval_loss=0.002411
  [train] epoch 21/50  train_loss=0.002089  eval_loss=0.002048
  [train] epoch 22/50  train_loss=0.002117  eval_loss=0.001736
  [train] epoch 23/50  train_loss=0.001873  eval_loss=0.002018
  [train] epoch 24/50  train_loss=0.001855  eval_loss=0.001555
  [train] epoch 25/50  train_loss=0.001887  eval_loss=0.001638
  [train] epoch 26/50  train_loss=0.001745  eval_loss=0.002466
  [train] epoch 27/50  train_loss=0.001741  eval_loss=0.002162
  [train] epoch 28/50  train_loss=0.001635  eval_loss=0.001425
  [train] epoch 29/50  train_loss=0.001687  eval_loss=0.001516
  [train] epoch 30/50  train_loss=0.001617  eval_loss=0.001301
  [train] epoch 31/50  train_loss=0.001452  eval_loss=0.001556
  [train] epoch 32/50  train_loss=0.001696  eval_loss=0.001326
  [train] epoch 33/50  train_loss=0.001465  eval_loss=0.001331
  [train] epoch 34/50  train_loss=0.001403  eval_loss=0.001427
  [train] epoch 35/50  train_loss=0.001417  eval_loss=0.001739
  [train] epoch 36/50  train_loss=0.001420  eval_loss=0.001338
  [train] epoch 37/50  train_loss=0.001230  eval_loss=0.001295
  [train] epoch 38/50  train_loss=0.001464  eval_loss=0.001719
  [train] epoch 39/50  train_loss=0.001379  eval_loss=0.001398
  [train] epoch 40/50  train_loss=0.001271  eval_loss=0.001188
  [train] epoch 41/50  train_loss=0.001424  eval_loss=0.001194
  [train] epoch 42/50  train_loss=0.001132  eval_loss=0.001003
  [train] epoch 43/50  train_loss=0.001227  eval_loss=0.001428
  [train] epoch 44/50  train_loss=0.001243  eval_loss=0.001992
  [train] epoch 45/50  train_loss=0.001140  eval_loss=0.000997
  [train] epoch 46/50  train_loss=0.001247  eval_loss=0.002093
  [train] epoch 47/50  train_loss=0.001363  eval_loss=0.001499
  [train] epoch 48/50  train_loss=0.001074  eval_loss=0.000878
  [train] epoch 49/50  train_loss=0.001106  eval_loss=0.001035
  [train] epoch 50/50  train_loss=0.001171  eval_loss=0.001053
  [best] epoch 48  eval_loss=0.000878 (selected over 50 epochs)
[done] manifest -> experiments/real_gauge_drift/results/tworoom_latent_random_voronoi_k3_seed2_trainseed0/manifest.json
real 4906.18
user 4695.40
sys 117.45
